******************************************************************************
                  TI ARM Linker PC v18.1.3                     
******************************************************************************
>> Linked Thu Oct  4 18:46:31 2018

OUTPUT FILE NAME:   <EGR326_Lab3.out>
ENTRY POINT SYMBOL: "_c_int00_noargs"  address: 000032b1


MEMORY CONFIGURATION

         name            origin    length      used     unused   attr    fill
----------------------  --------  ---------  --------  --------  ----  --------
  MAIN                  00000000   00040000  000037d0  0003c830  R  X
  INFO                  00200000   00004000  00000000  00004000  R  X
  SRAM_CODE             01000000   00010000  00000000  00010000  RW X
  SRAM_DATA             20000000   00010000  00000dcf  0000f231  RW  


SEGMENT ALLOCATION MAP

run origin  load origin   length   init length attrs members
----------  ----------- ---------- ----------- ----- -------
00000000    00000000    000037d0   000037d0    r-x
  00000000    00000000    00000140   00000140    r-- .intvecs
  00000140    00000140    000034e0   000034e0    r-x .text
  00003620    00003620    00000118   00000118    r-- .const
  00003738    00003738    00000098   00000098    r-- .cinit
20000000    20000000    00000bcf   00000000    rw-
  20000000    20000000    00000800   00000000    rw- .sysmem
  20000800    20000800    000001f4   00000000    rw- .data
  200009f4    200009f4    000001db   00000000    rw- .bss
2000fe00    2000fe00    00000200   00000000    rw-
  2000fe00    2000fe00    00000200   00000000    rw- .stack


SECTION ALLOCATION MAP

 output                                  attributes/
section   page    origin      length       input sections
--------  ----  ----------  ----------   ----------------
.intvecs   0    00000000    00000140     
                  00000000    00000140     startup_msp432p401r_ccs.obj (.intvecs:retain)

.text      0    00000140    000034e0     
                  00000140    00000a5e     rtsv7M4_T_le_v4SPD16_eabi.lib : _printfi.c.obj (.text:__TI_printfi)
                  00000b9e    00000002                                   : _lock.c.obj (.text:_nop)
                  00000ba0    00000798     main.obj (.text)
                  00001338    00000328     system_msp432p401r.obj (.text)
                  00001660    00000270     rtsv7M4_T_le_v4SPD16_eabi.lib : _printfi.c.obj (.text:_pconv_a)
                  000018d0    000001d0                                   : _printfi.c.obj (.text:_pconv_g)
                  00001aa0    000001b6                                   : fd_add_t2.asm.obj (.text)
                  00001c56    00000002                                   : div0.asm.obj (.text)
                  00001c58    0000013c                                   : _printfi.c.obj (.text:_pconv_e)
                  00001d94    00000136                                   : fd_div_t2.asm.obj (.text)
                  00001eca    00000002     --HOLE-- [fill = 0]
                  00001ecc    00000120                                   : _printfi.c.obj (.text:fcvt)
                  00001fec    00000114                                   : fputs.c.obj (.text:fputs)
                  00002100    00000110                                   : s_scalbn.c.obj (.text:scalbn)
                  00002210    000000fc                                   : fd_mul_t2.asm.obj (.text)
                  0000230c    000000dc                                   : setvbuf.c.obj (.text:setvbuf)
                  000023e8    000000d8                                   : memory.c.obj (.text:free)
                  000024c0    000000b1                                   : _printfi.c.obj (.text:_ltostr)
                  00002571    00000001     --HOLE-- [fill = 0]
                  00002572    0000009c                                   : memcpy_t2.asm.obj (.text)
                  0000260e    00000096                                   : ull_div_t2.asm.obj (.text)
                  000026a4    0000008c                                   : fputc.c.obj (.text:fputc)
                  00002730    00000086                                   : fd_cmp_t2.asm.obj (.text:__aeabi_cdcmple)
                  000027b6    00000086                                   : fd_cmp_t2.asm.obj (.text:__aeabi_cdrcmple)
                  0000283c    0000007c                                   : fflush.c.obj (.text:fflush)
                  000028b8    0000007a                                   : memset_t2.asm.obj (.text)
                  00002932    00000002     --HOLE-- [fill = 0]
                  00002934    00000078                                   : memory.c.obj (.text:malloc)
                  000029ac    00000074                                   : fclose.c.obj (.text:__TI_closefile)
                  00002a20    0000006e                                   : _printfi.c.obj (.text:_mcpy)
                  00002a8e    00000002     --HOLE-- [fill = 0]
                  00002a90    00000068                                   : hostlseek.c.obj (.text:HOSTlseek)
                  00002af8    00000068                                   : hostrename.c.obj (.text:HOSTrename)
                  00002b60    00000068                                   : copy_decompress_lzss.c.obj (.text:decompress:lzss:__TI_decompress_lzss)
                  00002bc8    00000068                                   : printf.c.obj (.text:printf)
                  00002c30    00000064                                   : s_frexp.c.obj (.text:frexp)
                  00002c94    00000064                                   : fseek.c.obj (.text:fseek)
                  00002cf8    00000062                                   : _io_perm.c.obj (.text:__TI_wrt_ok)
                  00002d5a    00000002     --HOLE-- [fill = 0]
                  00002d5c    00000060                                   : hostopen.c.obj (.text:HOSTopen)
                  00002dbc    0000005c                                   : close.c.obj (.text:close)
                  00002e18    00000058                                   : hostread.c.obj (.text:HOSTread)
                  00002e70    00000058                                   : hostwrite.c.obj (.text:HOSTwrite)
                  00002ec8    00000056                                   : _printfi.c.obj (.text:_pconv_f)
                  00002f1e    00000054                                   : ltoa.c.obj (.text:ltoa)
                  00002f72    00000052                                   : _printfi.c.obj (.text:_ecpy)
                  00002fc4    0000004c                                   : fflush.c.obj (.text:__TI_doflush)
                  00003010    0000004c                                   : atoi.c.obj (.text:atoi)
                  0000305c    00000048                                   : exit.c.obj (.text:exit)
                  000030a4    00000048                                   : fd_toi_t2.asm.obj (.text)
                  000030ec    00000044                                   : hostclose.c.obj (.text:HOSTclose)
                  00003130    00000044                                   : hostunlink.c.obj (.text:HOSTunlink)
                  00003174    00000044                                   : autoinit.c.obj (.text:__TI_auto_init_nobinit_nopinit:__TI_auto_init_nobinit_nopinit)
                  000031b8    00000044                                   : getdevice.c.obj (.text:getdevice)
                  000031fc    0000003e                                   : _printfi.c.obj (.text:_fcpy)
                  0000323a    00000002     --HOLE-- [fill = 0]
                  0000323c    0000003c                                   : memory.c.obj (.text:minsert)
                  00003278    00000038                                   : trgmsg.c.obj (.text:__TI_writemsg)
                  000032b0    00000038                                   : boot_cortex_m.c.obj (.text:_c_int00_noargs:_c_int00_noargs)
                  000032e8    00000038                                   : memory.c.obj (.text:minit)
                  00003320    00000036                                   : strncpy.c.obj (.text:strncpy)
                  00003356    00000002     --HOLE-- [fill = 0]
                  00003358    00000034                                   : fopen.c.obj (.text:__TI_cleanup)
                  0000338c    00000034                                   : trgmsg.c.obj (.text:__TI_readmsg)
                  000033c0    00000030     main.obj (.text:convertToBCD)
                  000033f0    00000030     rtsv7M4_T_le_v4SPD16_eabi.lib : getdevice.c.obj (.text:finddevice)
                  00003420    0000002e                                   : i_tofd_t2.asm.obj (.text)
                  0000344e    00000002     --HOLE-- [fill = 0]
                  00003450    0000002c                                   : unlink.c.obj (.text:unlink)
                  0000347c    00000028     main.obj (.text:convertFromBCD)
                  000034a4    00000028     rtsv7M4_T_le_v4SPD16_eabi.lib : lseek.c.obj (.text:lseek)
                  000034cc    00000028                                   : memory.c.obj (.text:mremove)
                  000034f4    00000028                                   : write.c.obj (.text:write)
                  0000351c    00000020                                   : memchr.c.obj (.text:memchr)
                  0000353c    0000001c                                   : memccpy.c.obj (.text:memccpy)
                  00003558    00000018                                   : strcmp.c.obj (.text:strcmp)
                  00003570    00000016                                   : strchr.c.obj (.text:strchr)
                  00003586    00000014                                   : s_copysign.c.obj (.text:copysign)
                  0000359a    00000014                                   : strcpy.c.obj (.text:strcpy)
                  000035ae    00000014                                   : strlen.c.obj (.text:strlen)
                  000035c2    00000012                                   : copy_zero_init.c.obj (.text:decompress:ZI:__TI_zero_init_nomemset:__TI_zero_init_nomemset)
                  000035d4    00000012     startup_msp432p401r_ccs.obj (.text)
                  000035e6    00000012     rtsv7M4_T_le_v4SPD16_eabi.lib : wcslen.c.obj (.text:wcslen)
                  000035f8    0000000e                                   : copy_decompress_none.c.obj (.text:decompress:none:__TI_decompress_none)
                  00003606    00000002     --HOLE-- [fill = 0]
                  00003608    00000008                                   : errno.c.obj (.text:__aeabi_errno_addr)
                  00003610    00000004                                   : printf.c.obj (.text:_outc)
                  00003614    00000004                                   : printf.c.obj (.text:_outs)
                  00003618    00000004                                   : pre_init.c.obj (.text:_system_pre_init)
                  0000361c    00000004                                   : exit.c.obj (.text:abort:abort)

.const     0    00003620    00000118     
                  00003620    00000101     rtsv7M4_T_le_v4SPD16_eabi.lib : ctype.c.obj (.const:.string:_ctypes_)
                  00003721    00000003     --HOLE-- [fill = 0]
                  00003724    00000014     main.obj (.const:i2cConfig)

.cinit     0    00003738    00000098     
                  00003738    00000073     (.cinit..data.load) [load image, compression = lzss]
                  000037ab    00000001     --HOLE-- [fill = 0]
                  000037ac    0000000c     (__TI_handler_table)
                  000037b8    00000008     (.cinit..bss.load) [load image, compression = zero_init]
                  000037c0    00000010     (__TI_cinit_table)

.init_array 
*          0    00000000    00000000     UNINITIALIZED

.sysmem    0    20000000    00000800     UNINITIALIZED
                  20000000    00000008     rtsv7M4_T_le_v4SPD16_eabi.lib : memory.c.obj (.sysmem)
                  20000008    000007f8     --HOLE--

.data      0    20000800    000001f4     UNINITIALIZED
                  20000800    000000f0     rtsv7M4_T_le_v4SPD16_eabi.lib : defs.c.obj (.data:_ftable)
                  200008f0    00000078                                   : write.c.obj (.data:_device)
                  20000968    00000050                                   : write.c.obj (.data:_stream)
                  200009b8    00000010                                   : defs.c.obj (.data)
                  200009c8    0000000c                                   : exit.c.obj (.data:$O1$$)
                  200009d4    0000000c                                   : memory.c.obj (.data:$O1$$)
                  200009e0    00000008                                   : _lock.c.obj (.data:$O1$$)
                  200009e8    00000004     main.obj (.data)
                  200009ec    00000004     rtsv7M4_T_le_v4SPD16_eabi.lib : errno.c.obj (.data)
                  200009f0    00000004     system_msp432p401r.obj (.data)

.bss       0    200009f4    000001db     UNINITIALIZED
                  200009f4    00000120     rtsv7M4_T_le_v4SPD16_eabi.lib : trgmsg.c.obj (.bss:_CIOBUF_)
                  20000b14    000000a0     (.common:__TI_tmpnams)
                  20000bb4    00000008     (.common:RTC_registers)
                  20000bbc    00000008     (.common:parmbuf)
                  20000bc4    00000001     (.common:bcdDate)
                  20000bc5    00000001     (.common:bcdDay)
                  20000bc6    00000001     (.common:bcdHour)
                  20000bc7    00000001     (.common:bcdMinute)
                  20000bc8    00000001     (.common:bcdMonth)
                  20000bc9    00000001     (.common:bcdSecond)
                  20000bca    00000001     (.common:bcdYear)
                  20000bcb    00000001     (.common:col)
                  20000bcc    00000001     (.common:key)
                  20000bcd    00000001     (.common:row)
                  20000bce    00000001     (.common:value)

.stack     0    2000fe00    00000200     UNINITIALIZED
                  2000fe00    00000004     rtsv7M4_T_le_v4SPD16_eabi.lib : boot_cortex_m.c.obj (.stack)
                  2000fe04    000001fc     --HOLE--

MODULE SUMMARY

       Module                        code    ro data   rw data
       ------                        ----    -------   -------
    .\
       main.obj                      2032    20        23     
       system_msp432p401r.obj        808     0         4      
       startup_msp432p401r_ccs.obj   18      320       0      
    +--+-----------------------------+-------+---------+---------+
       Total:                        2858    340       27     
                                                              
    C:\ti\ccsv8\tools\compiler\ti-cgt-arm_18.1.3.LTS\lib\rtsv7M4_T_le_v4SPD16_eabi.lib
       _printfi.c.obj                4863    0         0      
       memory.c.obj                  492     0         12     
       fd_add_t2.asm.obj             438     0         0      
       defs.c.obj                    0       0         416    
       trgmsg.c.obj                  108     0         288    
       fd_div_t2.asm.obj             310     0         0      
       fputs.c.obj                   276     0         0      
       s_scalbn.c.obj                272     0         0      
       fd_cmp_t2.asm.obj             268     0         0      
       ctype.c.obj                   0       257       0      
       fd_mul_t2.asm.obj             252     0         0      
       write.c.obj                   40      0         200    
       setvbuf.c.obj                 220     0         0      
       fflush.c.obj                  200     0         0      
       memcpy_t2.asm.obj             156     0         0      
       ull_div_t2.asm.obj            150     0         0      
       fputc.c.obj                   140     0         0      
       memset_t2.asm.obj             122     0         0      
       fclose.c.obj                  116     0         0      
       getdevice.c.obj               116     0         0      
       printf.c.obj                  112     0         0      
       copy_decompress_lzss.c.obj    104     0         0      
       hostlseek.c.obj               104     0         0      
       hostopen.c.obj                96      0         8      
       hostrename.c.obj              104     0         0      
       fseek.c.obj                   100     0         0      
       s_frexp.c.obj                 100     0         0      
       _io_perm.c.obj                98      0         0      
       close.c.obj                   92      0         0      
       exit.c.obj                    76      0         12     
       hostread.c.obj                88      0         0      
       hostwrite.c.obj               88      0         0      
       ltoa.c.obj                    84      0         0      
       atoi.c.obj                    76      0         0      
       fd_toi_t2.asm.obj             72      0         0      
       autoinit.c.obj                68      0         0      
       hostclose.c.obj               68      0         0      
       hostunlink.c.obj              68      0         0      
       boot_cortex_m.c.obj           56      0         0      
       strncpy.c.obj                 54      0         0      
       fopen.c.obj                   52      0         0      
       i_tofd_t2.asm.obj             46      0         0      
       unlink.c.obj                  44      0         0      
       lseek.c.obj                   40      0         0      
       memchr.c.obj                  32      0         0      
       memccpy.c.obj                 28      0         0      
       strcmp.c.obj                  24      0         0      
       strchr.c.obj                  22      0         0      
       s_copysign.c.obj              20      0         0      
       strcpy.c.obj                  20      0         0      
       strlen.c.obj                  20      0         0      
       copy_zero_init.c.obj          18      0         0      
       wcslen.c.obj                  18      0         0      
       copy_decompress_none.c.obj    14      0         0      
       errno.c.obj                   8       0         4      
       _lock.c.obj                   2       0         8      
       pre_init.c.obj                4       0         0      
       div0.asm.obj                  2       0         0      
    +--+-----------------------------+-------+---------+---------+
       Total:                        10661   257       948    
                                                              
       Heap:                         0       0         2048   
       Stack:                        0       0         512    
       Linker Generated:             0       151       0      
    +--+-----------------------------+-------+---------+---------+
       Grand Total:                  13519   748       3535   


LINKER GENERATED COPY TABLES

__TI_cinit_table @ 000037c0 records: 2, size/record: 8, table size: 16
	.data: load addr=00003738, load size=00000073 bytes, run addr=20000800, run size=000001f4 bytes, compression=lzss
	.bss: load addr=000037b8, load size=00000008 bytes, run addr=200009f4, run size=000001db bytes, compression=zero_init


LINKER GENERATED HANDLER TABLE

__TI_handler_table @ 000037ac records: 3, size/record: 4, table size: 12
	index: 0, handler: __TI_decompress_lzss
	index: 1, handler: __TI_decompress_none
	index: 2, handler: __TI_zero_init


GLOBAL SYMBOLS: SORTED ALPHABETICALLY BY Name 

address   name                           
-------   ----                           
0000361d  C$$EXIT                        
000032a7  C$$IO$$                        
000030ed  HOSTclose                      
00002a91  HOSTlseek                      
00002d5d  HOSTopen                       
00002e19  HOSTread                       
00002af9  HOSTrename                     
00003131  HOSTunlink                     
00002e71  HOSTwrite                      
20000bb4  RTC_registers                  
200009f0  SystemCoreClock                
00001339  SystemCoreClockUpdate          
000015ad  SystemInit                     
4000480c  WDTCTL_SYM                     
200009f4  __CIOBUF_                      
20010000  __STACK_END                    
00000200  __STACK_SIZE                   
00000800  __SYSMEM_SIZE                  
000037c0  __TI_CINIT_Base                
000037d0  __TI_CINIT_Limit               
000037ac  __TI_Handler_Table_Base        
000037b8  __TI_Handler_Table_Limit       
00003175  __TI_auto_init_nobinit_nopinit 
00003359  __TI_cleanup                   
200009c8  __TI_cleanup_ptr               
000029ad  __TI_closefile                 
00002b61  __TI_decompress_lzss           
000035f9  __TI_decompress_none           
00002fc5  __TI_doflush                   
200009cc  __TI_dtors_ptr                 
200009d0  __TI_enable_exit_profile_output
200009b8  __TI_ft_end                    
ffffffff  __TI_pprof_out_hndl            
00000141  __TI_printfi                   
ffffffff  __TI_prof_data_size            
ffffffff  __TI_prof_data_start           
0000338d  __TI_readmsg                   
00000000  __TI_static_base__             
20000b14  __TI_tmpnams                   
00003279  __TI_writemsg                  
00002cf9  __TI_wrt_ok                    
000035c3  __TI_zero_init_nomemset        
00002731  __aeabi_cdcmpeq                
00002731  __aeabi_cdcmple                
000027b7  __aeabi_cdrcmple               
000030a5  __aeabi_d2iz                   
00001aab  __aeabi_dadd                   
00001d95  __aeabi_ddiv                   
00002211  __aeabi_dmul                   
00001aa1  __aeabi_dsub                   
00003609  __aeabi_errno_addr             
00003421  __aeabi_i2d                    
00001c57  __aeabi_idiv0                  
00001c57  __aeabi_ldiv0                  
000028b9  __aeabi_memclr                 
000028b9  __aeabi_memclr4                
000028b9  __aeabi_memclr8                
00002573  __aeabi_memcpy                 
00002573  __aeabi_memcpy4                
00002573  __aeabi_memcpy8                
000028bb  __aeabi_memset                 
000028bb  __aeabi_memset4                
000028bb  __aeabi_memset8                
200009c4  __aeabi_stderr                 
200009bc  __aeabi_stdin                  
200009c0  __aeabi_stdout                 
0000260f  __aeabi_uldivmod               
ffffffff  __binit__                      
ffffffff  __c_args__                     
UNDEFED   __mpu_init                     
2000fe00  __stack                        
000032b1  _c_int00_noargs                
00003620  _ctypes_                       
200008f0  _device                        
20000800  _ftable                        
200009e0  _lock                          
00000b9f  _nop                           
20000968  _stream                        
20000000  _sys_memory                    
UNDEFED   _system_post_cinit             
00003619  _system_pre_init               
200009e4  _unlock                        
0000361d  abort                          
00003011  atoi                           
20000bc4  bcdDate                        
20000bc5  bcdDay                         
20000bc6  bcdHour                        
20000bc7  bcdMinute                      
20000bc8  bcdMonth                       
20000bc9  bcdSecond                      
20000bca  bcdYear                        
ffffffff  binit                          
00002dbd  close                          
20000bcb  col                            
0000347d  convertFromBCD                 
000033c1  convertToBCD                   
00003587  copysign                       
00003587  copysignl                      
200009ec  errno                          
0000305d  exit                           
0000283d  fflush                         
000033f1  finddevice                     
200009e8  firstRun                       
000026a5  fputc                          
00001fed  fputs                          
000023e9  free                           
00002c31  frexp                          
00002c31  frexpl                         
00002c95  fseek                          
00001199  getKey                         
000031b9  getdevice                      
00003724  i2cConfig                      
00000dfd  iicInit                        
00000000  interruptVectors               
20000bcc  key                            
00002101  ldexp                          
00002101  ldexpl                         
000034a5  lseek                          
00002f1f  ltoa                           
00000ba1  main                           
00002935  malloc                         
0000353d  memccpy                        
0000351d  memchr                         
00002573  memcpy                         
000028c1  memset                         
000032e9  minit                          
20000bbc  parmbuf                        
000012d9  port_Init                      
00000cf9  printTime                      
00002bc9  printf                         
00000c7f  promptUser                     
000026a5  putc                           
00001031  readFromSlave                  
00003451  remove                         
20000bcd  row                            
00002101  scalbn                         
00002101  scalbnl                        
00000bdd  setTime                        
0000230d  setvbuf                        
00003571  strchr                         
00003559  strcmp                         
0000359b  strcpy                         
000035af  strlen                         
00003321  strncpy                        
000010cd  sysTick_Init                   
000010e9  sysTick_delay                  
00003451  unlink                         
20000bce  value                          
000035e7  wcslen                         
000034f5  write                          
00000f39  writeFromMaster                


GLOBAL SYMBOLS: SORTED BY Symbol Address 

address   name                           
-------   ----                           
00000000  __TI_static_base__             
00000000  interruptVectors               
00000141  __TI_printfi                   
00000200  __STACK_SIZE                   
00000800  __SYSMEM_SIZE                  
00000b9f  _nop                           
00000ba1  main                           
00000bdd  setTime                        
00000c7f  promptUser                     
00000cf9  printTime                      
00000dfd  iicInit                        
00000f39  writeFromMaster                
00001031  readFromSlave                  
000010cd  sysTick_Init                   
000010e9  sysTick_delay                  
00001199  getKey                         
000012d9  port_Init                      
00001339  SystemCoreClockUpdate          
000015ad  SystemInit                     
00001aa1  __aeabi_dsub                   
00001aab  __aeabi_dadd                   
00001c57  __aeabi_idiv0                  
00001c57  __aeabi_ldiv0                  
00001d95  __aeabi_ddiv                   
00001fed  fputs                          
00002101  ldexp                          
00002101  ldexpl                         
00002101  scalbn                         
00002101  scalbnl                        
00002211  __aeabi_dmul                   
0000230d  setvbuf                        
000023e9  free                           
00002573  __aeabi_memcpy                 
00002573  __aeabi_memcpy4                
00002573  __aeabi_memcpy8                
00002573  memcpy                         
0000260f  __aeabi_uldivmod               
000026a5  fputc                          
000026a5  putc                           
00002731  __aeabi_cdcmpeq                
00002731  __aeabi_cdcmple                
000027b7  __aeabi_cdrcmple               
0000283d  fflush                         
000028b9  __aeabi_memclr                 
000028b9  __aeabi_memclr4                
000028b9  __aeabi_memclr8                
000028bb  __aeabi_memset                 
000028bb  __aeabi_memset4                
000028bb  __aeabi_memset8                
000028c1  memset                         
00002935  malloc                         
000029ad  __TI_closefile                 
00002a91  HOSTlseek                      
00002af9  HOSTrename                     
00002b61  __TI_decompress_lzss           
00002bc9  printf                         
00002c31  frexp                          
00002c31  frexpl                         
00002c95  fseek                          
00002cf9  __TI_wrt_ok                    
00002d5d  HOSTopen                       
00002dbd  close                          
00002e19  HOSTread                       
00002e71  HOSTwrite                      
00002f1f  ltoa                           
00002fc5  __TI_doflush                   
00003011  atoi                           
0000305d  exit                           
000030a5  __aeabi_d2iz                   
000030ed  HOSTclose                      
00003131  HOSTunlink                     
00003175  __TI_auto_init_nobinit_nopinit 
000031b9  getdevice                      
00003279  __TI_writemsg                  
000032a7  C$$IO$$                        
000032b1  _c_int00_noargs                
000032e9  minit                          
00003321  strncpy                        
00003359  __TI_cleanup                   
0000338d  __TI_readmsg                   
000033c1  convertToBCD                   
000033f1  finddevice                     
00003421  __aeabi_i2d                    
00003451  remove                         
00003451  unlink                         
0000347d  convertFromBCD                 
000034a5  lseek                          
000034f5  write                          
0000351d  memchr                         
0000353d  memccpy                        
00003559  strcmp                         
00003571  strchr                         
00003587  copysign                       
00003587  copysignl                      
0000359b  strcpy                         
000035af  strlen                         
000035c3  __TI_zero_init_nomemset        
000035e7  wcslen                         
000035f9  __TI_decompress_none           
00003609  __aeabi_errno_addr             
00003619  _system_pre_init               
0000361d  C$$EXIT                        
0000361d  abort                          
00003620  _ctypes_                       
00003724  i2cConfig                      
000037ac  __TI_Handler_Table_Base        
000037b8  __TI_Handler_Table_Limit       
000037c0  __TI_CINIT_Base                
000037d0  __TI_CINIT_Limit               
20000000  _sys_memory                    
20000800  _ftable                        
200008f0  _device                        
20000968  _stream                        
200009b8  __TI_ft_end                    
200009bc  __aeabi_stdin                  
200009c0  __aeabi_stdout                 
200009c4  __aeabi_stderr                 
200009c8  __TI_cleanup_ptr               
200009cc  __TI_dtors_ptr                 
200009d0  __TI_enable_exit_profile_output
200009e0  _lock                          
200009e4  _unlock                        
200009e8  firstRun                       
200009ec  errno                          
200009f0  SystemCoreClock                
200009f4  __CIOBUF_                      
20000b14  __TI_tmpnams                   
20000bb4  RTC_registers                  
20000bbc  parmbuf                        
20000bc4  bcdDate                        
20000bc5  bcdDay                         
20000bc6  bcdHour                        
20000bc7  bcdMinute                      
20000bc8  bcdMonth                       
20000bc9  bcdSecond                      
20000bca  bcdYear                        
20000bcb  col                            
20000bcc  key                            
20000bcd  row                            
20000bce  value                          
2000fe00  __stack                        
20010000  __STACK_END                    
4000480c  WDTCTL_SYM                     
ffffffff  __TI_pprof_out_hndl            
ffffffff  __TI_prof_data_size            
ffffffff  __TI_prof_data_start           
ffffffff  __binit__                      
ffffffff  __c_args__                     
ffffffff  binit                          
UNDEFED   __mpu_init                     
UNDEFED   _system_post_cinit             

[151 symbols]
