******************************************************************************
                  TI ARM Linker PC v18.1.3                     
******************************************************************************
>> Linked Fri Nov  2 13:19:47 2018

OUTPUT FILE NAME:   <EGR326_Lab9.out>
ENTRY POINT SYMBOL: "_c_int00_noargs"  address: 00003b45


MEMORY CONFIGURATION

         name            origin    length      used     unused   attr    fill
----------------------  --------  ---------  --------  --------  ----  --------
  MAIN                  00000000   00040000  000047e0  0003b820  R  X
  INFO                  00200000   00004000  00000000  00004000  R  X
  SRAM_CODE             01000000   00010000  00000000  00010000  RW X
  SRAM_DATA             20000000   00010000  00000290  0000fd70  RW  


SEGMENT ALLOCATION MAP

run origin  load origin   length   init length attrs members
----------  ----------- ---------- ----------- ----- -------
00000000    00000000    000047e8   000047e8    r-x
  00000000    00000000    000000e4   000000e4    r-- .intvecs
  000000e4    000000e4    00003d46   00003d46    r-x .text
  00003e2c    00003e2c    0000094e   0000094e    r-- .const
  00004780    00004780    00000068   00000068    r-- .cinit
20000000    20000000    00000090   00000000    rw-
  20000000    20000000    00000064   00000000    rw- .data
  20000064    20000064    0000002c   00000000    rw- .bss
2000fe00    2000fe00    00000200   00000000    rw-
  2000fe00    2000fe00    00000200   00000000    rw- .stack


SECTION ALLOCATION MAP

 output                                  attributes/
section   page    origin      length       input sections
--------  ----  ----------  ----------   ----------------
.intvecs   0    00000000    000000e4     
                  00000000    000000e4     startup_msp432p401r_ccs.obj (.intvecs:retain)

.text      0    000000e4    00003d46     
                  000000e4    000013a0     ST7735.obj (.text)
                  00001484    00000a5e     rtsv7M4_T_le_v4SPD16_eabi.lib : _printfi.c.obj (.text:__TI_printfi)
                  00001ee2    00000002                                   : div0.asm.obj (.text)
                  00001ee4    00000328     system_msp432p401r.obj (.text)
                  0000220c    00000290     main.obj (.text)
                  0000249c    00000270     rtsv7M4_T_le_v4SPD16_eabi.lib : _printfi.c.obj (.text:_pconv_a)
                  0000270c    000001d0                                   : _printfi.c.obj (.text:_pconv_g)
                  000028dc    000001b6                                   : fd_add_t2.asm.obj (.text)
                  00002a92    00000002     --HOLE-- [fill = 0]
                  00002a94    0000013c                                   : _printfi.c.obj (.text:_pconv_e)
                  00002bd0    00000136                                   : fd_div_t2.asm.obj (.text)
                  00002d06    00000002     --HOLE-- [fill = 0]
                  00002d08    00000120                                   : _printfi.c.obj (.text:fcvt)
                  00002e28    00000110                                   : s_scalbn.c.obj (.text:scalbn)
                  00002f38    000000fc                                   : fd_mul_t2.asm.obj (.text)
                  00003034    000000e0     msp432p4xx_driverlib.lib : cs.o (.text:CS_initClockSignal)
                  00003114    000000b2                              : timer_a.o (.text:privateTimer_AProcessClockSourceDivider)
                  000031c6    00000002     --HOLE-- [fill = 0]
                  000031c8    000000b1     rtsv7M4_T_le_v4SPD16_eabi.lib : _printfi.c.obj (.text:_ltostr)
                  00003279    00000003     --HOLE-- [fill = 0]
                  0000327c    0000009c     msp432p4xx_driverlib.lib : cs.o (.text:CS_startHFXTWithTimeout)
                  00003318    0000009c     rtsv7M4_T_le_v4SPD16_eabi.lib : memcpy_t2.asm.obj (.text)
                  000033b4    00000096                                   : ull_div_t2.asm.obj (.text)
                  0000344a    00000086                                   : fd_cmp_t2.asm.obj (.text:__aeabi_cdcmple)
                  000034d0    00000086                                   : fd_cmp_t2.asm.obj (.text:__aeabi_cdrcmple)
                  00003556    00000002     --HOLE-- [fill = 0]
                  00003558    0000007c     COMMONCLOCKS.obj (.text)
                  000035d4    0000007a     rtsv7M4_T_le_v4SPD16_eabi.lib : memset_t2.asm.obj (.text)
                  0000364e    00000002     --HOLE-- [fill = 0]
                  00003650    00000070     msp432p4xx_driverlib.lib : cs.o (.text:_CSGetHFXTFrequency)
                  000036c0    0000006e     rtsv7M4_T_le_v4SPD16_eabi.lib : _printfi.c.obj (.text:_mcpy)
                  0000372e    00000068                                   : copy_decompress_lzss.c.obj (.text:decompress:lzss:__TI_decompress_lzss)
                  00003796    00000002     --HOLE-- [fill = 0]
                  00003798    00000064     msp432p4xx_driverlib.lib : interrupt.o (.text:Interrupt_enableInterrupt)
                  000037fc    00000064     rtsv7M4_T_le_v4SPD16_eabi.lib : s_frexp.c.obj (.text:frexp)
                  00003860    00000056                                   : _printfi.c.obj (.text:_pconv_f)
                  000038b6    00000054                                   : ltoa.c.obj (.text:ltoa)
                  0000390a    00000052                                   : _printfi.c.obj (.text:_ecpy)
                  0000395c    0000004c                                   : atoi.c.obj (.text:atoi)
                  000039a8    00000048     msp432p4xx_driverlib.lib : gpio.o (.text:GPIO_setAsPeripheralModuleFunctionInputPin)
                  000039f0    00000048                              : timer32.o (.text:Timer32_initModule)
                  00003a38    00000048     rtsv7M4_T_le_v4SPD16_eabi.lib : fd_toi_t2.asm.obj (.text)
                  00003a80    00000044                                   : autoinit.c.obj (.text:__TI_auto_init_nobinit_nopinit:__TI_auto_init_nobinit_nopinit)
                  00003ac4    00000040                                   : sprintf.c.obj (.text:sprintf)
                  00003b04    0000003e                                   : _printfi.c.obj (.text:_fcpy)
                  00003b42    00000002     --HOLE-- [fill = 0]
                  00003b44    00000038                                   : boot_cortex_m.c.obj (.text:_c_int00_noargs:_c_int00_noargs)
                  00003b7c    00000030     msp432p4xx_driverlib.lib : timer_a.o (.text:Timer_A_initCapture)
                  00003bac    0000002e     rtsv7M4_T_le_v4SPD16_eabi.lib : i_tofd_t2.asm.obj (.text)
                  00003bda    00000002     --HOLE-- [fill = 0]
                  00003bdc    00000024     msp432p4xx_driverlib.lib : cs.o (.text:CS_setDCOCenteredFrequency)
                  00003c00    00000024                              : gpio.o (.text:GPIO_setAsOutputPin)
                  00003c24    00000024                              : timer32.o (.text:Timer32_setCount)
                  00003c48    00000024                              : timer_a.o (.text:Timer_A_configureContinuousMode)
                  00003c6c    00000020                              : timer32.o (.text:Timer32_startTimer)
                  00003c8c    0000001c     rtsv7M4_T_le_v4SPD16_eabi.lib : memccpy.c.obj (.text:memccpy)
                  00003ca8    0000001a     msp432p4xx_driverlib.lib : timer_a.o (.text:Timer_A_clearCaptureCompareInterrupt)
                  00003cc2    00000002     --HOLE-- [fill = 0]
                  00003cc4    00000018                              : gpio.o (.text:GPIO_setOutputLowOnPin)
                  00003cdc    00000018     rtsv7M4_T_le_v4SPD16_eabi.lib : sprintf.c.obj (.text:_outs)
                  00003cf4    00000016                                   : strchr.c.obj (.text:strchr)
                  00003d0a    00000002     --HOLE-- [fill = 0]
                  00003d0c    00000014     msp432p4xx_driverlib.lib : cs.o (.text:CS_setExternalClockSourceFrequency)
                  00003d20    00000014                              : gpio.o (.text:GPIO_setOutputHighOnPin)
                  00003d34    00000014     rtsv7M4_T_le_v4SPD16_eabi.lib : s_copysign.c.obj (.text:copysign)
                  00003d48    00000014                                   : strlen.c.obj (.text:strlen)
                  00003d5c    00000012                                   : copy_zero_init.c.obj (.text:decompress:ZI:__TI_zero_init_nomemset:__TI_zero_init_nomemset)
                  00003d6e    00000012                                   : wcslen.c.obj (.text:wcslen)
                  00003d80    00000010     msp432p4xx_driverlib.lib : interrupt.o (.text:Interrupt_enableMaster)
                  00003d90    00000010                              : sysctl.o (.text:SysCtl_disableNMISource)
                  00003da0    00000010                              : sysctl.o (.text:SysCtl_enableNMISource)
                  00003db0    0000000e                              : timer_a.o (.text:Timer_A_getCaptureCompareCount)
                  00003dbe    0000000e     rtsv7M4_T_le_v4SPD16_eabi.lib : copy_decompress_none.c.obj (.text:decompress:none:__TI_decompress_none)
                  00003dcc    0000000e     startup_msp432p401r_ccs.obj (.text)
                  00003dda    0000000c     msp432p4xx_driverlib.lib : cpu.o (.text:CPU_cpsie)
                  00003de6    00000002     --HOLE-- [fill = 0]
                  00003de8    0000000c                              : sysctl.o (.text:SysCtl_getNMISourceStatus)
                  00003df4    0000000a                              : timer32.o (.text:Timer32_disableInterrupt)
                  00003dfe    0000000a     rtsv7M4_T_le_v4SPD16_eabi.lib : sprintf.c.obj (.text:_outc)
                  00003e08    00000008     msp432p4xx_driverlib.lib : timer_a.o (.text:Timer_A_startCounter)
                  00003e10    00000008     rtsv7M4_T_le_v4SPD16_eabi.lib : errno.c.obj (.text:__aeabi_errno_addr)
                  00003e18    00000006     msp432p4xx_driverlib.lib : cs.o (.text:CS_startHFXT)
                  00003e1e    00000004                              : timer32.o (.text:Timer32_getValue)
                  00003e22    00000004     rtsv7M4_T_le_v4SPD16_eabi.lib : pre_init.c.obj (.text:_system_pre_init)
                  00003e26    00000004                                   : exit.c.obj (.text:abort:abort)

.const     0    00003e2c    0000094e     
                  00003e2c    000004fb     ST7735.obj (.const:.string:Font)
                  00004327    00000200     ST7735.obj (.const:.string:dBfs)
                  00004527    00000101     rtsv7M4_T_le_v4SPD16_eabi.lib : ctype.c.obj (.const:.string:_ctypes_)
                  00004628    00000067     ST7735.obj (.const:.string:Bcmd)
                  0000468f    00000001     --HOLE-- [fill = 0]
                  00004690    00000040     msp432p4xx_driverlib.lib : interrupt.o (.const)
                  000046d0    0000003b     ST7735.obj (.const:.string:Rcmd1)
                  0000470b    0000002b     ST7735.obj (.const:.string:Rcmd3)
                  00004736    00000002     --HOLE-- [fill = 0]
                  00004738    00000018     main.obj (.const:captureModeConfig)
                  00004750    00000010     main.obj (.const:continuousModeConfig)
                  00004760    0000000d     ST7735.obj (.const:.string:Rcmd2green)
                  0000476d    0000000d     ST7735.obj (.const:.string:Rcmd2red)

.cinit     0    00004780    00000068     
                  00004780    00000044     (.cinit..data.load) [load image, compression = lzss]
                  000047c4    0000000c     (__TI_handler_table)
                  000047d0    00000008     (.cinit..bss.load) [load image, compression = zero_init]
                  000047d8    00000010     (__TI_cinit_table)

.init_array 
*          0    00000000    00000000     UNINITIALIZED

.data      0    20000000    00000064     UNINITIALIZED
                  20000000    00000030     msp432p4xx_driverlib.lib : gpio.o (.data:GPIO_PORT_TO_BASE)
                  20000030    00000018     main.obj (.data)
                  20000048    00000014     ST7735.obj (.data)
                  2000005c    00000004     rtsv7M4_T_le_v4SPD16_eabi.lib : errno.c.obj (.data)
                  20000060    00000004     system_msp432p401r.obj (.data)

.bss       0    20000064    0000002c     UNINITIALIZED
                  20000064    0000000c     (.common:Message)
                  20000070    00000004     ST7735.obj (.bss)
                  20000074    00000004     (.common:Messageindex)
                  20000078    00000004     (.common:X)
                  2000007c    00000004     (.common:Ymax)
                  20000080    00000004     (.common:Ymin)
                  20000084    00000004     (.common:Yrange)
                  20000088    00000004     (.common:hfxtFreq)
                  2000008c    00000004     (.common:lfxtFreq)

.stack     0    2000fe00    00000200     UNINITIALIZED
                  2000fe00    00000004     rtsv7M4_T_le_v4SPD16_eabi.lib : boot_cortex_m.c.obj (.stack)
                  2000fe04    000001fc     --HOLE--

MODULE SUMMARY

       Module                        code    ro data   rw data
       ------                        ----    -------   -------
    .\
       ST7735.obj                    5024    2018      56     
       system_msp432p401r.obj        808     0         4      
       main.obj                      656     40        24     
       startup_msp432p401r_ccs.obj   14      228       0      
       COMMONCLOCKS.obj              124     0         0      
    +--+-----------------------------+-------+---------+---------+
       Total:                        6626    2286      84     
                                                              
    C:/ti/msp/MSP432Ware_3_50_00_02/driverlib/driverlib/MSP432P4xx/ccs/msp432p4xx_driverlib.lib
       cs.o                          554     0         8      
       timer_a.o                     310     0         0      
       gpio.o                        152     0         48     
       interrupt.o                   116     64        0      
       timer32.o                     154     0         0      
       sysctl.o                      44      0         0      
       cpu.o                         12      0         0      
    +--+-----------------------------+-------+---------+---------+
       Total:                        1342    64        56     
                                                              
    C:\ti\ccsv8\tools\compiler\ti-cgt-arm_18.1.3.LTS\lib\rtsv7M4_T_le_v4SPD16_eabi.lib
       _printfi.c.obj                4863    0         0      
       fd_add_t2.asm.obj             438     0         0      
       fd_div_t2.asm.obj             310     0         0      
       s_scalbn.c.obj                272     0         0      
       fd_cmp_t2.asm.obj             268     0         0      
       ctype.c.obj                   0       257       0      
       fd_mul_t2.asm.obj             252     0         0      
       memcpy_t2.asm.obj             156     0         0      
       ull_div_t2.asm.obj            150     0         0      
       memset_t2.asm.obj             122     0         0      
       copy_decompress_lzss.c.obj    104     0         0      
       s_frexp.c.obj                 100     0         0      
       sprintf.c.obj                 98      0         0      
       ltoa.c.obj                    84      0         0      
       atoi.c.obj                    76      0         0      
       fd_toi_t2.asm.obj             72      0         0      
       autoinit.c.obj                68      0         0      
       boot_cortex_m.c.obj           56      0         0      
       i_tofd_t2.asm.obj             46      0         0      
       memccpy.c.obj                 28      0         0      
       strchr.c.obj                  22      0         0      
       s_copysign.c.obj              20      0         0      
       strlen.c.obj                  20      0         0      
       copy_zero_init.c.obj          18      0         0      
       wcslen.c.obj                  18      0         0      
       copy_decompress_none.c.obj    14      0         0      
       errno.c.obj                   8       0         4      
       exit.c.obj                    4       0         0      
       pre_init.c.obj                4       0         0      
       div0.asm.obj                  2       0         0      
    +--+-----------------------------+-------+---------+---------+
       Total:                        7693    257       4      
                                                              
       Stack:                        0       0         512    
       Linker Generated:             0       104       0      
    +--+-----------------------------+-------+---------+---------+
       Grand Total:                  15661   2711      656    


LINKER GENERATED COPY TABLES

__TI_cinit_table @ 000047d8 records: 2, size/record: 8, table size: 16
	.data: load addr=00004780, load size=00000044 bytes, run addr=20000000, run size=00000064 bytes, compression=lzss
	.bss: load addr=000047d0, load size=00000008 bytes, run addr=20000064, run size=0000002c bytes, compression=zero_init


LINKER GENERATED HANDLER TABLE

__TI_handler_table @ 000047c4 records: 3, size/record: 4, table size: 12
	index: 0, handler: __TI_decompress_lzss
	index: 1, handler: __TI_decompress_none
	index: 2, handler: __TI_zero_init


GLOBAL SYMBOLS: SORTED ALPHABETICALLY BY Name 

address   name                                      
-------   ----                                      
00003dd9  ADC14_IRQHandler                          
00003dd9  AES256_IRQHandler                         
00003dd9  BusFault_Handler                          
00003e27  C$$EXIT                                   
00003559  COMMONCLOCKS_sysTick_Init                 
00003575  COMMONCLOCKS_sysTick_delay_3MHZ           
0000359f  COMMONCLOCKS_sysTick_delay_48MHZ          
00003dd9  COMP_E0_IRQHandler                        
00003dd9  COMP_E1_IRQHandler                        
00003ddb  CPU_cpsie                                 
00003dd9  CS_IRQHandler                             
00003035  CS_initClockSignal                        
00003bdd  CS_setDCOCenteredFrequency                
00003d0d  CS_setExternalClockSourceFrequency        
00003e19  CS_startHFXT                              
0000327d  CS_startHFXTWithTimeout                   
00003dd9  DMA_ERR_IRQHandler                        
00003dd9  DMA_INT0_IRQHandler                       
00003dd9  DMA_INT1_IRQHandler                       
00003dd9  DMA_INT2_IRQHandler                       
00003dd9  DMA_INT3_IRQHandler                       
00003dd9  DebugMon_Handler                          
00003dd9  Default_Handler                           
0000015b  Delay1ms                                  
00003dd9  EUSCIA0_IRQHandler                        
00003dd9  EUSCIA1_IRQHandler                        
00003dd9  EUSCIA2_IRQHandler                        
00003dd9  EUSCIA3_IRQHandler                        
00003dd9  EUSCIB0_IRQHandler                        
00003dd9  EUSCIB1_IRQHandler                        
00003dd9  EUSCIB2_IRQHandler                        
00003dd9  EUSCIB3_IRQHandler                        
00003dd9  FLCTL_IRQHandler                          
00003dd9  FPU_IRQHandler                            
00003c01  GPIO_setAsOutputPin                       
000039a9  GPIO_setAsPeripheralModuleFunctionInputPin
00003d21  GPIO_setOutputHighOnPin                   
00003cc5  GPIO_setOutputLowOnPin                    
00003dd9  HardFault_Handler                         
00003799  Interrupt_enableInterrupt                 
00003d81  Interrupt_enableMaster                    
00003dd9  MemManage_Handler                         
20000064  Message                                   
20000074  Messageindex                              
00003dd9  NMI_Handler                               
00001423  Output_Clear                              
0000143d  Output_Color                              
00001413  Output_Init                               
0000142d  Output_Off                                
00001435  Output_On                                 
00003dd9  PCM_IRQHandler                            
00003dd9  PORT1_IRQHandler                          
00003dd9  PORT2_IRQHandler                          
00003dd9  PORT3_IRQHandler                          
00003dd9  PORT4_IRQHandler                          
00003dd9  PORT5_IRQHandler                          
00003dd9  PORT6_IRQHandler                          
00003dd9  PSS_IRQHandler                            
00003dd9  PendSV_Handler                            
00003dd9  RTC_C_IRQHandler                          
00003dcd  Reset_Handler                             
0000073d  ST7735_Color565                           
000007a1  ST7735_DrawBitmap                         
00000b15  ST7735_DrawChar                           
0000099f  ST7735_DrawCharS                          
00000535  ST7735_DrawFastHLine                      
00000477  ST7735_DrawFastVLine                      
0000041d  ST7735_DrawPixel                          
00000c87  ST7735_DrawString                         
00000631  ST7735_FillRect                           
000005ed  ST7735_FillScreen                         
000002e9  ST7735_InitB                              
00000309  ST7735_InitR                              
00000ebb  ST7735_InvertDisplay                      
000012f9  ST7735_OutChar                            
000013b5  ST7735_OutString                          
00000d75  ST7735_OutUDec                            
00001205  ST7735_PlotBar                            
00000ed3  ST7735_PlotClear                          
00000ff5  ST7735_PlotLine                           
000012a5  ST7735_PlotNext                           
000012bf  ST7735_PlotNextErase                      
00000f2f  ST7735_PlotPoint                          
0000112f  ST7735_PlotPoints                         
0000125b  ST7735_PlotdBfs                           
00000d4f  ST7735_SetCursor                          
00000df1  ST7735_SetRotation                        
000013d3  ST7735_SetTextColor                       
00000771  ST7735_SwapColor                          
00003dd9  SVC_Handler                               
20000050  StTextColor                               
20000048  StX                                       
2000004c  StY                                       
00003d91  SysCtl_disableNMISource                   
00003da1  SysCtl_enableNMISource                    
00003de9  SysCtl_getNMISourceStatus                 
00003dd9  SysTick_Handler                           
20000060  SystemCoreClock                           
00001ee5  SystemCoreClockUpdate                     
00002159  SystemInit                                
00003dd9  T32_INT1_IRQHandler                       
00003dd9  T32_INT2_IRQHandler                       
00003dd9  T32_INTC_IRQHandler                       
00003dd9  TA0_0_IRQHandler                          
000023f3  TA0_N_IRQHandler                          
000023f3  TA0_N_IRQHandler                          
00003dd9  TA1_0_IRQHandler                          
00003dd9  TA1_N_IRQHandler                          
00003dd9  TA2_0_IRQHandler                          
00003dd9  TA2_N_IRQHandler                          
00003dd9  TA3_0_IRQHandler                          
00003dd9  TA3_N_IRQHandler                          
00003df5  Timer32_disableInterrupt                  
00003e1f  Timer32_getValue                          
000039f1  Timer32_initModule                        
00003c25  Timer32_setCount                          
00003c6d  Timer32_startTimer                        
00003ca9  Timer_A_clearCaptureCompareInterrupt      
00003c49  Timer_A_configureContinuousMode           
00003db1  Timer_A_getCaptureCompareCount            
00003b7d  Timer_A_initCapture                       
00003e09  Timer_A_startCounter                      
00003dd9  UsageFault_Handler                        
4000480c  WDTCTL_SYM                                
00003dd9  WDT_A_IRQHandler                          
20000078  X                                         
2000007c  Ymax                                      
20000080  Ymin                                      
20000084  Yrange                                    
20010000  __STACK_END                               
00000200  __STACK_SIZE                              
000047d8  __TI_CINIT_Base                           
000047e8  __TI_CINIT_Limit                          
000047c4  __TI_Handler_Table_Base                   
000047d0  __TI_Handler_Table_Limit                  
00003a81  __TI_auto_init_nobinit_nopinit            
0000372f  __TI_decompress_lzss                      
00003dbf  __TI_decompress_none                      
ffffffff  __TI_pprof_out_hndl                       
00001485  __TI_printfi                              
ffffffff  __TI_prof_data_size                       
ffffffff  __TI_prof_data_start                      
00000000  __TI_static_base__                        
00003d5d  __TI_zero_init_nomemset                   
0000344b  __aeabi_cdcmpeq                           
0000344b  __aeabi_cdcmple                           
000034d1  __aeabi_cdrcmple                          
00003a39  __aeabi_d2iz                              
000028e7  __aeabi_dadd                              
00002bd1  __aeabi_ddiv                              
00002f39  __aeabi_dmul                              
000028dd  __aeabi_dsub                              
00003e11  __aeabi_errno_addr                        
00003bad  __aeabi_i2d                               
00001ee3  __aeabi_idiv0                             
00001ee3  __aeabi_ldiv0                             
000035d5  __aeabi_memclr                            
000035d5  __aeabi_memclr4                           
000035d5  __aeabi_memclr8                           
00003319  __aeabi_memcpy                            
00003319  __aeabi_memcpy4                           
00003319  __aeabi_memcpy8                           
000035d7  __aeabi_memset                            
000035d7  __aeabi_memset4                           
000035d7  __aeabi_memset8                           
000033b5  __aeabi_uldivmod                          
ffffffff  __binit__                                 
ffffffff  __c_args__                                
UNDEFED   __mpu_init                                
2000fe00  __stack                                   
00003b45  _c_int00_noargs                           
00004527  _ctypes_                                  
UNDEFED   _system_post_cinit                        
00003e23  _system_pre_init                          
00003e27  abort                                     
0000395d  atoi                                      
20000046  bgColor                                   
ffffffff  binit                                     
00004738  captureModeConfig                         
00004750  continuousModeConfig                      
00002367  controlLED                                
00003d35  copysign                                  
00003d35  copysignl                                 
20000040  count                                     
00004327  dBfs                                      
20000030  delay                                     
20000034  distance                                  
2000005c  errno                                     
00001405  ferror                                    
000013f9  fgetc                                     
00000d0d  fillmessage                               
000013e7  fputc                                     
000037fd  frexp                                     
000037fd  frexpl                                    
00000000  interruptVectors                          
20000058  lastj                                     
00002e29  ldexp                                     
00002e29  ldexpl                                    
000038b7  ltoa                                      
0000220d  main                                      
20000038  meas1                                     
2000003c  meas2                                     
00003c8d  memccpy                                   
00003319  memcpy                                    
000035dd  memset                                    
0000014d  parrotdelay                               
00002e29  scalbn                                    
00002e29  scalbnl                                   
00003ac5  sprintf                                   
00003cf5  strchr                                    
00003d49  strlen                                    
20000044  textColor                                 
00002345  timerAInit                                
00003d6f  wcslen                                    


GLOBAL SYMBOLS: SORTED BY Symbol Address 

address   name                                      
-------   ----                                      
00000000  __TI_static_base__                        
00000000  interruptVectors                          
0000014d  parrotdelay                               
0000015b  Delay1ms                                  
00000200  __STACK_SIZE                              
000002e9  ST7735_InitB                              
00000309  ST7735_InitR                              
0000041d  ST7735_DrawPixel                          
00000477  ST7735_DrawFastVLine                      
00000535  ST7735_DrawFastHLine                      
000005ed  ST7735_FillScreen                         
00000631  ST7735_FillRect                           
0000073d  ST7735_Color565                           
00000771  ST7735_SwapColor                          
000007a1  ST7735_DrawBitmap                         
0000099f  ST7735_DrawCharS                          
00000b15  ST7735_DrawChar                           
00000c87  ST7735_DrawString                         
00000d0d  fillmessage                               
00000d4f  ST7735_SetCursor                          
00000d75  ST7735_OutUDec                            
00000df1  ST7735_SetRotation                        
00000ebb  ST7735_InvertDisplay                      
00000ed3  ST7735_PlotClear                          
00000f2f  ST7735_PlotPoint                          
00000ff5  ST7735_PlotLine                           
0000112f  ST7735_PlotPoints                         
00001205  ST7735_PlotBar                            
0000125b  ST7735_PlotdBfs                           
000012a5  ST7735_PlotNext                           
000012bf  ST7735_PlotNextErase                      
000012f9  ST7735_OutChar                            
000013b5  ST7735_OutString                          
000013d3  ST7735_SetTextColor                       
000013e7  fputc                                     
000013f9  fgetc                                     
00001405  ferror                                    
00001413  Output_Init                               
00001423  Output_Clear                              
0000142d  Output_Off                                
00001435  Output_On                                 
0000143d  Output_Color                              
00001485  __TI_printfi                              
00001ee3  __aeabi_idiv0                             
00001ee3  __aeabi_ldiv0                             
00001ee5  SystemCoreClockUpdate                     
00002159  SystemInit                                
0000220d  main                                      
00002345  timerAInit                                
00002367  controlLED                                
000023f3  TA0_N_IRQHandler                          
000023f3  TA0_N_IRQHandler                          
000028dd  __aeabi_dsub                              
000028e7  __aeabi_dadd                              
00002bd1  __aeabi_ddiv                              
00002e29  ldexp                                     
00002e29  ldexpl                                    
00002e29  scalbn                                    
00002e29  scalbnl                                   
00002f39  __aeabi_dmul                              
00003035  CS_initClockSignal                        
0000327d  CS_startHFXTWithTimeout                   
00003319  __aeabi_memcpy                            
00003319  __aeabi_memcpy4                           
00003319  __aeabi_memcpy8                           
00003319  memcpy                                    
000033b5  __aeabi_uldivmod                          
0000344b  __aeabi_cdcmpeq                           
0000344b  __aeabi_cdcmple                           
000034d1  __aeabi_cdrcmple                          
00003559  COMMONCLOCKS_sysTick_Init                 
00003575  COMMONCLOCKS_sysTick_delay_3MHZ           
0000359f  COMMONCLOCKS_sysTick_delay_48MHZ          
000035d5  __aeabi_memclr                            
000035d5  __aeabi_memclr4                           
000035d5  __aeabi_memclr8                           
000035d7  __aeabi_memset                            
000035d7  __aeabi_memset4                           
000035d7  __aeabi_memset8                           
000035dd  memset                                    
0000372f  __TI_decompress_lzss                      
00003799  Interrupt_enableInterrupt                 
000037fd  frexp                                     
000037fd  frexpl                                    
000038b7  ltoa                                      
0000395d  atoi                                      
000039a9  GPIO_setAsPeripheralModuleFunctionInputPin
000039f1  Timer32_initModule                        
00003a39  __aeabi_d2iz                              
00003a81  __TI_auto_init_nobinit_nopinit            
00003ac5  sprintf                                   
00003b45  _c_int00_noargs                           
00003b7d  Timer_A_initCapture                       
00003bad  __aeabi_i2d                               
00003bdd  CS_setDCOCenteredFrequency                
00003c01  GPIO_setAsOutputPin                       
00003c25  Timer32_setCount                          
00003c49  Timer_A_configureContinuousMode           
00003c6d  Timer32_startTimer                        
00003c8d  memccpy                                   
00003ca9  Timer_A_clearCaptureCompareInterrupt      
00003cc5  GPIO_setOutputLowOnPin                    
00003cf5  strchr                                    
00003d0d  CS_setExternalClockSourceFrequency        
00003d21  GPIO_setOutputHighOnPin                   
00003d35  copysign                                  
00003d35  copysignl                                 
00003d49  strlen                                    
00003d5d  __TI_zero_init_nomemset                   
00003d6f  wcslen                                    
00003d81  Interrupt_enableMaster                    
00003d91  SysCtl_disableNMISource                   
00003da1  SysCtl_enableNMISource                    
00003db1  Timer_A_getCaptureCompareCount            
00003dbf  __TI_decompress_none                      
00003dcd  Reset_Handler                             
00003dd9  ADC14_IRQHandler                          
00003dd9  AES256_IRQHandler                         
00003dd9  BusFault_Handler                          
00003dd9  COMP_E0_IRQHandler                        
00003dd9  COMP_E1_IRQHandler                        
00003dd9  CS_IRQHandler                             
00003dd9  DMA_ERR_IRQHandler                        
00003dd9  DMA_INT0_IRQHandler                       
00003dd9  DMA_INT1_IRQHandler                       
00003dd9  DMA_INT2_IRQHandler                       
00003dd9  DMA_INT3_IRQHandler                       
00003dd9  DebugMon_Handler                          
00003dd9  Default_Handler                           
00003dd9  EUSCIA0_IRQHandler                        
00003dd9  EUSCIA1_IRQHandler                        
00003dd9  EUSCIA2_IRQHandler                        
00003dd9  EUSCIA3_IRQHandler                        
00003dd9  EUSCIB0_IRQHandler                        
00003dd9  EUSCIB1_IRQHandler                        
00003dd9  EUSCIB2_IRQHandler                        
00003dd9  EUSCIB3_IRQHandler                        
00003dd9  FLCTL_IRQHandler                          
00003dd9  FPU_IRQHandler                            
00003dd9  HardFault_Handler                         
00003dd9  MemManage_Handler                         
00003dd9  NMI_Handler                               
00003dd9  PCM_IRQHandler                            
00003dd9  PORT1_IRQHandler                          
00003dd9  PORT2_IRQHandler                          
00003dd9  PORT3_IRQHandler                          
00003dd9  PORT4_IRQHandler                          
00003dd9  PORT5_IRQHandler                          
00003dd9  PORT6_IRQHandler                          
00003dd9  PSS_IRQHandler                            
00003dd9  PendSV_Handler                            
00003dd9  RTC_C_IRQHandler                          
00003dd9  SVC_Handler                               
00003dd9  SysTick_Handler                           
00003dd9  T32_INT1_IRQHandler                       
00003dd9  T32_INT2_IRQHandler                       
00003dd9  T32_INTC_IRQHandler                       
00003dd9  TA0_0_IRQHandler                          
00003dd9  TA1_0_IRQHandler                          
00003dd9  TA1_N_IRQHandler                          
00003dd9  TA2_0_IRQHandler                          
00003dd9  TA2_N_IRQHandler                          
00003dd9  TA3_0_IRQHandler                          
00003dd9  TA3_N_IRQHandler                          
00003dd9  UsageFault_Handler                        
00003dd9  WDT_A_IRQHandler                          
00003ddb  CPU_cpsie                                 
00003de9  SysCtl_getNMISourceStatus                 
00003df5  Timer32_disableInterrupt                  
00003e09  Timer_A_startCounter                      
00003e11  __aeabi_errno_addr                        
00003e19  CS_startHFXT                              
00003e1f  Timer32_getValue                          
00003e23  _system_pre_init                          
00003e27  C$$EXIT                                   
00003e27  abort                                     
00004327  dBfs                                      
00004527  _ctypes_                                  
00004738  captureModeConfig                         
00004750  continuousModeConfig                      
000047c4  __TI_Handler_Table_Base                   
000047d0  __TI_Handler_Table_Limit                  
000047d8  __TI_CINIT_Base                           
000047e8  __TI_CINIT_Limit                          
20000030  delay                                     
20000034  distance                                  
20000038  meas1                                     
2000003c  meas2                                     
20000040  count                                     
20000044  textColor                                 
20000046  bgColor                                   
20000048  StX                                       
2000004c  StY                                       
20000050  StTextColor                               
20000058  lastj                                     
2000005c  errno                                     
20000060  SystemCoreClock                           
20000064  Message                                   
20000074  Messageindex                              
20000078  X                                         
2000007c  Ymax                                      
20000080  Ymin                                      
20000084  Yrange                                    
2000fe00  __stack                                   
20010000  __STACK_END                               
4000480c  WDTCTL_SYM                                
ffffffff  __TI_pprof_out_hndl                       
ffffffff  __TI_prof_data_size                       
ffffffff  __TI_prof_data_start                      
ffffffff  __binit__                                 
ffffffff  __c_args__                                
ffffffff  binit                                     
UNDEFED   __mpu_init                                
UNDEFED   _system_post_cinit                        

[214 symbols]
