******************************************************************************
                  TI ARM Linker PC v18.1.3                     
******************************************************************************
>> Linked Thu Oct 18 00:34:45 2018

OUTPUT FILE NAME:   <EGR326_Lab7.out>
ENTRY POINT SYMBOL: "_c_int00_noargs"  address: 00002ec1


MEMORY CONFIGURATION

         name            origin    length      used     unused   attr    fill
----------------------  --------  ---------  --------  --------  ----  --------
  MAIN                  00000000   00040000  00003379  0003cc87  R  X
  INFO                  00200000   00004000  00000000  00004000  R  X
  SRAM_CODE             01000000   00010000  00000000  00010000  RW X
  SRAM_DATA             20000000   00010000  00000ddc  0000f224  RW  


SEGMENT ALLOCATION MAP

run origin  load origin   length   init length attrs members
----------  ----------- ---------- ----------- ----- -------
00000000    00000000    00003380   00003380    r-x
  00000000    00000000    00000140   00000140    r-- .intvecs
  00000140    00000140    00003098   00003098    r-x .text
  000031d8    000031d8    00000101   00000101    r-- .const
  000032e0    000032e0    000000a0   000000a0    r-- .cinit
20000000    20000000    00000bdc   00000000    rw-
  20000000    20000000    00000800   00000000    rw- .sysmem
  20000800    20000800    00000214   00000000    rw- .data
  20000a14    20000a14    000001c8   00000000    rw- .bss
2000fe00    2000fe00    00000200   00000000    rw-
  2000fe00    2000fe00    00000200   00000000    rw- .stack


SECTION ALLOCATION MAP

 output                                  attributes/
section   page    origin      length       input sections
--------  ----  ----------  ----------   ----------------
.intvecs   0    00000000    00000140     
                  00000000    00000140     startup_msp432p401r_ccs.obj (.intvecs:retain)

.text      0    00000140    00003098     
                  00000140    00000a5e     rtsv7M4_T_le_v4SPD16_eabi.lib : _printfi.c.obj (.text:__TI_printfi)
                  00000b9e    00000002                                   : _lock.c.obj (.text:_nop)
                  00000ba0    000003a8     main.obj (.text)
                  00000f48    00000328     system_msp432p401r.obj (.text)
                  00001270    00000270     rtsv7M4_T_le_v4SPD16_eabi.lib : _printfi.c.obj (.text:_pconv_a)
                  000014e0    000001d0                                   : _printfi.c.obj (.text:_pconv_g)
                  000016b0    000001b6                                   : fd_add_t2.asm.obj (.text)
                  00001866    00000002                                   : div0.asm.obj (.text)
                  00001868    0000013c                                   : _printfi.c.obj (.text:_pconv_e)
                  000019a4    00000136                                   : fd_div_t2.asm.obj (.text)
                  00001ada    00000002     --HOLE-- [fill = 0]
                  00001adc    00000120                                   : _printfi.c.obj (.text:fcvt)
                  00001bfc    00000114                                   : fputs.c.obj (.text:fputs)
                  00001d10    00000110                                   : s_scalbn.c.obj (.text:scalbn)
                  00001e20    000000fc                                   : fd_mul_t2.asm.obj (.text)
                  00001f1c    000000dc                                   : setvbuf.c.obj (.text:setvbuf)
                  00001ff8    000000d8                                   : memory.c.obj (.text:free)
                  000020d0    000000b1                                   : _printfi.c.obj (.text:_ltostr)
                  00002181    00000001     --HOLE-- [fill = 0]
                  00002182    0000009c                                   : memcpy_t2.asm.obj (.text)
                  0000221e    00000096                                   : ull_div_t2.asm.obj (.text)
                  000022b4    0000008c                                   : fputc.c.obj (.text:fputc)
                  00002340    00000086                                   : fd_cmp_t2.asm.obj (.text:__aeabi_cdcmple)
                  000023c6    00000086                                   : fd_cmp_t2.asm.obj (.text:__aeabi_cdrcmple)
                  0000244c    0000007c     COMMONCLOCKS.obj (.text)
                  000024c8    0000007a     rtsv7M4_T_le_v4SPD16_eabi.lib : memset_t2.asm.obj (.text)
                  00002542    00000002     --HOLE-- [fill = 0]
                  00002544    00000078                                   : memory.c.obj (.text:malloc)
                  000025bc    00000074                                   : fclose.c.obj (.text:__TI_closefile)
                  00002630    0000006e                                   : _printfi.c.obj (.text:_mcpy)
                  0000269e    00000002     --HOLE-- [fill = 0]
                  000026a0    00000068                                   : hostlseek.c.obj (.text:HOSTlseek)
                  00002708    00000068                                   : hostrename.c.obj (.text:HOSTrename)
                  00002770    00000068                                   : copy_decompress_lzss.c.obj (.text:decompress:lzss:__TI_decompress_lzss)
                  000027d8    00000068                                   : printf.c.obj (.text:printf)
                  00002840    00000064                                   : s_frexp.c.obj (.text:frexp)
                  000028a4    00000064                                   : fseek.c.obj (.text:fseek)
                  00002908    00000062                                   : _io_perm.c.obj (.text:__TI_wrt_ok)
                  0000296a    00000002     --HOLE-- [fill = 0]
                  0000296c    00000060                                   : hostopen.c.obj (.text:HOSTopen)
                  000029cc    0000005c                                   : close.c.obj (.text:close)
                  00002a28    00000058                                   : hostread.c.obj (.text:HOSTread)
                  00002a80    00000058                                   : hostwrite.c.obj (.text:HOSTwrite)
                  00002ad8    00000056                                   : _printfi.c.obj (.text:_pconv_f)
                  00002b2e    00000054                                   : ltoa.c.obj (.text:ltoa)
                  00002b82    00000052                                   : _printfi.c.obj (.text:_ecpy)
                  00002bd4    0000004c                                   : fflush.c.obj (.text:__TI_doflush)
                  00002c20    0000004c                                   : atoi.c.obj (.text:atoi)
                  00002c6c    00000048                                   : exit.c.obj (.text:exit)
                  00002cb4    00000048                                   : fd_toi_t2.asm.obj (.text)
                  00002cfc    00000044                                   : hostclose.c.obj (.text:HOSTclose)
                  00002d40    00000044                                   : hostunlink.c.obj (.text:HOSTunlink)
                  00002d84    00000044                                   : autoinit.c.obj (.text:__TI_auto_init_nobinit_nopinit:__TI_auto_init_nobinit_nopinit)
                  00002dc8    00000044                                   : getdevice.c.obj (.text:getdevice)
                  00002e0c    0000003e                                   : _printfi.c.obj (.text:_fcpy)
                  00002e4a    00000002     --HOLE-- [fill = 0]
                  00002e4c    0000003c                                   : memory.c.obj (.text:minsert)
                  00002e88    00000038                                   : trgmsg.c.obj (.text:__TI_writemsg)
                  00002ec0    00000038                                   : boot_cortex_m.c.obj (.text:_c_int00_noargs:_c_int00_noargs)
                  00002ef8    00000038                                   : memory.c.obj (.text:minit)
                  00002f30    00000036                                   : strncpy.c.obj (.text:strncpy)
                  00002f66    00000002     --HOLE-- [fill = 0]
                  00002f68    00000034                                   : fopen.c.obj (.text:__TI_cleanup)
                  00002f9c    00000034                                   : trgmsg.c.obj (.text:__TI_readmsg)
                  00002fd0    00000030                                   : getdevice.c.obj (.text:finddevice)
                  00003000    0000002e                                   : i_tofd_t2.asm.obj (.text)
                  0000302e    00000002     --HOLE-- [fill = 0]
                  00003030    0000002c                                   : unlink.c.obj (.text:unlink)
                  0000305c    00000028                                   : lseek.c.obj (.text:lseek)
                  00003084    00000028                                   : memory.c.obj (.text:mremove)
                  000030ac    00000028                                   : write.c.obj (.text:write)
                  000030d4    00000020                                   : memchr.c.obj (.text:memchr)
                  000030f4    0000001c                                   : memccpy.c.obj (.text:memccpy)
                  00003110    00000018                                   : strcmp.c.obj (.text:strcmp)
                  00003128    00000016                                   : strchr.c.obj (.text:strchr)
                  0000313e    00000014                                   : s_copysign.c.obj (.text:copysign)
                  00003152    00000014                                   : strcpy.c.obj (.text:strcpy)
                  00003166    00000014                                   : strlen.c.obj (.text:strlen)
                  0000317a    00000012                                   : copy_zero_init.c.obj (.text:decompress:ZI:__TI_zero_init_nomemset:__TI_zero_init_nomemset)
                  0000318c    00000012     startup_msp432p401r_ccs.obj (.text)
                  0000319e    00000012     rtsv7M4_T_le_v4SPD16_eabi.lib : wcslen.c.obj (.text:wcslen)
                  000031b0    0000000e                                   : copy_decompress_none.c.obj (.text:decompress:none:__TI_decompress_none)
                  000031be    00000002     --HOLE-- [fill = 0]
                  000031c0    00000008                                   : errno.c.obj (.text:__aeabi_errno_addr)
                  000031c8    00000004                                   : printf.c.obj (.text:_outc)
                  000031cc    00000004                                   : printf.c.obj (.text:_outs)
                  000031d0    00000004                                   : pre_init.c.obj (.text:_system_pre_init)
                  000031d4    00000004                                   : exit.c.obj (.text:abort:abort)

.const     0    000031d8    00000101     
                  000031d8    00000101     rtsv7M4_T_le_v4SPD16_eabi.lib : ctype.c.obj (.const:.string:_ctypes_)

.cinit     0    000032e0    000000a0     
                  000032e0    0000007b     (.cinit..data.load) [load image, compression = lzss]
                  0000335b    00000001     --HOLE-- [fill = 0]
                  0000335c    0000000c     (__TI_handler_table)
                  00003368    00000008     (.cinit..bss.load) [load image, compression = zero_init]
                  00003370    00000010     (__TI_cinit_table)

.init_array 
*          0    00000000    00000000     UNINITIALIZED

.sysmem    0    20000000    00000800     UNINITIALIZED
                  20000000    00000008     rtsv7M4_T_le_v4SPD16_eabi.lib : memory.c.obj (.sysmem)
                  20000008    000007f8     --HOLE--

.data      0    20000800    00000214     UNINITIALIZED
                  20000800    000000f0     rtsv7M4_T_le_v4SPD16_eabi.lib : defs.c.obj (.data:_ftable)
                  200008f0    00000078                                   : write.c.obj (.data:_device)
                  20000968    00000050                                   : write.c.obj (.data:_stream)
                  200009b8    00000024     main.obj (.data)
                  200009dc    00000010     rtsv7M4_T_le_v4SPD16_eabi.lib : defs.c.obj (.data)
                  200009ec    0000000c                                   : exit.c.obj (.data:$O1$$)
                  200009f8    0000000c                                   : memory.c.obj (.data:$O1$$)
                  20000a04    00000008                                   : _lock.c.obj (.data:$O1$$)
                  20000a0c    00000004                                   : errno.c.obj (.data)
                  20000a10    00000004     system_msp432p401r.obj (.data)

.bss       0    20000a14    000001c8     UNINITIALIZED
                  20000a14    00000120     rtsv7M4_T_le_v4SPD16_eabi.lib : trgmsg.c.obj (.bss:_CIOBUF_)
                  20000b34    000000a0     (.common:__TI_tmpnams)
                  20000bd4    00000008     (.common:parmbuf)

.stack     0    2000fe00    00000200     UNINITIALIZED
                  2000fe00    00000004     rtsv7M4_T_le_v4SPD16_eabi.lib : boot_cortex_m.c.obj (.stack)
                  2000fe04    000001fc     --HOLE--

MODULE SUMMARY

       Module                        code    ro data   rw data
       ------                        ----    -------   -------
    .\
       main.obj                      936     0         36     
       system_msp432p401r.obj        808     0         4      
       startup_msp432p401r_ccs.obj   18      320       0      
       COMMONCLOCKS.obj              124     0         0      
    +--+-----------------------------+-------+---------+---------+
       Total:                        1886    320       40     
                                                              
    C:\ti\ccsv8\tools\compiler\ti-cgt-arm_18.1.3.LTS\lib\rtsv7M4_T_le_v4SPD16_eabi.lib
       _printfi.c.obj                4863    0         0      
       memory.c.obj                  492     0         12     
       fd_add_t2.asm.obj             438     0         0      
       defs.c.obj                    0       0         416    
       trgmsg.c.obj                  108     0         288    
       fd_div_t2.asm.obj             310     0         0      
       fputs.c.obj                   276     0         0      
       s_scalbn.c.obj                272     0         0      
       fd_cmp_t2.asm.obj             268     0         0      
       ctype.c.obj                   0       257       0      
       fd_mul_t2.asm.obj             252     0         0      
       write.c.obj                   40      0         200    
       setvbuf.c.obj                 220     0         0      
       memcpy_t2.asm.obj             156     0         0      
       ull_div_t2.asm.obj            150     0         0      
       fputc.c.obj                   140     0         0      
       memset_t2.asm.obj             122     0         0      
       fclose.c.obj                  116     0         0      
       getdevice.c.obj               116     0         0      
       printf.c.obj                  112     0         0      
       copy_decompress_lzss.c.obj    104     0         0      
       hostlseek.c.obj               104     0         0      
       hostopen.c.obj                96      0         8      
       hostrename.c.obj              104     0         0      
       fseek.c.obj                   100     0         0      
       s_frexp.c.obj                 100     0         0      
       _io_perm.c.obj                98      0         0      
       close.c.obj                   92      0         0      
       exit.c.obj                    76      0         12     
       hostread.c.obj                88      0         0      
       hostwrite.c.obj               88      0         0      
       ltoa.c.obj                    84      0         0      
       atoi.c.obj                    76      0         0      
       fflush.c.obj                  76      0         0      
       fd_toi_t2.asm.obj             72      0         0      
       autoinit.c.obj                68      0         0      
       hostclose.c.obj               68      0         0      
       hostunlink.c.obj              68      0         0      
       boot_cortex_m.c.obj           56      0         0      
       strncpy.c.obj                 54      0         0      
       fopen.c.obj                   52      0         0      
       i_tofd_t2.asm.obj             46      0         0      
       unlink.c.obj                  44      0         0      
       lseek.c.obj                   40      0         0      
       memchr.c.obj                  32      0         0      
       memccpy.c.obj                 28      0         0      
       strcmp.c.obj                  24      0         0      
       strchr.c.obj                  22      0         0      
       s_copysign.c.obj              20      0         0      
       strcpy.c.obj                  20      0         0      
       strlen.c.obj                  20      0         0      
       copy_zero_init.c.obj          18      0         0      
       wcslen.c.obj                  18      0         0      
       copy_decompress_none.c.obj    14      0         0      
       errno.c.obj                   8       0         4      
       _lock.c.obj                   2       0         8      
       pre_init.c.obj                4       0         0      
       div0.asm.obj                  2       0         0      
    +--+-----------------------------+-------+---------+---------+
       Total:                        10537   257       948    
                                                              
       Heap:                         0       0         2048   
       Stack:                        0       0         512    
       Linker Generated:             0       159       0      
    +--+-----------------------------+-------+---------+---------+
       Grand Total:                  12423   736       3548   


LINKER GENERATED COPY TABLES

__TI_cinit_table @ 00003370 records: 2, size/record: 8, table size: 16
	.data: load addr=000032e0, load size=0000007b bytes, run addr=20000800, run size=00000214 bytes, compression=lzss
	.bss: load addr=00003368, load size=00000008 bytes, run addr=20000a14, run size=000001c8 bytes, compression=zero_init


LINKER GENERATED HANDLER TABLE

__TI_handler_table @ 0000335c records: 3, size/record: 4, table size: 12
	index: 0, handler: __TI_decompress_lzss
	index: 1, handler: __TI_decompress_none
	index: 2, handler: __TI_zero_init


GLOBAL SYMBOLS: SORTED ALPHABETICALLY BY Name 

address   name                            
-------   ----                            
000031d5  C$$EXIT                         
00002eb7  C$$IO$$                         
0000244d  COMMONCLOCKS_sysTick_Init       
00002469  COMMONCLOCKS_sysTick_delay_3MHZ 
00002493  COMMONCLOCKS_sysTick_delay_48MHZ
00000e91  DebounceSwitch1                 
00000ecd  DebounceSwitch2                 
00002cfd  HOSTclose                       
000026a1  HOSTlseek                       
0000296d  HOSTopen                        
00002a29  HOSTread                        
00002709  HOSTrename                      
00002d41  HOSTunlink                      
00002a81  HOSTwrite                       
00000e7d  PORT4_IRQHandler                
00000e69  PORT6_IRQHandler                
20000a10  SystemCoreClock                 
00000f49  SystemCoreClockUpdate           
000011bd  SystemInit                      
4000480c  WDTCTL_SYM                      
20000a14  __CIOBUF_                       
20010000  __STACK_END                     
00000200  __STACK_SIZE                    
00000800  __SYSMEM_SIZE                   
00003370  __TI_CINIT_Base                 
00003380  __TI_CINIT_Limit                
0000335c  __TI_Handler_Table_Base         
00003368  __TI_Handler_Table_Limit        
00002d85  __TI_auto_init_nobinit_nopinit  
00002f69  __TI_cleanup                    
200009ec  __TI_cleanup_ptr                
000025bd  __TI_closefile                  
00002771  __TI_decompress_lzss            
000031b1  __TI_decompress_none            
00002bd5  __TI_doflush                    
200009f0  __TI_dtors_ptr                  
200009f4  __TI_enable_exit_profile_output 
200009dc  __TI_ft_end                     
ffffffff  __TI_pprof_out_hndl             
00000141  __TI_printfi                    
ffffffff  __TI_prof_data_size             
ffffffff  __TI_prof_data_start            
00002f9d  __TI_readmsg                    
00000000  __TI_static_base__              
20000b34  __TI_tmpnams                    
00002e89  __TI_writemsg                   
00002909  __TI_wrt_ok                     
0000317b  __TI_zero_init_nomemset         
00002341  __aeabi_cdcmpeq                 
00002341  __aeabi_cdcmple                 
000023c7  __aeabi_cdrcmple                
00002cb5  __aeabi_d2iz                    
000016bb  __aeabi_dadd                    
000019a5  __aeabi_ddiv                    
00001e21  __aeabi_dmul                    
000016b1  __aeabi_dsub                    
000031c1  __aeabi_errno_addr              
00003001  __aeabi_i2d                     
00001867  __aeabi_idiv0                   
00001867  __aeabi_ldiv0                   
000024c9  __aeabi_memclr                  
000024c9  __aeabi_memclr4                 
000024c9  __aeabi_memclr8                 
00002183  __aeabi_memcpy                  
00002183  __aeabi_memcpy4                 
00002183  __aeabi_memcpy8                 
000024cb  __aeabi_memset                  
000024cb  __aeabi_memset4                 
000024cb  __aeabi_memset8                 
200009e8  __aeabi_stderr                  
200009e0  __aeabi_stdin                   
200009e4  __aeabi_stdout                  
0000221f  __aeabi_uldivmod                
ffffffff  __binit__                       
ffffffff  __c_args__                      
UNDEFED   __mpu_init                      
2000fe00  __stack                         
00002ec1  _c_int00_noargs                 
000031d8  _ctypes_                        
200008f0  _device                         
20000800  _ftable                         
20000a04  _lock                           
00000b9f  _nop                            
20000968  _stream                         
20000000  _sys_memory                     
UNDEFED   _system_post_cinit              
000031d1  _system_pre_init                
20000a08  _unlock                         
000031d5  abort                           
00002c21  atoi                            
ffffffff  binit                           
000029cd  close                           
200009c4  colorState                      
0000313f  copysign                        
0000313f  copysignl                       
200009cc  count                           
200009bc  debounceFlag                    
200009c0  debounceFlag2                   
00000c0b  driveMotor                      
20000a0c  errno                           
00002c6d  exit                            
00002fd1  finddevice                      
000022b5  fputc                           
00001bfd  fputs                           
00001ff9  free                            
00002841  frexp                           
00002841  frexpl                          
000028a5  fseek                           
00002dc9  getdevice                       
200009d0  interruptButton1Status          
200009d4  interruptButton2Status          
00000000  interruptVectors                
00000dc5  interrupt_Init                  
00001d11  ldexp                           
00001d11  ldexpl                          
0000305d  lseek                           
00002b2f  ltoa                            
00000ba1  main                            
00002545  malloc                          
000030f5  memccpy                         
000030d5  memchr                          
00002183  memcpy                          
000024d1  memset                          
00002ef9  minit                           
200009c8  msDelay                         
20000bd4  parmbuf                         
00000d51  port_Init                       
000027d9  printf                          
000022b5  putc                            
00003031  remove                          
00001d11  scalbn                          
00001d11  scalbnl                         
00001f1d  setvbuf                         
00003129  strchr                          
00003111  strcmp                          
00003153  strcpy                          
00003167  strlen                          
00002f31  strncpy                         
200009b8  sysTikToggleSpeed               
00003031  unlink                          
0000319f  wcslen                          
000030ad  write                           


GLOBAL SYMBOLS: SORTED BY Symbol Address 

address   name                            
-------   ----                            
00000000  __TI_static_base__              
00000000  interruptVectors                
00000141  __TI_printfi                    
00000200  __STACK_SIZE                    
00000800  __SYSMEM_SIZE                   
00000b9f  _nop                            
00000ba1  main                            
00000c0b  driveMotor                      
00000d51  port_Init                       
00000dc5  interrupt_Init                  
00000e69  PORT6_IRQHandler                
00000e7d  PORT4_IRQHandler                
00000e91  DebounceSwitch1                 
00000ecd  DebounceSwitch2                 
00000f49  SystemCoreClockUpdate           
000011bd  SystemInit                      
000016b1  __aeabi_dsub                    
000016bb  __aeabi_dadd                    
00001867  __aeabi_idiv0                   
00001867  __aeabi_ldiv0                   
000019a5  __aeabi_ddiv                    
00001bfd  fputs                           
00001d11  ldexp                           
00001d11  ldexpl                          
00001d11  scalbn                          
00001d11  scalbnl                         
00001e21  __aeabi_dmul                    
00001f1d  setvbuf                         
00001ff9  free                            
00002183  __aeabi_memcpy                  
00002183  __aeabi_memcpy4                 
00002183  __aeabi_memcpy8                 
00002183  memcpy                          
0000221f  __aeabi_uldivmod                
000022b5  fputc                           
000022b5  putc                            
00002341  __aeabi_cdcmpeq                 
00002341  __aeabi_cdcmple                 
000023c7  __aeabi_cdrcmple                
0000244d  COMMONCLOCKS_sysTick_Init       
00002469  COMMONCLOCKS_sysTick_delay_3MHZ 
00002493  COMMONCLOCKS_sysTick_delay_48MHZ
000024c9  __aeabi_memclr                  
000024c9  __aeabi_memclr4                 
000024c9  __aeabi_memclr8                 
000024cb  __aeabi_memset                  
000024cb  __aeabi_memset4                 
000024cb  __aeabi_memset8                 
000024d1  memset                          
00002545  malloc                          
000025bd  __TI_closefile                  
000026a1  HOSTlseek                       
00002709  HOSTrename                      
00002771  __TI_decompress_lzss            
000027d9  printf                          
00002841  frexp                           
00002841  frexpl                          
000028a5  fseek                           
00002909  __TI_wrt_ok                     
0000296d  HOSTopen                        
000029cd  close                           
00002a29  HOSTread                        
00002a81  HOSTwrite                       
00002b2f  ltoa                            
00002bd5  __TI_doflush                    
00002c21  atoi                            
00002c6d  exit                            
00002cb5  __aeabi_d2iz                    
00002cfd  HOSTclose                       
00002d41  HOSTunlink                      
00002d85  __TI_auto_init_nobinit_nopinit  
00002dc9  getdevice                       
00002e89  __TI_writemsg                   
00002eb7  C$$IO$$                         
00002ec1  _c_int00_noargs                 
00002ef9  minit                           
00002f31  strncpy                         
00002f69  __TI_cleanup                    
00002f9d  __TI_readmsg                    
00002fd1  finddevice                      
00003001  __aeabi_i2d                     
00003031  remove                          
00003031  unlink                          
0000305d  lseek                           
000030ad  write                           
000030d5  memchr                          
000030f5  memccpy                         
00003111  strcmp                          
00003129  strchr                          
0000313f  copysign                        
0000313f  copysignl                       
00003153  strcpy                          
00003167  strlen                          
0000317b  __TI_zero_init_nomemset         
0000319f  wcslen                          
000031b1  __TI_decompress_none            
000031c1  __aeabi_errno_addr              
000031d1  _system_pre_init                
000031d5  C$$EXIT                         
000031d5  abort                           
000031d8  _ctypes_                        
0000335c  __TI_Handler_Table_Base         
00003368  __TI_Handler_Table_Limit        
00003370  __TI_CINIT_Base                 
00003380  __TI_CINIT_Limit                
20000000  _sys_memory                     
20000800  _ftable                         
200008f0  _device                         
20000968  _stream                         
200009b8  sysTikToggleSpeed               
200009bc  debounceFlag                    
200009c0  debounceFlag2                   
200009c4  colorState                      
200009c8  msDelay                         
200009cc  count                           
200009d0  interruptButton1Status          
200009d4  interruptButton2Status          
200009dc  __TI_ft_end                     
200009e0  __aeabi_stdin                   
200009e4  __aeabi_stdout                  
200009e8  __aeabi_stderr                  
200009ec  __TI_cleanup_ptr                
200009f0  __TI_dtors_ptr                  
200009f4  __TI_enable_exit_profile_output 
20000a04  _lock                           
20000a08  _unlock                         
20000a0c  errno                           
20000a10  SystemCoreClock                 
20000a14  __CIOBUF_                       
20000b34  __TI_tmpnams                    
20000bd4  parmbuf                         
2000fe00  __stack                         
20010000  __STACK_END                     
4000480c  WDTCTL_SYM                      
ffffffff  __TI_pprof_out_hndl             
ffffffff  __TI_prof_data_size             
ffffffff  __TI_prof_data_start            
ffffffff  __binit__                       
ffffffff  __c_args__                      
ffffffff  binit                           
UNDEFED   __mpu_init                      
UNDEFED   _system_post_cinit              

[142 symbols]
