<?xml version="1.0" encoding="ISO-8859-1" ?>
<link_info>
   <banner>TI ARM Linker PC v18.1.3.LTS</banner>
   <copyright>Copyright (c) 1996-2017 Texas Instruments Incorporated</copyright>
   <link_time>0x5be28ed3</link_time>
   <link_errors>0x0</link_errors>
   <output_file>EGR326_Final_Project.out</output_file>
   <entry_point>
      <name>_c_int00_noargs</name>
      <address>0x49a1</address>
   </entry_point>
   <input_file_list>
      <input_file id="fl-2">
         <path>.\</path>
         <kind>object</kind>
         <file>COMMONCLOCKS.obj</file>
         <name>COMMONCLOCKS.obj</name>
      </input_file>
      <input_file id="fl-3">
         <path>.\</path>
         <kind>object</kind>
         <file>KEYPAD.obj</file>
         <name>KEYPAD.obj</name>
      </input_file>
      <input_file id="fl-4">
         <path>.\</path>
         <kind>object</kind>
         <file>ST7735.obj</file>
         <name>ST7735.obj</name>
      </input_file>
      <input_file id="fl-5">
         <path>.\</path>
         <kind>object</kind>
         <file>main.obj</file>
         <name>main.obj</name>
      </input_file>
      <input_file id="fl-6">
         <path>.\</path>
         <kind>object</kind>
         <file>startup_msp432p401r_ccs.obj</file>
         <name>startup_msp432p401r_ccs.obj</name>
      </input_file>
      <input_file id="fl-7">
         <path>.\</path>
         <kind>object</kind>
         <file>system_msp432p401r.obj</file>
         <name>system_msp432p401r.obj</name>
      </input_file>
      <input_file id="fl-c">
         <kind>object</kind>
         <file>&lt;internal&gt;</file>
         <name>&lt;internal&gt;</name>
      </input_file>
      <input_file id="fl-d">
         <path>C:\ti\msp\MSP432Ware_3_50_00_02\driverlib\driverlib\MSP432P4xx\ccs\</path>
         <kind>archive</kind>
         <file>msp432p4xx_driverlib.lib</file>
         <name>cs.o</name>
      </input_file>
      <input_file id="fl-e">
         <path>C:\ti\msp\MSP432Ware_3_50_00_02\driverlib\driverlib\MSP432P4xx\ccs\</path>
         <kind>archive</kind>
         <file>msp432p4xx_driverlib.lib</file>
         <name>interrupt.o</name>
      </input_file>
      <input_file id="fl-f">
         <path>C:\ti\msp\MSP432Ware_3_50_00_02\driverlib\driverlib\MSP432P4xx\ccs\</path>
         <kind>archive</kind>
         <file>msp432p4xx_driverlib.lib</file>
         <name>sysctl.o</name>
      </input_file>
      <input_file id="fl-10">
         <path>C:\ti\msp\MSP432Ware_3_50_00_02\driverlib\driverlib\MSP432P4xx\ccs\</path>
         <kind>archive</kind>
         <file>msp432p4xx_driverlib.lib</file>
         <name>cpu.o</name>
      </input_file>
      <input_file id="fl-c6">
         <path>C:\ti\ccsv8\tools\compiler\ti-cgt-arm_18.1.3.LTS\lib\</path>
         <kind>archive</kind>
         <file>rtsv7M4_T_le_v4SPD16_eabi.lib</file>
         <name>copy_zero_init.c.obj</name>
      </input_file>
      <input_file id="fl-c7">
         <path>C:\ti\ccsv8\tools\compiler\ti-cgt-arm_18.1.3.LTS\lib\</path>
         <kind>archive</kind>
         <file>rtsv7M4_T_le_v4SPD16_eabi.lib</file>
         <name>copy_decompress_none.c.obj</name>
      </input_file>
      <input_file id="fl-c8">
         <path>C:\ti\ccsv8\tools\compiler\ti-cgt-arm_18.1.3.LTS\lib\</path>
         <kind>archive</kind>
         <file>rtsv7M4_T_le_v4SPD16_eabi.lib</file>
         <name>copy_decompress_lzss.c.obj</name>
      </input_file>
      <input_file id="fl-c9">
         <path>C:\ti\ccsv8\tools\compiler\ti-cgt-arm_18.1.3.LTS\lib\</path>
         <kind>archive</kind>
         <file>rtsv7M4_T_le_v4SPD16_eabi.lib</file>
         <name>defs.c.obj</name>
      </input_file>
      <input_file id="fl-ca">
         <path>C:\ti\ccsv8\tools\compiler\ti-cgt-arm_18.1.3.LTS\lib\</path>
         <kind>archive</kind>
         <file>rtsv7M4_T_le_v4SPD16_eabi.lib</file>
         <name>fflush.c.obj</name>
      </input_file>
      <input_file id="fl-cb">
         <path>C:\ti\ccsv8\tools\compiler\ti-cgt-arm_18.1.3.LTS\lib\</path>
         <kind>archive</kind>
         <file>rtsv7M4_T_le_v4SPD16_eabi.lib</file>
         <name>printf.c.obj</name>
      </input_file>
      <input_file id="fl-cc">
         <path>C:\ti\ccsv8\tools\compiler\ti-cgt-arm_18.1.3.LTS\lib\</path>
         <kind>archive</kind>
         <file>rtsv7M4_T_le_v4SPD16_eabi.lib</file>
         <name>sprintf.c.obj</name>
      </input_file>
      <input_file id="fl-cd">
         <path>C:\ti\ccsv8\tools\compiler\ti-cgt-arm_18.1.3.LTS\lib\</path>
         <kind>archive</kind>
         <file>rtsv7M4_T_le_v4SPD16_eabi.lib</file>
         <name>write.c.obj</name>
      </input_file>
      <input_file id="fl-ce">
         <path>C:\ti\ccsv8\tools\compiler\ti-cgt-arm_18.1.3.LTS\lib\</path>
         <kind>archive</kind>
         <file>rtsv7M4_T_le_v4SPD16_eabi.lib</file>
         <name>boot_cortex_m.c.obj</name>
      </input_file>
      <input_file id="fl-cf">
         <path>C:\ti\ccsv8\tools\compiler\ti-cgt-arm_18.1.3.LTS\lib\</path>
         <kind>archive</kind>
         <file>rtsv7M4_T_le_v4SPD16_eabi.lib</file>
         <name>memset_t2.asm.obj</name>
      </input_file>
      <input_file id="fl-d0">
         <path>C:\ti\ccsv8\tools\compiler\ti-cgt-arm_18.1.3.LTS\lib\</path>
         <kind>archive</kind>
         <file>rtsv7M4_T_le_v4SPD16_eabi.lib</file>
         <name>memcpy_t2.asm.obj</name>
      </input_file>
      <input_file id="fl-d1">
         <path>C:\ti\ccsv8\tools\compiler\ti-cgt-arm_18.1.3.LTS\lib\</path>
         <kind>archive</kind>
         <file>rtsv7M4_T_le_v4SPD16_eabi.lib</file>
         <name>autoinit.c.obj</name>
      </input_file>
      <input_file id="fl-d2">
         <path>C:\ti\ccsv8\tools\compiler\ti-cgt-arm_18.1.3.LTS\lib\</path>
         <kind>archive</kind>
         <file>rtsv7M4_T_le_v4SPD16_eabi.lib</file>
         <name>pre_init.c.obj</name>
      </input_file>
      <input_file id="fl-d3">
         <path>C:\ti\ccsv8\tools\compiler\ti-cgt-arm_18.1.3.LTS\lib\</path>
         <kind>archive</kind>
         <file>rtsv7M4_T_le_v4SPD16_eabi.lib</file>
         <name>cpy_tbl.c.obj</name>
      </input_file>
      <input_file id="fl-d4">
         <path>C:\ti\ccsv8\tools\compiler\ti-cgt-arm_18.1.3.LTS\lib\</path>
         <kind>archive</kind>
         <file>rtsv7M4_T_le_v4SPD16_eabi.lib</file>
         <name>exit.c.obj</name>
      </input_file>
      <input_file id="fl-d5">
         <path>C:\ti\ccsv8\tools\compiler\ti-cgt-arm_18.1.3.LTS\lib\</path>
         <kind>archive</kind>
         <file>rtsv7M4_T_le_v4SPD16_eabi.lib</file>
         <name>_lock.c.obj</name>
      </input_file>
      <input_file id="fl-d6">
         <path>C:\ti\ccsv8\tools\compiler\ti-cgt-arm_18.1.3.LTS\lib\</path>
         <kind>archive</kind>
         <file>rtsv7M4_T_le_v4SPD16_eabi.lib</file>
         <name>_printfi.c.obj</name>
      </input_file>
      <input_file id="fl-d7">
         <path>C:\ti\ccsv8\tools\compiler\ti-cgt-arm_18.1.3.LTS\lib\</path>
         <kind>archive</kind>
         <file>rtsv7M4_T_le_v4SPD16_eabi.lib</file>
         <name>args_main.c.obj</name>
      </input_file>
      <input_file id="fl-d8">
         <path>C:\ti\ccsv8\tools\compiler\ti-cgt-arm_18.1.3.LTS\lib\</path>
         <kind>archive</kind>
         <file>rtsv7M4_T_le_v4SPD16_eabi.lib</file>
         <name>atoi.c.obj</name>
      </input_file>
      <input_file id="fl-d9">
         <path>C:\ti\ccsv8\tools\compiler\ti-cgt-arm_18.1.3.LTS\lib\</path>
         <kind>archive</kind>
         <file>rtsv7M4_T_le_v4SPD16_eabi.lib</file>
         <name>ctype.c.obj</name>
      </input_file>
      <input_file id="fl-da">
         <path>C:\ti\ccsv8\tools\compiler\ti-cgt-arm_18.1.3.LTS\lib\</path>
         <kind>archive</kind>
         <file>rtsv7M4_T_le_v4SPD16_eabi.lib</file>
         <name>fputs.c.obj</name>
      </input_file>
      <input_file id="fl-db">
         <path>C:\ti\ccsv8\tools\compiler\ti-cgt-arm_18.1.3.LTS\lib\</path>
         <kind>archive</kind>
         <file>rtsv7M4_T_le_v4SPD16_eabi.lib</file>
         <name>ltoa.c.obj</name>
      </input_file>
      <input_file id="fl-dc">
         <path>C:\ti\ccsv8\tools\compiler\ti-cgt-arm_18.1.3.LTS\lib\</path>
         <kind>archive</kind>
         <file>rtsv7M4_T_le_v4SPD16_eabi.lib</file>
         <name>memccpy.c.obj</name>
      </input_file>
      <input_file id="fl-dd">
         <path>C:\ti\ccsv8\tools\compiler\ti-cgt-arm_18.1.3.LTS\lib\</path>
         <kind>archive</kind>
         <file>rtsv7M4_T_le_v4SPD16_eabi.lib</file>
         <name>memchr.c.obj</name>
      </input_file>
      <input_file id="fl-de">
         <path>C:\ti\ccsv8\tools\compiler\ti-cgt-arm_18.1.3.LTS\lib\</path>
         <kind>archive</kind>
         <file>rtsv7M4_T_le_v4SPD16_eabi.lib</file>
         <name>strchr.c.obj</name>
      </input_file>
      <input_file id="fl-df">
         <path>C:\ti\ccsv8\tools\compiler\ti-cgt-arm_18.1.3.LTS\lib\</path>
         <kind>archive</kind>
         <file>rtsv7M4_T_le_v4SPD16_eabi.lib</file>
         <name>strlen.c.obj</name>
      </input_file>
      <input_file id="fl-e0">
         <path>C:\ti\ccsv8\tools\compiler\ti-cgt-arm_18.1.3.LTS\lib\</path>
         <kind>archive</kind>
         <file>rtsv7M4_T_le_v4SPD16_eabi.lib</file>
         <name>hostclose.c.obj</name>
      </input_file>
      <input_file id="fl-e1">
         <path>C:\ti\ccsv8\tools\compiler\ti-cgt-arm_18.1.3.LTS\lib\</path>
         <kind>archive</kind>
         <file>rtsv7M4_T_le_v4SPD16_eabi.lib</file>
         <name>hostlseek.c.obj</name>
      </input_file>
      <input_file id="fl-e2">
         <path>C:\ti\ccsv8\tools\compiler\ti-cgt-arm_18.1.3.LTS\lib\</path>
         <kind>archive</kind>
         <file>rtsv7M4_T_le_v4SPD16_eabi.lib</file>
         <name>hostopen.c.obj</name>
      </input_file>
      <input_file id="fl-e3">
         <path>C:\ti\ccsv8\tools\compiler\ti-cgt-arm_18.1.3.LTS\lib\</path>
         <kind>archive</kind>
         <file>rtsv7M4_T_le_v4SPD16_eabi.lib</file>
         <name>hostread.c.obj</name>
      </input_file>
      <input_file id="fl-e4">
         <path>C:\ti\ccsv8\tools\compiler\ti-cgt-arm_18.1.3.LTS\lib\</path>
         <kind>archive</kind>
         <file>rtsv7M4_T_le_v4SPD16_eabi.lib</file>
         <name>hostrename.c.obj</name>
      </input_file>
      <input_file id="fl-e5">
         <path>C:\ti\ccsv8\tools\compiler\ti-cgt-arm_18.1.3.LTS\lib\</path>
         <kind>archive</kind>
         <file>rtsv7M4_T_le_v4SPD16_eabi.lib</file>
         <name>hostunlink.c.obj</name>
      </input_file>
      <input_file id="fl-e6">
         <path>C:\ti\ccsv8\tools\compiler\ti-cgt-arm_18.1.3.LTS\lib\</path>
         <kind>archive</kind>
         <file>rtsv7M4_T_le_v4SPD16_eabi.lib</file>
         <name>hostwrite.c.obj</name>
      </input_file>
      <input_file id="fl-e7">
         <path>C:\ti\ccsv8\tools\compiler\ti-cgt-arm_18.1.3.LTS\lib\</path>
         <kind>archive</kind>
         <file>rtsv7M4_T_le_v4SPD16_eabi.lib</file>
         <name>trgmsg.c.obj</name>
      </input_file>
      <input_file id="fl-e8">
         <path>C:\ti\ccsv8\tools\compiler\ti-cgt-arm_18.1.3.LTS\lib\</path>
         <kind>archive</kind>
         <file>rtsv7M4_T_le_v4SPD16_eabi.lib</file>
         <name>errno.c.obj</name>
      </input_file>
      <input_file id="fl-e9">
         <path>C:\ti\ccsv8\tools\compiler\ti-cgt-arm_18.1.3.LTS\lib\</path>
         <kind>archive</kind>
         <file>rtsv7M4_T_le_v4SPD16_eabi.lib</file>
         <name>s_frexp.c.obj</name>
      </input_file>
      <input_file id="fl-ea">
         <path>C:\ti\ccsv8\tools\compiler\ti-cgt-arm_18.1.3.LTS\lib\</path>
         <kind>archive</kind>
         <file>rtsv7M4_T_le_v4SPD16_eabi.lib</file>
         <name>s_scalbn.c.obj</name>
      </input_file>
      <input_file id="fl-eb">
         <path>C:\ti\ccsv8\tools\compiler\ti-cgt-arm_18.1.3.LTS\lib\</path>
         <kind>archive</kind>
         <file>rtsv7M4_T_le_v4SPD16_eabi.lib</file>
         <name>wcslen.c.obj</name>
      </input_file>
      <input_file id="fl-ec">
         <path>C:\ti\ccsv8\tools\compiler\ti-cgt-arm_18.1.3.LTS\lib\</path>
         <kind>archive</kind>
         <file>rtsv7M4_T_le_v4SPD16_eabi.lib</file>
         <name>s_copysign.c.obj</name>
      </input_file>
      <input_file id="fl-ed">
         <path>C:\ti\ccsv8\tools\compiler\ti-cgt-arm_18.1.3.LTS\lib\</path>
         <kind>archive</kind>
         <file>rtsv7M4_T_le_v4SPD16_eabi.lib</file>
         <name>ull_div_t2.asm.obj</name>
      </input_file>
      <input_file id="fl-ee">
         <path>C:\ti\ccsv8\tools\compiler\ti-cgt-arm_18.1.3.LTS\lib\</path>
         <kind>archive</kind>
         <file>rtsv7M4_T_le_v4SPD16_eabi.lib</file>
         <name>fd_add_t2.asm.obj</name>
      </input_file>
      <input_file id="fl-ef">
         <path>C:\ti\ccsv8\tools\compiler\ti-cgt-arm_18.1.3.LTS\lib\</path>
         <kind>archive</kind>
         <file>rtsv7M4_T_le_v4SPD16_eabi.lib</file>
         <name>fd_cmp_t2.asm.obj</name>
      </input_file>
      <input_file id="fl-f0">
         <path>C:\ti\ccsv8\tools\compiler\ti-cgt-arm_18.1.3.LTS\lib\</path>
         <kind>archive</kind>
         <file>rtsv7M4_T_le_v4SPD16_eabi.lib</file>
         <name>fd_div_t2.asm.obj</name>
      </input_file>
      <input_file id="fl-f1">
         <path>C:\ti\ccsv8\tools\compiler\ti-cgt-arm_18.1.3.LTS\lib\</path>
         <kind>archive</kind>
         <file>rtsv7M4_T_le_v4SPD16_eabi.lib</file>
         <name>fd_mul_t2.asm.obj</name>
      </input_file>
      <input_file id="fl-f2">
         <path>C:\ti\ccsv8\tools\compiler\ti-cgt-arm_18.1.3.LTS\lib\</path>
         <kind>archive</kind>
         <file>rtsv7M4_T_le_v4SPD16_eabi.lib</file>
         <name>fd_toi_t2.asm.obj</name>
      </input_file>
      <input_file id="fl-f3">
         <path>C:\ti\ccsv8\tools\compiler\ti-cgt-arm_18.1.3.LTS\lib\</path>
         <kind>archive</kind>
         <file>rtsv7M4_T_le_v4SPD16_eabi.lib</file>
         <name>i_tofd_t2.asm.obj</name>
      </input_file>
      <input_file id="fl-f4">
         <path>C:\ti\ccsv8\tools\compiler\ti-cgt-arm_18.1.3.LTS\lib\</path>
         <kind>archive</kind>
         <file>rtsv7M4_T_le_v4SPD16_eabi.lib</file>
         <name>_io_perm.c.obj</name>
      </input_file>
      <input_file id="fl-f5">
         <path>C:\ti\ccsv8\tools\compiler\ti-cgt-arm_18.1.3.LTS\lib\</path>
         <kind>archive</kind>
         <file>rtsv7M4_T_le_v4SPD16_eabi.lib</file>
         <name>fseek.c.obj</name>
      </input_file>
      <input_file id="fl-f6">
         <path>C:\ti\ccsv8\tools\compiler\ti-cgt-arm_18.1.3.LTS\lib\</path>
         <kind>archive</kind>
         <file>rtsv7M4_T_le_v4SPD16_eabi.lib</file>
         <name>lseek.c.obj</name>
      </input_file>
      <input_file id="fl-f7">
         <path>C:\ti\ccsv8\tools\compiler\ti-cgt-arm_18.1.3.LTS\lib\</path>
         <kind>archive</kind>
         <file>rtsv7M4_T_le_v4SPD16_eabi.lib</file>
         <name>setvbuf.c.obj</name>
      </input_file>
      <input_file id="fl-f8">
         <path>C:\ti\ccsv8\tools\compiler\ti-cgt-arm_18.1.3.LTS\lib\</path>
         <kind>archive</kind>
         <file>rtsv7M4_T_le_v4SPD16_eabi.lib</file>
         <name>strcpy.c.obj</name>
      </input_file>
      <input_file id="fl-f9">
         <path>C:\ti\ccsv8\tools\compiler\ti-cgt-arm_18.1.3.LTS\lib\</path>
         <kind>archive</kind>
         <file>rtsv7M4_T_le_v4SPD16_eabi.lib</file>
         <name>div0.asm.obj</name>
      </input_file>
      <input_file id="fl-fa">
         <path>C:\ti\ccsv8\tools\compiler\ti-cgt-arm_18.1.3.LTS\lib\</path>
         <kind>archive</kind>
         <file>rtsv7M4_T_le_v4SPD16_eabi.lib</file>
         <name>memory.c.obj</name>
      </input_file>
      <input_file id="fl-fb">
         <path>C:\ti\ccsv8\tools\compiler\ti-cgt-arm_18.1.3.LTS\lib\</path>
         <kind>archive</kind>
         <file>rtsv7M4_T_le_v4SPD16_eabi.lib</file>
         <name>fopen.c.obj</name>
      </input_file>
      <input_file id="fl-fc">
         <path>C:\ti\ccsv8\tools\compiler\ti-cgt-arm_18.1.3.LTS\lib\</path>
         <kind>archive</kind>
         <file>rtsv7M4_T_le_v4SPD16_eabi.lib</file>
         <name>open.c.obj</name>
      </input_file>
      <input_file id="fl-fd">
         <path>C:\ti\ccsv8\tools\compiler\ti-cgt-arm_18.1.3.LTS\lib\</path>
         <kind>archive</kind>
         <file>rtsv7M4_T_le_v4SPD16_eabi.lib</file>
         <name>fclose.c.obj</name>
      </input_file>
      <input_file id="fl-fe">
         <path>C:\ti\ccsv8\tools\compiler\ti-cgt-arm_18.1.3.LTS\lib\</path>
         <kind>archive</kind>
         <file>rtsv7M4_T_le_v4SPD16_eabi.lib</file>
         <name>getdevice.c.obj</name>
      </input_file>
      <input_file id="fl-ff">
         <path>C:\ti\ccsv8\tools\compiler\ti-cgt-arm_18.1.3.LTS\lib\</path>
         <kind>archive</kind>
         <file>rtsv7M4_T_le_v4SPD16_eabi.lib</file>
         <name>remove.c.obj</name>
      </input_file>
      <input_file id="fl-100">
         <path>C:\ti\ccsv8\tools\compiler\ti-cgt-arm_18.1.3.LTS\lib\</path>
         <kind>archive</kind>
         <file>rtsv7M4_T_le_v4SPD16_eabi.lib</file>
         <name>strcmp.c.obj</name>
      </input_file>
      <input_file id="fl-101">
         <path>C:\ti\ccsv8\tools\compiler\ti-cgt-arm_18.1.3.LTS\lib\</path>
         <kind>archive</kind>
         <file>rtsv7M4_T_le_v4SPD16_eabi.lib</file>
         <name>strncpy.c.obj</name>
      </input_file>
      <input_file id="fl-102">
         <path>C:\ti\ccsv8\tools\compiler\ti-cgt-arm_18.1.3.LTS\lib\</path>
         <kind>archive</kind>
         <file>rtsv7M4_T_le_v4SPD16_eabi.lib</file>
         <name>unlink.c.obj</name>
      </input_file>
      <input_file id="fl-103">
         <path>C:\ti\ccsv8\tools\compiler\ti-cgt-arm_18.1.3.LTS\lib\</path>
         <kind>archive</kind>
         <file>rtsv7M4_T_le_v4SPD16_eabi.lib</file>
         <name>close.c.obj</name>
      </input_file>
   </input_file_list>
   <object_component_list>
      <object_component id="oc-1f">
         <name>.intvecs:retain</name>
         <load_address>0x0</load_address>
         <run_address>0x0</run_address>
         <size>0xe4</size>
         <input_file_ref idref="fl-6"/>
      </object_component>
      <object_component id="oc-db">
         <name>.text</name>
         <load_address>0xe4</load_address>
         <run_address>0xe4</run_address>
         <size>0x13a0</size>
         <input_file_ref idref="fl-4"/>
      </object_component>
      <object_component id="oc-1cf">
         <name>.text:__TI_printfi</name>
         <load_address>0x1484</load_address>
         <run_address>0x1484</run_address>
         <size>0xa5e</size>
         <input_file_ref idref="fl-d6"/>
      </object_component>
      <object_component id="oc-247">
         <name>.text:_nop</name>
         <load_address>0x1ee2</load_address>
         <run_address>0x1ee2</run_address>
         <size>0x2</size>
         <input_file_ref idref="fl-d5"/>
      </object_component>
      <object_component id="oc-93">
         <name>.text</name>
         <load_address>0x1ee4</load_address>
         <run_address>0x1ee4</run_address>
         <size>0x7e0</size>
         <input_file_ref idref="fl-5"/>
      </object_component>
      <object_component id="oc-a5">
         <name>.text</name>
         <load_address>0x26c4</load_address>
         <run_address>0x26c4</run_address>
         <size>0x328</size>
         <input_file_ref idref="fl-7"/>
      </object_component>
      <object_component id="oc-28a">
         <name>.text:_pconv_a</name>
         <load_address>0x29ec</load_address>
         <run_address>0x29ec</run_address>
         <size>0x270</size>
         <input_file_ref idref="fl-d6"/>
      </object_component>
      <object_component id="oc-d5">
         <name>.text</name>
         <load_address>0x2c5c</load_address>
         <run_address>0x2c5c</run_address>
         <size>0x224</size>
         <input_file_ref idref="fl-3"/>
      </object_component>
      <object_component id="oc-278">
         <name>.text:_pconv_g</name>
         <load_address>0x2e80</load_address>
         <run_address>0x2e80</run_address>
         <size>0x1d0</size>
         <input_file_ref idref="fl-d6"/>
      </object_component>
      <object_component id="oc-32d">
         <name>.text</name>
         <load_address>0x3050</load_address>
         <run_address>0x3050</run_address>
         <size>0x1b6</size>
         <input_file_ref idref="fl-ee"/>
      </object_component>
      <object_component id="oc-3b6">
         <name>.text</name>
         <load_address>0x3206</load_address>
         <run_address>0x3206</run_address>
         <size>0x2</size>
         <input_file_ref idref="fl-f9"/>
      </object_component>
      <object_component id="oc-284">
         <name>.text:_pconv_e</name>
         <load_address>0x3208</load_address>
         <run_address>0x3208</run_address>
         <size>0x13c</size>
         <input_file_ref idref="fl-d6"/>
      </object_component>
      <object_component id="oc-313">
         <name>.text</name>
         <load_address>0x3344</load_address>
         <run_address>0x3344</run_address>
         <size>0x136</size>
         <input_file_ref idref="fl-f0"/>
      </object_component>
      <object_component id="oc-33f">
         <name>.text:fcvt</name>
         <load_address>0x347c</load_address>
         <run_address>0x347c</run_address>
         <size>0x120</size>
         <input_file_ref idref="fl-d6"/>
      </object_component>
      <object_component id="oc-2ee">
         <name>.text:fputs</name>
         <load_address>0x359c</load_address>
         <run_address>0x359c</run_address>
         <size>0x114</size>
         <input_file_ref idref="fl-da"/>
      </object_component>
      <object_component id="oc-353">
         <name>.text:scalbn</name>
         <load_address>0x36b0</load_address>
         <run_address>0x36b0</run_address>
         <size>0x110</size>
         <input_file_ref idref="fl-ea"/>
      </object_component>
      <object_component id="oc-30e">
         <name>.text</name>
         <load_address>0x37c0</load_address>
         <run_address>0x37c0</run_address>
         <size>0xfc</size>
         <input_file_ref idref="fl-f1"/>
      </object_component>
      <object_component id="oc-3f3">
         <name>.text:setvbuf</name>
         <load_address>0x38bc</load_address>
         <run_address>0x38bc</run_address>
         <size>0xdc</size>
         <input_file_ref idref="fl-f7"/>
      </object_component>
      <object_component id="oc-444">
         <name>.text:free</name>
         <load_address>0x3998</load_address>
         <run_address>0x3998</run_address>
         <size>0xd8</size>
         <input_file_ref idref="fl-fa"/>
      </object_component>
      <object_component id="oc-26d">
         <name>.text:_ltostr</name>
         <load_address>0x3a70</load_address>
         <run_address>0x3a70</run_address>
         <size>0xb1</size>
         <input_file_ref idref="fl-d6"/>
      </object_component>
      <object_component id="oc-1f2">
         <name>.text:CS_startHFXTWithTimeout</name>
         <load_address>0x3b24</load_address>
         <run_address>0x3b24</run_address>
         <size>0x9c</size>
         <input_file_ref idref="fl-d"/>
      </object_component>
      <object_component id="oc-33">
         <name>.text</name>
         <load_address>0x3bc0</load_address>
         <run_address>0x3bc0</run_address>
         <size>0x9c</size>
         <input_file_ref idref="fl-d0"/>
      </object_component>
      <object_component id="oc-307">
         <name>.text</name>
         <load_address>0x3c5c</load_address>
         <run_address>0x3c5c</run_address>
         <size>0x96</size>
         <input_file_ref idref="fl-ed"/>
      </object_component>
      <object_component id="oc-273">
         <name>.text:__aeabi_cdcmple</name>
         <load_address>0x3cf2</load_address>
         <run_address>0x3cf2</run_address>
         <size>0x86</size>
         <input_file_ref idref="fl-ef"/>
      </object_component>
      <object_component id="oc-318">
         <name>.text:__aeabi_cdrcmple</name>
         <load_address>0x3d78</load_address>
         <run_address>0x3d78</run_address>
         <size>0x86</size>
         <input_file_ref idref="fl-ef"/>
      </object_component>
      <object_component id="oc-cf">
         <name>.text</name>
         <load_address>0x3e00</load_address>
         <run_address>0x3e00</run_address>
         <size>0x7c</size>
         <input_file_ref idref="fl-2"/>
      </object_component>
      <object_component id="oc-e1">
         <name>.text:fflush</name>
         <load_address>0x3e7c</load_address>
         <run_address>0x3e7c</run_address>
         <size>0x7c</size>
         <input_file_ref idref="fl-ca"/>
      </object_component>
      <object_component id="oc-87">
         <name>.text</name>
         <load_address>0x3ef8</load_address>
         <run_address>0x3ef8</run_address>
         <size>0x7a</size>
         <input_file_ref idref="fl-cf"/>
      </object_component>
      <object_component id="oc-44a">
         <name>.text:malloc</name>
         <load_address>0x3f74</load_address>
         <run_address>0x3f74</run_address>
         <size>0x78</size>
         <input_file_ref idref="fl-fa"/>
      </object_component>
      <object_component id="oc-49e">
         <name>.text:__TI_closefile</name>
         <load_address>0x3fec</load_address>
         <run_address>0x3fec</run_address>
         <size>0x74</size>
         <input_file_ref idref="fl-fd"/>
      </object_component>
      <object_component id="oc-2ca">
         <name>.text:_CSGetHFXTFrequency</name>
         <load_address>0x4060</load_address>
         <run_address>0x4060</run_address>
         <size>0x70</size>
         <input_file_ref idref="fl-d"/>
      </object_component>
      <object_component id="oc-338">
         <name>.text:_mcpy</name>
         <load_address>0x40d0</load_address>
         <run_address>0x40d0</run_address>
         <size>0x6e</size>
         <input_file_ref idref="fl-d6"/>
      </object_component>
      <object_component id="oc-417">
         <name>.text:HOSTlseek</name>
         <load_address>0x4140</load_address>
         <run_address>0x4140</run_address>
         <size>0x68</size>
         <input_file_ref idref="fl-e1"/>
      </object_component>
      <object_component id="oc-423">
         <name>.text:HOSTrename</name>
         <load_address>0x41a8</load_address>
         <run_address>0x41a8</run_address>
         <size>0x68</size>
         <input_file_ref idref="fl-e4"/>
      </object_component>
      <object_component id="oc-10">
         <name>.text:decompress:lzss:__TI_decompress_lzss</name>
         <load_address>0x4210</load_address>
         <run_address>0x4210</run_address>
         <size>0x68</size>
         <input_file_ref idref="fl-c8"/>
      </object_component>
      <object_component id="oc-174">
         <name>.text:printf</name>
         <load_address>0x4278</load_address>
         <run_address>0x4278</run_address>
         <size>0x68</size>
         <input_file_ref idref="fl-cb"/>
      </object_component>
      <object_component id="oc-34d">
         <name>.text:frexp</name>
         <load_address>0x42e0</load_address>
         <run_address>0x42e0</run_address>
         <size>0x64</size>
         <input_file_ref idref="fl-e9"/>
      </object_component>
      <object_component id="oc-3ed">
         <name>.text:fseek</name>
         <load_address>0x4344</load_address>
         <run_address>0x4344</run_address>
         <size>0x64</size>
         <input_file_ref idref="fl-f5"/>
      </object_component>
      <object_component id="oc-390">
         <name>.text:__TI_wrt_ok</name>
         <load_address>0x43a8</load_address>
         <run_address>0x43a8</run_address>
         <size>0x62</size>
         <input_file_ref idref="fl-f4"/>
      </object_component>
      <object_component id="oc-3ff">
         <name>.text:HOSTopen</name>
         <load_address>0x440c</load_address>
         <run_address>0x440c</run_address>
         <size>0x60</size>
         <input_file_ref idref="fl-e2"/>
      </object_component>
      <object_component id="oc-4c4">
         <name>.text:close</name>
         <load_address>0x446c</load_address>
         <run_address>0x446c</run_address>
         <size>0x5c</size>
         <input_file_ref idref="fl-103"/>
      </object_component>
      <object_component id="oc-40b">
         <name>.text:HOSTread</name>
         <load_address>0x44c8</load_address>
         <run_address>0x44c8</run_address>
         <size>0x58</size>
         <input_file_ref idref="fl-e3"/>
      </object_component>
      <object_component id="oc-411">
         <name>.text:HOSTwrite</name>
         <load_address>0x4520</load_address>
         <run_address>0x4520</run_address>
         <size>0x58</size>
         <input_file_ref idref="fl-e6"/>
      </object_component>
      <object_component id="oc-27e">
         <name>.text:_pconv_f</name>
         <load_address>0x4578</load_address>
         <run_address>0x4578</run_address>
         <size>0x56</size>
         <input_file_ref idref="fl-d6"/>
      </object_component>
      <object_component id="oc-322">
         <name>.text:ltoa</name>
         <load_address>0x45ce</load_address>
         <run_address>0x45ce</run_address>
         <size>0x54</size>
         <input_file_ref idref="fl-db"/>
      </object_component>
      <object_component id="oc-332">
         <name>.text:_ecpy</name>
         <load_address>0x4622</load_address>
         <run_address>0x4622</run_address>
         <size>0x52</size>
         <input_file_ref idref="fl-d6"/>
      </object_component>
      <object_component id="oc-1a5">
         <name>.text:__TI_doflush</name>
         <load_address>0x4674</load_address>
         <run_address>0x4674</run_address>
         <size>0x4c</size>
         <input_file_ref idref="fl-ca"/>
      </object_component>
      <object_component id="oc-267">
         <name>.text:atoi</name>
         <load_address>0x46c0</load_address>
         <run_address>0x46c0</run_address>
         <size>0x4c</size>
         <input_file_ref idref="fl-d8"/>
      </object_component>
      <object_component id="oc-131">
         <name>.text:exit</name>
         <load_address>0x470c</load_address>
         <run_address>0x470c</run_address>
         <size>0x48</size>
         <input_file_ref idref="fl-d4"/>
      </object_component>
      <object_component id="oc-31d">
         <name>.text</name>
         <load_address>0x4754</load_address>
         <run_address>0x4754</run_address>
         <size>0x48</size>
         <input_file_ref idref="fl-f2"/>
      </object_component>
      <object_component id="oc-405">
         <name>.text:HOSTclose</name>
         <load_address>0x479c</load_address>
         <run_address>0x479c</run_address>
         <size>0x44</size>
         <input_file_ref idref="fl-e0"/>
      </object_component>
      <object_component id="oc-41d">
         <name>.text:HOSTunlink</name>
         <load_address>0x47e0</load_address>
         <run_address>0x47e0</run_address>
         <size>0x44</size>
         <input_file_ref idref="fl-e5"/>
      </object_component>
      <object_component id="oc-137">
         <name>.text:__TI_auto_init_nobinit_nopinit:__TI_auto_init_nobinit_nopinit</name>
         <load_address>0x4824</load_address>
         <run_address>0x4824</run_address>
         <size>0x44</size>
         <input_file_ref idref="fl-d1"/>
      </object_component>
      <object_component id="oc-4db">
         <name>.text:getdevice</name>
         <load_address>0x4868</load_address>
         <run_address>0x4868</run_address>
         <size>0x44</size>
         <input_file_ref idref="fl-fe"/>
      </object_component>
      <object_component id="oc-105">
         <name>.text:sprintf</name>
         <load_address>0x48ac</load_address>
         <run_address>0x48ac</run_address>
         <size>0x40</size>
         <input_file_ref idref="fl-cc"/>
      </object_component>
      <object_component id="oc-345">
         <name>.text:_fcpy</name>
         <load_address>0x48ec</load_address>
         <run_address>0x48ec</run_address>
         <size>0x3e</size>
         <input_file_ref idref="fl-d6"/>
      </object_component>
      <object_component id="oc-493">
         <name>.text:minsert</name>
         <load_address>0x492c</load_address>
         <run_address>0x492c</run_address>
         <size>0x3c</size>
         <input_file_ref idref="fl-fa"/>
      </object_component>
      <object_component id="oc-461">
         <name>.text:__TI_writemsg</name>
         <load_address>0x4968</load_address>
         <run_address>0x4968</run_address>
         <size>0x38</size>
         <input_file_ref idref="fl-e7"/>
      </object_component>
      <object_component id="oc-51">
         <name>.text:_c_int00_noargs:_c_int00_noargs</name>
         <load_address>0x49a0</load_address>
         <run_address>0x49a0</run_address>
         <size>0x38</size>
         <input_file_ref idref="fl-ce"/>
      </object_component>
      <object_component id="oc-487">
         <name>.text:minit</name>
         <load_address>0x49d8</load_address>
         <run_address>0x49d8</run_address>
         <size>0x38</size>
         <input_file_ref idref="fl-fa"/>
      </object_component>
      <object_component id="oc-4e7">
         <name>.text:strncpy</name>
         <load_address>0x4a10</load_address>
         <run_address>0x4a10</run_address>
         <size>0x36</size>
         <input_file_ref idref="fl-101"/>
      </object_component>
      <object_component id="oc-450">
         <name>.text:__TI_cleanup</name>
         <load_address>0x4a48</load_address>
         <run_address>0x4a48</run_address>
         <size>0x34</size>
         <input_file_ref idref="fl-fb"/>
      </object_component>
      <object_component id="oc-467">
         <name>.text:__TI_readmsg</name>
         <load_address>0x4a7c</load_address>
         <run_address>0x4a7c</run_address>
         <size>0x34</size>
         <input_file_ref idref="fl-e7"/>
      </object_component>
      <object_component id="oc-e7">
         <name>.text:convertToBCD</name>
         <load_address>0x4ab0</load_address>
         <run_address>0x4ab0</run_address>
         <size>0x30</size>
         <input_file_ref idref="fl-5"/>
      </object_component>
      <object_component id="oc-4ed">
         <name>.text:finddevice</name>
         <load_address>0x4ae0</load_address>
         <run_address>0x4ae0</run_address>
         <size>0x30</size>
         <input_file_ref idref="fl-fe"/>
      </object_component>
      <object_component id="oc-328">
         <name>.text</name>
         <load_address>0x4b10</load_address>
         <run_address>0x4b10</run_address>
         <size>0x2e</size>
         <input_file_ref idref="fl-f3"/>
      </object_component>
      <object_component id="oc-4ca">
         <name>.text:unlink</name>
         <load_address>0x4b40</load_address>
         <run_address>0x4b40</run_address>
         <size>0x2c</size>
         <input_file_ref idref="fl-102"/>
      </object_component>
      <object_component id="oc-fe">
         <name>.text:convertFromBCD</name>
         <load_address>0x4b6c</load_address>
         <run_address>0x4b6c</run_address>
         <size>0x28</size>
         <input_file_ref idref="fl-5"/>
      </object_component>
      <object_component id="oc-43c">
         <name>.text:lseek</name>
         <load_address>0x4b94</load_address>
         <run_address>0x4b94</run_address>
         <size>0x28</size>
         <input_file_ref idref="fl-f6"/>
      </object_component>
      <object_component id="oc-48d">
         <name>.text:mremove</name>
         <load_address>0x4bbc</load_address>
         <run_address>0x4bbc</run_address>
         <size>0x28</size>
         <input_file_ref idref="fl-fa"/>
      </object_component>
      <object_component id="oc-240">
         <name>.text:write</name>
         <load_address>0x4be4</load_address>
         <run_address>0x4be4</run_address>
         <size>0x28</size>
         <input_file_ref idref="fl-cd"/>
      </object_component>
      <object_component id="oc-396">
         <name>.text:memchr</name>
         <load_address>0x4c0c</load_address>
         <run_address>0x4c0c</run_address>
         <size>0x20</size>
         <input_file_ref idref="fl-dd"/>
      </object_component>
      <object_component id="oc-290">
         <name>.text:memccpy</name>
         <load_address>0x4c2c</load_address>
         <run_address>0x4c2c</run_address>
         <size>0x1c</size>
         <input_file_ref idref="fl-dc"/>
      </object_component>
      <object_component id="oc-1d5">
         <name>.text:_outs</name>
         <load_address>0x4c48</load_address>
         <run_address>0x4c48</run_address>
         <size>0x18</size>
         <input_file_ref idref="fl-cc"/>
      </object_component>
      <object_component id="oc-4fe">
         <name>.text:strcmp</name>
         <load_address>0x4c60</load_address>
         <run_address>0x4c60</run_address>
         <size>0x18</size>
         <input_file_ref idref="fl-100"/>
      </object_component>
      <object_component id="oc-359">
         <name>.text:strchr</name>
         <load_address>0x4c78</load_address>
         <run_address>0x4c78</run_address>
         <size>0x16</size>
         <input_file_ref idref="fl-de"/>
      </object_component>
      <object_component id="oc-110">
         <name>.text:CS_setExternalClockSourceFrequency</name>
         <load_address>0x4c90</load_address>
         <run_address>0x4c90</run_address>
         <size>0x14</size>
         <input_file_ref idref="fl-d"/>
      </object_component>
      <object_component id="oc-3cf">
         <name>.text:copysign</name>
         <load_address>0x4ca4</load_address>
         <run_address>0x4ca4</run_address>
         <size>0x14</size>
         <input_file_ref idref="fl-ec"/>
      </object_component>
      <object_component id="oc-47b">
         <name>.text:strcpy</name>
         <load_address>0x4cb8</load_address>
         <run_address>0x4cb8</run_address>
         <size>0x14</size>
         <input_file_ref idref="fl-f8"/>
      </object_component>
      <object_component id="oc-261">
         <name>.text:strlen</name>
         <load_address>0x4ccc</load_address>
         <run_address>0x4ccc</run_address>
         <size>0x14</size>
         <input_file_ref idref="fl-df"/>
      </object_component>
      <object_component id="oc-3f">
         <name>.text:decompress:ZI:__TI_zero_init_nomemset:__TI_zero_init_nomemset</name>
         <load_address>0x4ce0</load_address>
         <run_address>0x4ce0</run_address>
         <size>0x12</size>
         <input_file_ref idref="fl-c6"/>
      </object_component>
      <object_component id="oc-296">
         <name>.text:wcslen</name>
         <load_address>0x4cf2</load_address>
         <run_address>0x4cf2</run_address>
         <size>0x12</size>
         <input_file_ref idref="fl-eb"/>
      </object_component>
      <object_component id="oc-2c4">
         <name>.text:SysCtl_disableNMISource</name>
         <load_address>0x4d04</load_address>
         <run_address>0x4d04</run_address>
         <size>0x10</size>
         <input_file_ref idref="fl-f"/>
      </object_component>
      <object_component id="oc-2d0">
         <name>.text:SysCtl_enableNMISource</name>
         <load_address>0x4d14</load_address>
         <run_address>0x4d14</run_address>
         <size>0x10</size>
         <input_file_ref idref="fl-f"/>
      </object_component>
      <object_component id="oc-16">
         <name>.text:decompress:none:__TI_decompress_none</name>
         <load_address>0x4d24</load_address>
         <run_address>0x4d24</run_address>
         <size>0xe</size>
         <input_file_ref idref="fl-c7"/>
      </object_component>
      <object_component id="oc-63">
         <name>.text</name>
         <load_address>0x4d32</load_address>
         <run_address>0x4d32</run_address>
         <size>0xe</size>
         <input_file_ref idref="fl-6"/>
      </object_component>
      <object_component id="oc-2be">
         <name>.text:SysCtl_getNMISourceStatus</name>
         <load_address>0x4d40</load_address>
         <run_address>0x4d40</run_address>
         <size>0xc</size>
         <input_file_ref idref="fl-f"/>
      </object_component>
      <object_component id="oc-1db">
         <name>.text:_outc</name>
         <load_address>0x4d4c</load_address>
         <run_address>0x4d4c</run_address>
         <size>0xa</size>
         <input_file_ref idref="fl-cc"/>
      </object_component>
      <object_component id="oc-29c">
         <name>.text:__aeabi_errno_addr</name>
         <load_address>0x4d58</load_address>
         <run_address>0x4d58</run_address>
         <size>0x8</size>
         <input_file_ref idref="fl-e8"/>
      </object_component>
      <object_component id="oc-116">
         <name>.text:CS_startHFXT</name>
         <load_address>0x4d60</load_address>
         <run_address>0x4d60</run_address>
         <size>0x6</size>
         <input_file_ref idref="fl-d"/>
      </object_component>
      <object_component id="oc-222">
         <name>.text:_outc</name>
         <load_address>0x4d66</load_address>
         <run_address>0x4d66</run_address>
         <size>0x4</size>
         <input_file_ref idref="fl-cb"/>
      </object_component>
      <object_component id="oc-21c">
         <name>.text:_outs</name>
         <load_address>0x4d6a</load_address>
         <run_address>0x4d6a</run_address>
         <size>0x4</size>
         <input_file_ref idref="fl-cb"/>
      </object_component>
      <object_component id="oc-8d">
         <name>.text:_system_pre_init</name>
         <load_address>0x4d6e</load_address>
         <run_address>0x4d6e</run_address>
         <size>0x4</size>
         <input_file_ref idref="fl-d2"/>
      </object_component>
      <object_component id="oc-12b">
         <name>.text:abort:abort</name>
         <load_address>0x4d72</load_address>
         <run_address>0x4d72</run_address>
         <size>0x4</size>
         <input_file_ref idref="fl-d4"/>
      </object_component>
      <object_component id="oc-191">
         <name>.const:.string:Font</name>
         <load_address>0x4d78</load_address>
         <run_address>0x4d78</run_address>
         <size>0x4fb</size>
         <input_file_ref idref="fl-4"/>
      </object_component>
      <object_component id="oc-19c">
         <name>.const:.string:dBfs</name>
         <load_address>0x5273</load_address>
         <run_address>0x5273</run_address>
         <size>0x200</size>
         <input_file_ref idref="fl-4"/>
      </object_component>
      <object_component id="oc-302">
         <name>.const:.string:_ctypes_</name>
         <load_address>0x5473</load_address>
         <run_address>0x5473</run_address>
         <size>0x101</size>
         <input_file_ref idref="fl-d9"/>
      </object_component>
      <object_component id="oc-17f">
         <name>.const:.string:Bcmd</name>
         <load_address>0x5574</load_address>
         <run_address>0x5574</run_address>
         <size>0x67</size>
         <input_file_ref idref="fl-4"/>
      </object_component>
      <object_component id="oc-185">
         <name>.const:.string:Rcmd1</name>
         <load_address>0x55db</load_address>
         <run_address>0x55db</run_address>
         <size>0x3b</size>
         <input_file_ref idref="fl-4"/>
      </object_component>
      <object_component id="oc-18e">
         <name>.const:.string:Rcmd3</name>
         <load_address>0x5616</load_address>
         <run_address>0x5616</run_address>
         <size>0x2b</size>
         <input_file_ref idref="fl-4"/>
      </object_component>
      <object_component id="oc-11d">
         <name>.const:i2cConfig</name>
         <load_address>0x5644</load_address>
         <run_address>0x5644</run_address>
         <size>0x14</size>
         <input_file_ref idref="fl-5"/>
      </object_component>
      <object_component id="oc-188">
         <name>.const:.string:Rcmd2green</name>
         <load_address>0x5658</load_address>
         <run_address>0x5658</run_address>
         <size>0xd</size>
         <input_file_ref idref="fl-4"/>
      </object_component>
      <object_component id="oc-18b">
         <name>.const:.string:Rcmd2red</name>
         <load_address>0x5665</load_address>
         <run_address>0x5665</run_address>
         <size>0xd</size>
         <input_file_ref idref="fl-4"/>
      </object_component>
      <object_component id="oc-537">
         <name>.cinit..data.load</name>
         <load_address>0x5678</load_address>
         <run_address>0x5678</run_address>
         <size>0x8e</size>
      </object_component>
      <object_component id="oc-535">
         <name>__TI_handler_table</name>
         <load_address>0x5708</load_address>
         <run_address>0x5708</run_address>
         <size>0xc</size>
      </object_component>
      <object_component id="oc-538">
         <name>.cinit..bss.load</name>
         <load_address>0x5718</load_address>
         <run_address>0x5718</run_address>
         <size>0x8</size>
      </object_component>
      <object_component id="oc-536">
         <name>__TI_cinit_table</name>
         <load_address>0x5720</load_address>
         <run_address>0x5720</run_address>
         <size>0x10</size>
      </object_component>
      <object_component id="oc-182">
         <name>.data</name>
         <load_address>0x20000c54</load_address>
         <run_address>0x20000c54</run_address>
         <size>0x14</size>
         <input_file_ref idref="fl-4"/>
      </object_component>
      <object_component id="oc-ee">
         <name>.data</name>
         <load_address>0x20000c68</load_address>
         <run_address>0x20000c68</run_address>
         <size>0x12</size>
         <input_file_ref idref="fl-5"/>
      </object_component>
      <object_component id="oc-169">
         <name>.data</name>
         <load_address>0x20000cb0</load_address>
         <run_address>0x20000cb0</run_address>
         <size>0x4</size>
         <input_file_ref idref="fl-7"/>
      </object_component>
      <object_component id="oc-f4">
         <name>.data:_ftable</name>
         <load_address>0x20000a9c</load_address>
         <run_address>0x20000a9c</run_address>
         <size>0xf0</size>
         <input_file_ref idref="fl-c9"/>
      </object_component>
      <object_component id="oc-1ae">
         <name>.data</name>
         <load_address>0x20000c7c</load_address>
         <run_address>0x20000c7c</run_address>
         <size>0x10</size>
         <input_file_ref idref="fl-c9"/>
      </object_component>
      <object_component id="oc-39e">
         <name>.data:_device</name>
         <load_address>0x20000b8c</load_address>
         <run_address>0x20000b8c</run_address>
         <size>0x78</size>
         <input_file_ref idref="fl-cd"/>
      </object_component>
      <object_component id="oc-2f8">
         <name>.data:_stream</name>
         <load_address>0x20000c04</load_address>
         <run_address>0x20000c04</run_address>
         <size>0x50</size>
         <input_file_ref idref="fl-cd"/>
      </object_component>
      <object_component id="oc-1fc">
         <name>.data:$O1$$</name>
         <load_address>0x20000c8c</load_address>
         <run_address>0x20000c8c</run_address>
         <size>0xc</size>
         <input_file_ref idref="fl-d4"/>
      </object_component>
      <object_component id="oc-1ab">
         <name>.data:$O1$$</name>
         <load_address>0x20000ca4</load_address>
         <run_address>0x20000ca4</run_address>
         <size>0x8</size>
         <input_file_ref idref="fl-d5"/>
      </object_component>
      <object_component id="oc-369">
         <name>.data</name>
         <load_address>0x20000cac</load_address>
         <run_address>0x20000cac</run_address>
         <size>0x4</size>
         <input_file_ref idref="fl-e8"/>
      </object_component>
      <object_component id="oc-499">
         <name>.data:$O1$$</name>
         <load_address>0x20000c98</load_address>
         <run_address>0x20000c98</run_address>
         <size>0xc</size>
         <input_file_ref idref="fl-fa"/>
      </object_component>
      <object_component id="oc-17c">
         <name>.bss</name>
         <uninitialized>true</uninitialized>
         <run_address>0x20000a74</run_address>
         <size>0x4</size>
         <input_file_ref idref="fl-4"/>
      </object_component>
      <object_component id="oc-4a7">
         <name>.bss:_CIOBUF_</name>
         <uninitialized>true</uninitialized>
         <run_address>0x20000800</run_address>
         <size>0x120</size>
         <input_file_ref idref="fl-e7"/>
      </object_component>
      <object_component id="oc-194">
         <name>.common:Message</name>
         <uninitialized>true</uninitialized>
         <run_address>0x20000a60</run_address>
         <size>0xc</size>
      </object_component>
      <object_component id="oc-197">
         <name>.common:Messageindex</name>
         <uninitialized>true</uninitialized>
         <run_address>0x20000a78</run_address>
         <size>0x4</size>
      </object_component>
      <object_component id="oc-198">
         <name>.common:Ymax</name>
         <uninitialized>true</uninitialized>
         <run_address>0x20000a80</run_address>
         <size>0x4</size>
      </object_component>
      <object_component id="oc-199">
         <name>.common:Ymin</name>
         <uninitialized>true</uninitialized>
         <run_address>0x20000a84</run_address>
         <size>0x4</size>
      </object_component>
      <object_component id="oc-19b">
         <name>.common:X</name>
         <uninitialized>true</uninitialized>
         <run_address>0x20000a7c</run_address>
         <size>0x4</size>
      </object_component>
      <object_component id="oc-19a">
         <name>.common:Yrange</name>
         <uninitialized>true</uninitialized>
         <run_address>0x20000a88</run_address>
         <size>0x4</size>
      </object_component>
      <object_component id="oc-f1">
         <name>.common:key</name>
         <uninitialized>true</uninitialized>
         <run_address>0x20000a9b</run_address>
         <size>0x1</size>
      </object_component>
      <object_component id="oc-fd">
         <name>.common:bcdSecond</name>
         <uninitialized>true</uninitialized>
         <run_address>0x20000a99</run_address>
         <size>0x1</size>
      </object_component>
      <object_component id="oc-fc">
         <name>.common:bcdMinute</name>
         <uninitialized>true</uninitialized>
         <run_address>0x20000a97</run_address>
         <size>0x1</size>
      </object_component>
      <object_component id="oc-fb">
         <name>.common:bcdHour</name>
         <uninitialized>true</uninitialized>
         <run_address>0x20000a96</run_address>
         <size>0x1</size>
      </object_component>
      <object_component id="oc-fa">
         <name>.common:bcdDay</name>
         <uninitialized>true</uninitialized>
         <run_address>0x20000a95</run_address>
         <size>0x1</size>
      </object_component>
      <object_component id="oc-f9">
         <name>.common:bcdDate</name>
         <uninitialized>true</uninitialized>
         <run_address>0x20000a94</run_address>
         <size>0x1</size>
      </object_component>
      <object_component id="oc-f8">
         <name>.common:bcdMonth</name>
         <uninitialized>true</uninitialized>
         <run_address>0x20000a98</run_address>
         <size>0x1</size>
      </object_component>
      <object_component id="oc-f7">
         <name>.common:bcdYear</name>
         <uninitialized>true</uninitialized>
         <run_address>0x20000a9a</run_address>
         <size>0x1</size>
      </object_component>
      <object_component id="oc-11c">
         <name>.common:timeArr1</name>
         <uninitialized>true</uninitialized>
         <run_address>0x200009c0</run_address>
         <size>0x1c</size>
      </object_component>
      <object_component id="oc-10f">
         <name>.common:timeArr2</name>
         <uninitialized>true</uninitialized>
         <run_address>0x200009dc</run_address>
         <size>0x1c</size>
      </object_component>
      <object_component id="oc-10e">
         <name>.common:timeArr3</name>
         <uninitialized>true</uninitialized>
         <run_address>0x200009f8</run_address>
         <size>0x1c</size>
      </object_component>
      <object_component id="oc-10d">
         <name>.common:timeArr4</name>
         <uninitialized>true</uninitialized>
         <run_address>0x20000a14</run_address>
         <size>0x1c</size>
      </object_component>
      <object_component id="oc-10c">
         <name>.common:timeArr5</name>
         <uninitialized>true</uninitialized>
         <run_address>0x20000a30</run_address>
         <size>0x1c</size>
      </object_component>
      <object_component id="oc-10b">
         <name>.common:RTC_registers</name>
         <uninitialized>true</uninitialized>
         <run_address>0x20000a4c</run_address>
         <size>0x14</size>
      </object_component>
      <object_component id="oc-1eb">
         <name>.common:hfxtFreq</name>
         <uninitialized>true</uninitialized>
         <run_address>0x20000a8c</run_address>
         <size>0x4</size>
      </object_component>
      <object_component id="oc-1e8">
         <name>.common:lfxtFreq</name>
         <uninitialized>true</uninitialized>
         <run_address>0x20000a90</run_address>
         <size>0x4</size>
      </object_component>
      <object_component id="oc-4d0">
         <name>.common:__TI_tmpnams</name>
         <uninitialized>true</uninitialized>
         <run_address>0x20000920</run_address>
         <size>0xa0</size>
      </object_component>
      <object_component id="oc-46d">
         <name>.common:parmbuf</name>
         <uninitialized>true</uninitialized>
         <run_address>0x20000a6c</run_address>
         <size>0x8</size>
      </object_component>
      <object_component id="oc-25">
         <name>.sysmem</name>
         <uninitialized>true</uninitialized>
         <run_address>0x20000000</run_address>
         <size>0x8</size>
         <input_file_ref idref="fl-fa"/>
      </object_component>
      <object_component id="oc-53a">
         <name>.sysmem</name>
         <uninitialized>true</uninitialized>
         <run_address>0x20000000</run_address>
         <size>0x0</size>
      </object_component>
      <object_component id="oc-22">
         <name>.stack</name>
         <uninitialized>true</uninitialized>
         <run_address>0x2000fe00</run_address>
         <size>0x4</size>
         <input_file_ref idref="fl-ce"/>
      </object_component>
      <object_component id="oc-539">
         <name>.stack</name>
         <uninitialized>true</uninitialized>
         <run_address>0x2000fe00</run_address>
         <size>0x0</size>
      </object_component>
      <object_component id="oc-172">
         <name>.debug_info</name>
         <load_address>0x0</load_address>
         <run_address>0x0</run_address>
         <size>0x5b0</size>
         <input_file_ref idref="fl-2"/>
      </object_component>
      <object_component id="oc-d0">
         <name>.debug_info</name>
         <load_address>0x5b0</load_address>
         <run_address>0x5b0</run_address>
         <size>0x406</size>
         <input_file_ref idref="fl-2"/>
      </object_component>
      <object_component id="oc-1c1">
         <name>.debug_info</name>
         <load_address>0x9b6</load_address>
         <run_address>0x9b6</run_address>
         <size>0x1055</size>
         <input_file_ref idref="fl-2"/>
      </object_component>
      <object_component id="oc-ae">
         <name>.debug_info</name>
         <load_address>0x1a0b</load_address>
         <run_address>0x1a0b</run_address>
         <size>0x26b</size>
         <input_file_ref idref="fl-2"/>
      </object_component>
      <object_component id="oc-1bc">
         <name>.debug_info</name>
         <load_address>0x1c76</load_address>
         <run_address>0x1c76</run_address>
         <size>0x37e2</size>
         <input_file_ref idref="fl-2"/>
      </object_component>
      <object_component id="oc-1b7">
         <name>.debug_info</name>
         <load_address>0x5458</load_address>
         <run_address>0x5458</run_address>
         <size>0x9a</size>
         <input_file_ref idref="fl-2"/>
      </object_component>
      <object_component id="oc-2e">
         <name>.debug_info</name>
         <load_address>0x54f2</load_address>
         <run_address>0x54f2</run_address>
         <size>0x84</size>
         <input_file_ref idref="fl-2"/>
      </object_component>
      <object_component id="oc-16d">
         <name>.debug_info</name>
         <load_address>0x5576</load_address>
         <run_address>0x5576</run_address>
         <size>0x297</size>
         <input_file_ref idref="fl-2"/>
      </object_component>
      <object_component id="oc-25a">
         <name>.debug_info</name>
         <load_address>0x580d</load_address>
         <run_address>0x580d</run_address>
         <size>0xef</size>
         <input_file_ref idref="fl-2"/>
      </object_component>
      <object_component id="oc-126">
         <name>.debug_info</name>
         <load_address>0x58fc</load_address>
         <run_address>0x58fc</run_address>
         <size>0xbb</size>
         <input_file_ref idref="fl-2"/>
      </object_component>
      <object_component id="oc-1c6">
         <name>.debug_info</name>
         <load_address>0x59b7</load_address>
         <run_address>0x59b7</run_address>
         <size>0xcc</size>
         <input_file_ref idref="fl-2"/>
      </object_component>
      <object_component id="oc-1e3">
         <name>.debug_info</name>
         <load_address>0x5a83</load_address>
         <run_address>0x5a83</run_address>
         <size>0x2c</size>
         <input_file_ref idref="fl-2"/>
      </object_component>
      <object_component id="oc-1a0">
         <name>.debug_info</name>
         <load_address>0x5aaf</load_address>
         <run_address>0x5aaf</run_address>
         <size>0x51</size>
         <input_file_ref idref="fl-2"/>
      </object_component>
      <object_component id="oc-17b">
         <name>.debug_info</name>
         <load_address>0x5b00</load_address>
         <run_address>0x5b00</run_address>
         <size>0x615</size>
         <input_file_ref idref="fl-3"/>
      </object_component>
      <object_component id="oc-d7">
         <name>.debug_info</name>
         <load_address>0x6115</load_address>
         <run_address>0x6115</run_address>
         <size>0x2ef</size>
         <input_file_ref idref="fl-3"/>
      </object_component>
      <object_component id="oc-195">
         <name>.debug_info</name>
         <load_address>0x6404</load_address>
         <run_address>0x6404</run_address>
         <size>0x674</size>
         <input_file_ref idref="fl-4"/>
      </object_component>
      <object_component id="oc-183">
         <name>.debug_info</name>
         <load_address>0x6a78</load_address>
         <run_address>0x6a78</run_address>
         <size>0x16b</size>
         <input_file_ref idref="fl-4"/>
      </object_component>
      <object_component id="oc-192">
         <name>.debug_info</name>
         <load_address>0x6be3</load_address>
         <run_address>0x6be3</run_address>
         <size>0xd6</size>
         <input_file_ref idref="fl-4"/>
      </object_component>
      <object_component id="oc-17d">
         <name>.debug_info</name>
         <load_address>0x6cb9</load_address>
         <run_address>0x6cb9</run_address>
         <size>0x142</size>
         <input_file_ref idref="fl-4"/>
      </object_component>
      <object_component id="oc-180">
         <name>.debug_info</name>
         <load_address>0x6dfb</load_address>
         <run_address>0x6dfb</run_address>
         <size>0xd7</size>
         <input_file_ref idref="fl-4"/>
      </object_component>
      <object_component id="oc-186">
         <name>.debug_info</name>
         <load_address>0x6ed2</load_address>
         <run_address>0x6ed2</run_address>
         <size>0xd9</size>
         <input_file_ref idref="fl-4"/>
      </object_component>
      <object_component id="oc-189">
         <name>.debug_info</name>
         <load_address>0x6fab</load_address>
         <run_address>0x6fab</run_address>
         <size>0xe3</size>
         <input_file_ref idref="fl-4"/>
      </object_component>
      <object_component id="oc-18c">
         <name>.debug_info</name>
         <load_address>0x708e</load_address>
         <run_address>0x708e</run_address>
         <size>0xdf</size>
         <input_file_ref idref="fl-4"/>
      </object_component>
      <object_component id="oc-18f">
         <name>.debug_info</name>
         <load_address>0x716d</load_address>
         <run_address>0x716d</run_address>
         <size>0xd9</size>
         <input_file_ref idref="fl-4"/>
      </object_component>
      <object_component id="oc-19d">
         <name>.debug_info</name>
         <load_address>0x7246</load_address>
         <run_address>0x7246</run_address>
         <size>0xd8</size>
         <input_file_ref idref="fl-4"/>
      </object_component>
      <object_component id="oc-dc">
         <name>.debug_info</name>
         <load_address>0x731e</load_address>
         <run_address>0x731e</run_address>
         <size>0x2181</size>
         <input_file_ref idref="fl-4"/>
      </object_component>
      <object_component id="oc-f2">
         <name>.debug_info</name>
         <load_address>0x949f</load_address>
         <run_address>0x949f</run_address>
         <size>0xa9d</size>
         <input_file_ref idref="fl-5"/>
      </object_component>
      <object_component id="oc-11e">
         <name>.debug_info</name>
         <load_address>0x9f3c</load_address>
         <run_address>0x9f3c</run_address>
         <size>0xdf</size>
         <input_file_ref idref="fl-5"/>
      </object_component>
      <object_component id="oc-ef">
         <name>.debug_info</name>
         <load_address>0xa01b</load_address>
         <run_address>0xa01b</run_address>
         <size>0x194</size>
         <input_file_ref idref="fl-5"/>
      </object_component>
      <object_component id="oc-e8">
         <name>.debug_info</name>
         <load_address>0xa1af</load_address>
         <run_address>0xa1af</run_address>
         <size>0x132</size>
         <input_file_ref idref="fl-5"/>
      </object_component>
      <object_component id="oc-ff">
         <name>.debug_info</name>
         <load_address>0xa2e1</load_address>
         <run_address>0xa2e1</run_address>
         <size>0x136</size>
         <input_file_ref idref="fl-5"/>
      </object_component>
      <object_component id="oc-94">
         <name>.debug_info</name>
         <load_address>0xa417</load_address>
         <run_address>0xa417</run_address>
         <size>0x9ed</size>
         <input_file_ref idref="fl-5"/>
      </object_component>
      <object_component id="oc-121">
         <name>.debug_info</name>
         <load_address>0xae04</load_address>
         <run_address>0xae04</run_address>
         <size>0x8b</size>
         <input_file_ref idref="fl-5"/>
      </object_component>
      <object_component id="oc-6b">
         <name>.debug_info</name>
         <load_address>0xae8f</load_address>
         <run_address>0xae8f</run_address>
         <size>0x2d4</size>
         <input_file_ref idref="fl-6"/>
      </object_component>
      <object_component id="oc-20">
         <name>.debug_info</name>
         <load_address>0xb163</load_address>
         <run_address>0xb163</run_address>
         <size>0x100</size>
         <input_file_ref idref="fl-6"/>
      </object_component>
      <object_component id="oc-64">
         <name>.debug_info</name>
         <load_address>0xb263</load_address>
         <run_address>0xb263</run_address>
         <size>0x1c7</size>
         <input_file_ref idref="fl-6"/>
      </object_component>
      <object_component id="oc-16a">
         <name>.debug_info</name>
         <load_address>0xb42a</load_address>
         <run_address>0xb42a</run_address>
         <size>0xf9</size>
         <input_file_ref idref="fl-7"/>
      </object_component>
      <object_component id="oc-a6">
         <name>.debug_info</name>
         <load_address>0xb523</load_address>
         <run_address>0xb523</run_address>
         <size>0x26b</size>
         <input_file_ref idref="fl-7"/>
      </object_component>
      <object_component id="oc-1e9">
         <name>.debug_info</name>
         <load_address>0xb78e</load_address>
         <run_address>0xb78e</run_address>
         <size>0x5ef</size>
         <input_file_ref idref="fl-d"/>
      </object_component>
      <object_component id="oc-2cc">
         <name>.debug_info</name>
         <load_address>0xbd7d</load_address>
         <run_address>0xbd7d</run_address>
         <size>0xfc</size>
         <input_file_ref idref="fl-d"/>
      </object_component>
      <object_component id="oc-1f4">
         <name>.debug_info</name>
         <load_address>0xbe79</load_address>
         <run_address>0xbe79</run_address>
         <size>0x23c</size>
         <input_file_ref idref="fl-d"/>
      </object_component>
      <object_component id="oc-118">
         <name>.debug_info</name>
         <load_address>0xc0b5</load_address>
         <run_address>0xc0b5</run_address>
         <size>0x122</size>
         <input_file_ref idref="fl-d"/>
      </object_component>
      <object_component id="oc-112">
         <name>.debug_info</name>
         <load_address>0xc1d7</load_address>
         <run_address>0xc1d7</run_address>
         <size>0x1dd</size>
         <input_file_ref idref="fl-d"/>
      </object_component>
      <object_component id="oc-2b4">
         <name>.debug_info</name>
         <load_address>0xc3b4</load_address>
         <run_address>0xc3b4</run_address>
         <size>0x1b5</size>
         <input_file_ref idref="fl-d"/>
      </object_component>
      <object_component id="oc-2b9">
         <name>.debug_info</name>
         <load_address>0xc569</load_address>
         <run_address>0xc569</run_address>
         <size>0x103e</size>
         <input_file_ref idref="fl-d"/>
      </object_component>
      <object_component id="oc-1ed">
         <name>.debug_info</name>
         <load_address>0xd5a7</load_address>
         <run_address>0xd5a7</run_address>
         <size>0x18b</size>
         <input_file_ref idref="fl-d"/>
      </object_component>
      <object_component id="oc-381">
         <name>.debug_info</name>
         <load_address>0xd732</load_address>
         <run_address>0xd732</run_address>
         <size>0x379</size>
         <input_file_ref idref="fl-f"/>
      </object_component>
      <object_component id="oc-2c0">
         <name>.debug_info</name>
         <load_address>0xdaab</load_address>
         <run_address>0xdaab</run_address>
         <size>0x10f</size>
         <input_file_ref idref="fl-f"/>
      </object_component>
      <object_component id="oc-2d1">
         <name>.debug_info</name>
         <load_address>0xdbba</load_address>
         <run_address>0xdbba</run_address>
         <size>0x12b</size>
         <input_file_ref idref="fl-f"/>
      </object_component>
      <object_component id="oc-2c5">
         <name>.debug_info</name>
         <load_address>0xdce5</load_address>
         <run_address>0xdce5</run_address>
         <size>0x12d</size>
         <input_file_ref idref="fl-f"/>
      </object_component>
      <object_component id="oc-86">
         <name>.debug_info</name>
         <load_address>0xde12</load_address>
         <run_address>0xde12</run_address>
         <size>0x313</size>
         <input_file_ref idref="fl-c6"/>
      </object_component>
      <object_component id="oc-40">
         <name>.debug_info</name>
         <load_address>0xe125</load_address>
         <run_address>0xe125</run_address>
         <size>0x1b4</size>
         <input_file_ref idref="fl-c6"/>
      </object_component>
      <object_component id="oc-81">
         <name>.debug_info</name>
         <load_address>0xe2d9</load_address>
         <run_address>0xe2d9</run_address>
         <size>0x46</size>
         <input_file_ref idref="fl-c6"/>
      </object_component>
      <object_component id="oc-c6">
         <name>.debug_info</name>
         <load_address>0xe31f</load_address>
         <run_address>0xe31f</run_address>
         <size>0x2c</size>
         <input_file_ref idref="fl-c6"/>
      </object_component>
      <object_component id="oc-3e">
         <name>.debug_info</name>
         <load_address>0xe34b</load_address>
         <run_address>0xe34b</run_address>
         <size>0x29d</size>
         <input_file_ref idref="fl-c7"/>
      </object_component>
      <object_component id="oc-17">
         <name>.debug_info</name>
         <load_address>0xe5e8</load_address>
         <run_address>0xe5e8</run_address>
         <size>0x1df</size>
         <input_file_ref idref="fl-c7"/>
      </object_component>
      <object_component id="oc-39">
         <name>.debug_info</name>
         <load_address>0xe7c7</load_address>
         <run_address>0xe7c7</run_address>
         <size>0x46</size>
         <input_file_ref idref="fl-c7"/>
      </object_component>
      <object_component id="oc-79">
         <name>.debug_info</name>
         <load_address>0xe80d</load_address>
         <run_address>0xe80d</run_address>
         <size>0x2c</size>
         <input_file_ref idref="fl-c7"/>
      </object_component>
      <object_component id="oc-77">
         <name>.debug_info</name>
         <load_address>0xe839</load_address>
         <run_address>0xe839</run_address>
         <size>0x293</size>
         <input_file_ref idref="fl-c8"/>
      </object_component>
      <object_component id="oc-11">
         <name>.debug_info</name>
         <load_address>0xeacc</load_address>
         <run_address>0xeacc</run_address>
         <size>0x245</size>
         <input_file_ref idref="fl-c8"/>
      </object_component>
      <object_component id="oc-29">
         <name>.debug_info</name>
         <load_address>0xed11</load_address>
         <run_address>0xed11</run_address>
         <size>0x60</size>
         <input_file_ref idref="fl-c8"/>
      </object_component>
      <object_component id="oc-bf">
         <name>.debug_info</name>
         <load_address>0xed71</load_address>
         <run_address>0xed71</run_address>
         <size>0x46</size>
         <input_file_ref idref="fl-c8"/>
      </object_component>
      <object_component id="oc-72">
         <name>.debug_info</name>
         <load_address>0xedb7</load_address>
         <run_address>0xedb7</run_address>
         <size>0x39</size>
         <input_file_ref idref="fl-c8"/>
      </object_component>
      <object_component id="oc-1cd">
         <name>.debug_info</name>
         <load_address>0xedf0</load_address>
         <run_address>0xedf0</run_address>
         <size>0x139</size>
         <input_file_ref idref="fl-c9"/>
      </object_component>
      <object_component id="oc-f5">
         <name>.debug_info</name>
         <load_address>0xef29</load_address>
         <run_address>0xef29</run_address>
         <size>0xf7</size>
         <input_file_ref idref="fl-c9"/>
      </object_component>
      <object_component id="oc-1af">
         <name>.debug_info</name>
         <load_address>0xf020</load_address>
         <run_address>0xf020</run_address>
         <size>0x184</size>
         <input_file_ref idref="fl-c9"/>
      </object_component>
      <object_component id="oc-255">
         <name>.debug_info</name>
         <load_address>0xf1a4</load_address>
         <run_address>0xf1a4</run_address>
         <size>0xb2</size>
         <input_file_ref idref="fl-c9"/>
      </object_component>
      <object_component id="oc-1b2">
         <name>.debug_info</name>
         <load_address>0xf256</load_address>
         <run_address>0xf256</run_address>
         <size>0x33c</size>
         <input_file_ref idref="fl-ca"/>
      </object_component>
      <object_component id="oc-1a6">
         <name>.debug_info</name>
         <load_address>0xf592</load_address>
         <run_address>0xf592</run_address>
         <size>0x17f</size>
         <input_file_ref idref="fl-ca"/>
      </object_component>
      <object_component id="oc-e2">
         <name>.debug_info</name>
         <load_address>0xf711</load_address>
         <run_address>0xf711</run_address>
         <size>0x1bd</size>
         <input_file_ref idref="fl-ca"/>
      </object_component>
      <object_component id="oc-229">
         <name>.debug_info</name>
         <load_address>0xf8ce</load_address>
         <run_address>0xf8ce</run_address>
         <size>0x3da</size>
         <input_file_ref idref="fl-cb"/>
      </object_component>
      <object_component id="oc-223">
         <name>.debug_info</name>
         <load_address>0xfca8</load_address>
         <run_address>0xfca8</run_address>
         <size>0x14c</size>
         <input_file_ref idref="fl-cb"/>
      </object_component>
      <object_component id="oc-21e">
         <name>.debug_info</name>
         <load_address>0xfdf4</load_address>
         <run_address>0xfdf4</run_address>
         <size>0x15b</size>
         <input_file_ref idref="fl-cb"/>
      </object_component>
      <object_component id="oc-175">
         <name>.debug_info</name>
         <load_address>0xff4f</load_address>
         <run_address>0xff4f</run_address>
         <size>0x1a1</size>
         <input_file_ref idref="fl-cb"/>
      </object_component>
      <object_component id="oc-1e2">
         <name>.debug_info</name>
         <load_address>0x100f0</load_address>
         <run_address>0x100f0</run_address>
         <size>0x328</size>
         <input_file_ref idref="fl-cc"/>
      </object_component>
      <object_component id="oc-106">
         <name>.debug_info</name>
         <load_address>0x10418</load_address>
         <run_address>0x10418</run_address>
         <size>0x1c6</size>
         <input_file_ref idref="fl-cc"/>
      </object_component>
      <object_component id="oc-1d6">
         <name>.debug_info</name>
         <load_address>0x105de</load_address>
         <run_address>0x105de</run_address>
         <size>0x182</size>
         <input_file_ref idref="fl-cc"/>
      </object_component>
      <object_component id="oc-1dc">
         <name>.debug_info</name>
         <load_address>0x10760</load_address>
         <run_address>0x10760</run_address>
         <size>0x162</size>
         <input_file_ref idref="fl-cc"/>
      </object_component>
      <object_component id="oc-370">
         <name>.debug_info</name>
         <load_address>0x108c2</load_address>
         <run_address>0x108c2</run_address>
         <size>0x2c</size>
         <input_file_ref idref="fl-cc"/>
      </object_component>
      <object_component id="oc-2fc">
         <name>.debug_info</name>
         <load_address>0x108ee</load_address>
         <run_address>0x108ee</run_address>
         <size>0x4c5</size>
         <input_file_ref idref="fl-cd"/>
      </object_component>
      <object_component id="oc-39f">
         <name>.debug_info</name>
         <load_address>0x10db3</load_address>
         <run_address>0x10db3</run_address>
         <size>0xf8</size>
         <input_file_ref idref="fl-cd"/>
      </object_component>
      <object_component id="oc-2f9">
         <name>.debug_info</name>
         <load_address>0x10eab</load_address>
         <run_address>0x10eab</run_address>
         <size>0xf8</size>
         <input_file_ref idref="fl-cd"/>
      </object_component>
      <object_component id="oc-242">
         <name>.debug_info</name>
         <load_address>0x10fa3</load_address>
         <run_address>0x10fa3</run_address>
         <size>0x184</size>
         <input_file_ref idref="fl-cd"/>
      </object_component>
      <object_component id="oc-3a5">
         <name>.debug_info</name>
         <load_address>0x11127</load_address>
         <run_address>0x11127</run_address>
         <size>0x120</size>
         <input_file_ref idref="fl-cd"/>
      </object_component>
      <object_component id="oc-3aa">
         <name>.debug_info</name>
         <load_address>0x11247</load_address>
         <run_address>0x11247</run_address>
         <size>0x2c</size>
         <input_file_ref idref="fl-cd"/>
      </object_component>
      <object_component id="oc-23">
         <name>.debug_info</name>
         <load_address>0x11273</load_address>
         <run_address>0x11273</run_address>
         <size>0x100</size>
         <input_file_ref idref="fl-ce"/>
      </object_component>
      <object_component id="oc-54">
         <name>.debug_info</name>
         <load_address>0x11373</load_address>
         <run_address>0x11373</run_address>
         <size>0x1a4</size>
         <input_file_ref idref="fl-ce"/>
      </object_component>
      <object_component id="oc-88">
         <name>.debug_info</name>
         <load_address>0x11517</load_address>
         <run_address>0x11517</run_address>
         <size>0x13f</size>
         <input_file_ref idref="fl-cf"/>
      </object_component>
      <object_component id="oc-35">
         <name>.debug_info</name>
         <load_address>0x11656</load_address>
         <run_address>0x11656</run_address>
         <size>0x111</size>
         <input_file_ref idref="fl-d0"/>
      </object_component>
      <object_component id="oc-203">
         <name>.debug_info</name>
         <load_address>0x11767</load_address>
         <run_address>0x11767</run_address>
         <size>0x547</size>
         <input_file_ref idref="fl-d1"/>
      </object_component>
      <object_component id="oc-138">
         <name>.debug_info</name>
         <load_address>0x11cae</load_address>
         <run_address>0x11cae</run_address>
         <size>0x19b</size>
         <input_file_ref idref="fl-d1"/>
      </object_component>
      <object_component id="oc-2dd">
         <name>.debug_info</name>
         <load_address>0x11e49</load_address>
         <run_address>0x11e49</run_address>
         <size>0x39</size>
         <input_file_ref idref="fl-d1"/>
      </object_component>
      <object_component id="oc-384">
         <name>.debug_info</name>
         <load_address>0x11e82</load_address>
         <run_address>0x11e82</run_address>
         <size>0x39</size>
         <input_file_ref idref="fl-d1"/>
      </object_component>
      <object_component id="oc-2e2">
         <name>.debug_info</name>
         <load_address>0x11ebb</load_address>
         <run_address>0x11ebb</run_address>
         <size>0x39</size>
         <input_file_ref idref="fl-d1"/>
      </object_component>
      <object_component id="oc-2e7">
         <name>.debug_info</name>
         <load_address>0x11ef4</load_address>
         <run_address>0x11ef4</run_address>
         <size>0xcd</size>
         <input_file_ref idref="fl-d1"/>
      </object_component>
      <object_component id="oc-90">
         <name>.debug_info</name>
         <load_address>0x11fc1</load_address>
         <run_address>0x11fc1</run_address>
         <size>0x148</size>
         <input_file_ref idref="fl-d2"/>
      </object_component>
      <object_component id="oc-200">
         <name>.debug_info</name>
         <load_address>0x12109</load_address>
         <run_address>0x12109</run_address>
         <size>0x3a2</size>
         <input_file_ref idref="fl-d4"/>
      </object_component>
      <object_component id="oc-1fd">
         <name>.debug_info</name>
         <load_address>0x124ab</load_address>
         <run_address>0x124ab</run_address>
         <size>0x185</size>
         <input_file_ref idref="fl-d4"/>
      </object_component>
      <object_component id="oc-12c">
         <name>.debug_info</name>
         <load_address>0x12630</load_address>
         <run_address>0x12630</run_address>
         <size>0x117</size>
         <input_file_ref idref="fl-d4"/>
      </object_component>
      <object_component id="oc-133">
         <name>.debug_info</name>
[...]
         <object_component_ref idref="oc-174"/>
      </symbol>
      <symbol id="sm-496">
         <name>sprintf</name>
         <value>0x48ad</value>
         <object_component_ref idref="oc-105"/>
      </symbol>
      <symbol id="sm-4bc">
         <name>_stream</name>
         <value>0x20000c04</value>
         <object_component_ref idref="oc-2f8"/>
      </symbol>
      <symbol id="sm-4bd">
         <name>_device</name>
         <value>0x20000b8c</value>
         <object_component_ref idref="oc-39e"/>
      </symbol>
      <symbol id="sm-4be">
         <name>write</name>
         <value>0x4be5</value>
         <object_component_ref idref="oc-240"/>
      </symbol>
      <symbol id="sm-4d1">
         <name>__stack</name>
         <value>0x2000fe00</value>
         <object_component_ref idref="oc-22"/>
      </symbol>
      <symbol id="sm-4d2">
         <name>_c_int00_noargs</name>
         <value>0x49a1</value>
         <object_component_ref idref="oc-51"/>
      </symbol>
      <symbol id="sm-4e1">
         <name>__aeabi_memset</name>
         <value>0x3efb</value>
         <object_component_ref idref="oc-87"/>
      </symbol>
      <symbol id="sm-4e2">
         <name>memset</name>
         <value>0x3f01</value>
         <object_component_ref idref="oc-87"/>
      </symbol>
      <symbol id="sm-4e3">
         <name>__aeabi_memset8</name>
         <value>0x3efb</value>
         <object_component_ref idref="oc-87"/>
      </symbol>
      <symbol id="sm-4e4">
         <name>__aeabi_memset4</name>
         <value>0x3efb</value>
         <object_component_ref idref="oc-87"/>
      </symbol>
      <symbol id="sm-4e5">
         <name>__aeabi_memclr8</name>
         <value>0x3ef9</value>
         <object_component_ref idref="oc-87"/>
      </symbol>
      <symbol id="sm-4e6">
         <name>__aeabi_memclr4</name>
         <value>0x3ef9</value>
         <object_component_ref idref="oc-87"/>
      </symbol>
      <symbol id="sm-4e7">
         <name>__aeabi_memclr</name>
         <value>0x3ef9</value>
         <object_component_ref idref="oc-87"/>
      </symbol>
      <symbol id="sm-502">
         <name>memcpy</name>
         <value>0x3bc1</value>
         <object_component_ref idref="oc-33"/>
      </symbol>
      <symbol id="sm-503">
         <name>__aeabi_memcpy</name>
         <value>0x3bc1</value>
         <object_component_ref idref="oc-33"/>
      </symbol>
      <symbol id="sm-504">
         <name>__aeabi_memcpy8</name>
         <value>0x3bc1</value>
         <object_component_ref idref="oc-33"/>
      </symbol>
      <symbol id="sm-505">
         <name>__aeabi_memcpy4</name>
         <value>0x3bc1</value>
         <object_component_ref idref="oc-33"/>
      </symbol>
      <symbol id="sm-52d">
         <name>__TI_auto_init_nobinit_nopinit</name>
         <value>0x4825</value>
         <object_component_ref idref="oc-137"/>
      </symbol>
      <symbol id="sm-537">
         <name>_system_pre_init</name>
         <value>0x4d6f</value>
         <object_component_ref idref="oc-8d"/>
      </symbol>
      <symbol id="sm-55e">
         <name>C$$EXIT</name>
         <value>0x4d73</value>
         <object_component_ref idref="oc-12b"/>
      </symbol>
      <symbol id="sm-55f">
         <name>abort</name>
         <value>0x4d73</value>
         <object_component_ref idref="oc-12b"/>
      </symbol>
      <symbol id="sm-560">
         <name>__TI_dtors_ptr</name>
         <value>0x20000c90</value>
         <object_component_ref idref="oc-1fc"/>
      </symbol>
      <symbol id="sm-561">
         <name>__TI_cleanup_ptr</name>
         <value>0x20000c8c</value>
         <object_component_ref idref="oc-1fc"/>
      </symbol>
      <symbol id="sm-562">
         <name>__TI_enable_exit_profile_output</name>
         <value>0x20000c94</value>
         <object_component_ref idref="oc-1fc"/>
      </symbol>
      <symbol id="sm-563">
         <name>exit</name>
         <value>0x470d</value>
         <object_component_ref idref="oc-131"/>
      </symbol>
      <symbol id="sm-578">
         <name>_nop</name>
         <value>0x1ee3</value>
         <object_component_ref idref="oc-247"/>
      </symbol>
      <symbol id="sm-579">
         <name>_lock</name>
         <value>0x20000ca4</value>
         <object_component_ref idref="oc-1ab"/>
      </symbol>
      <symbol id="sm-57a">
         <name>_unlock</name>
         <value>0x20000ca8</value>
         <object_component_ref idref="oc-1ab"/>
      </symbol>
      <symbol id="sm-6df">
         <name>__TI_printfi</name>
         <value>0x1485</value>
         <object_component_ref idref="oc-1cf"/>
      </symbol>
      <symbol id="sm-6f6">
         <name>atoi</name>
         <value>0x46c1</value>
         <object_component_ref idref="oc-267"/>
      </symbol>
      <symbol id="sm-701">
         <name>_ctypes_</name>
         <value>0x5473</value>
         <object_component_ref idref="oc-302"/>
      </symbol>
      <symbol id="sm-71f">
         <name>fputs</name>
         <value>0x359d</value>
         <object_component_ref idref="oc-2ee"/>
      </symbol>
      <symbol id="sm-72e">
         <name>ltoa</name>
         <value>0x45cf</value>
         <object_component_ref idref="oc-322"/>
      </symbol>
      <symbol id="sm-73e">
         <name>memccpy</name>
         <value>0x4c2d</value>
         <object_component_ref idref="oc-290"/>
      </symbol>
      <symbol id="sm-74e">
         <name>memchr</name>
         <value>0x4c0d</value>
         <object_component_ref idref="oc-396"/>
      </symbol>
      <symbol id="sm-75e">
         <name>strchr</name>
         <value>0x4c79</value>
         <object_component_ref idref="oc-359"/>
      </symbol>
      <symbol id="sm-76c">
         <name>strlen</name>
         <value>0x4ccd</value>
         <object_component_ref idref="oc-261"/>
      </symbol>
      <symbol id="sm-77d">
         <name>HOSTclose</name>
         <value>0x479d</value>
         <object_component_ref idref="oc-405"/>
      </symbol>
      <symbol id="sm-78e">
         <name>HOSTlseek</name>
         <value>0x4141</value>
         <object_component_ref idref="oc-417"/>
      </symbol>
      <symbol id="sm-7a0">
         <name>parmbuf</name>
         <value>0x20000a6c</value>
      </symbol>
      <symbol id="sm-7a1">
         <name>HOSTopen</name>
         <value>0x440d</value>
         <object_component_ref idref="oc-3ff"/>
      </symbol>
      <symbol id="sm-7b2">
         <name>HOSTread</name>
         <value>0x44c9</value>
         <object_component_ref idref="oc-40b"/>
      </symbol>
      <symbol id="sm-7c3">
         <name>HOSTrename</name>
         <value>0x41a9</value>
         <object_component_ref idref="oc-423"/>
      </symbol>
      <symbol id="sm-7d4">
         <name>HOSTunlink</name>
         <value>0x47e1</value>
         <object_component_ref idref="oc-41d"/>
      </symbol>
      <symbol id="sm-7e5">
         <name>HOSTwrite</name>
         <value>0x4521</value>
         <object_component_ref idref="oc-411"/>
      </symbol>
      <symbol id="sm-809">
         <name>__TI_readmsg</name>
         <value>0x4a7d</value>
         <object_component_ref idref="oc-467"/>
      </symbol>
      <symbol id="sm-80a">
         <name>C$$IO$$</name>
         <value>0x4997</value>
         <object_component_ref idref="oc-461"/>
      </symbol>
      <symbol id="sm-80b">
         <name>__CIOBUF_</name>
         <value>0x20000800</value>
         <object_component_ref idref="oc-4a7"/>
      </symbol>
      <symbol id="sm-80c">
         <name>__TI_writemsg</name>
         <value>0x4969</value>
         <object_component_ref idref="oc-461"/>
      </symbol>
      <symbol id="sm-822">
         <name>__aeabi_errno_addr</name>
         <value>0x4d59</value>
         <object_component_ref idref="oc-29c"/>
      </symbol>
      <symbol id="sm-823">
         <name>errno</name>
         <value>0x20000cac</value>
         <object_component_ref idref="oc-369"/>
      </symbol>
      <symbol id="sm-843">
         <name>frexpl</name>
         <value>0x42e1</value>
         <object_component_ref idref="oc-34d"/>
      </symbol>
      <symbol id="sm-844">
         <name>frexp</name>
         <value>0x42e1</value>
         <object_component_ref idref="oc-34d"/>
      </symbol>
      <symbol id="sm-861">
         <name>scalbn</name>
         <value>0x36b1</value>
         <object_component_ref idref="oc-353"/>
      </symbol>
      <symbol id="sm-862">
         <name>scalbnl</name>
         <value>0x36b1</value>
         <object_component_ref idref="oc-353"/>
      </symbol>
      <symbol id="sm-863">
         <name>ldexpl</name>
         <value>0x36b1</value>
         <object_component_ref idref="oc-353"/>
      </symbol>
      <symbol id="sm-864">
         <name>ldexp</name>
         <value>0x36b1</value>
         <object_component_ref idref="oc-353"/>
      </symbol>
      <symbol id="sm-87d">
         <name>wcslen</name>
         <value>0x4cf3</value>
         <object_component_ref idref="oc-296"/>
      </symbol>
      <symbol id="sm-887">
         <name>copysign</name>
         <value>0x4ca5</value>
         <object_component_ref idref="oc-3cf"/>
      </symbol>
      <symbol id="sm-888">
         <name>copysignl</name>
         <value>0x4ca5</value>
         <object_component_ref idref="oc-3cf"/>
      </symbol>
      <symbol id="sm-895">
         <name>__aeabi_uldivmod</name>
         <value>0x3c5d</value>
         <object_component_ref idref="oc-307"/>
      </symbol>
      <symbol id="sm-8ac">
         <name>__aeabi_dsub</name>
         <value>0x3051</value>
         <object_component_ref idref="oc-32d"/>
      </symbol>
      <symbol id="sm-8ad">
         <name>__aeabi_dadd</name>
         <value>0x305b</value>
         <object_component_ref idref="oc-32d"/>
      </symbol>
      <symbol id="sm-8cf">
         <name>__aeabi_cdcmpeq</name>
         <value>0x3cf3</value>
         <object_component_ref idref="oc-273"/>
      </symbol>
      <symbol id="sm-8d0">
         <name>__aeabi_cdcmple</name>
         <value>0x3cf3</value>
         <object_component_ref idref="oc-273"/>
      </symbol>
      <symbol id="sm-8d1">
         <name>__aeabi_cdrcmple</name>
         <value>0x3d79</value>
         <object_component_ref idref="oc-318"/>
      </symbol>
      <symbol id="sm-8e5">
         <name>__aeabi_ddiv</name>
         <value>0x3345</value>
         <object_component_ref idref="oc-313"/>
      </symbol>
      <symbol id="sm-8f0">
         <name>__aeabi_dmul</name>
         <value>0x37c1</value>
         <object_component_ref idref="oc-30e"/>
      </symbol>
      <symbol id="sm-8fa">
         <name>__aeabi_d2iz</name>
         <value>0x4755</value>
         <object_component_ref idref="oc-31d"/>
      </symbol>
      <symbol id="sm-904">
         <name>__aeabi_i2d</name>
         <value>0x4b11</value>
         <object_component_ref idref="oc-328"/>
      </symbol>
      <symbol id="sm-91c">
         <name>__TI_wrt_ok</name>
         <value>0x43a9</value>
         <object_component_ref idref="oc-390"/>
      </symbol>
      <symbol id="sm-92e">
         <name>fseek</name>
         <value>0x4345</value>
         <object_component_ref idref="oc-3ed"/>
      </symbol>
      <symbol id="sm-93e">
         <name>lseek</name>
         <value>0x4b95</value>
         <object_component_ref idref="oc-43c"/>
      </symbol>
      <symbol id="sm-95a">
         <name>setvbuf</name>
         <value>0x38bd</value>
         <object_component_ref idref="oc-3f3"/>
      </symbol>
      <symbol id="sm-968">
         <name>strcpy</name>
         <value>0x4cb9</value>
         <object_component_ref idref="oc-47b"/>
      </symbol>
      <symbol id="sm-972">
         <name>__aeabi_idiv0</name>
         <value>0x3207</value>
         <object_component_ref idref="oc-3b6"/>
      </symbol>
      <symbol id="sm-973">
         <name>__aeabi_ldiv0</name>
         <value>0x3207</value>
         <object_component_ref idref="oc-3b6"/>
      </symbol>
      <symbol id="sm-9ee">
         <name>_sys_memory</name>
         <value>0x20000000</value>
         <object_component_ref idref="oc-25"/>
      </symbol>
      <symbol id="sm-9ef">
         <name>free</name>
         <value>0x3999</value>
         <object_component_ref idref="oc-444"/>
      </symbol>
      <symbol id="sm-9f0">
         <name>malloc</name>
         <value>0x3f75</value>
         <object_component_ref idref="oc-44a"/>
      </symbol>
      <symbol id="sm-9f1">
         <name>minit</name>
         <value>0x49d9</value>
         <object_component_ref idref="oc-487"/>
      </symbol>
      <symbol id="sm-a01">
         <name>__TI_cleanup</name>
         <value>0x4a49</value>
         <object_component_ref idref="oc-450"/>
      </symbol>
      <symbol id="sm-a17">
         <name>__TI_closefile</name>
         <value>0x3fed</value>
         <object_component_ref idref="oc-49e"/>
      </symbol>
      <symbol id="sm-a3a">
         <name>finddevice</name>
         <value>0x4ae1</value>
         <object_component_ref idref="oc-4ed"/>
      </symbol>
      <symbol id="sm-a3b">
         <name>getdevice</name>
         <value>0x4869</value>
         <object_component_ref idref="oc-4db"/>
      </symbol>
      <symbol id="sm-a4b">
         <name>strcmp</name>
         <value>0x4c61</value>
         <object_component_ref idref="oc-4fe"/>
      </symbol>
      <symbol id="sm-a5b">
         <name>strncpy</name>
         <value>0x4a11</value>
         <object_component_ref idref="oc-4e7"/>
      </symbol>
      <symbol id="sm-a6b">
         <name>unlink</name>
         <value>0x4b41</value>
         <object_component_ref idref="oc-4ca"/>
      </symbol>
      <symbol id="sm-a7f">
         <name>close</name>
         <value>0x446d</value>
         <object_component_ref idref="oc-4c4"/>
      </symbol>
      <symbol id="sm-a80">
         <name>__TI_static_base__</name>
         <value>0x0</value>
      </symbol>
      <symbol id="sm-a83">
         <name>__mpu_init</name>
         <value>0x0</value>
      </symbol>
      <symbol id="sm-a84">
         <name>_system_post_cinit</name>
         <value>0x0</value>
      </symbol>
      <symbol id="sm-a85">
         <name>NMI_Handler</name>
         <value>0x4d3f</value>
      </symbol>
      <symbol id="sm-a86">
         <name>HardFault_Handler</name>
         <value>0x4d3f</value>
      </symbol>
      <symbol id="sm-a87">
         <name>MemManage_Handler</name>
         <value>0x4d3f</value>
      </symbol>
      <symbol id="sm-a88">
         <name>BusFault_Handler</name>
         <value>0x4d3f</value>
      </symbol>
      <symbol id="sm-a89">
         <name>UsageFault_Handler</name>
         <value>0x4d3f</value>
      </symbol>
      <symbol id="sm-a8a">
         <name>SVC_Handler</name>
         <value>0x4d3f</value>
      </symbol>
      <symbol id="sm-a8b">
         <name>DebugMon_Handler</name>
         <value>0x4d3f</value>
      </symbol>
      <symbol id="sm-a8c">
         <name>PendSV_Handler</name>
         <value>0x4d3f</value>
      </symbol>
      <symbol id="sm-a8d">
         <name>SysTick_Handler</name>
         <value>0x4d3f</value>
      </symbol>
      <symbol id="sm-a8e">
         <name>PSS_IRQHandler</name>
         <value>0x4d3f</value>
      </symbol>
      <symbol id="sm-a8f">
         <name>CS_IRQHandler</name>
         <value>0x4d3f</value>
      </symbol>
      <symbol id="sm-a90">
         <name>PCM_IRQHandler</name>
         <value>0x4d3f</value>
      </symbol>
      <symbol id="sm-a91">
         <name>WDT_A_IRQHandler</name>
         <value>0x4d3f</value>
      </symbol>
      <symbol id="sm-a92">
         <name>FPU_IRQHandler</name>
         <value>0x4d3f</value>
      </symbol>
      <symbol id="sm-a93">
         <name>FLCTL_IRQHandler</name>
         <value>0x4d3f</value>
      </symbol>
      <symbol id="sm-a94">
         <name>COMP_E0_IRQHandler</name>
         <value>0x4d3f</value>
      </symbol>
      <symbol id="sm-a95">
         <name>COMP_E1_IRQHandler</name>
         <value>0x4d3f</value>
      </symbol>
      <symbol id="sm-a96">
         <name>TA0_0_IRQHandler</name>
         <value>0x4d3f</value>
      </symbol>
      <symbol id="sm-a97">
         <name>TA0_N_IRQHandler</name>
         <value>0x4d3f</value>
      </symbol>
      <symbol id="sm-a98">
         <name>TA1_0_IRQHandler</name>
         <value>0x4d3f</value>
      </symbol>
      <symbol id="sm-a99">
         <name>TA1_N_IRQHandler</name>
         <value>0x4d3f</value>
      </symbol>
      <symbol id="sm-a9a">
         <name>TA2_0_IRQHandler</name>
         <value>0x4d3f</value>
      </symbol>
      <symbol id="sm-a9b">
         <name>TA2_N_IRQHandler</name>
         <value>0x4d3f</value>
      </symbol>
      <symbol id="sm-a9c">
         <name>TA3_0_IRQHandler</name>
         <value>0x4d3f</value>
      </symbol>
      <symbol id="sm-a9d">
         <name>TA3_N_IRQHandler</name>
         <value>0x4d3f</value>
      </symbol>
      <symbol id="sm-a9e">
         <name>EUSCIA0_IRQHandler</name>
         <value>0x4d3f</value>
      </symbol>
      <symbol id="sm-a9f">
         <name>EUSCIA1_IRQHandler</name>
         <value>0x4d3f</value>
      </symbol>
      <symbol id="sm-aa0">
         <name>EUSCIA2_IRQHandler</name>
         <value>0x4d3f</value>
      </symbol>
      <symbol id="sm-aa1">
         <name>EUSCIA3_IRQHandler</name>
         <value>0x4d3f</value>
      </symbol>
      <symbol id="sm-aa2">
         <name>EUSCIB0_IRQHandler</name>
         <value>0x4d3f</value>
      </symbol>
      <symbol id="sm-aa3">
         <name>EUSCIB1_IRQHandler</name>
         <value>0x4d3f</value>
      </symbol>
      <symbol id="sm-aa4">
         <name>EUSCIB2_IRQHandler</name>
         <value>0x4d3f</value>
      </symbol>
      <symbol id="sm-aa5">
         <name>EUSCIB3_IRQHandler</name>
         <value>0x4d3f</value>
      </symbol>
      <symbol id="sm-aa6">
         <name>ADC14_IRQHandler</name>
         <value>0x4d3f</value>
      </symbol>
      <symbol id="sm-aa7">
         <name>T32_INT1_IRQHandler</name>
         <value>0x4d3f</value>
      </symbol>
      <symbol id="sm-aa8">
         <name>T32_INT2_IRQHandler</name>
         <value>0x4d3f</value>
      </symbol>
      <symbol id="sm-aa9">
         <name>T32_INTC_IRQHandler</name>
         <value>0x4d3f</value>
      </symbol>
      <symbol id="sm-aaa">
         <name>AES256_IRQHandler</name>
         <value>0x4d3f</value>
      </symbol>
      <symbol id="sm-aab">
         <name>RTC_C_IRQHandler</name>
         <value>0x4d3f</value>
      </symbol>
      <symbol id="sm-aac">
         <name>DMA_ERR_IRQHandler</name>
         <value>0x4d3f</value>
      </symbol>
      <symbol id="sm-aad">
         <name>DMA_INT3_IRQHandler</name>
         <value>0x4d3f</value>
      </symbol>
      <symbol id="sm-aae">
         <name>DMA_INT2_IRQHandler</name>
         <value>0x4d3f</value>
      </symbol>
      <symbol id="sm-aaf">
         <name>DMA_INT1_IRQHandler</name>
         <value>0x4d3f</value>
      </symbol>
      <symbol id="sm-ab0">
         <name>DMA_INT0_IRQHandler</name>
         <value>0x4d3f</value>
      </symbol>
      <symbol id="sm-ab1">
         <name>PORT1_IRQHandler</name>
         <value>0x4d3f</value>
      </symbol>
      <symbol id="sm-ab2">
         <name>PORT2_IRQHandler</name>
         <value>0x4d3f</value>
      </symbol>
      <symbol id="sm-ab3">
         <name>PORT3_IRQHandler</name>
         <value>0x4d3f</value>
      </symbol>
      <symbol id="sm-ab4">
         <name>PORT4_IRQHandler</name>
         <value>0x4d3f</value>
      </symbol>
      <symbol id="sm-ab5">
         <name>PORT5_IRQHandler</name>
         <value>0x4d3f</value>
      </symbol>
      <symbol id="sm-ab6">
         <name>PORT6_IRQHandler</name>
         <value>0x4d3f</value>
      </symbol>
      <symbol id="sm-ab7">
         <name>remove</name>
         <value>0x4b41</value>
      </symbol>
   </symbol_table>
   <title>Link successful</title>
</link_info>
