******************************************************************************
                  TI ARM Linker PC v18.1.3                     
******************************************************************************
>> Linked Mon Dec  3 20:58:11 2018

OUTPUT FILE NAME:   <EGR326_Final_Project.out>
ENTRY POINT SYMBOL: "_c_int00_noargs"  address: 00005189


MEMORY CONFIGURATION

         name            origin    length      used     unused   attr    fill
----------------------  --------  ---------  --------  --------  ----  --------
  MAIN                  00000000   00040000  00005f74  0003a08c  R  X
  INFO                  00200000   00004000  00000000  00004000  R  X
  SRAM_CODE             01000000   00010000  00000000  00010000  RW X
  SRAM_DATA             20000000   00010000  00001ee9  0000e117  RW  


SEGMENT ALLOCATION MAP

run origin  load origin   length   init length attrs members
----------  ----------- ---------- ----------- ----- -------
00000000    00000000    00005f78   00005f78    r-x
  00000000    00000000    000000e4   000000e4    r-- .intvecs
  000000e4    000000e4    000054ce   000054ce    r-x .text
  000055b4    000055b4    000008fa   000008fa    r-- .const
  00005eb0    00005eb0    000000c8   000000c8    r-- .cinit
20000000    20000000    00001cee   00000000    rw-
  20000000    20000000    000012b3   00000000    rw- .bss
  200012b8    200012b8    00000800   00000000    rw- .sysmem
  20001ab8    20001ab8    00000236   00000000    rw- .data
2000fe00    2000fe00    00000200   00000000    rw-
  2000fe00    2000fe00    00000200   00000000    rw- .stack


SECTION ALLOCATION MAP

 output                                  attributes/
section   page    origin      length       input sections
--------  ----  ----------  ----------   ----------------
.intvecs   0    00000000    000000e4     
                  00000000    000000e4     startup_msp432p401r_ccs.obj (.intvecs:retain)

.text      0    000000e4    000054ce     
                  000000e4    000013a0     ST7735.obj (.text)
                  00001484    00000a5e     rtsv7M4_T_le_v4SPD16_eabi.lib : _printfi.c.obj (.text:__TI_printfi)
                  00001ee2    00000002                                   : _lock.c.obj (.text:_nop)
                  00001ee4    00000768     KEYPAD.obj (.text)
                  0000264c    000003f8     main.obj (.text)
                  00002a44    00000370     UART_Driver.obj (.text)
                  00002db4    00000328     system_msp432p401r.obj (.text)
                  000030dc    00000270     rtsv7M4_T_le_v4SPD16_eabi.lib : _printfi.c.obj (.text:_pconv_a)
                  0000334c    0000022c     RTC.obj (.text)
                  00003578    000001d0     rtsv7M4_T_le_v4SPD16_eabi.lib : _printfi.c.obj (.text:_pconv_g)
                  00003748    000001b6                                   : fd_add_t2.asm.obj (.text)
                  000038fe    00000002                                   : div0.asm.obj (.text)
                  00003900    0000013c                                   : _printfi.c.obj (.text:_pconv_e)
                  00003a3c    00000136                                   : fd_div_t2.asm.obj (.text)
                  00003b72    00000002     --HOLE-- [fill = 0]
                  00003b74    00000120                                   : _printfi.c.obj (.text:fcvt)
                  00003c94    00000114                                   : fputs.c.obj (.text:fputs)
                  00003da8    00000110                                   : s_scalbn.c.obj (.text:scalbn)
                  00003eb8    00000100     COMMONCLOCKS.obj (.text)
                  00003fb8    000000fc     rtsv7M4_T_le_v4SPD16_eabi.lib : fd_mul_t2.asm.obj (.text)
                  000040b4    000000dc                                   : setvbuf.c.obj (.text:setvbuf)
                  00004190    000000d8                                   : memory.c.obj (.text:free)
                  00004268    000000b1                                   : _printfi.c.obj (.text:_ltostr)
                  00004319    00000003     --HOLE-- [fill = 0]
                  0000431c    0000009c     msp432p4xx_driverlib.lib : cs.o (.text:CS_startHFXTWithTimeout)
                  000043b8    0000009c     rtsv7M4_T_le_v4SPD16_eabi.lib : memcpy_t2.asm.obj (.text)
                  00004454    00000096                                   : ull_div_t2.asm.obj (.text)
                  000044ea    00000086                                   : fd_cmp_t2.asm.obj (.text:__aeabi_cdcmple)
                  00004570    00000086                                   : fd_cmp_t2.asm.obj (.text:__aeabi_cdrcmple)
                  000045f6    00000002     --HOLE-- [fill = 0]
                  000045f8    0000007c                                   : fflush.c.obj (.text:fflush)
                  00004674    0000007a                                   : memset_t2.asm.obj (.text)
                  000046ee    00000002     --HOLE-- [fill = 0]
                  000046f0    00000078                                   : memory.c.obj (.text:malloc)
                  00004768    00000074                                   : fclose.c.obj (.text:__TI_closefile)
                  000047dc    00000070     msp432p4xx_driverlib.lib : cs.o (.text:_CSGetHFXTFrequency)
                  0000484c    0000006e     rtsv7M4_T_le_v4SPD16_eabi.lib : _printfi.c.obj (.text:_mcpy)
                  000048ba    0000006e                                   : fd_tos_t2.asm.obj (.text)
                  00004928    00000068                                   : hostlseek.c.obj (.text:HOSTlseek)
                  00004990    00000068                                   : hostrename.c.obj (.text:HOSTrename)
                  000049f8    00000068                                   : copy_decompress_lzss.c.obj (.text:decompress:lzss:__TI_decompress_lzss)
                  00004a60    00000068                                   : printf.c.obj (.text:printf)
                  00004ac8    00000064                                   : s_frexp.c.obj (.text:frexp)
                  00004b2c    00000064                                   : fseek.c.obj (.text:fseek)
                  00004b90    00000062                                   : _io_perm.c.obj (.text:__TI_wrt_ok)
                  00004bf2    00000002     --HOLE-- [fill = 0]
                  00004bf4    00000060                                   : hostopen.c.obj (.text:HOSTopen)
                  00004c54    0000005c                                   : close.c.obj (.text:close)
                  00004cb0    00000058                                   : hostread.c.obj (.text:HOSTread)
                  00004d08    00000058                                   : hostwrite.c.obj (.text:HOSTwrite)
                  00004d60    00000056                                   : _printfi.c.obj (.text:_pconv_f)
                  00004db6    00000054                                   : ltoa.c.obj (.text:ltoa)
                  00004e0a    00000052                                   : _printfi.c.obj (.text:_ecpy)
                  00004e5c    0000004c                                   : fflush.c.obj (.text:__TI_doflush)
                  00004ea8    0000004c                                   : atoi.c.obj (.text:atoi)
                  00004ef4    00000048                                   : exit.c.obj (.text:exit)
                  00004f3c    00000048                                   : fd_toi_t2.asm.obj (.text)
                  00004f84    00000044                                   : hostclose.c.obj (.text:HOSTclose)
                  00004fc8    00000044                                   : hostunlink.c.obj (.text:HOSTunlink)
                  0000500c    00000044                                   : autoinit.c.obj (.text:__TI_auto_init_nobinit_nopinit:__TI_auto_init_nobinit_nopinit)
                  00005050    00000044                                   : getdevice.c.obj (.text:getdevice)
                  00005094    00000040                                   : sprintf.c.obj (.text:sprintf)
                  000050d4    0000003e                                   : _printfi.c.obj (.text:_fcpy)
                  00005112    00000002     --HOLE-- [fill = 0]
                  00005114    0000003c                                   : memory.c.obj (.text:minsert)
                  00005150    00000038                                   : trgmsg.c.obj (.text:__TI_writemsg)
                  00005188    00000038                                   : boot_cortex_m.c.obj (.text:_c_int00_noargs:_c_int00_noargs)
                  000051c0    00000038                                   : memory.c.obj (.text:minit)
                  000051f8    00000038                                   : fs_tod_t2.asm.obj (.text)
                  00005230    00000036                                   : strncpy.c.obj (.text:strncpy)
                  00005266    00000002     --HOLE-- [fill = 0]
                  00005268    00000034                                   : fopen.c.obj (.text:__TI_cleanup)
                  0000529c    00000034                                   : trgmsg.c.obj (.text:__TI_readmsg)
                  000052d0    00000030     RTC.obj (.text:convertToBCD)
                  00005300    00000030     rtsv7M4_T_le_v4SPD16_eabi.lib : getdevice.c.obj (.text:finddevice)
                  00005330    0000002e                                   : i_tofd_t2.asm.obj (.text)
                  0000535e    00000002     --HOLE-- [fill = 0]
                  00005360    0000002c                                   : unlink.c.obj (.text:unlink)
                  0000538c    00000028     KEYPAD.obj (.text:convertFromBCD)
                  000053b4    00000028     rtsv7M4_T_le_v4SPD16_eabi.lib : lseek.c.obj (.text:lseek)
                  000053dc    00000028                                   : memory.c.obj (.text:mremove)
                  00005404    00000028                                   : write.c.obj (.text:write)
                  0000542c    00000020                                   : memchr.c.obj (.text:memchr)
                  0000544c    00000020                                   : u_tofd_t2.asm.obj (.text)
                  0000546c    0000001c                                   : memccpy.c.obj (.text:memccpy)
                  00005488    00000018                                   : sprintf.c.obj (.text:_outs)
                  000054a0    00000018                                   : strcmp.c.obj (.text:strcmp)
                  000054b8    00000016                                   : strchr.c.obj (.text:strchr)
                  000054ce    00000002     --HOLE-- [fill = 0]
                  000054d0    00000014     msp432p4xx_driverlib.lib : cs.o (.text:CS_setExternalClockSourceFrequency)
                  000054e4    00000014     rtsv7M4_T_le_v4SPD16_eabi.lib : s_copysign.c.obj (.text:copysign)
                  000054f8    00000014                                   : strcpy.c.obj (.text:strcpy)
                  0000550c    00000014                                   : strlen.c.obj (.text:strlen)
                  00005520    00000012                                   : wcslen.c.obj (.text:wcslen)
                  00005532    00000002     --HOLE-- [fill = 0]
                  00005534    00000010     msp432p4xx_driverlib.lib : sysctl.o (.text:SysCtl_disableNMISource)
                  00005544    00000010                              : sysctl.o (.text:SysCtl_enableNMISource)
                  00005554    0000000e     rtsv7M4_T_le_v4SPD16_eabi.lib : copy_decompress_none.c.obj (.text:decompress:none:__TI_decompress_none)
                  00005562    0000000e     startup_msp432p401r_ccs.obj (.text)
                  00005570    0000000c     msp432p4xx_driverlib.lib : sysctl.o (.text:SysCtl_getNMISourceStatus)
                  0000557c    0000000c     rtsv7M4_T_le_v4SPD16_eabi.lib : copy_zero_init.c.obj (.text:decompress:ZI:__TI_zero_init)
                  00005588    0000000a                                   : sprintf.c.obj (.text:_outc)
                  00005592    00000002     --HOLE-- [fill = 0]
                  00005594    00000008                                   : errno.c.obj (.text:__aeabi_errno_addr)
                  0000559c    00000006     msp432p4xx_driverlib.lib : cs.o (.text:CS_startHFXT)
                  000055a2    00000004     rtsv7M4_T_le_v4SPD16_eabi.lib : printf.c.obj (.text:_outc)
                  000055a6    00000004                                   : printf.c.obj (.text:_outs)
                  000055aa    00000004                                   : pre_init.c.obj (.text:_system_pre_init)
                  000055ae    00000004                                   : exit.c.obj (.text:abort:abort)

.const     0    000055b4    000008fa     
                  000055b4    000004fb     ST7735.obj (.const:.string:Font)
                  00005aaf    00000200     ST7735.obj (.const:.string:dBfs)
                  00005caf    00000101     rtsv7M4_T_le_v4SPD16_eabi.lib : ctype.c.obj (.const:.string:_ctypes_)
                  00005db0    00000067     ST7735.obj (.const:.string:Bcmd)
                  00005e17    0000003b     ST7735.obj (.const:.string:Rcmd1)
                  00005e52    0000002b     ST7735.obj (.const:.string:Rcmd3)
                  00005e7d    00000003     --HOLE-- [fill = 0]
                  00005e80    00000014     RTC.obj (.const:i2cConfig)
                  00005e94    0000000d     ST7735.obj (.const:.string:Rcmd2green)
                  00005ea1    0000000d     ST7735.obj (.const:.string:Rcmd2red)

.cinit     0    00005eb0    000000c8     
                  00005eb0    0000009d     (.cinit..data.load) [load image, compression = lzss]
                  00005f4d    00000003     --HOLE-- [fill = 0]
                  00005f50    0000000c     (__TI_handler_table)
                  00005f5c    00000004     --HOLE-- [fill = 0]
                  00005f60    00000008     (.cinit..bss.load) [load image, compression = zero_init]
                  00005f68    00000010     (__TI_cinit_table)

.init_array 
*          0    00000000    00000000     UNINITIALIZED

.bss       0    20000000    000012b3     UNINITIALIZED
                  20000000    00000800     (.common:UARTA0Data)
                  20000800    00000800     (.common:UARTA2Data)
                  20001000    00000120     rtsv7M4_T_le_v4SPD16_eabi.lib : trgmsg.c.obj (.bss:_CIOBUF_)
                  20001120    000000a0     (.common:__TI_tmpnams)
                  200011c0    0000001c     (.common:timeArr1)
                  200011dc    0000001c     (.common:timeArr2)
                  200011f8    0000001c     (.common:timeArr3)
                  20001214    0000001c     (.common:timeArr4)
                  20001230    0000001c     (.common:timeArr5)
                  2000124c    00000014     (.common:RTC_registers)
                  20001260    0000000c     (.common:Message)
                  2000126c    00000008     main.obj (.bss)
                  20001274    00000008     (.common:parmbuf)
                  2000127c    00000004     ST7735.obj (.bss)
                  20001280    00000004     (.common:Messageindex)
                  20001284    00000004     (.common:UARTA0ReadIndex)
                  20001288    00000004     (.common:UARTA0WriteIndex)
                  2000128c    00000004     (.common:UARTA2ReadIndex)
                  20001290    00000004     (.common:UARTA2WriteIndex)
                  20001294    00000004     (.common:X)
                  20001298    00000004     (.common:Ymax)
                  2000129c    00000004     (.common:Ymin)
                  200012a0    00000004     (.common:Yrange)
                  200012a4    00000004     (.common:hfxtFreq)
                  200012a8    00000004     (.common:lfxtFreq)
                  200012ac    00000001     (.common:bcdDate)
                  200012ad    00000001     (.common:bcdDay)
                  200012ae    00000001     (.common:bcdHour)
                  200012af    00000001     (.common:bcdMinute)
                  200012b0    00000001     (.common:bcdMonth)
                  200012b1    00000001     (.common:bcdSecond)
                  200012b2    00000001     (.common:bcdYear)

.sysmem    0    200012b8    00000800     UNINITIALIZED
                  200012b8    00000008     rtsv7M4_T_le_v4SPD16_eabi.lib : memory.c.obj (.sysmem)
                  200012c0    000007f8     --HOLE--

.data      0    20001ab8    00000236     UNINITIALIZED
                  20001ab8    000000f0     rtsv7M4_T_le_v4SPD16_eabi.lib : defs.c.obj (.data:_ftable)
                  20001ba8    00000078                                   : write.c.obj (.data:_device)
                  20001c20    00000050                                   : write.c.obj (.data:_stream)
                  20001c70    00000018     main.obj (.data)
                  20001c88    00000018     main.obj (.data:pwmConfig)
                  20001ca0    00000014     ST7735.obj (.data)
                  20001cb4    00000010     rtsv7M4_T_le_v4SPD16_eabi.lib : defs.c.obj (.data)
                  20001cc4    0000000c                                   : exit.c.obj (.data:$O1$$)
                  20001cd0    0000000c                                   : memory.c.obj (.data:$O1$$)
                  20001cdc    00000008                                   : _lock.c.obj (.data:$O1$$)
                  20001ce4    00000004                                   : errno.c.obj (.data)
                  20001ce8    00000004     system_msp432p401r.obj (.data)
                  20001cec    00000002     KEYPAD.obj (.data)

.stack     0    2000fe00    00000200     UNINITIALIZED
                  2000fe00    00000004     rtsv7M4_T_le_v4SPD16_eabi.lib : boot_cortex_m.c.obj (.stack)
                  2000fe04    000001fc     --HOLE--

MODULE SUMMARY

       Module                        code    ro data   rw data
       ------                        ----    -------   -------
    .\
       ST7735.obj                    5024    2018      56     
       UART_Driver.obj               880     0         4112   
       KEYPAD.obj                    1936    0         22     
       main.obj                      1016    0         196    
       system_msp432p401r.obj        808     0         4      
       RTC.obj                       604     20        7      
       COMMONCLOCKS.obj              256     0         0      
       startup_msp432p401r_ccs.obj   14      228       0      
    +--+-----------------------------+-------+---------+---------+
       Total:                        10538   2266      4397   
                                                              
    C:/ti/msp/MSP432Ware_3_50_00_02/driverlib/driverlib/MSP432P4xx/ccs/msp432p4xx_driverlib.lib
       cs.o                          294     0         8      
       sysctl.o                      44      0         0      
    +--+-----------------------------+-------+---------+---------+
       Total:                        338     0         8      
                                                              
    C:\ti\ccsv8\tools\compiler\ti-cgt-arm_18.1.3.LTS\lib\rtsv7M4_T_le_v4SPD16_eabi.lib
       _printfi.c.obj                4863    0         0      
       memory.c.obj                  492     0         12     
       fd_add_t2.asm.obj             438     0         0      
       defs.c.obj                    0       0         416    
       trgmsg.c.obj                  108     0         288    
       fd_div_t2.asm.obj             310     0         0      
       fputs.c.obj                   276     0         0      
       s_scalbn.c.obj                272     0         0      
       fd_cmp_t2.asm.obj             268     0         0      
       ctype.c.obj                   0       257       0      
       fd_mul_t2.asm.obj             252     0         0      
       write.c.obj                   40      0         200    
       setvbuf.c.obj                 220     0         0      
       fflush.c.obj                  200     0         0      
       memcpy_t2.asm.obj             156     0         0      
       ull_div_t2.asm.obj            150     0         0      
       memset_t2.asm.obj             122     0         0      
       fclose.c.obj                  116     0         0      
       getdevice.c.obj               116     0         0      
       printf.c.obj                  112     0         0      
       fd_tos_t2.asm.obj             110     0         0      
       copy_decompress_lzss.c.obj    104     0         0      
       hostlseek.c.obj               104     0         0      
       hostopen.c.obj                96      0         8      
       hostrename.c.obj              104     0         0      
       fseek.c.obj                   100     0         0      
       s_frexp.c.obj                 100     0         0      
       _io_perm.c.obj                98      0         0      
       sprintf.c.obj                 98      0         0      
       close.c.obj                   92      0         0      
       exit.c.obj                    76      0         12     
       hostread.c.obj                88      0         0      
       hostwrite.c.obj               88      0         0      
       ltoa.c.obj                    84      0         0      
       atoi.c.obj                    76      0         0      
       fd_toi_t2.asm.obj             72      0         0      
       autoinit.c.obj                68      0         0      
       hostclose.c.obj               68      0         0      
       hostunlink.c.obj              68      0         0      
       boot_cortex_m.c.obj           56      0         0      
       fs_tod_t2.asm.obj             56      0         0      
       strncpy.c.obj                 54      0         0      
       fopen.c.obj                   52      0         0      
       i_tofd_t2.asm.obj             46      0         0      
       unlink.c.obj                  44      0         0      
       lseek.c.obj                   40      0         0      
       memchr.c.obj                  32      0         0      
       u_tofd_t2.asm.obj             32      0         0      
       memccpy.c.obj                 28      0         0      
       strcmp.c.obj                  24      0         0      
       strchr.c.obj                  22      0         0      
       s_copysign.c.obj              20      0         0      
       strcpy.c.obj                  20      0         0      
       strlen.c.obj                  20      0         0      
       wcslen.c.obj                  18      0         0      
       copy_decompress_none.c.obj    14      0         0      
       copy_zero_init.c.obj          12      0         0      
       errno.c.obj                   8       0         4      
       _lock.c.obj                   2       0         8      
       pre_init.c.obj                4       0         0      
       div0.asm.obj                  2       0         0      
    +--+-----------------------------+-------+---------+---------+
       Total:                        10811   257       948    
                                                              
       Heap:                         0       0         2048   
       Stack:                        0       0         512    
       Linker Generated:             0       193       0      
    +--+-----------------------------+-------+---------+---------+
       Grand Total:                  21687   2716      7913   


LINKER GENERATED COPY TABLES

__TI_cinit_table @ 00005f68 records: 2, size/record: 8, table size: 16
	.data: load addr=00005eb0, load size=0000009d bytes, run addr=20001ab8, run size=00000236 bytes, compression=lzss
	.bss: load addr=00005f60, load size=00000008 bytes, run addr=20000000, run size=000012b3 bytes, compression=zero_init


LINKER GENERATED HANDLER TABLE

__TI_handler_table @ 00005f50 records: 3, size/record: 4, table size: 12
	index: 0, handler: __TI_decompress_lzss
	index: 1, handler: __TI_decompress_none
	index: 2, handler: __TI_zero_init


GLOBAL SYMBOLS: SORTED ALPHABETICALLY BY Name 

address   name                              
-------   ----                              
00002941  ADC14_IRQHandler                  
00002941  ADC14_IRQHandler                  
000027f3  ADC_Init                          
0000556f  AES256_IRQHandler                 
0000556f  BusFault_Handler                  
000055af  C$$EXIT                           
0000517f  C$$IO$$                           
00003f29  COMMONCLOCKS_initClocks           
00003eb9  COMMONCLOCKS_sysTick_Init         
00003ed5  COMMONCLOCKS_sysTick_delay_3MHZ   
00003eff  COMMONCLOCKS_sysTick_delay_48MHZ  
0000556f  COMP_E0_IRQHandler                
0000556f  COMP_E1_IRQHandler                
0000556f  CS_IRQHandler                     
000054d1  CS_setExternalClockSourceFrequency
0000559d  CS_startHFXT                      
0000431d  CS_startHFXTWithTimeout           
0000556f  DMA_ERR_IRQHandler                
0000556f  DMA_INT0_IRQHandler               
0000556f  DMA_INT1_IRQHandler               
0000556f  DMA_INT2_IRQHandler               
0000556f  DMA_INT3_IRQHandler               
0000556f  DebugMon_Handler                  
0000556f  Default_Handler                   
0000015b  Delay1ms                          
00002c99  EUSCIA0_IRQHandler                
00002c99  EUSCIA0_IRQHandler                
0000556f  EUSCIA1_IRQHandler                
00002d1d  EUSCIA2_IRQHandler                
00002d1d  EUSCIA2_IRQHandler                
0000556f  EUSCIA3_IRQHandler                
0000556f  EUSCIB0_IRQHandler                
0000556f  EUSCIB1_IRQHandler                
0000556f  EUSCIB2_IRQHandler                
0000556f  EUSCIB3_IRQHandler                
0000556f  FLCTL_IRQHandler                  
0000556f  FPU_IRQHandler                    
00004f85  HOSTclose                         
00004929  HOSTlseek                         
00004bf5  HOSTopen                          
00004cb1  HOSTread                          
00004991  HOSTrename                        
00004fc9  HOSTunlink                        
00004d09  HOSTwrite                         
0000556f  HardFault_Handler                 
00001f0d  KEYPAD_getKey                     
00001ee5  KEYPAD_port_Init                  
000020b7  KEYPAD_printDay                   
000021b1  KEYPAD_printTime                  
00002041  KEYPAD_promptUser                 
0000258f  KEYPAD_readFromSlave              
0000556f  MemManage_Handler                 
20001260  Message                           
20001280  Messageindex                      
0000556f  NMI_Handler                       
00001423  Output_Clear                      
0000143d  Output_Color                      
00001413  Output_Init                       
0000142d  Output_Off                        
00001435  Output_On                         
0000556f  PCM_IRQHandler                    
0000556f  PORT1_IRQHandler                  
0000556f  PORT2_IRQHandler                  
0000556f  PORT3_IRQHandler                  
0000556f  PORT4_IRQHandler                  
0000556f  PORT5_IRQHandler                  
0000556f  PORT6_IRQHandler                  
0000556f  PSS_IRQHandler                    
000028c9  PWM                               
00002915  PWM_Init                          
0000556f  PendSV_Handler                    
0000556f  RTC_C_IRQHandler                  
0000334d  RTC_iicInit                       
2000124c  RTC_registers                     
00003397  RTC_setTime                       
00003439  RTC_writeFromMaster               
00005563  Reset_Handler                     
0000073d  ST7735_Color565                   
000007a1  ST7735_DrawBitmap                 
00000b15  ST7735_DrawChar                   
0000099f  ST7735_DrawCharS                  
00000535  ST7735_DrawFastHLine              
00000477  ST7735_DrawFastVLine              
0000041d  ST7735_DrawPixel                  
00000c87  ST7735_DrawString                 
00000631  ST7735_FillRect                   
000005ed  ST7735_FillScreen                 
000002e9  ST7735_InitB                      
00000309  ST7735_InitR                      
00000ebb  ST7735_InvertDisplay              
000012f9  ST7735_OutChar                    
000013b5  ST7735_OutString                  
00000d75  ST7735_OutUDec                    
00001205  ST7735_PlotBar                    
00000ed3  ST7735_PlotClear                  
00000ff5  ST7735_PlotLine                   
000012a5  ST7735_PlotNext                   
000012bf  ST7735_PlotNextErase              
00000f2f  ST7735_PlotPoint                  
0000112f  ST7735_PlotPoints                 
0000125b  ST7735_PlotdBfs                   
00000d4f  ST7735_SetCursor                  
00000df1  ST7735_SetRotation                
000013d3  ST7735_SetTextColor               
00000771  ST7735_SwapColor                  
0000556f  SVC_Handler                       
20001ca8  StTextColor                       
20001ca0  StX                               
20001ca4  StY                               
00005535  SysCtl_disableNMISource           
00005545  SysCtl_enableNMISource            
00005571  SysCtl_getNMISourceStatus         
0000556f  SysTick_Handler                   
20001ce8  SystemCoreClock                   
00002db5  SystemCoreClockUpdate             
00003029  SystemInit                        
0000556f  T32_INT1_IRQHandler               
0000556f  T32_INT2_IRQHandler               
0000556f  T32_INTC_IRQHandler               
0000556f  TA0_0_IRQHandler                  
0000556f  TA0_N_IRQHandler                  
0000556f  TA1_0_IRQHandler                  
0000556f  TA1_N_IRQHandler                  
0000556f  TA2_0_IRQHandler                  
0000556f  TA2_N_IRQHandler                  
0000556f  TA3_0_IRQHandler                  
0000556f  TA3_N_IRQHandler                  
20000000  UARTA0Data                        
20001284  UARTA0ReadIndex                   
20001288  UARTA0WriteIndex                  
20000800  UARTA2Data                        
2000128c  UARTA2ReadIndex                   
20001290  UARTA2WriteIndex                  
00002c2d  UART_Available                    
00002c65  UART_Flush                        
00002a45  UART_Init                         
00002b35  UART_Read                         
00002af9  UART_Write                        
0000556f  UsageFault_Handler                
4000480c  WDTCTL_SYM                        
0000556f  WDT_A_IRQHandler                  
20001294  X                                 
20001298  Ymax                              
2000129c  Ymin                              
200012a0  Yrange                            
20001000  __CIOBUF_                         
20010000  __STACK_END                       
00000200  __STACK_SIZE                      
00000800  __SYSMEM_SIZE                     
00005f68  __TI_CINIT_Base                   
00005f78  __TI_CINIT_Limit                  
00005f50  __TI_Handler_Table_Base           
00005f5c  __TI_Handler_Table_Limit          
0000500d  __TI_auto_init_nobinit_nopinit    
00005269  __TI_cleanup                      
20001cc4  __TI_cleanup_ptr                  
00004769  __TI_closefile                    
000049f9  __TI_decompress_lzss              
00005555  __TI_decompress_none              
00004e5d  __TI_doflush                      
20001cc8  __TI_dtors_ptr                    
20001ccc  __TI_enable_exit_profile_output   
20001cb4  __TI_ft_end                       
ffffffff  __TI_pprof_out_hndl               
00001485  __TI_printfi                      
ffffffff  __TI_prof_data_size               
ffffffff  __TI_prof_data_start              
0000529d  __TI_readmsg                      
00000000  __TI_static_base__                
20001120  __TI_tmpnams                      
00005151  __TI_writemsg                     
00004b91  __TI_wrt_ok                       
0000557d  __TI_zero_init                    
000044eb  __aeabi_cdcmpeq                   
000044eb  __aeabi_cdcmple                   
00004571  __aeabi_cdrcmple                  
000048bb  __aeabi_d2f                       
00004f3d  __aeabi_d2iz                      
00003753  __aeabi_dadd                      
00003a3d  __aeabi_ddiv                      
00003fb9  __aeabi_dmul                      
00003749  __aeabi_dsub                      
00005595  __aeabi_errno_addr                
000051f9  __aeabi_f2d                       
00005331  __aeabi_i2d                       
000038ff  __aeabi_idiv0                     
000038ff  __aeabi_ldiv0                     
00004675  __aeabi_memclr                    
00004675  __aeabi_memclr4                   
00004675  __aeabi_memclr8                   
000043b9  __aeabi_memcpy                    
000043b9  __aeabi_memcpy4                   
000043b9  __aeabi_memcpy8                   
00004677  __aeabi_memset                    
00004677  __aeabi_memset4                   
00004677  __aeabi_memset8                   
20001cc0  __aeabi_stderr                    
20001cb8  __aeabi_stdin                     
20001cbc  __aeabi_stdout                    
0000544d  __aeabi_ui2d                      
00004455  __aeabi_uldivmod                  
ffffffff  __binit__                         
ffffffff  __c_args__                        
UNDEFED   __mpu_init                        
2000fe00  __stack                           
00005189  _c_int00_noargs                   
00005caf  _ctypes_                          
20001ba8  _device                           
20001ab8  _ftable                           
20001cdc  _lock                             
00001ee3  _nop                              
20001c20  _stream                           
200012b8  _sys_memory                       
UNDEFED   _system_post_cinit                
000055ab  _system_pre_init                  
20001ce0  _unlock                           
000055af  abort                             
00004ea9  atoi                              
200012ac  bcdDate                           
200012ad  bcdDay                            
200012ae  bcdHour                           
200012af  bcdMinute                         
200012b0  bcdMonth                          
200012b1  bcdSecond                         
200012b2  bcdYear                           
20001c86  bgColor                           
ffffffff  binit                             
00004c55  close                             
0000538d  convertFromBCD                    
000052d1  convertToBCD                      
000054e5  copysign                          
000054e5  copysignl                         
00005aaf  dBfs                              
20001c80  dc                                
20001ce4  errno                             
00004ef5  exit                              
00001405  ferror                            
000045f9  fflush                            
000013f9  fgetc                             
00000d0d  fillmessage                       
00005301  finddevice                        
20001c74  firstRead                         
20001c7c  flag                              
000013e7  fputc                             
00003c95  fputs                             
00004191  free                              
00004ac9  frexp                             
00004ac9  frexpl                            
00004b2d  fseek                             
00005051  getdevice                         
00005e80  i2cConfig                         
00000000  interruptVectors                  
20001c78  key                               
20001cb0  lastj                             
00003da9  ldexp                             
00003da9  ldexpl                            
000053b5  lseek                             
00004db7  ltoa                              
0000264d  main                              
000046f1  malloc                            
0000546d  memccpy                           
0000542d  memchr                            
000043b9  memcpy                            
0000467d  memset                            
000051c1  minit                             
20001c70  msDelay                           
20001274  parmbuf                           
0000014d  parrotdelay                       
00004a61  printf                            
20001c88  pwmConfig                         
00005361  remove                            
00003da9  scalbn                            
00003da9  scalbnl                           
000040b5  setvbuf                           
00005095  sprintf                           
000054b9  strchr                            
000054a1  strcmp                            
000054f9  strcpy                            
0000550d  strlen                            
00005231  strncpy                           
20001cec  textColor                         
20001c84  textSize                          
200011c0  timeArr1                          
200011dc  timeArr2                          
200011f8  timeArr3                          
20001214  timeArr4                          
20001230  timeArr5                          
00005361  unlink                            
00005521  wcslen                            
00005405  write                             


GLOBAL SYMBOLS: SORTED BY Symbol Address 

address   name                              
-------   ----                              
00000000  __TI_static_base__                
00000000  interruptVectors                  
0000014d  parrotdelay                       
0000015b  Delay1ms                          
00000200  __STACK_SIZE                      
000002e9  ST7735_InitB                      
00000309  ST7735_InitR                      
0000041d  ST7735_DrawPixel                  
00000477  ST7735_DrawFastVLine              
00000535  ST7735_DrawFastHLine              
000005ed  ST7735_FillScreen                 
00000631  ST7735_FillRect                   
0000073d  ST7735_Color565                   
00000771  ST7735_SwapColor                  
000007a1  ST7735_DrawBitmap                 
00000800  __SYSMEM_SIZE                     
0000099f  ST7735_DrawCharS                  
00000b15  ST7735_DrawChar                   
00000c87  ST7735_DrawString                 
00000d0d  fillmessage                       
00000d4f  ST7735_SetCursor                  
00000d75  ST7735_OutUDec                    
00000df1  ST7735_SetRotation                
00000ebb  ST7735_InvertDisplay              
00000ed3  ST7735_PlotClear                  
00000f2f  ST7735_PlotPoint                  
00000ff5  ST7735_PlotLine                   
0000112f  ST7735_PlotPoints                 
00001205  ST7735_PlotBar                    
0000125b  ST7735_PlotdBfs                   
000012a5  ST7735_PlotNext                   
000012bf  ST7735_PlotNextErase              
000012f9  ST7735_OutChar                    
000013b5  ST7735_OutString                  
000013d3  ST7735_SetTextColor               
000013e7  fputc                             
000013f9  fgetc                             
00001405  ferror                            
00001413  Output_Init                       
00001423  Output_Clear                      
0000142d  Output_Off                        
00001435  Output_On                         
0000143d  Output_Color                      
00001485  __TI_printfi                      
00001ee3  _nop                              
00001ee5  KEYPAD_port_Init                  
00001f0d  KEYPAD_getKey                     
00002041  KEYPAD_promptUser                 
000020b7  KEYPAD_printDay                   
000021b1  KEYPAD_printTime                  
0000258f  KEYPAD_readFromSlave              
0000264d  main                              
000027f3  ADC_Init                          
000028c9  PWM                               
00002915  PWM_Init                          
00002941  ADC14_IRQHandler                  
00002941  ADC14_IRQHandler                  
00002a45  UART_Init                         
00002af9  UART_Write                        
00002b35  UART_Read                         
00002c2d  UART_Available                    
00002c65  UART_Flush                        
00002c99  EUSCIA0_IRQHandler                
00002c99  EUSCIA0_IRQHandler                
00002d1d  EUSCIA2_IRQHandler                
00002d1d  EUSCIA2_IRQHandler                
00002db5  SystemCoreClockUpdate             
00003029  SystemInit                        
0000334d  RTC_iicInit                       
00003397  RTC_setTime                       
00003439  RTC_writeFromMaster               
00003749  __aeabi_dsub                      
00003753  __aeabi_dadd                      
000038ff  __aeabi_idiv0                     
000038ff  __aeabi_ldiv0                     
00003a3d  __aeabi_ddiv                      
00003c95  fputs                             
00003da9  ldexp                             
00003da9  ldexpl                            
00003da9  scalbn                            
00003da9  scalbnl                           
00003eb9  COMMONCLOCKS_sysTick_Init         
00003ed5  COMMONCLOCKS_sysTick_delay_3MHZ   
00003eff  COMMONCLOCKS_sysTick_delay_48MHZ  
00003f29  COMMONCLOCKS_initClocks           
00003fb9  __aeabi_dmul                      
000040b5  setvbuf                           
00004191  free                              
0000431d  CS_startHFXTWithTimeout           
000043b9  __aeabi_memcpy                    
000043b9  __aeabi_memcpy4                   
000043b9  __aeabi_memcpy8                   
000043b9  memcpy                            
00004455  __aeabi_uldivmod                  
000044eb  __aeabi_cdcmpeq                   
000044eb  __aeabi_cdcmple                   
00004571  __aeabi_cdrcmple                  
000045f9  fflush                            
00004675  __aeabi_memclr                    
00004675  __aeabi_memclr4                   
00004675  __aeabi_memclr8                   
00004677  __aeabi_memset                    
00004677  __aeabi_memset4                   
00004677  __aeabi_memset8                   
0000467d  memset                            
000046f1  malloc                            
00004769  __TI_closefile                    
000048bb  __aeabi_d2f                       
00004929  HOSTlseek                         
00004991  HOSTrename                        
000049f9  __TI_decompress_lzss              
00004a61  printf                            
00004ac9  frexp                             
00004ac9  frexpl                            
00004b2d  fseek                             
00004b91  __TI_wrt_ok                       
00004bf5  HOSTopen                          
00004c55  close                             
00004cb1  HOSTread                          
00004d09  HOSTwrite                         
00004db7  ltoa                              
00004e5d  __TI_doflush                      
00004ea9  atoi                              
00004ef5  exit                              
00004f3d  __aeabi_d2iz                      
00004f85  HOSTclose                         
00004fc9  HOSTunlink                        
0000500d  __TI_auto_init_nobinit_nopinit    
00005051  getdevice                         
00005095  sprintf                           
00005151  __TI_writemsg                     
0000517f  C$$IO$$                           
00005189  _c_int00_noargs                   
000051c1  minit                             
000051f9  __aeabi_f2d                       
00005231  strncpy                           
00005269  __TI_cleanup                      
0000529d  __TI_readmsg                      
000052d1  convertToBCD                      
00005301  finddevice                        
00005331  __aeabi_i2d                       
00005361  remove                            
00005361  unlink                            
0000538d  convertFromBCD                    
000053b5  lseek                             
00005405  write                             
0000542d  memchr                            
0000544d  __aeabi_ui2d                      
0000546d  memccpy                           
000054a1  strcmp                            
000054b9  strchr                            
000054d1  CS_setExternalClockSourceFrequency
000054e5  copysign                          
000054e5  copysignl                         
000054f9  strcpy                            
0000550d  strlen                            
00005521  wcslen                            
00005535  SysCtl_disableNMISource           
00005545  SysCtl_enableNMISource            
00005555  __TI_decompress_none              
00005563  Reset_Handler                     
0000556f  AES256_IRQHandler                 
0000556f  BusFault_Handler                  
0000556f  COMP_E0_IRQHandler                
0000556f  COMP_E1_IRQHandler                
0000556f  CS_IRQHandler                     
0000556f  DMA_ERR_IRQHandler                
0000556f  DMA_INT0_IRQHandler               
0000556f  DMA_INT1_IRQHandler               
0000556f  DMA_INT2_IRQHandler               
0000556f  DMA_INT3_IRQHandler               
0000556f  DebugMon_Handler                  
0000556f  Default_Handler                   
0000556f  EUSCIA1_IRQHandler                
0000556f  EUSCIA3_IRQHandler                
0000556f  EUSCIB0_IRQHandler                
0000556f  EUSCIB1_IRQHandler                
0000556f  EUSCIB2_IRQHandler                
0000556f  EUSCIB3_IRQHandler                
0000556f  FLCTL_IRQHandler                  
0000556f  FPU_IRQHandler                    
0000556f  HardFault_Handler                 
0000556f  MemManage_Handler                 
0000556f  NMI_Handler                       
0000556f  PCM_IRQHandler                    
0000556f  PORT1_IRQHandler                  
0000556f  PORT2_IRQHandler                  
0000556f  PORT3_IRQHandler                  
0000556f  PORT4_IRQHandler                  
0000556f  PORT5_IRQHandler                  
0000556f  PORT6_IRQHandler                  
0000556f  PSS_IRQHandler                    
0000556f  PendSV_Handler                    
0000556f  RTC_C_IRQHandler                  
0000556f  SVC_Handler                       
0000556f  SysTick_Handler                   
0000556f  T32_INT1_IRQHandler               
0000556f  T32_INT2_IRQHandler               
0000556f  T32_INTC_IRQHandler               
0000556f  TA0_0_IRQHandler                  
0000556f  TA0_N_IRQHandler                  
0000556f  TA1_0_IRQHandler                  
0000556f  TA1_N_IRQHandler                  
0000556f  TA2_0_IRQHandler                  
0000556f  TA2_N_IRQHandler                  
0000556f  TA3_0_IRQHandler                  
0000556f  TA3_N_IRQHandler                  
0000556f  UsageFault_Handler                
0000556f  WDT_A_IRQHandler                  
00005571  SysCtl_getNMISourceStatus         
0000557d  __TI_zero_init                    
00005595  __aeabi_errno_addr                
0000559d  CS_startHFXT                      
000055ab  _system_pre_init                  
000055af  C$$EXIT                           
000055af  abort                             
00005aaf  dBfs                              
00005caf  _ctypes_                          
00005e80  i2cConfig                         
00005f50  __TI_Handler_Table_Base           
00005f5c  __TI_Handler_Table_Limit          
00005f68  __TI_CINIT_Base                   
00005f78  __TI_CINIT_Limit                  
20000000  UARTA0Data                        
20000800  UARTA2Data                        
20001000  __CIOBUF_                         
20001120  __TI_tmpnams                      
200011c0  timeArr1                          
200011dc  timeArr2                          
200011f8  timeArr3                          
20001214  timeArr4                          
20001230  timeArr5                          
2000124c  RTC_registers                     
20001260  Message                           
20001274  parmbuf                           
20001280  Messageindex                      
20001284  UARTA0ReadIndex                   
20001288  UARTA0WriteIndex                  
2000128c  UARTA2ReadIndex                   
20001290  UARTA2WriteIndex                  
20001294  X                                 
20001298  Ymax                              
2000129c  Ymin                              
200012a0  Yrange                            
200012ac  bcdDate                           
200012ad  bcdDay                            
200012ae  bcdHour                           
200012af  bcdMinute                         
200012b0  bcdMonth                          
200012b1  bcdSecond                         
200012b2  bcdYear                           
200012b8  _sys_memory                       
20001ab8  _ftable                           
20001ba8  _device                           
20001c20  _stream                           
20001c70  msDelay                           
20001c74  firstRead                         
20001c78  key                               
20001c7c  flag                              
20001c80  dc                                
20001c84  textSize                          
20001c86  bgColor                           
20001c88  pwmConfig                         
20001ca0  StX                               
20001ca4  StY                               
20001ca8  StTextColor                       
20001cb0  lastj                             
20001cb4  __TI_ft_end                       
20001cb8  __aeabi_stdin                     
20001cbc  __aeabi_stdout                    
20001cc0  __aeabi_stderr                    
20001cc4  __TI_cleanup_ptr                  
20001cc8  __TI_dtors_ptr                    
20001ccc  __TI_enable_exit_profile_output   
20001cdc  _lock                             
20001ce0  _unlock                           
20001ce4  errno                             
20001ce8  SystemCoreClock                   
20001cec  textColor                         
2000fe00  __stack                           
20010000  __STACK_END                       
4000480c  WDTCTL_SYM                        
ffffffff  __TI_pprof_out_hndl               
ffffffff  __TI_prof_data_size               
ffffffff  __TI_prof_data_start              
ffffffff  __binit__                         
ffffffff  __c_args__                        
ffffffff  binit                             
UNDEFED   __mpu_init                        
UNDEFED   _system_post_cinit                

[290 symbols]
