******************************************************************************
                  TI ARM Linker PC v18.1.3                     
******************************************************************************
>> Linked Fri Nov  9 12:12:30 2018

OUTPUT FILE NAME:   <EGR326_Final_Project.out>
ENTRY POINT SYMBOL: "_c_int00_noargs"  address: 00000c4d


MEMORY CONFIGURATION

         name            origin    length      used     unused   attr    fill
----------------------  --------  ---------  --------  --------  ----  --------
  MAIN                  00000000   00040000  00000da2  0003f25e  R  X
  INFO                  00200000   00004000  00000000  00004000  R  X
  SRAM_CODE             01000000   00010000  00000000  00010000  RW X
  SRAM_DATA             20000000   00010000  00000a34  0000f5cc  RW  


SEGMENT ALLOCATION MAP

run origin  load origin   length   init length attrs members
----------  ----------- ---------- ----------- ----- -------
00000000    00000000    00000da8   00000da8    r-x
  00000000    00000000    000000e4   000000e4    r-- .intvecs
  000000e4    000000e4    00000c76   00000c76    r-x .text
  00000d60    00000d60    00000048   00000048    r-- .cinit
20000000    20000000    00000834   00000000    rw-
  20000000    20000000    00000800   00000000    rw- .sysmem
  20000800    20000800    00000024   00000000    rw- .data
  20000824    20000824    00000010   00000000    rw- .bss
2000fe00    2000fe00    00000200   00000000    rw-
  2000fe00    2000fe00    00000200   00000000    rw- .stack


SECTION ALLOCATION MAP

 output                                  attributes/
section   page    origin      length       input sections
--------  ----  ----------  ----------   ----------------
.intvecs   0    00000000    000000e4     
                  00000000    000000e4     startup_msp432p401r_ccs.obj (.intvecs:retain)

.text      0    000000e4    00000c76     
                  000000e4    00000328     system_msp432p401r.obj (.text)
                  0000040c    00000154     main.obj (.text)
                  00000560    00000136     rtsv7M4_T_le_v4SPD16_eabi.lib : fd_div_t2.asm.obj (.text)
                  00000696    00000002     --HOLE-- [fill = 0]
                  00000698    00000100     COMMONCLOCKS.obj (.text)
                  00000798    000000fc     rtsv7M4_T_le_v4SPD16_eabi.lib : fd_mul_t2.asm.obj (.text)
                  00000894    000000f4     LIGHTSENSOR.obj (.text)
                  00000988    0000009c     msp432p4xx_driverlib.lib : cs.o (.text:CS_startHFXTWithTimeout)
                  00000a24    0000009c     rtsv7M4_T_le_v4SPD16_eabi.lib : memcpy_t2.asm.obj (.text)
                  00000ac0    00000070     msp432p4xx_driverlib.lib : cs.o (.text:_CSGetHFXTFrequency)
                  00000b30    0000006e     rtsv7M4_T_le_v4SPD16_eabi.lib : fd_tos_t2.asm.obj (.text)
                  00000b9e    00000068                                   : copy_decompress_lzss.c.obj (.text:decompress:lzss:__TI_decompress_lzss)
                  00000c06    00000002     --HOLE-- [fill = 0]
                  00000c08    00000044                                   : autoinit.c.obj (.text:__TI_auto_init_nobinit_nopinit:__TI_auto_init_nobinit_nopinit)
                  00000c4c    00000038                                   : boot_cortex_m.c.obj (.text:_c_int00_noargs:_c_int00_noargs)
                  00000c84    00000038                                   : fs_tod_t2.asm.obj (.text)
                  00000cbc    00000020                                   : u_tofd_t2.asm.obj (.text)
                  00000cdc    00000014     msp432p4xx_driverlib.lib : cs.o (.text:CS_setExternalClockSourceFrequency)
                  00000cf0    00000012     rtsv7M4_T_le_v4SPD16_eabi.lib : copy_zero_init.c.obj (.text:decompress:ZI:__TI_zero_init_nomemset:__TI_zero_init_nomemset)
                  00000d02    00000002     --HOLE-- [fill = 0]
                  00000d04    00000010     msp432p4xx_driverlib.lib : sysctl.o (.text:SysCtl_disableNMISource)
                  00000d14    00000010                              : sysctl.o (.text:SysCtl_enableNMISource)
                  00000d24    0000000e     rtsv7M4_T_le_v4SPD16_eabi.lib : copy_decompress_none.c.obj (.text:decompress:none:__TI_decompress_none)
                  00000d32    0000000e     startup_msp432p401r_ccs.obj (.text)
                  00000d40    0000000c     msp432p4xx_driverlib.lib : sysctl.o (.text:SysCtl_getNMISourceStatus)
                  00000d4c    00000006                              : cs.o (.text:CS_startHFXT)
                  00000d52    00000004     rtsv7M4_T_le_v4SPD16_eabi.lib : pre_init.c.obj (.text:_system_pre_init)
                  00000d56    00000004                                   : exit.c.obj (.text:abort:abort)

.cinit     0    00000d60    00000048     
                  00000d60    00000024     (.cinit..data.load) [load image, compression = lzss]
                  00000d84    0000000c     (__TI_handler_table)
                  00000d90    00000008     (.cinit..bss.load) [load image, compression = zero_init]
                  00000d98    00000010     (__TI_cinit_table)

.init_array 
*          0    00000000    00000000     UNINITIALIZED

.sysmem    0    20000000    00000800     UNINITIALIZED
                  20000000    00000008     rtsv7M4_T_le_v4SPD16_eabi.lib : memory.c.obj (.sysmem)
                  20000008    000007f8     --HOLE--

.data      0    20000800    00000024     UNINITIALIZED
                  20000800    00000018     main.obj (.data:pwmConfig)
                  20000818    00000008     main.obj (.data)
                  20000820    00000004     system_msp432p401r.obj (.data)

.bss       0    20000824    00000010     UNINITIALIZED
                  20000824    00000008     main.obj (.bss)
                  2000082c    00000004     (.common:hfxtFreq)
                  20000830    00000004     (.common:lfxtFreq)

.stack     0    2000fe00    00000200     UNINITIALIZED
                  2000fe00    00000004     rtsv7M4_T_le_v4SPD16_eabi.lib : boot_cortex_m.c.obj (.stack)
                  2000fe04    000001fc     --HOLE--

MODULE SUMMARY

       Module                        code   ro data   rw data
       ------                        ----   -------   -------
    .\
       system_msp432p401r.obj        808    0         4      
       main.obj                      340    0         40     
       COMMONCLOCKS.obj              256    0         0      
       LIGHTSENSOR.obj               244    0         0      
       startup_msp432p401r_ccs.obj   14     228       0      
    +--+-----------------------------+------+---------+---------+
       Total:                        1662   228       44     
                                                             
    C:/ti/msp/MSP432Ware_3_50_00_02/driverlib/driverlib/MSP432P4xx/ccs/msp432p4xx_driverlib.lib
       cs.o                          294    0         8      
       sysctl.o                      44     0         0      
    +--+-----------------------------+------+---------+---------+
       Total:                        338    0         8      
                                                             
    C:\ti\ccsv8\tools\compiler\ti-cgt-arm_18.1.3.LTS\lib\rtsv7M4_T_le_v4SPD16_eabi.lib
       fd_div_t2.asm.obj             310    0         0      
       fd_mul_t2.asm.obj             252    0         0      
       memcpy_t2.asm.obj             156    0         0      
       fd_tos_t2.asm.obj             110    0         0      
       copy_decompress_lzss.c.obj    104    0         0      
       autoinit.c.obj                68     0         0      
       boot_cortex_m.c.obj           56     0         0      
       fs_tod_t2.asm.obj             56     0         0      
       u_tofd_t2.asm.obj             32     0         0      
       copy_zero_init.c.obj          18     0         0      
       copy_decompress_none.c.obj    14     0         0      
       exit.c.obj                    4      0         0      
       pre_init.c.obj                4      0         0      
    +--+-----------------------------+------+---------+---------+
       Total:                        1184   0         0      
                                                             
       Heap:                         0      0         2048   
       Stack:                        0      0         512    
       Linker Generated:             0      72        0      
    +--+-----------------------------+------+---------+---------+
       Grand Total:                  3184   300       2612   


LINKER GENERATED COPY TABLES

__TI_cinit_table @ 00000d98 records: 2, size/record: 8, table size: 16
	.data: load addr=00000d60, load size=00000024 bytes, run addr=20000800, run size=00000024 bytes, compression=lzss
	.bss: load addr=00000d90, load size=00000008 bytes, run addr=20000824, run size=00000010 bytes, compression=zero_init


LINKER GENERATED HANDLER TABLE

__TI_handler_table @ 00000d84 records: 3, size/record: 4, table size: 12
	index: 0, handler: __TI_decompress_lzss
	index: 1, handler: __TI_decompress_none
	index: 2, handler: __TI_zero_init


GLOBAL SYMBOLS: SORTED ALPHABETICALLY BY Name 

address   name                              
-------   ----                              
00000445  ADC14_IRQHandler                  
00000445  ADC14_IRQHandler                  
00000d3f  AES256_IRQHandler                 
00000d3f  BusFault_Handler                  
00000d57  C$$EXIT                           
00000709  COMMONCLOCKS_initClocks           
00000699  COMMONCLOCKS_sysTick_Init         
000006b5  COMMONCLOCKS_sysTick_delay_3MHZ   
000006df  COMMONCLOCKS_sysTick_delay_48MHZ  
00000d3f  COMP_E0_IRQHandler                
00000d3f  COMP_E1_IRQHandler                
00000d3f  CS_IRQHandler                     
00000cdd  CS_setExternalClockSourceFrequency
00000d4d  CS_startHFXT                      
00000989  CS_startHFXTWithTimeout           
00000d3f  DMA_ERR_IRQHandler                
00000d3f  DMA_INT0_IRQHandler               
00000d3f  DMA_INT1_IRQHandler               
00000d3f  DMA_INT2_IRQHandler               
00000d3f  DMA_INT3_IRQHandler               
00000d3f  DebugMon_Handler                  
00000d3f  Default_Handler                   
00000d3f  EUSCIA0_IRQHandler                
00000d3f  EUSCIA1_IRQHandler                
00000d3f  EUSCIA2_IRQHandler                
00000d3f  EUSCIA3_IRQHandler                
00000d3f  EUSCIB0_IRQHandler                
00000d3f  EUSCIB1_IRQHandler                
00000d3f  EUSCIB2_IRQHandler                
00000d3f  EUSCIB3_IRQHandler                
00000d3f  FLCTL_IRQHandler                  
00000d3f  FPU_IRQHandler                    
00000d3f  HardFault_Handler                 
00000895  LIGHTSENSOR_ADC_Init              
00000d3f  MemManage_Handler                 
00000d3f  NMI_Handler                       
00000d3f  PCM_IRQHandler                    
00000d3f  PORT1_IRQHandler                  
00000d3f  PORT2_IRQHandler                  
00000d3f  PORT3_IRQHandler                  
00000d3f  PORT4_IRQHandler                  
00000d3f  PORT5_IRQHandler                  
00000d3f  PORT6_IRQHandler                  
00000d3f  PSS_IRQHandler                    
000004b5  PWM                               
00000501  PWM_Init                          
00000d3f  PendSV_Handler                    
00000d3f  RTC_C_IRQHandler                  
00000d33  Reset_Handler                     
00000d3f  SVC_Handler                       
00000d05  SysCtl_disableNMISource           
00000d15  SysCtl_enableNMISource            
00000d41  SysCtl_getNMISourceStatus         
00000d3f  SysTick_Handler                   
20000820  SystemCoreClock                   
000000e5  SystemCoreClockUpdate             
00000359  SystemInit                        
00000d3f  T32_INT1_IRQHandler               
00000d3f  T32_INT2_IRQHandler               
00000d3f  T32_INTC_IRQHandler               
00000d3f  TA0_0_IRQHandler                  
00000d3f  TA0_N_IRQHandler                  
00000d3f  TA1_0_IRQHandler                  
00000d3f  TA1_N_IRQHandler                  
00000d3f  TA2_0_IRQHandler                  
00000d3f  TA2_N_IRQHandler                  
00000d3f  TA3_0_IRQHandler                  
00000d3f  TA3_N_IRQHandler                  
00000d3f  UsageFault_Handler                
4000480c  WDTCTL_SYM                        
00000d3f  WDT_A_IRQHandler                  
20010000  __STACK_END                       
00000200  __STACK_SIZE                      
00000800  __SYSMEM_SIZE                     
00000d98  __TI_CINIT_Base                   
00000da8  __TI_CINIT_Limit                  
00000d84  __TI_Handler_Table_Base           
00000d90  __TI_Handler_Table_Limit          
00000c09  __TI_auto_init_nobinit_nopinit    
00000b9f  __TI_decompress_lzss              
00000d25  __TI_decompress_none              
ffffffff  __TI_pprof_out_hndl               
ffffffff  __TI_prof_data_size               
ffffffff  __TI_prof_data_start              
00000000  __TI_static_base__                
00000cf1  __TI_zero_init_nomemset           
00000b31  __aeabi_d2f                       
00000561  __aeabi_ddiv                      
00000799  __aeabi_dmul                      
00000c85  __aeabi_f2d                       
00000a25  __aeabi_memcpy                    
00000a25  __aeabi_memcpy4                   
00000a25  __aeabi_memcpy8                   
00000cbd  __aeabi_ui2d                      
ffffffff  __binit__                         
ffffffff  __c_args__                        
UNDEFED   __mpu_init                        
2000fe00  __stack                           
00000c4d  _c_int00_noargs                   
20000000  _sys_memory                       
UNDEFED   _system_post_cinit                
00000d53  _system_pre_init                  
00000d57  abort                             
ffffffff  binit                             
2000081c  dc                                
20000818  flag                              
00000000  interruptVectors                  
0000040d  main                              
00000a25  memcpy                            
20000800  pwmConfig                         


GLOBAL SYMBOLS: SORTED BY Symbol Address 

address   name                              
-------   ----                              
00000000  __TI_static_base__                
00000000  interruptVectors                  
000000e5  SystemCoreClockUpdate             
00000200  __STACK_SIZE                      
00000359  SystemInit                        
0000040d  main                              
00000445  ADC14_IRQHandler                  
00000445  ADC14_IRQHandler                  
000004b5  PWM                               
00000501  PWM_Init                          
00000561  __aeabi_ddiv                      
00000699  COMMONCLOCKS_sysTick_Init         
000006b5  COMMONCLOCKS_sysTick_delay_3MHZ   
000006df  COMMONCLOCKS_sysTick_delay_48MHZ  
00000709  COMMONCLOCKS_initClocks           
00000799  __aeabi_dmul                      
00000800  __SYSMEM_SIZE                     
00000895  LIGHTSENSOR_ADC_Init              
00000989  CS_startHFXTWithTimeout           
00000a25  __aeabi_memcpy                    
00000a25  __aeabi_memcpy4                   
00000a25  __aeabi_memcpy8                   
00000a25  memcpy                            
00000b31  __aeabi_d2f                       
00000b9f  __TI_decompress_lzss              
00000c09  __TI_auto_init_nobinit_nopinit    
00000c4d  _c_int00_noargs                   
00000c85  __aeabi_f2d                       
00000cbd  __aeabi_ui2d                      
00000cdd  CS_setExternalClockSourceFrequency
00000cf1  __TI_zero_init_nomemset           
00000d05  SysCtl_disableNMISource           
00000d15  SysCtl_enableNMISource            
00000d25  __TI_decompress_none              
00000d33  Reset_Handler                     
00000d3f  AES256_IRQHandler                 
00000d3f  BusFault_Handler                  
00000d3f  COMP_E0_IRQHandler                
00000d3f  COMP_E1_IRQHandler                
00000d3f  CS_IRQHandler                     
00000d3f  DMA_ERR_IRQHandler                
00000d3f  DMA_INT0_IRQHandler               
00000d3f  DMA_INT1_IRQHandler               
00000d3f  DMA_INT2_IRQHandler               
00000d3f  DMA_INT3_IRQHandler               
00000d3f  DebugMon_Handler                  
00000d3f  Default_Handler                   
00000d3f  EUSCIA0_IRQHandler                
00000d3f  EUSCIA1_IRQHandler                
00000d3f  EUSCIA2_IRQHandler                
00000d3f  EUSCIA3_IRQHandler                
00000d3f  EUSCIB0_IRQHandler                
00000d3f  EUSCIB1_IRQHandler                
00000d3f  EUSCIB2_IRQHandler                
00000d3f  EUSCIB3_IRQHandler                
00000d3f  FLCTL_IRQHandler                  
00000d3f  FPU_IRQHandler                    
00000d3f  HardFault_Handler                 
00000d3f  MemManage_Handler                 
00000d3f  NMI_Handler                       
00000d3f  PCM_IRQHandler                    
00000d3f  PORT1_IRQHandler                  
00000d3f  PORT2_IRQHandler                  
00000d3f  PORT3_IRQHandler                  
00000d3f  PORT4_IRQHandler                  
00000d3f  PORT5_IRQHandler                  
00000d3f  PORT6_IRQHandler                  
00000d3f  PSS_IRQHandler                    
00000d3f  PendSV_Handler                    
00000d3f  RTC_C_IRQHandler                  
00000d3f  SVC_Handler                       
00000d3f  SysTick_Handler                   
00000d3f  T32_INT1_IRQHandler               
00000d3f  T32_INT2_IRQHandler               
00000d3f  T32_INTC_IRQHandler               
00000d3f  TA0_0_IRQHandler                  
00000d3f  TA0_N_IRQHandler                  
00000d3f  TA1_0_IRQHandler                  
00000d3f  TA1_N_IRQHandler                  
00000d3f  TA2_0_IRQHandler                  
00000d3f  TA2_N_IRQHandler                  
00000d3f  TA3_0_IRQHandler                  
00000d3f  TA3_N_IRQHandler                  
00000d3f  UsageFault_Handler                
00000d3f  WDT_A_IRQHandler                  
00000d41  SysCtl_getNMISourceStatus         
00000d4d  CS_startHFXT                      
00000d53  _system_pre_init                  
00000d57  C$$EXIT                           
00000d57  abort                             
00000d84  __TI_Handler_Table_Base           
00000d90  __TI_Handler_Table_Limit          
00000d98  __TI_CINIT_Base                   
00000da8  __TI_CINIT_Limit                  
20000000  _sys_memory                       
20000800  pwmConfig                         
20000818  flag                              
2000081c  dc                                
20000820  SystemCoreClock                   
2000fe00  __stack                           
20010000  __STACK_END                       
4000480c  WDTCTL_SYM                        
ffffffff  __TI_pprof_out_hndl               
ffffffff  __TI_prof_data_size               
ffffffff  __TI_prof_data_start              
ffffffff  __binit__                         
ffffffff  __c_args__                        
ffffffff  binit                             
UNDEFED   __mpu_init                        
UNDEFED   _system_post_cinit                

[110 symbols]
