******************************************************************************
                  TI ARM Linker PC v18.1.3                     
******************************************************************************
>> Linked Fri Nov  9 13:23:23 2018

OUTPUT FILE NAME:   <EGR326_Final_Project.out>
ENTRY POINT SYMBOL: "_c_int00_noargs"  address: 00004b81


MEMORY CONFIGURATION

         name            origin    length      used     unused   attr    fill
----------------------  --------  ---------  --------  --------  ----  --------
  MAIN                  00000000   00040000  00005908  0003a6f8  R  X
  INFO                  00200000   00004000  00000000  00004000  R  X
  SRAM_CODE             01000000   00010000  00000000  00010000  RW X
  SRAM_DATA             20000000   00010000  00000eb2  0000f14e  RW  


SEGMENT ALLOCATION MAP

run origin  load origin   length   init length attrs members
----------  ----------- ---------- ----------- ----- -------
00000000    00000000    00005910   00005910    r-x
  00000000    00000000    000000e4   000000e4    r-- .intvecs
  000000e4    000000e4    00004e72   00004e72    r-x .text
  00004f58    00004f58    000008fa   000008fa    r-- .const
  00005858    00005858    000000b8   000000b8    r-- .cinit
20000000    20000000    00000cb2   00000000    rw-
  20000000    20000000    00000800   00000000    rw- .sysmem
  20000800    20000800    0000029c   00000000    rw- .bss
  20000a9c    20000a9c    00000216   00000000    rw- .data
2000fe00    2000fe00    00000200   00000000    rw-
  2000fe00    2000fe00    00000200   00000000    rw- .stack


SECTION ALLOCATION MAP

 output                                  attributes/
section   page    origin      length       input sections
--------  ----  ----------  ----------   ----------------
.intvecs   0    00000000    000000e4     
                  00000000    000000e4     startup_msp432p401r_ccs.obj (.intvecs:retain)

.text      0    000000e4    00004e72     
                  000000e4    000013a0     ST7735.obj (.text)
                  00001484    00000a5e     rtsv7M4_T_le_v4SPD16_eabi.lib : _printfi.c.obj (.text:__TI_printfi)
                  00001ee2    00000002                                   : _lock.c.obj (.text:_nop)
                  00001ee4    00000768     KEYPAD.obj (.text)
                  0000264c    00000328     system_msp432p401r.obj (.text)
                  00002974    00000270     rtsv7M4_T_le_v4SPD16_eabi.lib : _printfi.c.obj (.text:_pconv_a)
                  00002be4    0000022c     RTC.obj (.text)
                  00002e10    000001d0     rtsv7M4_T_le_v4SPD16_eabi.lib : _printfi.c.obj (.text:_pconv_g)
                  00002fe0    000001cc     main.obj (.text)
                  000031ac    000001b6     rtsv7M4_T_le_v4SPD16_eabi.lib : fd_add_t2.asm.obj (.text)
                  00003362    00000002                                   : div0.asm.obj (.text)
                  00003364    0000013c                                   : _printfi.c.obj (.text:_pconv_e)
                  000034a0    00000136                                   : fd_div_t2.asm.obj (.text)
                  000035d6    00000002     --HOLE-- [fill = 0]
                  000035d8    00000120                                   : _printfi.c.obj (.text:fcvt)
                  000036f8    00000114                                   : fputs.c.obj (.text:fputs)
                  0000380c    00000110                                   : s_scalbn.c.obj (.text:scalbn)
                  0000391c    00000100     COMMONCLOCKS.obj (.text)
                  00003a1c    000000fc     rtsv7M4_T_le_v4SPD16_eabi.lib : fd_mul_t2.asm.obj (.text)
                  00003b18    000000dc                                   : setvbuf.c.obj (.text:setvbuf)
                  00003bf4    000000d8                                   : memory.c.obj (.text:free)
                  00003ccc    000000b1                                   : _printfi.c.obj (.text:_ltostr)
                  00003d7d    00000003     --HOLE-- [fill = 0]
                  00003d80    0000009c     msp432p4xx_driverlib.lib : cs.o (.text:CS_startHFXTWithTimeout)
                  00003e1c    0000009c     rtsv7M4_T_le_v4SPD16_eabi.lib : memcpy_t2.asm.obj (.text)
                  00003eb8    00000096                                   : ull_div_t2.asm.obj (.text)
                  00003f4e    00000086                                   : fd_cmp_t2.asm.obj (.text:__aeabi_cdcmple)
                  00003fd4    00000086                                   : fd_cmp_t2.asm.obj (.text:__aeabi_cdrcmple)
                  0000405a    00000002     --HOLE-- [fill = 0]
                  0000405c    0000007c                                   : fflush.c.obj (.text:fflush)
                  000040d8    0000007a                                   : memset_t2.asm.obj (.text)
                  00004152    00000002     --HOLE-- [fill = 0]
                  00004154    00000078                                   : memory.c.obj (.text:malloc)
                  000041cc    00000074                                   : fclose.c.obj (.text:__TI_closefile)
                  00004240    00000070     msp432p4xx_driverlib.lib : cs.o (.text:_CSGetHFXTFrequency)
                  000042b0    0000006e     rtsv7M4_T_le_v4SPD16_eabi.lib : _printfi.c.obj (.text:_mcpy)
                  0000431e    00000002     --HOLE-- [fill = 0]
                  00004320    00000068                                   : hostlseek.c.obj (.text:HOSTlseek)
                  00004388    00000068                                   : hostrename.c.obj (.text:HOSTrename)
                  000043f0    00000068                                   : copy_decompress_lzss.c.obj (.text:decompress:lzss:__TI_decompress_lzss)
                  00004458    00000068                                   : printf.c.obj (.text:printf)
                  000044c0    00000064                                   : s_frexp.c.obj (.text:frexp)
                  00004524    00000064                                   : fseek.c.obj (.text:fseek)
                  00004588    00000062                                   : _io_perm.c.obj (.text:__TI_wrt_ok)
                  000045ea    00000002     --HOLE-- [fill = 0]
                  000045ec    00000060                                   : hostopen.c.obj (.text:HOSTopen)
                  0000464c    0000005c                                   : close.c.obj (.text:close)
                  000046a8    00000058                                   : hostread.c.obj (.text:HOSTread)
                  00004700    00000058                                   : hostwrite.c.obj (.text:HOSTwrite)
                  00004758    00000056                                   : _printfi.c.obj (.text:_pconv_f)
                  000047ae    00000054                                   : ltoa.c.obj (.text:ltoa)
                  00004802    00000052                                   : _printfi.c.obj (.text:_ecpy)
                  00004854    0000004c                                   : fflush.c.obj (.text:__TI_doflush)
                  000048a0    0000004c                                   : atoi.c.obj (.text:atoi)
                  000048ec    00000048                                   : exit.c.obj (.text:exit)
                  00004934    00000048                                   : fd_toi_t2.asm.obj (.text)
                  0000497c    00000044                                   : hostclose.c.obj (.text:HOSTclose)
                  000049c0    00000044                                   : hostunlink.c.obj (.text:HOSTunlink)
                  00004a04    00000044                                   : autoinit.c.obj (.text:__TI_auto_init_nobinit_nopinit:__TI_auto_init_nobinit_nopinit)
                  00004a48    00000044                                   : getdevice.c.obj (.text:getdevice)
                  00004a8c    00000040                                   : sprintf.c.obj (.text:sprintf)
                  00004acc    0000003e                                   : _printfi.c.obj (.text:_fcpy)
                  00004b0a    00000002     --HOLE-- [fill = 0]
                  00004b0c    0000003c                                   : memory.c.obj (.text:minsert)
                  00004b48    00000038                                   : trgmsg.c.obj (.text:__TI_writemsg)
                  00004b80    00000038                                   : boot_cortex_m.c.obj (.text:_c_int00_noargs:_c_int00_noargs)
                  00004bb8    00000038                                   : memory.c.obj (.text:minit)
                  00004bf0    00000036                                   : strncpy.c.obj (.text:strncpy)
                  00004c26    00000002     --HOLE-- [fill = 0]
                  00004c28    00000034                                   : fopen.c.obj (.text:__TI_cleanup)
                  00004c5c    00000034                                   : trgmsg.c.obj (.text:__TI_readmsg)
                  00004c90    00000030     RTC.obj (.text:convertToBCD)
                  00004cc0    00000030     rtsv7M4_T_le_v4SPD16_eabi.lib : getdevice.c.obj (.text:finddevice)
                  00004cf0    0000002e                                   : i_tofd_t2.asm.obj (.text)
                  00004d1e    00000002     --HOLE-- [fill = 0]
                  00004d20    0000002c                                   : unlink.c.obj (.text:unlink)
                  00004d4c    00000028     KEYPAD.obj (.text:convertFromBCD)
                  00004d74    00000028     rtsv7M4_T_le_v4SPD16_eabi.lib : lseek.c.obj (.text:lseek)
                  00004d9c    00000028                                   : memory.c.obj (.text:mremove)
                  00004dc4    00000028                                   : write.c.obj (.text:write)
                  00004dec    00000020                                   : memchr.c.obj (.text:memchr)
                  00004e0c    0000001c                                   : memccpy.c.obj (.text:memccpy)
                  00004e28    00000018                                   : sprintf.c.obj (.text:_outs)
                  00004e40    00000018                                   : strcmp.c.obj (.text:strcmp)
                  00004e58    00000016                                   : strchr.c.obj (.text:strchr)
                  00004e6e    00000002     --HOLE-- [fill = 0]
                  00004e70    00000014     msp432p4xx_driverlib.lib : cs.o (.text:CS_setExternalClockSourceFrequency)
                  00004e84    00000014     rtsv7M4_T_le_v4SPD16_eabi.lib : s_copysign.c.obj (.text:copysign)
                  00004e98    00000014                                   : strcpy.c.obj (.text:strcpy)
                  00004eac    00000014                                   : strlen.c.obj (.text:strlen)
                  00004ec0    00000012                                   : copy_zero_init.c.obj (.text:decompress:ZI:__TI_zero_init_nomemset:__TI_zero_init_nomemset)
                  00004ed2    00000012                                   : wcslen.c.obj (.text:wcslen)
                  00004ee4    00000010     msp432p4xx_driverlib.lib : sysctl.o (.text:SysCtl_disableNMISource)
                  00004ef4    00000010                              : sysctl.o (.text:SysCtl_enableNMISource)
                  00004f04    0000000e     rtsv7M4_T_le_v4SPD16_eabi.lib : copy_decompress_none.c.obj (.text:decompress:none:__TI_decompress_none)
                  00004f12    0000000e     startup_msp432p401r_ccs.obj (.text)
                  00004f20    0000000c     msp432p4xx_driverlib.lib : sysctl.o (.text:SysCtl_getNMISourceStatus)
                  00004f2c    0000000a     rtsv7M4_T_le_v4SPD16_eabi.lib : sprintf.c.obj (.text:_outc)
                  00004f36    00000002     --HOLE-- [fill = 0]
                  00004f38    00000008                                   : errno.c.obj (.text:__aeabi_errno_addr)
                  00004f40    00000006     msp432p4xx_driverlib.lib : cs.o (.text:CS_startHFXT)
                  00004f46    00000004     rtsv7M4_T_le_v4SPD16_eabi.lib : printf.c.obj (.text:_outc)
                  00004f4a    00000004                                   : printf.c.obj (.text:_outs)
                  00004f4e    00000004                                   : pre_init.c.obj (.text:_system_pre_init)
                  00004f52    00000004                                   : exit.c.obj (.text:abort:abort)

.const     0    00004f58    000008fa     
                  00004f58    000004fb     ST7735.obj (.const:.string:Font)
                  00005453    00000200     ST7735.obj (.const:.string:dBfs)
                  00005653    00000101     rtsv7M4_T_le_v4SPD16_eabi.lib : ctype.c.obj (.const:.string:_ctypes_)
                  00005754    00000067     ST7735.obj (.const:.string:Bcmd)
                  000057bb    0000003b     ST7735.obj (.const:.string:Rcmd1)
                  000057f6    0000002b     ST7735.obj (.const:.string:Rcmd3)
                  00005821    00000003     --HOLE-- [fill = 0]
                  00005824    00000014     RTC.obj (.const:i2cConfig)
                  00005838    0000000d     ST7735.obj (.const:.string:Rcmd2green)
                  00005845    0000000d     ST7735.obj (.const:.string:Rcmd2red)

.cinit     0    00005858    000000b8     
                  00005858    0000008f     (.cinit..data.load) [load image, compression = lzss]
                  000058e7    00000001     --HOLE-- [fill = 0]
                  000058e8    0000000c     (__TI_handler_table)
                  000058f4    00000004     --HOLE-- [fill = 0]
                  000058f8    00000008     (.cinit..bss.load) [load image, compression = zero_init]
                  00005900    00000010     (__TI_cinit_table)

.init_array 
*          0    00000000    00000000     UNINITIALIZED

.sysmem    0    20000000    00000800     UNINITIALIZED
                  20000000    00000008     rtsv7M4_T_le_v4SPD16_eabi.lib : memory.c.obj (.sysmem)
                  20000008    000007f8     --HOLE--

.bss       0    20000800    0000029c     UNINITIALIZED
                  20000800    00000120     rtsv7M4_T_le_v4SPD16_eabi.lib : trgmsg.c.obj (.bss:_CIOBUF_)
                  20000920    000000a0     (.common:__TI_tmpnams)
                  200009c0    0000001c     (.common:timeArr1)
                  200009dc    0000001c     (.common:timeArr2)
                  200009f8    0000001c     (.common:timeArr3)
                  20000a14    0000001c     (.common:timeArr4)
                  20000a30    0000001c     (.common:timeArr5)
                  20000a4c    00000014     (.common:RTC_registers)
                  20000a60    0000000c     (.common:Message)
                  20000a6c    00000008     (.common:parmbuf)
                  20000a74    00000004     ST7735.obj (.bss)
                  20000a78    00000004     (.common:Messageindex)
                  20000a7c    00000004     (.common:X)
                  20000a80    00000004     (.common:Ymax)
                  20000a84    00000004     (.common:Ymin)
                  20000a88    00000004     (.common:Yrange)
                  20000a8c    00000004     (.common:hfxtFreq)
                  20000a90    00000004     (.common:lfxtFreq)
                  20000a94    00000001     (.common:bcdDate)
                  20000a95    00000001     (.common:bcdDay)
                  20000a96    00000001     (.common:bcdHour)
                  20000a97    00000001     (.common:bcdMinute)
                  20000a98    00000001     (.common:bcdMonth)
                  20000a99    00000001     (.common:bcdSecond)
                  20000a9a    00000001     (.common:bcdYear)
                  20000a9b    00000001     (.common:key)

.data      0    20000a9c    00000216     UNINITIALIZED
                  20000a9c    000000f0     rtsv7M4_T_le_v4SPD16_eabi.lib : defs.c.obj (.data:_ftable)
                  20000b8c    00000078                                   : write.c.obj (.data:_device)
                  20000c04    00000050                                   : write.c.obj (.data:_stream)
                  20000c54    00000014     ST7735.obj (.data)
                  20000c68    00000010     main.obj (.data)
                  20000c78    00000010     rtsv7M4_T_le_v4SPD16_eabi.lib : defs.c.obj (.data)
                  20000c88    0000000c                                   : exit.c.obj (.data:$O1$$)
                  20000c94    0000000c                                   : memory.c.obj (.data:$O1$$)
                  20000ca0    00000008                                   : _lock.c.obj (.data:$O1$$)
                  20000ca8    00000004                                   : errno.c.obj (.data)
                  20000cac    00000004     system_msp432p401r.obj (.data)
                  20000cb0    00000002     KEYPAD.obj (.data)

.stack     0    2000fe00    00000200     UNINITIALIZED
                  2000fe00    00000004     rtsv7M4_T_le_v4SPD16_eabi.lib : boot_cortex_m.c.obj (.stack)
                  2000fe04    000001fc     --HOLE--

MODULE SUMMARY

       Module                        code    ro data   rw data
       ------                        ----    -------   -------
    .\
       ST7735.obj                    5024    2018      56     
       KEYPAD.obj                    1936    0         22     
       system_msp432p401r.obj        808     0         4      
       RTC.obj                       604     20        7      
       main.obj                      460     0         157    
       COMMONCLOCKS.obj              256     0         0      
       startup_msp432p401r_ccs.obj   14      228       0      
    +--+-----------------------------+-------+---------+---------+
       Total:                        9102    2266      246    
                                                              
    C:/ti/msp/MSP432Ware_3_50_00_02/driverlib/driverlib/MSP432P4xx/ccs/msp432p4xx_driverlib.lib
       cs.o                          294     0         8      
       sysctl.o                      44      0         0      
    +--+-----------------------------+-------+---------+---------+
       Total:                        338     0         8      
                                                              
    C:\ti\ccsv8\tools\compiler\ti-cgt-arm_18.1.3.LTS\lib\rtsv7M4_T_le_v4SPD16_eabi.lib
       _printfi.c.obj                4863    0         0      
       memory.c.obj                  492     0         12     
       fd_add_t2.asm.obj             438     0         0      
       defs.c.obj                    0       0         416    
       trgmsg.c.obj                  108     0         288    
       fd_div_t2.asm.obj             310     0         0      
       fputs.c.obj                   276     0         0      
       s_scalbn.c.obj                272     0         0      
       fd_cmp_t2.asm.obj             268     0         0      
       ctype.c.obj                   0       257       0      
       fd_mul_t2.asm.obj             252     0         0      
       write.c.obj                   40      0         200    
       setvbuf.c.obj                 220     0         0      
       fflush.c.obj                  200     0         0      
       memcpy_t2.asm.obj             156     0         0      
       ull_div_t2.asm.obj            150     0         0      
       memset_t2.asm.obj             122     0         0      
       fclose.c.obj                  116     0         0      
       getdevice.c.obj               116     0         0      
       printf.c.obj                  112     0         0      
       copy_decompress_lzss.c.obj    104     0         0      
       hostlseek.c.obj               104     0         0      
       hostopen.c.obj                96      0         8      
       hostrename.c.obj              104     0         0      
       fseek.c.obj                   100     0         0      
       s_frexp.c.obj                 100     0         0      
       _io_perm.c.obj                98      0         0      
       sprintf.c.obj                 98      0         0      
       close.c.obj                   92      0         0      
       exit.c.obj                    76      0         12     
       hostread.c.obj                88      0         0      
       hostwrite.c.obj               88      0         0      
       ltoa.c.obj                    84      0         0      
       atoi.c.obj                    76      0         0      
       fd_toi_t2.asm.obj             72      0         0      
       autoinit.c.obj                68      0         0      
       hostclose.c.obj               68      0         0      
       hostunlink.c.obj              68      0         0      
       boot_cortex_m.c.obj           56      0         0      
       strncpy.c.obj                 54      0         0      
       fopen.c.obj                   52      0         0      
       i_tofd_t2.asm.obj             46      0         0      
       unlink.c.obj                  44      0         0      
       lseek.c.obj                   40      0         0      
       memchr.c.obj                  32      0         0      
       memccpy.c.obj                 28      0         0      
       strcmp.c.obj                  24      0         0      
       strchr.c.obj                  22      0         0      
       s_copysign.c.obj              20      0         0      
       strcpy.c.obj                  20      0         0      
       strlen.c.obj                  20      0         0      
       copy_zero_init.c.obj          18      0         0      
       wcslen.c.obj                  18      0         0      
       copy_decompress_none.c.obj    14      0         0      
       errno.c.obj                   8       0         4      
       _lock.c.obj                   2       0         8      
       pre_init.c.obj                4       0         0      
       div0.asm.obj                  2       0         0      
    +--+-----------------------------+-------+---------+---------+
       Total:                        10619   257       948    
                                                              
       Heap:                         0       0         2048   
       Stack:                        0       0         512    
       Linker Generated:             0       179       0      
    +--+-----------------------------+-------+---------+---------+
       Grand Total:                  20059   2702      3762   


LINKER GENERATED COPY TABLES

__TI_cinit_table @ 00005900 records: 2, size/record: 8, table size: 16
	.data: load addr=00005858, load size=0000008f bytes, run addr=20000a9c, run size=00000216 bytes, compression=lzss
	.bss: load addr=000058f8, load size=00000008 bytes, run addr=20000800, run size=0000029c bytes, compression=zero_init


LINKER GENERATED HANDLER TABLE

__TI_handler_table @ 000058e8 records: 3, size/record: 4, table size: 12
	index: 0, handler: __TI_decompress_lzss
	index: 1, handler: __TI_decompress_none
	index: 2, handler: __TI_zero_init


GLOBAL SYMBOLS: SORTED ALPHABETICALLY BY Name 

address   name                              
-------   ----                              
00004f1f  ADC14_IRQHandler                  
00004f1f  AES256_IRQHandler                 
00004f1f  BusFault_Handler                  
00004f53  C$$EXIT                           
00004b77  C$$IO$$                           
0000398d  COMMONCLOCKS_initClocks           
0000391d  COMMONCLOCKS_sysTick_Init         
00003939  COMMONCLOCKS_sysTick_delay_3MHZ   
00003963  COMMONCLOCKS_sysTick_delay_48MHZ  
00004f1f  COMP_E0_IRQHandler                
00004f1f  COMP_E1_IRQHandler                
00004f1f  CS_IRQHandler                     
00004e71  CS_setExternalClockSourceFrequency
00004f41  CS_startHFXT                      
00003d81  CS_startHFXTWithTimeout           
00004f1f  DMA_ERR_IRQHandler                
00004f1f  DMA_INT0_IRQHandler               
00004f1f  DMA_INT1_IRQHandler               
00004f1f  DMA_INT2_IRQHandler               
00004f1f  DMA_INT3_IRQHandler               
00004f1f  DebugMon_Handler                  
00004f1f  Default_Handler                   
0000015b  Delay1ms                          
00004f1f  EUSCIA0_IRQHandler                
00004f1f  EUSCIA1_IRQHandler                
00004f1f  EUSCIA2_IRQHandler                
00004f1f  EUSCIA3_IRQHandler                
00004f1f  EUSCIB0_IRQHandler                
00004f1f  EUSCIB1_IRQHandler                
00004f1f  EUSCIB2_IRQHandler                
00004f1f  EUSCIB3_IRQHandler                
00004f1f  FLCTL_IRQHandler                  
00004f1f  FPU_IRQHandler                    
0000497d  HOSTclose                         
00004321  HOSTlseek                         
000045ed  HOSTopen                          
000046a9  HOSTread                          
00004389  HOSTrename                        
000049c1  HOSTunlink                        
00004701  HOSTwrite                         
00004f1f  HardFault_Handler                 
00001f0d  KEYPAD_getKey                     
00001ee5  KEYPAD_port_Init                  
000020b7  KEYPAD_printDay                   
000021b1  KEYPAD_printTime                  
00002041  KEYPAD_promptUser                 
0000258f  KEYPAD_readFromSlave              
00004f1f  MemManage_Handler                 
20000a60  Message                           
20000a78  Messageindex                      
00004f1f  NMI_Handler                       
00001423  Output_Clear                      
0000143d  Output_Color                      
00001413  Output_Init                       
0000142d  Output_Off                        
00001435  Output_On                         
00004f1f  PCM_IRQHandler                    
00004f1f  PORT1_IRQHandler                  
00004f1f  PORT2_IRQHandler                  
00004f1f  PORT3_IRQHandler                  
00004f1f  PORT4_IRQHandler                  
00004f1f  PORT5_IRQHandler                  
00004f1f  PORT6_IRQHandler                  
00004f1f  PSS_IRQHandler                    
00004f1f  PendSV_Handler                    
00004f1f  RTC_C_IRQHandler                  
00002be5  RTC_iicInit                       
20000a4c  RTC_registers                     
00002c2f  RTC_setTime                       
00002cd1  RTC_writeFromMaster               
00004f13  Reset_Handler                     
0000073d  ST7735_Color565                   
000007a1  ST7735_DrawBitmap                 
00000b15  ST7735_DrawChar                   
0000099f  ST7735_DrawCharS                  
00000535  ST7735_DrawFastHLine              
00000477  ST7735_DrawFastVLine              
0000041d  ST7735_DrawPixel                  
00000c87  ST7735_DrawString                 
00000631  ST7735_FillRect                   
000005ed  ST7735_FillScreen                 
000002e9  ST7735_InitB                      
00000309  ST7735_InitR                      
00000ebb  ST7735_InvertDisplay              
000012f9  ST7735_OutChar                    
000013b5  ST7735_OutString                  
00000d75  ST7735_OutUDec                    
00001205  ST7735_PlotBar                    
00000ed3  ST7735_PlotClear                  
00000ff5  ST7735_PlotLine                   
000012a5  ST7735_PlotNext                   
000012bf  ST7735_PlotNextErase              
00000f2f  ST7735_PlotPoint                  
0000112f  ST7735_PlotPoints                 
0000125b  ST7735_PlotdBfs                   
00000d4f  ST7735_SetCursor                  
00000df1  ST7735_SetRotation                
000013d3  ST7735_SetTextColor               
00000771  ST7735_SwapColor                  
00004f1f  SVC_Handler                       
20000c5c  StTextColor                       
20000c54  StX                               
20000c58  StY                               
00004ee5  SysCtl_disableNMISource           
00004ef5  SysCtl_enableNMISource            
00004f21  SysCtl_getNMISourceStatus         
00004f1f  SysTick_Handler                   
20000cac  SystemCoreClock                   
0000264d  SystemCoreClockUpdate             
000028c1  SystemInit                        
00004f1f  T32_INT1_IRQHandler               
00004f1f  T32_INT2_IRQHandler               
00004f1f  T32_INTC_IRQHandler               
00004f1f  TA0_0_IRQHandler                  
00004f1f  TA0_N_IRQHandler                  
00004f1f  TA1_0_IRQHandler                  
00004f1f  TA1_N_IRQHandler                  
00004f1f  TA2_0_IRQHandler                  
00004f1f  TA2_N_IRQHandler                  
00004f1f  TA3_0_IRQHandler                  
00004f1f  TA3_N_IRQHandler                  
00004f1f  UsageFault_Handler                
4000480c  WDTCTL_SYM                        
00004f1f  WDT_A_IRQHandler                  
20000a7c  X                                 
20000a80  Ymax                              
20000a84  Ymin                              
20000a88  Yrange                            
20000800  __CIOBUF_                         
20010000  __STACK_END                       
00000200  __STACK_SIZE                      
00000800  __SYSMEM_SIZE                     
00005900  __TI_CINIT_Base                   
00005910  __TI_CINIT_Limit                  
000058e8  __TI_Handler_Table_Base           
000058f4  __TI_Handler_Table_Limit          
00004a05  __TI_auto_init_nobinit_nopinit    
00004c29  __TI_cleanup                      
20000c88  __TI_cleanup_ptr                  
000041cd  __TI_closefile                    
000043f1  __TI_decompress_lzss              
00004f05  __TI_decompress_none              
00004855  __TI_doflush                      
20000c8c  __TI_dtors_ptr                    
20000c90  __TI_enable_exit_profile_output   
20000c78  __TI_ft_end                       
ffffffff  __TI_pprof_out_hndl               
00001485  __TI_printfi                      
ffffffff  __TI_prof_data_size               
ffffffff  __TI_prof_data_start              
00004c5d  __TI_readmsg                      
00000000  __TI_static_base__                
20000920  __TI_tmpnams                      
00004b49  __TI_writemsg                     
00004589  __TI_wrt_ok                       
00004ec1  __TI_zero_init_nomemset           
00003f4f  __aeabi_cdcmpeq                   
00003f4f  __aeabi_cdcmple                   
00003fd5  __aeabi_cdrcmple                  
00004935  __aeabi_d2iz                      
000031b7  __aeabi_dadd                      
000034a1  __aeabi_ddiv                      
00003a1d  __aeabi_dmul                      
000031ad  __aeabi_dsub                      
00004f39  __aeabi_errno_addr                
00004cf1  __aeabi_i2d                       
00003363  __aeabi_idiv0                     
00003363  __aeabi_ldiv0                     
000040d9  __aeabi_memclr                    
000040d9  __aeabi_memclr4                   
000040d9  __aeabi_memclr8                   
00003e1d  __aeabi_memcpy                    
00003e1d  __aeabi_memcpy4                   
00003e1d  __aeabi_memcpy8                   
000040db  __aeabi_memset                    
000040db  __aeabi_memset4                   
000040db  __aeabi_memset8                   
20000c84  __aeabi_stderr                    
20000c7c  __aeabi_stdin                     
20000c80  __aeabi_stdout                    
00003eb9  __aeabi_uldivmod                  
ffffffff  __binit__                         
ffffffff  __c_args__                        
UNDEFED   __mpu_init                        
2000fe00  __stack                           
00004b81  _c_int00_noargs                   
00005653  _ctypes_                          
20000b8c  _device                           
20000a9c  _ftable                           
20000ca0  _lock                             
00001ee3  _nop                              
20000c04  _stream                           
20000000  _sys_memory                       
UNDEFED   _system_post_cinit                
00004f4f  _system_pre_init                  
20000ca4  _unlock                           
00004f53  abort                             
000048a1  atoi                              
20000a94  bcdDate                           
20000a95  bcdDay                            
20000a96  bcdHour                           
20000a97  bcdMinute                         
20000a98  bcdMonth                          
20000a99  bcdSecond                         
20000a9a  bcdYear                           
20000c76  bgColor                           
ffffffff  binit                             
0000464d  close                             
00004d4d  convertFromBCD                    
00004c91  convertToBCD                      
00004e85  copysign                          
00004e85  copysignl                         
00005453  dBfs                              
20000ca8  errno                             
000048ed  exit                              
00001405  ferror                            
0000405d  fflush                            
000013f9  fgetc                             
00000d0d  fillmessage                       
00004cc1  finddevice                        
20000c70  firstRead                         
000013e7  fputc                             
000036f9  fputs                             
00003bf5  free                              
000044c1  frexp                             
000044c1  frexpl                            
00004525  fseek                             
00004a49  getdevice                         
00005824  i2cConfig                         
00000000  interruptVectors                  
20000a9b  key                               
20000c64  lastj                             
0000380d  ldexp                             
0000380d  ldexpl                            
00004d75  lseek                             
000047af  ltoa                              
00002fe1  main                              
00004155  malloc                            
00004e0d  memccpy                           
00004ded  memchr                            
00003e1d  memcpy                            
000040e1  memset                            
00004bb9  minit                             
20000c6c  msDelay                           
20000a6c  parmbuf                           
0000014d  parrotdelay                       
00004459  printf                            
00004d21  remove                            
0000380d  scalbn                            
0000380d  scalbnl                           
00003b19  setvbuf                           
00004a8d  sprintf                           
00004e59  strchr                            
00004e41  strcmp                            
00004e99  strcpy                            
00004ead  strlen                            
00004bf1  strncpy                           
20000c68  sysTikToggleSpeed                 
20000cb0  textColor                         
20000c74  textSize                          
200009c0  timeArr1                          
200009dc  timeArr2                          
200009f8  timeArr3                          
20000a14  timeArr4                          
20000a30  timeArr5                          
00004d21  unlink                            
00004ed3  wcslen                            
00004dc5  write                             


GLOBAL SYMBOLS: SORTED BY Symbol Address 

address   name                              
-------   ----                              
00000000  __TI_static_base__                
00000000  interruptVectors                  
0000014d  parrotdelay                       
0000015b  Delay1ms                          
00000200  __STACK_SIZE                      
000002e9  ST7735_InitB                      
00000309  ST7735_InitR                      
0000041d  ST7735_DrawPixel                  
00000477  ST7735_DrawFastVLine              
00000535  ST7735_DrawFastHLine              
000005ed  ST7735_FillScreen                 
00000631  ST7735_FillRect                   
0000073d  ST7735_Color565                   
00000771  ST7735_SwapColor                  
000007a1  ST7735_DrawBitmap                 
00000800  __SYSMEM_SIZE                     
0000099f  ST7735_DrawCharS                  
00000b15  ST7735_DrawChar                   
00000c87  ST7735_DrawString                 
00000d0d  fillmessage                       
00000d4f  ST7735_SetCursor                  
00000d75  ST7735_OutUDec                    
00000df1  ST7735_SetRotation                
00000ebb  ST7735_InvertDisplay              
00000ed3  ST7735_PlotClear                  
00000f2f  ST7735_PlotPoint                  
00000ff5  ST7735_PlotLine                   
0000112f  ST7735_PlotPoints                 
00001205  ST7735_PlotBar                    
0000125b  ST7735_PlotdBfs                   
000012a5  ST7735_PlotNext                   
000012bf  ST7735_PlotNextErase              
000012f9  ST7735_OutChar                    
000013b5  ST7735_OutString                  
000013d3  ST7735_SetTextColor               
000013e7  fputc                             
000013f9  fgetc                             
00001405  ferror                            
00001413  Output_Init                       
00001423  Output_Clear                      
0000142d  Output_Off                        
00001435  Output_On                         
0000143d  Output_Color                      
00001485  __TI_printfi                      
00001ee3  _nop                              
00001ee5  KEYPAD_port_Init                  
00001f0d  KEYPAD_getKey                     
00002041  KEYPAD_promptUser                 
000020b7  KEYPAD_printDay                   
000021b1  KEYPAD_printTime                  
0000258f  KEYPAD_readFromSlave              
0000264d  SystemCoreClockUpdate             
000028c1  SystemInit                        
00002be5  RTC_iicInit                       
00002c2f  RTC_setTime                       
00002cd1  RTC_writeFromMaster               
00002fe1  main                              
000031ad  __aeabi_dsub                      
000031b7  __aeabi_dadd                      
00003363  __aeabi_idiv0                     
00003363  __aeabi_ldiv0                     
000034a1  __aeabi_ddiv                      
000036f9  fputs                             
0000380d  ldexp                             
0000380d  ldexpl                            
0000380d  scalbn                            
0000380d  scalbnl                           
0000391d  COMMONCLOCKS_sysTick_Init         
00003939  COMMONCLOCKS_sysTick_delay_3MHZ   
00003963  COMMONCLOCKS_sysTick_delay_48MHZ  
0000398d  COMMONCLOCKS_initClocks           
00003a1d  __aeabi_dmul                      
00003b19  setvbuf                           
00003bf5  free                              
00003d81  CS_startHFXTWithTimeout           
00003e1d  __aeabi_memcpy                    
00003e1d  __aeabi_memcpy4                   
00003e1d  __aeabi_memcpy8                   
00003e1d  memcpy                            
00003eb9  __aeabi_uldivmod                  
00003f4f  __aeabi_cdcmpeq                   
00003f4f  __aeabi_cdcmple                   
00003fd5  __aeabi_cdrcmple                  
0000405d  fflush                            
000040d9  __aeabi_memclr                    
000040d9  __aeabi_memclr4                   
000040d9  __aeabi_memclr8                   
000040db  __aeabi_memset                    
000040db  __aeabi_memset4                   
000040db  __aeabi_memset8                   
000040e1  memset                            
00004155  malloc                            
000041cd  __TI_closefile                    
00004321  HOSTlseek                         
00004389  HOSTrename                        
000043f1  __TI_decompress_lzss              
00004459  printf                            
000044c1  frexp                             
000044c1  frexpl                            
00004525  fseek                             
00004589  __TI_wrt_ok                       
000045ed  HOSTopen                          
0000464d  close                             
000046a9  HOSTread                          
00004701  HOSTwrite                         
000047af  ltoa                              
00004855  __TI_doflush                      
000048a1  atoi                              
000048ed  exit                              
00004935  __aeabi_d2iz                      
0000497d  HOSTclose                         
000049c1  HOSTunlink                        
00004a05  __TI_auto_init_nobinit_nopinit    
00004a49  getdevice                         
00004a8d  sprintf                           
00004b49  __TI_writemsg                     
00004b77  C$$IO$$                           
00004b81  _c_int00_noargs                   
00004bb9  minit                             
00004bf1  strncpy                           
00004c29  __TI_cleanup                      
00004c5d  __TI_readmsg                      
00004c91  convertToBCD                      
00004cc1  finddevice                        
00004cf1  __aeabi_i2d                       
00004d21  remove                            
00004d21  unlink                            
00004d4d  convertFromBCD                    
00004d75  lseek                             
00004dc5  write                             
00004ded  memchr                            
00004e0d  memccpy                           
00004e41  strcmp                            
00004e59  strchr                            
00004e71  CS_setExternalClockSourceFrequency
00004e85  copysign                          
00004e85  copysignl                         
00004e99  strcpy                            
00004ead  strlen                            
00004ec1  __TI_zero_init_nomemset           
00004ed3  wcslen                            
00004ee5  SysCtl_disableNMISource           
00004ef5  SysCtl_enableNMISource            
00004f05  __TI_decompress_none              
00004f13  Reset_Handler                     
00004f1f  ADC14_IRQHandler                  
00004f1f  AES256_IRQHandler                 
00004f1f  BusFault_Handler                  
00004f1f  COMP_E0_IRQHandler                
00004f1f  COMP_E1_IRQHandler                
00004f1f  CS_IRQHandler                     
00004f1f  DMA_ERR_IRQHandler                
00004f1f  DMA_INT0_IRQHandler               
00004f1f  DMA_INT1_IRQHandler               
00004f1f  DMA_INT2_IRQHandler               
00004f1f  DMA_INT3_IRQHandler               
00004f1f  DebugMon_Handler                  
00004f1f  Default_Handler                   
00004f1f  EUSCIA0_IRQHandler                
00004f1f  EUSCIA1_IRQHandler                
00004f1f  EUSCIA2_IRQHandler                
00004f1f  EUSCIA3_IRQHandler                
00004f1f  EUSCIB0_IRQHandler                
00004f1f  EUSCIB1_IRQHandler                
00004f1f  EUSCIB2_IRQHandler                
00004f1f  EUSCIB3_IRQHandler                
00004f1f  FLCTL_IRQHandler                  
00004f1f  FPU_IRQHandler                    
00004f1f  HardFault_Handler                 
00004f1f  MemManage_Handler                 
00004f1f  NMI_Handler                       
00004f1f  PCM_IRQHandler                    
00004f1f  PORT1_IRQHandler                  
00004f1f  PORT2_IRQHandler                  
00004f1f  PORT3_IRQHandler                  
00004f1f  PORT4_IRQHandler                  
00004f1f  PORT5_IRQHandler                  
00004f1f  PORT6_IRQHandler                  
00004f1f  PSS_IRQHandler                    
00004f1f  PendSV_Handler                    
00004f1f  RTC_C_IRQHandler                  
00004f1f  SVC_Handler                       
00004f1f  SysTick_Handler                   
00004f1f  T32_INT1_IRQHandler               
00004f1f  T32_INT2_IRQHandler               
00004f1f  T32_INTC_IRQHandler               
00004f1f  TA0_0_IRQHandler                  
00004f1f  TA0_N_IRQHandler                  
00004f1f  TA1_0_IRQHandler                  
00004f1f  TA1_N_IRQHandler                  
00004f1f  TA2_0_IRQHandler                  
00004f1f  TA2_N_IRQHandler                  
00004f1f  TA3_0_IRQHandler                  
00004f1f  TA3_N_IRQHandler                  
00004f1f  UsageFault_Handler                
00004f1f  WDT_A_IRQHandler                  
00004f21  SysCtl_getNMISourceStatus         
00004f39  __aeabi_errno_addr                
00004f41  CS_startHFXT                      
00004f4f  _system_pre_init                  
00004f53  C$$EXIT                           
00004f53  abort                             
00005453  dBfs                              
00005653  _ctypes_                          
00005824  i2cConfig                         
000058e8  __TI_Handler_Table_Base           
000058f4  __TI_Handler_Table_Limit          
00005900  __TI_CINIT_Base                   
00005910  __TI_CINIT_Limit                  
20000000  _sys_memory                       
20000800  __CIOBUF_                         
20000920  __TI_tmpnams                      
200009c0  timeArr1                          
200009dc  timeArr2                          
200009f8  timeArr3                          
20000a14  timeArr4                          
20000a30  timeArr5                          
20000a4c  RTC_registers                     
20000a60  Message                           
20000a6c  parmbuf                           
20000a78  Messageindex                      
20000a7c  X                                 
20000a80  Ymax                              
20000a84  Ymin                              
20000a88  Yrange                            
20000a94  bcdDate                           
20000a95  bcdDay                            
20000a96  bcdHour                           
20000a97  bcdMinute                         
20000a98  bcdMonth                          
20000a99  bcdSecond                         
20000a9a  bcdYear                           
20000a9b  key                               
20000a9c  _ftable                           
20000b8c  _device                           
20000c04  _stream                           
20000c54  StX                               
20000c58  StY                               
20000c5c  StTextColor                       
20000c64  lastj                             
20000c68  sysTikToggleSpeed                 
20000c6c  msDelay                           
20000c70  firstRead                         
20000c74  textSize                          
20000c76  bgColor                           
20000c78  __TI_ft_end                       
20000c7c  __aeabi_stdin                     
20000c80  __aeabi_stdout                    
20000c84  __aeabi_stderr                    
20000c88  __TI_cleanup_ptr                  
20000c8c  __TI_dtors_ptr                    
20000c90  __TI_enable_exit_profile_output   
20000ca0  _lock                             
20000ca4  _unlock                           
20000ca8  errno                             
20000cac  SystemCoreClock                   
20000cb0  textColor                         
2000fe00  __stack                           
20010000  __STACK_END                       
4000480c  WDTCTL_SYM                        
ffffffff  __TI_pprof_out_hndl               
ffffffff  __TI_prof_data_size               
ffffffff  __TI_prof_data_start              
ffffffff  __binit__                         
ffffffff  __c_args__                        
ffffffff  binit                             
UNDEFED   __mpu_init                        
UNDEFED   _system_post_cinit                

[268 symbols]
