<?xml version="1.0" encoding="ISO-8859-1" ?>
<link_info>
   <banner>TI ARM Linker PC v18.1.3.LTS</banner>
   <copyright>Copyright (c) 1996-2017 Texas Instruments Incorporated</copyright>
   <link_time>0x5be49f54</link_time>
   <link_errors>0x0</link_errors>
   <output_file>EGR326_Final_Project.out</output_file>
   <entry_point>
      <name>_c_int00_noargs</name>
      <address>0x3bc5</address>
   </entry_point>
   <input_file_list>
      <input_file id="fl-2">
         <path>.\</path>
         <kind>object</kind>
         <file>COMMONCLOCKS.obj</file>
         <name>COMMONCLOCKS.obj</name>
      </input_file>
      <input_file id="fl-3">
         <path>.\</path>
         <kind>object</kind>
         <file>KEYPAD.obj</file>
         <name>KEYPAD.obj</name>
      </input_file>
      <input_file id="fl-4">
         <path>.\</path>
         <kind>object</kind>
         <file>RTC.obj</file>
         <name>RTC.obj</name>
      </input_file>
      <input_file id="fl-5">
         <path>.\</path>
         <kind>object</kind>
         <file>ST7735.obj</file>
         <name>ST7735.obj</name>
      </input_file>
      <input_file id="fl-6">
         <path>.\</path>
         <kind>object</kind>
         <file>main.obj</file>
         <name>main.obj</name>
      </input_file>
      <input_file id="fl-7">
         <path>.\</path>
         <kind>object</kind>
         <file>startup_msp432p401r_ccs.obj</file>
         <name>startup_msp432p401r_ccs.obj</name>
      </input_file>
      <input_file id="fl-8">
         <path>.\</path>
         <kind>object</kind>
         <file>system_msp432p401r.obj</file>
         <name>system_msp432p401r.obj</name>
      </input_file>
      <input_file id="fl-d">
         <kind>object</kind>
         <file>&lt;internal&gt;</file>
         <name>&lt;internal&gt;</name>
      </input_file>
      <input_file id="fl-e">
         <path>C:\ti\msp\MSP432Ware_3_50_00_02\driverlib\driverlib\MSP432P4xx\ccs\</path>
         <kind>archive</kind>
         <file>msp432p4xx_driverlib.lib</file>
         <name>cs.o</name>
      </input_file>
      <input_file id="fl-f">
         <path>C:\ti\msp\MSP432Ware_3_50_00_02\driverlib\driverlib\MSP432P4xx\ccs\</path>
         <kind>archive</kind>
         <file>msp432p4xx_driverlib.lib</file>
         <name>gpio.o</name>
      </input_file>
      <input_file id="fl-10">
         <path>C:\ti\msp\MSP432Ware_3_50_00_02\driverlib\driverlib\MSP432P4xx\ccs\</path>
         <kind>archive</kind>
         <file>msp432p4xx_driverlib.lib</file>
         <name>interrupt.o</name>
      </input_file>
      <input_file id="fl-11">
         <path>C:\ti\msp\MSP432Ware_3_50_00_02\driverlib\driverlib\MSP432P4xx\ccs\</path>
         <kind>archive</kind>
         <file>msp432p4xx_driverlib.lib</file>
         <name>sysctl.o</name>
      </input_file>
      <input_file id="fl-12">
         <path>C:\ti\msp\MSP432Ware_3_50_00_02\driverlib\driverlib\MSP432P4xx\ccs\</path>
         <kind>archive</kind>
         <file>msp432p4xx_driverlib.lib</file>
         <name>timer_a.o</name>
      </input_file>
      <input_file id="fl-13">
         <path>C:\ti\msp\MSP432Ware_3_50_00_02\driverlib\driverlib\MSP432P4xx\ccs\</path>
         <kind>archive</kind>
         <file>msp432p4xx_driverlib.lib</file>
         <name>timer32.o</name>
      </input_file>
      <input_file id="fl-14">
         <path>C:\ti\msp\MSP432Ware_3_50_00_02\driverlib\driverlib\MSP432P4xx\ccs\</path>
         <kind>archive</kind>
         <file>msp432p4xx_driverlib.lib</file>
         <name>cpu.o</name>
      </input_file>
      <input_file id="fl-ca">
         <path>C:\ti\ccsv8\tools\compiler\ti-cgt-arm_18.1.3.LTS\lib\</path>
         <kind>archive</kind>
         <file>rtsv7M4_T_le_v4SPD16_eabi.lib</file>
         <name>fd_mul_t2.asm.obj</name>
      </input_file>
      <input_file id="fl-cb">
         <path>C:\ti\ccsv8\tools\compiler\ti-cgt-arm_18.1.3.LTS\lib\</path>
         <kind>archive</kind>
         <file>rtsv7M4_T_le_v4SPD16_eabi.lib</file>
         <name>fd_toi_t2.asm.obj</name>
      </input_file>
      <input_file id="fl-cc">
         <path>C:\ti\ccsv8\tools\compiler\ti-cgt-arm_18.1.3.LTS\lib\</path>
         <kind>archive</kind>
         <file>rtsv7M4_T_le_v4SPD16_eabi.lib</file>
         <name>i_tofd_t2.asm.obj</name>
      </input_file>
      <input_file id="fl-cd">
         <path>C:\ti\ccsv8\tools\compiler\ti-cgt-arm_18.1.3.LTS\lib\</path>
         <kind>archive</kind>
         <file>rtsv7M4_T_le_v4SPD16_eabi.lib</file>
         <name>copy_zero_init.c.obj</name>
      </input_file>
      <input_file id="fl-ce">
         <path>C:\ti\ccsv8\tools\compiler\ti-cgt-arm_18.1.3.LTS\lib\</path>
         <kind>archive</kind>
         <file>rtsv7M4_T_le_v4SPD16_eabi.lib</file>
         <name>copy_decompress_none.c.obj</name>
      </input_file>
      <input_file id="fl-cf">
         <path>C:\ti\ccsv8\tools\compiler\ti-cgt-arm_18.1.3.LTS\lib\</path>
         <kind>archive</kind>
         <file>rtsv7M4_T_le_v4SPD16_eabi.lib</file>
         <name>copy_decompress_lzss.c.obj</name>
      </input_file>
      <input_file id="fl-d0">
         <path>C:\ti\ccsv8\tools\compiler\ti-cgt-arm_18.1.3.LTS\lib\</path>
         <kind>archive</kind>
         <file>rtsv7M4_T_le_v4SPD16_eabi.lib</file>
         <name>defs.c.obj</name>
      </input_file>
      <input_file id="fl-d1">
         <path>C:\ti\ccsv8\tools\compiler\ti-cgt-arm_18.1.3.LTS\lib\</path>
         <kind>archive</kind>
         <file>rtsv7M4_T_le_v4SPD16_eabi.lib</file>
         <name>fflush.c.obj</name>
      </input_file>
      <input_file id="fl-d2">
         <path>C:\ti\ccsv8\tools\compiler\ti-cgt-arm_18.1.3.LTS\lib\</path>
         <kind>archive</kind>
         <file>rtsv7M4_T_le_v4SPD16_eabi.lib</file>
         <name>printf.c.obj</name>
      </input_file>
      <input_file id="fl-d3">
         <path>C:\ti\ccsv8\tools\compiler\ti-cgt-arm_18.1.3.LTS\lib\</path>
         <kind>archive</kind>
         <file>rtsv7M4_T_le_v4SPD16_eabi.lib</file>
         <name>sprintf.c.obj</name>
      </input_file>
      <input_file id="fl-d4">
         <path>C:\ti\ccsv8\tools\compiler\ti-cgt-arm_18.1.3.LTS\lib\</path>
         <kind>archive</kind>
         <file>rtsv7M4_T_le_v4SPD16_eabi.lib</file>
         <name>write.c.obj</name>
      </input_file>
      <input_file id="fl-d5">
         <path>C:\ti\ccsv8\tools\compiler\ti-cgt-arm_18.1.3.LTS\lib\</path>
         <kind>archive</kind>
         <file>rtsv7M4_T_le_v4SPD16_eabi.lib</file>
         <name>boot_cortex_m.c.obj</name>
      </input_file>
      <input_file id="fl-d6">
         <path>C:\ti\ccsv8\tools\compiler\ti-cgt-arm_18.1.3.LTS\lib\</path>
         <kind>archive</kind>
         <file>rtsv7M4_T_le_v4SPD16_eabi.lib</file>
         <name>memset_t2.asm.obj</name>
      </input_file>
      <input_file id="fl-d7">
         <path>C:\ti\ccsv8\tools\compiler\ti-cgt-arm_18.1.3.LTS\lib\</path>
         <kind>archive</kind>
         <file>rtsv7M4_T_le_v4SPD16_eabi.lib</file>
         <name>memcpy_t2.asm.obj</name>
      </input_file>
      <input_file id="fl-d8">
         <path>C:\ti\ccsv8\tools\compiler\ti-cgt-arm_18.1.3.LTS\lib\</path>
         <kind>archive</kind>
         <file>rtsv7M4_T_le_v4SPD16_eabi.lib</file>
         <name>autoinit.c.obj</name>
      </input_file>
      <input_file id="fl-d9">
         <path>C:\ti\ccsv8\tools\compiler\ti-cgt-arm_18.1.3.LTS\lib\</path>
         <kind>archive</kind>
         <file>rtsv7M4_T_le_v4SPD16_eabi.lib</file>
         <name>pre_init.c.obj</name>
      </input_file>
      <input_file id="fl-da">
         <path>C:\ti\ccsv8\tools\compiler\ti-cgt-arm_18.1.3.LTS\lib\</path>
         <kind>archive</kind>
         <file>rtsv7M4_T_le_v4SPD16_eabi.lib</file>
         <name>cpy_tbl.c.obj</name>
      </input_file>
      <input_file id="fl-db">
         <path>C:\ti\ccsv8\tools\compiler\ti-cgt-arm_18.1.3.LTS\lib\</path>
         <kind>archive</kind>
         <file>rtsv7M4_T_le_v4SPD16_eabi.lib</file>
         <name>exit.c.obj</name>
      </input_file>
      <input_file id="fl-dc">
         <path>C:\ti\ccsv8\tools\compiler\ti-cgt-arm_18.1.3.LTS\lib\</path>
         <kind>archive</kind>
         <file>rtsv7M4_T_le_v4SPD16_eabi.lib</file>
         <name>_lock.c.obj</name>
      </input_file>
      <input_file id="fl-dd">
         <path>C:\ti\ccsv8\tools\compiler\ti-cgt-arm_18.1.3.LTS\lib\</path>
         <kind>archive</kind>
         <file>rtsv7M4_T_le_v4SPD16_eabi.lib</file>
         <name>_printfi.c.obj</name>
      </input_file>
      <input_file id="fl-de">
         <path>C:\ti\ccsv8\tools\compiler\ti-cgt-arm_18.1.3.LTS\lib\</path>
         <kind>archive</kind>
         <file>rtsv7M4_T_le_v4SPD16_eabi.lib</file>
         <name>args_main.c.obj</name>
      </input_file>
      <input_file id="fl-df">
         <path>C:\ti\ccsv8\tools\compiler\ti-cgt-arm_18.1.3.LTS\lib\</path>
         <kind>archive</kind>
         <file>rtsv7M4_T_le_v4SPD16_eabi.lib</file>
         <name>atoi.c.obj</name>
      </input_file>
      <input_file id="fl-e0">
         <path>C:\ti\ccsv8\tools\compiler\ti-cgt-arm_18.1.3.LTS\lib\</path>
         <kind>archive</kind>
         <file>rtsv7M4_T_le_v4SPD16_eabi.lib</file>
         <name>ctype.c.obj</name>
      </input_file>
      <input_file id="fl-e1">
         <path>C:\ti\ccsv8\tools\compiler\ti-cgt-arm_18.1.3.LTS\lib\</path>
         <kind>archive</kind>
         <file>rtsv7M4_T_le_v4SPD16_eabi.lib</file>
         <name>fputs.c.obj</name>
      </input_file>
      <input_file id="fl-e2">
         <path>C:\ti\ccsv8\tools\compiler\ti-cgt-arm_18.1.3.LTS\lib\</path>
         <kind>archive</kind>
         <file>rtsv7M4_T_le_v4SPD16_eabi.lib</file>
         <name>ltoa.c.obj</name>
      </input_file>
      <input_file id="fl-e3">
         <path>C:\ti\ccsv8\tools\compiler\ti-cgt-arm_18.1.3.LTS\lib\</path>
         <kind>archive</kind>
         <file>rtsv7M4_T_le_v4SPD16_eabi.lib</file>
         <name>memccpy.c.obj</name>
      </input_file>
      <input_file id="fl-e4">
         <path>C:\ti\ccsv8\tools\compiler\ti-cgt-arm_18.1.3.LTS\lib\</path>
         <kind>archive</kind>
         <file>rtsv7M4_T_le_v4SPD16_eabi.lib</file>
         <name>memchr.c.obj</name>
      </input_file>
      <input_file id="fl-e5">
         <path>C:\ti\ccsv8\tools\compiler\ti-cgt-arm_18.1.3.LTS\lib\</path>
         <kind>archive</kind>
         <file>rtsv7M4_T_le_v4SPD16_eabi.lib</file>
         <name>strchr.c.obj</name>
      </input_file>
      <input_file id="fl-e6">
         <path>C:\ti\ccsv8\tools\compiler\ti-cgt-arm_18.1.3.LTS\lib\</path>
         <kind>archive</kind>
         <file>rtsv7M4_T_le_v4SPD16_eabi.lib</file>
         <name>strlen.c.obj</name>
      </input_file>
      <input_file id="fl-e7">
         <path>C:\ti\ccsv8\tools\compiler\ti-cgt-arm_18.1.3.LTS\lib\</path>
         <kind>archive</kind>
         <file>rtsv7M4_T_le_v4SPD16_eabi.lib</file>
         <name>hostclose.c.obj</name>
      </input_file>
      <input_file id="fl-e8">
         <path>C:\ti\ccsv8\tools\compiler\ti-cgt-arm_18.1.3.LTS\lib\</path>
         <kind>archive</kind>
         <file>rtsv7M4_T_le_v4SPD16_eabi.lib</file>
         <name>hostlseek.c.obj</name>
      </input_file>
      <input_file id="fl-e9">
         <path>C:\ti\ccsv8\tools\compiler\ti-cgt-arm_18.1.3.LTS\lib\</path>
         <kind>archive</kind>
         <file>rtsv7M4_T_le_v4SPD16_eabi.lib</file>
         <name>hostopen.c.obj</name>
      </input_file>
      <input_file id="fl-ea">
         <path>C:\ti\ccsv8\tools\compiler\ti-cgt-arm_18.1.3.LTS\lib\</path>
         <kind>archive</kind>
         <file>rtsv7M4_T_le_v4SPD16_eabi.lib</file>
         <name>hostread.c.obj</name>
      </input_file>
      <input_file id="fl-eb">
         <path>C:\ti\ccsv8\tools\compiler\ti-cgt-arm_18.1.3.LTS\lib\</path>
         <kind>archive</kind>
         <file>rtsv7M4_T_le_v4SPD16_eabi.lib</file>
         <name>hostrename.c.obj</name>
      </input_file>
      <input_file id="fl-ec">
         <path>C:\ti\ccsv8\tools\compiler\ti-cgt-arm_18.1.3.LTS\lib\</path>
         <kind>archive</kind>
         <file>rtsv7M4_T_le_v4SPD16_eabi.lib</file>
         <name>hostunlink.c.obj</name>
      </input_file>
      <input_file id="fl-ed">
         <path>C:\ti\ccsv8\tools\compiler\ti-cgt-arm_18.1.3.LTS\lib\</path>
         <kind>archive</kind>
         <file>rtsv7M4_T_le_v4SPD16_eabi.lib</file>
         <name>hostwrite.c.obj</name>
      </input_file>
      <input_file id="fl-ee">
         <path>C:\ti\ccsv8\tools\compiler\ti-cgt-arm_18.1.3.LTS\lib\</path>
         <kind>archive</kind>
         <file>rtsv7M4_T_le_v4SPD16_eabi.lib</file>
         <name>trgmsg.c.obj</name>
      </input_file>
      <input_file id="fl-ef">
         <path>C:\ti\ccsv8\tools\compiler\ti-cgt-arm_18.1.3.LTS\lib\</path>
         <kind>archive</kind>
         <file>rtsv7M4_T_le_v4SPD16_eabi.lib</file>
         <name>errno.c.obj</name>
      </input_file>
      <input_file id="fl-f0">
         <path>C:\ti\ccsv8\tools\compiler\ti-cgt-arm_18.1.3.LTS\lib\</path>
         <kind>archive</kind>
         <file>rtsv7M4_T_le_v4SPD16_eabi.lib</file>
         <name>s_frexp.c.obj</name>
      </input_file>
      <input_file id="fl-f1">
         <path>C:\ti\ccsv8\tools\compiler\ti-cgt-arm_18.1.3.LTS\lib\</path>
         <kind>archive</kind>
         <file>rtsv7M4_T_le_v4SPD16_eabi.lib</file>
         <name>s_scalbn.c.obj</name>
      </input_file>
      <input_file id="fl-f2">
         <path>C:\ti\ccsv8\tools\compiler\ti-cgt-arm_18.1.3.LTS\lib\</path>
         <kind>archive</kind>
         <file>rtsv7M4_T_le_v4SPD16_eabi.lib</file>
         <name>wcslen.c.obj</name>
      </input_file>
      <input_file id="fl-f3">
         <path>C:\ti\ccsv8\tools\compiler\ti-cgt-arm_18.1.3.LTS\lib\</path>
         <kind>archive</kind>
         <file>rtsv7M4_T_le_v4SPD16_eabi.lib</file>
         <name>s_copysign.c.obj</name>
      </input_file>
      <input_file id="fl-f4">
         <path>C:\ti\ccsv8\tools\compiler\ti-cgt-arm_18.1.3.LTS\lib\</path>
         <kind>archive</kind>
         <file>rtsv7M4_T_le_v4SPD16_eabi.lib</file>
         <name>ull_div_t2.asm.obj</name>
      </input_file>
      <input_file id="fl-f5">
         <path>C:\ti\ccsv8\tools\compiler\ti-cgt-arm_18.1.3.LTS\lib\</path>
         <kind>archive</kind>
         <file>rtsv7M4_T_le_v4SPD16_eabi.lib</file>
         <name>fd_add_t2.asm.obj</name>
      </input_file>
      <input_file id="fl-f6">
         <path>C:\ti\ccsv8\tools\compiler\ti-cgt-arm_18.1.3.LTS\lib\</path>
         <kind>archive</kind>
         <file>rtsv7M4_T_le_v4SPD16_eabi.lib</file>
         <name>fd_cmp_t2.asm.obj</name>
      </input_file>
      <input_file id="fl-f7">
         <path>C:\ti\ccsv8\tools\compiler\ti-cgt-arm_18.1.3.LTS\lib\</path>
         <kind>archive</kind>
         <file>rtsv7M4_T_le_v4SPD16_eabi.lib</file>
         <name>fd_div_t2.asm.obj</name>
      </input_file>
      <input_file id="fl-f8">
         <path>C:\ti\ccsv8\tools\compiler\ti-cgt-arm_18.1.3.LTS\lib\</path>
         <kind>archive</kind>
         <file>rtsv7M4_T_le_v4SPD16_eabi.lib</file>
         <name>_io_perm.c.obj</name>
      </input_file>
      <input_file id="fl-f9">
         <path>C:\ti\ccsv8\tools\compiler\ti-cgt-arm_18.1.3.LTS\lib\</path>
         <kind>archive</kind>
         <file>rtsv7M4_T_le_v4SPD16_eabi.lib</file>
         <name>fseek.c.obj</name>
      </input_file>
      <input_file id="fl-fa">
         <path>C:\ti\ccsv8\tools\compiler\ti-cgt-arm_18.1.3.LTS\lib\</path>
         <kind>archive</kind>
         <file>rtsv7M4_T_le_v4SPD16_eabi.lib</file>
         <name>lseek.c.obj</name>
      </input_file>
      <input_file id="fl-fb">
         <path>C:\ti\ccsv8\tools\compiler\ti-cgt-arm_18.1.3.LTS\lib\</path>
         <kind>archive</kind>
         <file>rtsv7M4_T_le_v4SPD16_eabi.lib</file>
         <name>setvbuf.c.obj</name>
      </input_file>
      <input_file id="fl-fc">
         <path>C:\ti\ccsv8\tools\compiler\ti-cgt-arm_18.1.3.LTS\lib\</path>
         <kind>archive</kind>
         <file>rtsv7M4_T_le_v4SPD16_eabi.lib</file>
         <name>strcpy.c.obj</name>
      </input_file>
      <input_file id="fl-fd">
         <path>C:\ti\ccsv8\tools\compiler\ti-cgt-arm_18.1.3.LTS\lib\</path>
         <kind>archive</kind>
         <file>rtsv7M4_T_le_v4SPD16_eabi.lib</file>
         <name>div0.asm.obj</name>
      </input_file>
      <input_file id="fl-fe">
         <path>C:\ti\ccsv8\tools\compiler\ti-cgt-arm_18.1.3.LTS\lib\</path>
         <kind>archive</kind>
         <file>rtsv7M4_T_le_v4SPD16_eabi.lib</file>
         <name>memory.c.obj</name>
      </input_file>
      <input_file id="fl-ff">
         <path>C:\ti\ccsv8\tools\compiler\ti-cgt-arm_18.1.3.LTS\lib\</path>
         <kind>archive</kind>
         <file>rtsv7M4_T_le_v4SPD16_eabi.lib</file>
         <name>fopen.c.obj</name>
      </input_file>
      <input_file id="fl-100">
         <path>C:\ti\ccsv8\tools\compiler\ti-cgt-arm_18.1.3.LTS\lib\</path>
         <kind>archive</kind>
         <file>rtsv7M4_T_le_v4SPD16_eabi.lib</file>
         <name>open.c.obj</name>
      </input_file>
      <input_file id="fl-101">
         <path>C:\ti\ccsv8\tools\compiler\ti-cgt-arm_18.1.3.LTS\lib\</path>
         <kind>archive</kind>
         <file>rtsv7M4_T_le_v4SPD16_eabi.lib</file>
         <name>fclose.c.obj</name>
      </input_file>
      <input_file id="fl-102">
         <path>C:\ti\ccsv8\tools\compiler\ti-cgt-arm_18.1.3.LTS\lib\</path>
         <kind>archive</kind>
         <file>rtsv7M4_T_le_v4SPD16_eabi.lib</file>
         <name>getdevice.c.obj</name>
      </input_file>
      <input_file id="fl-103">
         <path>C:\ti\ccsv8\tools\compiler\ti-cgt-arm_18.1.3.LTS\lib\</path>
         <kind>archive</kind>
         <file>rtsv7M4_T_le_v4SPD16_eabi.lib</file>
         <name>remove.c.obj</name>
      </input_file>
      <input_file id="fl-104">
         <path>C:\ti\ccsv8\tools\compiler\ti-cgt-arm_18.1.3.LTS\lib\</path>
         <kind>archive</kind>
         <file>rtsv7M4_T_le_v4SPD16_eabi.lib</file>
         <name>strcmp.c.obj</name>
      </input_file>
      <input_file id="fl-105">
         <path>C:\ti\ccsv8\tools\compiler\ti-cgt-arm_18.1.3.LTS\lib\</path>
         <kind>archive</kind>
         <file>rtsv7M4_T_le_v4SPD16_eabi.lib</file>
         <name>strncpy.c.obj</name>
      </input_file>
      <input_file id="fl-106">
         <path>C:\ti\ccsv8\tools\compiler\ti-cgt-arm_18.1.3.LTS\lib\</path>
         <kind>archive</kind>
         <file>rtsv7M4_T_le_v4SPD16_eabi.lib</file>
         <name>unlink.c.obj</name>
      </input_file>
      <input_file id="fl-107">
         <path>C:\ti\ccsv8\tools\compiler\ti-cgt-arm_18.1.3.LTS\lib\</path>
         <kind>archive</kind>
         <file>rtsv7M4_T_le_v4SPD16_eabi.lib</file>
         <name>close.c.obj</name>
      </input_file>
   </input_file_list>
   <object_component_list>
      <object_component id="oc-1f">
         <name>.intvecs:retain</name>
         <load_address>0x0</load_address>
         <run_address>0x0</run_address>
         <size>0xe4</size>
         <input_file_ref idref="fl-7"/>
      </object_component>
      <object_component id="oc-ca">
         <name>.text</name>
         <load_address>0xe4</load_address>
         <run_address>0xe4</run_address>
         <size>0x13a0</size>
         <input_file_ref idref="fl-5"/>
      </object_component>
      <object_component id="oc-20f">
         <name>.text:__TI_printfi</name>
         <load_address>0x1484</load_address>
         <run_address>0x1484</run_address>
         <size>0xa5e</size>
         <input_file_ref idref="fl-dd"/>
      </object_component>
      <object_component id="oc-3d4">
         <name>.text</name>
         <load_address>0x1ee2</load_address>
         <run_address>0x1ee2</run_address>
         <size>0x2</size>
         <input_file_ref idref="fl-fd"/>
      </object_component>
      <object_component id="oc-a5">
         <name>.text</name>
         <load_address>0x1ee4</load_address>
         <run_address>0x1ee4</run_address>
         <size>0x328</size>
         <input_file_ref idref="fl-8"/>
      </object_component>
      <object_component id="oc-2f1">
         <name>.text:_pconv_a</name>
         <load_address>0x220c</load_address>
         <run_address>0x220c</run_address>
         <size>0x270</size>
         <input_file_ref idref="fl-dd"/>
      </object_component>
      <object_component id="oc-69">
         <name>.text</name>
         <load_address>0x247c</load_address>
         <run_address>0x247c</run_address>
         <size>0x268</size>
         <input_file_ref idref="fl-6"/>
      </object_component>
      <object_component id="oc-2df">
         <name>.text:_pconv_g</name>
         <load_address>0x26e4</load_address>
         <run_address>0x26e4</run_address>
         <size>0x1d0</size>
         <input_file_ref idref="fl-dd"/>
      </object_component>
      <object_component id="oc-36a">
         <name>.text</name>
         <load_address>0x28b4</load_address>
         <run_address>0x28b4</run_address>
         <size>0x1b6</size>
         <input_file_ref idref="fl-f5"/>
      </object_component>
      <object_component id="oc-2eb">
         <name>.text:_pconv_e</name>
         <load_address>0x2a6c</load_address>
         <run_address>0x2a6c</run_address>
         <size>0x13c</size>
         <input_file_ref idref="fl-dd"/>
      </object_component>
      <object_component id="oc-35a">
         <name>.text</name>
         <load_address>0x2ba8</load_address>
         <run_address>0x2ba8</run_address>
         <size>0x136</size>
         <input_file_ref idref="fl-f7"/>
      </object_component>
      <object_component id="oc-ac">
         <name>.text</name>
         <load_address>0x2ce0</load_address>
         <run_address>0x2ce0</run_address>
         <size>0x128</size>
         <input_file_ref idref="fl-2"/>
      </object_component>
      <object_component id="oc-37c">
         <name>.text:fcvt</name>
         <load_address>0x2e08</load_address>
         <run_address>0x2e08</run_address>
         <size>0x120</size>
         <input_file_ref idref="fl-dd"/>
      </object_component>
      <object_component id="oc-390">
         <name>.text:scalbn</name>
         <load_address>0x2f28</load_address>
         <run_address>0x2f28</run_address>
         <size>0x110</size>
         <input_file_ref idref="fl-f1"/>
      </object_component>
      <object_component id="oc-111">
         <name>.text</name>
         <load_address>0x3038</load_address>
         <run_address>0x3038</run_address>
         <size>0xfc</size>
         <input_file_ref idref="fl-ca"/>
      </object_component>
      <object_component id="oc-c4">
         <name>.text:CS_initClockSignal</name>
         <load_address>0x3134</load_address>
         <run_address>0x3134</run_address>
         <size>0xe0</size>
         <input_file_ref idref="fl-e"/>
      </object_component>
      <object_component id="oc-266">
         <name>.text:privateTimer_AProcessClockSourceDivider</name>
         <load_address>0x3214</load_address>
         <run_address>0x3214</run_address>
         <size>0xb2</size>
         <input_file_ref idref="fl-12"/>
      </object_component>
      <object_component id="oc-2d4">
         <name>.text:_ltostr</name>
         <load_address>0x32c8</load_address>
         <run_address>0x32c8</run_address>
         <size>0xb1</size>
         <input_file_ref idref="fl-dd"/>
      </object_component>
      <object_component id="oc-1ca">
         <name>.text:CS_startHFXTWithTimeout</name>
         <load_address>0x337c</load_address>
         <run_address>0x337c</run_address>
         <size>0x9c</size>
         <input_file_ref idref="fl-e"/>
      </object_component>
      <object_component id="oc-33">
         <name>.text</name>
         <load_address>0x3418</load_address>
         <run_address>0x3418</run_address>
         <size>0x9c</size>
         <input_file_ref idref="fl-d7"/>
      </object_component>
      <object_component id="oc-353">
         <name>.text</name>
         <load_address>0x34b4</load_address>
         <run_address>0x34b4</run_address>
         <size>0x96</size>
         <input_file_ref idref="fl-f4"/>
      </object_component>
      <object_component id="oc-2da">
         <name>.text:__aeabi_cdcmple</name>
         <load_address>0x354a</load_address>
         <run_address>0x354a</run_address>
         <size>0x86</size>
         <input_file_ref idref="fl-f6"/>
      </object_component>
      <object_component id="oc-35f">
         <name>.text:__aeabi_cdrcmple</name>
         <load_address>0x35d0</load_address>
         <run_address>0x35d0</run_address>
         <size>0x86</size>
         <input_file_ref idref="fl-f6"/>
      </object_component>
      <object_component id="oc-8d">
         <name>.text</name>
         <load_address>0x3656</load_address>
         <run_address>0x3656</run_address>
         <size>0x7a</size>
         <input_file_ref idref="fl-d6"/>
      </object_component>
      <object_component id="oc-295">
         <name>.text:_CSGetHFXTFrequency</name>
         <load_address>0x36d0</load_address>
         <run_address>0x36d0</run_address>
         <size>0x70</size>
         <input_file_ref idref="fl-e"/>
      </object_component>
      <object_component id="oc-375">
         <name>.text:_mcpy</name>
         <load_address>0x3740</load_address>
         <run_address>0x3740</run_address>
         <size>0x6e</size>
         <input_file_ref idref="fl-dd"/>
      </object_component>
      <object_component id="oc-10">
         <name>.text:decompress:lzss:__TI_decompress_lzss</name>
         <load_address>0x37ae</load_address>
         <run_address>0x37ae</run_address>
         <size>0x68</size>
         <input_file_ref idref="fl-cf"/>
      </object_component>
      <object_component id="oc-1ad">
         <name>.text:Interrupt_enableInterrupt</name>
         <load_address>0x3818</load_address>
         <run_address>0x3818</run_address>
         <size>0x64</size>
         <input_file_ref idref="fl-10"/>
      </object_component>
      <object_component id="oc-38a">
         <name>.text:frexp</name>
         <load_address>0x387c</load_address>
         <run_address>0x387c</run_address>
         <size>0x64</size>
         <input_file_ref idref="fl-f0"/>
      </object_component>
      <object_component id="oc-2e5">
         <name>.text:_pconv_f</name>
         <load_address>0x38e0</load_address>
         <run_address>0x38e0</run_address>
         <size>0x56</size>
         <input_file_ref idref="fl-dd"/>
      </object_component>
      <object_component id="oc-364">
         <name>.text:ltoa</name>
         <load_address>0x3936</load_address>
         <run_address>0x3936</run_address>
         <size>0x54</size>
         <input_file_ref idref="fl-e2"/>
      </object_component>
      <object_component id="oc-36f">
         <name>.text:_ecpy</name>
         <load_address>0x398a</load_address>
         <run_address>0x398a</run_address>
         <size>0x52</size>
         <input_file_ref idref="fl-dd"/>
      </object_component>
      <object_component id="oc-2ce">
         <name>.text:atoi</name>
         <load_address>0x39dc</load_address>
         <run_address>0x39dc</run_address>
         <size>0x4c</size>
         <input_file_ref idref="fl-df"/>
      </object_component>
      <object_component id="oc-d0">
         <name>.text:GPIO_setAsPeripheralModuleFunctionInputPin</name>
         <load_address>0x3a28</load_address>
         <run_address>0x3a28</run_address>
         <size>0x48</size>
         <input_file_ref idref="fl-f"/>
      </object_component>
      <object_component id="oc-dc">
         <name>.text:Timer32_initModule</name>
         <load_address>0x3a70</load_address>
         <run_address>0x3a70</run_address>
         <size>0x48</size>
         <input_file_ref idref="fl-13"/>
      </object_component>
      <object_component id="oc-116">
         <name>.text</name>
         <load_address>0x3ab8</load_address>
         <run_address>0x3ab8</run_address>
         <size>0x48</size>
         <input_file_ref idref="fl-cb"/>
      </object_component>
      <object_component id="oc-166">
         <name>.text:__TI_auto_init_nobinit_nopinit:__TI_auto_init_nobinit_nopinit</name>
         <load_address>0x3b00</load_address>
         <run_address>0x3b00</run_address>
         <size>0x44</size>
         <input_file_ref idref="fl-d8"/>
      </object_component>
      <object_component id="oc-11b">
         <name>.text:sprintf</name>
         <load_address>0x3b44</load_address>
         <run_address>0x3b44</run_address>
         <size>0x40</size>
         <input_file_ref idref="fl-d3"/>
      </object_component>
      <object_component id="oc-382">
         <name>.text:_fcpy</name>
         <load_address>0x3b84</load_address>
         <run_address>0x3b84</run_address>
         <size>0x3e</size>
         <input_file_ref idref="fl-dd"/>
      </object_component>
      <object_component id="oc-51">
         <name>.text:_c_int00_noargs:_c_int00_noargs</name>
         <load_address>0x3bc4</load_address>
         <run_address>0x3bc4</run_address>
         <size>0x38</size>
         <input_file_ref idref="fl-d5"/>
      </object_component>
      <object_component id="oc-1a1">
         <name>.text:Timer_A_initCapture</name>
         <load_address>0x3bfc</load_address>
         <run_address>0x3bfc</run_address>
         <size>0x30</size>
         <input_file_ref idref="fl-12"/>
      </object_component>
      <object_component id="oc-10c">
         <name>.text</name>
         <load_address>0x3c2c</load_address>
         <run_address>0x3c2c</run_address>
         <size>0x2e</size>
         <input_file_ref idref="fl-cc"/>
      </object_component>
      <object_component id="oc-be">
         <name>.text:CS_setDCOCenteredFrequency</name>
         <load_address>0x3c5c</load_address>
         <run_address>0x3c5c</run_address>
         <size>0x24</size>
         <input_file_ref idref="fl-e"/>
      </object_component>
      <object_component id="oc-d6">
         <name>.text:GPIO_setAsOutputPin</name>
         <load_address>0x3c80</load_address>
         <run_address>0x3c80</run_address>
         <size>0x24</size>
         <input_file_ref idref="fl-f"/>
      </object_component>
      <object_component id="oc-e8">
         <name>.text:Timer32_setCount</name>
         <load_address>0x3ca4</load_address>
         <run_address>0x3ca4</run_address>
         <size>0x24</size>
         <input_file_ref idref="fl-13"/>
      </object_component>
      <object_component id="oc-1a7">
         <name>.text:Timer_A_configureContinuousMode</name>
         <load_address>0x3cc8</load_address>
         <run_address>0x3cc8</run_address>
         <size>0x24</size>
         <input_file_ref idref="fl-12"/>
      </object_component>
      <object_component id="oc-ee">
         <name>.text:Timer32_startTimer</name>
         <load_address>0x3cec</load_address>
         <run_address>0x3cec</run_address>
         <size>0x20</size>
         <input_file_ref idref="fl-13"/>
      </object_component>
      <object_component id="oc-2f7">
         <name>.text:memccpy</name>
         <load_address>0x3d0c</load_address>
         <run_address>0x3d0c</run_address>
         <size>0x1c</size>
         <input_file_ref idref="fl-e3"/>
      </object_component>
      <object_component id="oc-121">
         <name>.text:Timer_A_clearCaptureCompareInterrupt</name>
         <load_address>0x3d28</load_address>
         <run_address>0x3d28</run_address>
         <size>0x1a</size>
         <input_file_ref idref="fl-12"/>
      </object_component>
      <object_component id="oc-106">
         <name>.text:GPIO_setOutputLowOnPin</name>
         <load_address>0x3d44</load_address>
         <run_address>0x3d44</run_address>
         <size>0x18</size>
         <input_file_ref idref="fl-f"/>
      </object_component>
      <object_component id="oc-215">
         <name>.text:_outs</name>
         <load_address>0x3d5c</load_address>
         <run_address>0x3d5c</run_address>
         <size>0x18</size>
         <input_file_ref idref="fl-d3"/>
      </object_component>
      <object_component id="oc-396">
         <name>.text:strchr</name>
         <load_address>0x3d74</load_address>
         <run_address>0x3d74</run_address>
         <size>0x16</size>
         <input_file_ref idref="fl-e5"/>
      </object_component>
      <object_component id="oc-b2">
         <name>.text:CS_setExternalClockSourceFrequency</name>
         <load_address>0x3d8c</load_address>
         <run_address>0x3d8c</run_address>
         <size>0x14</size>
         <input_file_ref idref="fl-e"/>
      </object_component>
      <object_component id="oc-fa">
         <name>.text:GPIO_setOutputHighOnPin</name>
         <load_address>0x3da0</load_address>
         <run_address>0x3da0</run_address>
         <size>0x14</size>
         <input_file_ref idref="fl-f"/>
      </object_component>
      <object_component id="oc-3ea">
         <name>.text:copysign</name>
         <load_address>0x3db4</load_address>
         <run_address>0x3db4</run_address>
         <size>0x14</size>
         <input_file_ref idref="fl-f3"/>
      </object_component>
      <object_component id="oc-2c8">
         <name>.text:strlen</name>
         <load_address>0x3dc8</load_address>
         <run_address>0x3dc8</run_address>
         <size>0x14</size>
         <input_file_ref idref="fl-e6"/>
      </object_component>
      <object_component id="oc-3f">
         <name>.text:decompress:ZI:__TI_zero_init_nomemset:__TI_zero_init_nomemset</name>
         <load_address>0x3ddc</load_address>
         <run_address>0x3ddc</run_address>
         <size>0x12</size>
         <input_file_ref idref="fl-cd"/>
      </object_component>
      <object_component id="oc-2fd">
         <name>.text:wcslen</name>
         <load_address>0x3dee</load_address>
         <run_address>0x3dee</run_address>
         <size>0x12</size>
         <input_file_ref idref="fl-f2"/>
      </object_component>
      <object_component id="oc-1b3">
         <name>.text:Interrupt_enableMaster</name>
         <load_address>0x3e00</load_address>
         <run_address>0x3e00</run_address>
         <size>0x10</size>
         <input_file_ref idref="fl-10"/>
      </object_component>
      <object_component id="oc-28f">
         <name>.text:SysCtl_disableNMISource</name>
         <load_address>0x3e10</load_address>
         <run_address>0x3e10</run_address>
         <size>0x10</size>
         <input_file_ref idref="fl-11"/>
      </object_component>
      <object_component id="oc-29b">
         <name>.text:SysCtl_enableNMISource</name>
         <load_address>0x3e20</load_address>
         <run_address>0x3e20</run_address>
         <size>0x10</size>
         <input_file_ref idref="fl-11"/>
      </object_component>
      <object_component id="oc-127">
         <name>.text:Timer_A_getCaptureCompareCount</name>
         <load_address>0x3e30</load_address>
         <run_address>0x3e30</run_address>
         <size>0xe</size>
         <input_file_ref idref="fl-12"/>
      </object_component>
      <object_component id="oc-16">
         <name>.text:decompress:none:__TI_decompress_none</name>
         <load_address>0x3e3e</load_address>
         <run_address>0x3e3e</run_address>
         <size>0xe</size>
         <input_file_ref idref="fl-ce"/>
      </object_component>
      <object_component id="oc-63">
         <name>.text</name>
         <load_address>0x3e4c</load_address>
         <run_address>0x3e4c</run_address>
         <size>0xe</size>
         <input_file_ref idref="fl-7"/>
      </object_component>
      <object_component id="oc-272">
         <name>.text:CPU_cpsie</name>
         <load_address>0x3e5a</load_address>
         <run_address>0x3e5a</run_address>
         <size>0xc</size>
         <input_file_ref idref="fl-14"/>
      </object_component>
      <object_component id="oc-289">
         <name>.text:SysCtl_getNMISourceStatus</name>
         <load_address>0x3e68</load_address>
         <run_address>0x3e68</run_address>
         <size>0xc</size>
         <input_file_ref idref="fl-11"/>
      </object_component>
      <object_component id="oc-e2">
         <name>.text:Timer32_disableInterrupt</name>
         <load_address>0x3e74</load_address>
         <run_address>0x3e74</run_address>
         <size>0xa</size>
         <input_file_ref idref="fl-13"/>
      </object_component>
      <object_component id="oc-21b">
         <name>.text:_outc</name>
         <load_address>0x3e7e</load_address>
         <run_address>0x3e7e</run_address>
         <size>0xa</size>
         <input_file_ref idref="fl-d3"/>
      </object_component>
      <object_component id="oc-f4">
         <name>.text:Timer_A_startCounter</name>
         <load_address>0x3e88</load_address>
         <run_address>0x3e88</run_address>
         <size>0x8</size>
         <input_file_ref idref="fl-12"/>
      </object_component>
      <object_component id="oc-303">
         <name>.text:__aeabi_errno_addr</name>
         <load_address>0x3e90</load_address>
         <run_address>0x3e90</run_address>
         <size>0x8</size>
         <input_file_ref idref="fl-ef"/>
      </object_component>
      <object_component id="oc-b8">
         <name>.text:CS_startHFXT</name>
         <load_address>0x3e98</load_address>
         <run_address>0x3e98</run_address>
         <size>0x6</size>
         <input_file_ref idref="fl-e"/>
      </object_component>
      <object_component id="oc-100">
         <name>.text:Timer32_getValue</name>
         <load_address>0x3e9e</load_address>
         <run_address>0x3e9e</run_address>
         <size>0x4</size>
         <input_file_ref idref="fl-13"/>
      </object_component>
      <object_component id="oc-93">
         <name>.text:_system_pre_init</name>
         <load_address>0x3ea2</load_address>
         <run_address>0x3ea2</run_address>
         <size>0x4</size>
         <input_file_ref idref="fl-d9"/>
      </object_component>
      <object_component id="oc-15a">
         <name>.text:abort:abort</name>
         <load_address>0x3ea6</load_address>
         <run_address>0x3ea6</run_address>
         <size>0x4</size>
         <input_file_ref idref="fl-db"/>
      </object_component>
      <object_component id="oc-1e8">
         <name>.const:.string:Font</name>
         <load_address>0x3eac</load_address>
         <run_address>0x3eac</run_address>
         <size>0x4fb</size>
         <input_file_ref idref="fl-5"/>
      </object_component>
      <object_component id="oc-1f3">
         <name>.const:.string:dBfs</name>
         <load_address>0x43a7</load_address>
         <run_address>0x43a7</run_address>
         <size>0x200</size>
         <input_file_ref idref="fl-5"/>
      </object_component>
      <object_component id="oc-34e">
         <name>.const:.string:_ctypes_</name>
         <load_address>0x45a7</load_address>
         <run_address>0x45a7</run_address>
         <size>0x101</size>
         <input_file_ref idref="fl-e0"/>
      </object_component>
      <object_component id="oc-1d6">
         <name>.const:.string:Bcmd</name>
         <load_address>0x46a8</load_address>
         <run_address>0x46a8</run_address>
         <size>0x67</size>
         <input_file_ref idref="fl-5"/>
      </object_component>
      <object_component id="oc-26d">
         <name>.const</name>
         <load_address>0x4710</load_address>
         <run_address>0x4710</run_address>
         <size>0x40</size>
         <input_file_ref idref="fl-10"/>
      </object_component>
      <object_component id="oc-1dc">
         <name>.const:.string:Rcmd1</name>
         <load_address>0x4750</load_address>
         <run_address>0x4750</run_address>
         <size>0x3b</size>
         <input_file_ref idref="fl-5"/>
      </object_component>
      <object_component id="oc-1e5">
         <name>.const:.string:Rcmd3</name>
         <load_address>0x478b</load_address>
         <run_address>0x478b</run_address>
         <size>0x2b</size>
         <input_file_ref idref="fl-5"/>
      </object_component>
      <object_component id="oc-1b9">
         <name>.const:captureModeConfig</name>
         <load_address>0x47b8</load_address>
         <run_address>0x47b8</run_address>
         <size>0x18</size>
         <input_file_ref idref="fl-2"/>
      </object_component>
      <object_component id="oc-1bc">
         <name>.const:continuousModeConfig</name>
         <load_address>0x47d0</load_address>
         <run_address>0x47d0</run_address>
         <size>0x10</size>
         <input_file_ref idref="fl-2"/>
      </object_component>
      <object_component id="oc-1df">
         <name>.const:.string:Rcmd2green</name>
         <load_address>0x47e0</load_address>
         <run_address>0x47e0</run_address>
         <size>0xd</size>
         <input_file_ref idref="fl-5"/>
      </object_component>
      <object_component id="oc-1e2">
         <name>.const:.string:Rcmd2red</name>
         <load_address>0x47ed</load_address>
         <run_address>0x47ed</run_address>
         <size>0xd</size>
         <input_file_ref idref="fl-5"/>
      </object_component>
      <object_component id="oc-441">
         <name>.cinit..data.load</name>
         <load_address>0x4800</load_address>
         <run_address>0x4800</run_address>
         <size>0x44</size>
      </object_component>
      <object_component id="oc-43f">
         <name>__TI_handler_table</name>
         <load_address>0x4844</load_address>
         <run_address>0x4844</run_address>
         <size>0xc</size>
      </object_component>
      <object_component id="oc-442">
         <name>.cinit..bss.load</name>
         <load_address>0x4850</load_address>
         <run_address>0x4850</run_address>
         <size>0x8</size>
      </object_component>
      <object_component id="oc-440">
         <name>__TI_cinit_table</name>
         <load_address>0x4858</load_address>
         <run_address>0x4858</run_address>
         <size>0x10</size>
      </object_component>
      <object_component id="oc-1d9">
         <name>.data</name>
         <load_address>0x20000848</load_address>
         <run_address>0x20000848</run_address>
         <size>0x14</size>
         <input_file_ref idref="fl-5"/>
      </object_component>
      <object_component id="oc-12d">
         <name>.data</name>
         <load_address>0x20000830</load_address>
         <run_address>0x20000830</run_address>
         <size>0x18</size>
         <input_file_ref idref="fl-6"/>
      </object_component>
      <object_component id="oc-198">
         <name>.data</name>
         <load_address>0x20000860</load_address>
         <run_address>0x20000860</run_address>
         <size>0x4</size>
         <input_file_ref idref="fl-8"/>
      </object_component>
      <object_component id="oc-1fc">
         <name>.data:GPIO_PORT_TO_BASE</name>
         <load_address>0x20000800</load_address>
         <run_address>0x20000800</run_address>
         <size>0x30</size>
         <input_file_ref idref="fl-f"/>
      </object_component>
      <object_component id="oc-3a6">
         <name>.data</name>
         <load_address>0x2000085c</load_address>
         <run_address>0x2000085c</run_address>
         <size>0x4</size>
         <input_file_ref idref="fl-ef"/>
      </object_component>
      <object_component id="oc-1d3">
         <name>.bss</name>
         <uninitialized>true</uninitialized>
         <run_address>0x20000870</run_address>
         <size>0x4</size>
         <input_file_ref idref="fl-5"/>
      </object_component>
      <object_component id="oc-1eb">
         <name>.common:Message</name>
         <uninitialized>true</uninitialized>
         <run_address>0x20000864</run_address>
         <size>0xc</size>
      </object_component>
      <object_component id="oc-1ee">
         <name>.common:Messageindex</name>
         <uninitialized>true</uninitialized>
         <run_address>0x20000874</run_address>
         <size>0x4</size>
      </object_component>
      <object_component id="oc-1ef">
         <name>.common:Ymax</name>
         <uninitialized>true</uninitialized>
         <run_address>0x2000087c</run_address>
         <size>0x4</size>
      </object_component>
      <object_component id="oc-1f0">
         <name>.common:Ymin</name>
         <uninitialized>true</uninitialized>
         <run_address>0x20000880</run_address>
         <size>0x4</size>
      </object_component>
      <object_component id="oc-1f2">
         <name>.common:X</name>
         <uninitialized>true</uninitialized>
         <run_address>0x20000878</run_address>
         <size>0x4</size>
      </object_component>
      <object_component id="oc-1f1">
         <name>.common:Yrange</name>
         <uninitialized>true</uninitialized>
         <run_address>0x20000884</run_address>
         <size>0x4</size>
      </object_component>
      <object_component id="oc-1c3">
         <name>.common:hfxtFreq</name>
         <uninitialized>true</uninitialized>
         <run_address>0x20000888</run_address>
         <size>0x4</size>
      </object_component>
      <object_component id="oc-1c0">
         <name>.common:lfxtFreq</name>
         <uninitialized>true</uninitialized>
         <run_address>0x2000088c</run_address>
         <size>0x4</size>
      </object_component>
      <object_component id="oc-25">
         <name>.sysmem</name>
         <uninitialized>true</uninitialized>
         <run_address>0x20000000</run_address>
         <size>0x8</size>
         <input_file_ref idref="fl-fe"/>
      </object_component>
      <object_component id="oc-444">
         <name>.sysmem</name>
         <uninitialized>true</uninitialized>
         <run_address>0x20000000</run_address>
         <size>0x0</size>
      </object_component>
      <object_component id="oc-22">
         <name>.stack</name>
         <uninitialized>true</uninitialized>
         <run_address>0x2000fe00</run_address>
         <size>0x4</size>
         <input_file_ref idref="fl-d5"/>
      </object_component>
      <object_component id="oc-443">
         <name>.stack</name>
         <uninitialized>true</uninitialized>
         <run_address>0x2000fe00</run_address>
         <size>0x0</size>
      </object_component>
      <object_component id="oc-242">
         <name>.debug_info</name>
         <load_address>0x0</load_address>
         <run_address>0x0</run_address>
         <size>0x760</size>
         <input_file_ref idref="fl-2"/>
      </object_component>
      <object_component id="oc-1ba">
         <name>.debug_info</name>
         <load_address>0x760</load_address>
         <run_address>0x760</run_address>
         <size>0x12c</size>
         <input_file_ref idref="fl-2"/>
      </object_component>
      <object_component id="oc-1bd">
         <name>.debug_info</name>
         <load_address>0x88c</load_address>
         <run_address>0x88c</run_address>
         <size>0x132</size>
         <input_file_ref idref="fl-2"/>
      </object_component>
      <object_component id="oc-ad">
         <name>.debug_info</name>
         <load_address>0x9be</load_address>
         <run_address>0x9be</run_address>
         <size>0x69f</size>
         <input_file_ref idref="fl-2"/>
      </object_component>
      <object_component id="oc-233">
         <name>.debug_info</name>
         <load_address>0x105d</load_address>
         <run_address>0x105d</run_address>
         <size>0x1055</size>
         <input_file_ref idref="fl-2"/>
      </object_component>
      <object_component id="oc-139">
         <name>.debug_info</name>
         <load_address>0x20b2</load_address>
         <run_address>0x20b2</run_address>
         <size>0x26b</size>
         <input_file_ref idref="fl-2"/>
      </object_component>
      <object_component id="oc-22e">
         <name>.debug_info</name>
         <load_address>0x231d</load_address>
         <run_address>0x231d</run_address>
         <size>0x37e2</size>
         <input_file_ref idref="fl-2"/>
      </object_component>
      <object_component id="oc-31b">
         <name>.debug_info</name>
         <load_address>0x5aff</load_address>
         <run_address>0x5aff</run_address>
         <size>0x341</size>
         <input_file_ref idref="fl-2"/>
      </object_component>
      <object_component id="oc-131">
         <name>.debug_info</name>
         <load_address>0x5e40</load_address>
         <run_address>0x5e40</run_address>
         <size>0x8b</size>
         <input_file_ref idref="fl-2"/>
      </object_component>
      <object_component id="oc-23d">
         <name>.debug_info</name>
         <load_address>0x5ecb</load_address>
         <run_address>0x5ecb</run_address>
         <size>0x297</size>
         <input_file_ref idref="fl-2"/>
      </object_component>
      <object_component id="oc-238">
         <name>.debug_info</name>
         <load_address>0x6162</load_address>
         <run_address>0x6162</run_address>
         <size>0xef</size>
         <input_file_ref idref="fl-2"/>
      </object_component>
      <object_component id="oc-19c">
         <name>.debug_info</name>
         <load_address>0x6251</load_address>
         <run_address>0x6251</run_address>
         <size>0xbb</size>
         <input_file_ref idref="fl-2"/>
      </object_component>
      <object_component id="oc-2b4">
         <name>.debug_info</name>
         <load_address>0x630c</load_address>
         <run_address>0x630c</run_address>
         <size>0xcc</size>
         <input_file_ref idref="fl-2"/>
      </object_component>
      <object_component id="oc-223">
         <name>.debug_info</name>
         <load_address>0x63d8</load_address>
         <run_address>0x63d8</run_address>
         <size>0x2c</size>
         <input_file_ref idref="fl-2"/>
      </object_component>
      <object_component id="oc-1f7">
         <name>.debug_info</name>
         <load_address>0x6404</load_address>
         <run_address>0x6404</run_address>
         <size>0x51</size>
         <input_file_ref idref="fl-2"/>
      </object_component>
      <object_component id="oc-2e">
         <name>.debug_info</name>
         <load_address>0x6455</load_address>
         <run_address>0x6455</run_address>
         <size>0x84</size>
         <input_file_ref idref="fl-3"/>
      </object_component>
      <object_component id="oc-1ec">
         <name>.debug_info</name>
         <load_address>0x64d9</load_address>
         <run_address>0x64d9</run_address>
         <size>0x674</size>
         <input_file_ref idref="fl-5"/>
      </object_component>
      <object_component id="oc-1da">
         <name>.debug_info</name>
         <load_address>0x6b4d</load_address>
         <run_address>0x6b4d</run_address>
         <size>0x16b</size>
         <input_file_ref idref="fl-5"/>
      </object_component>
      <object_component id="oc-1e9">
         <name>.debug_info</name>
         <load_address>0x6cb8</load_address>
         <run_address>0x6cb8</run_address>
         <size>0xd6</size>
         <input_file_ref idref="fl-5"/>
      </object_component>
      <object_component id="oc-1d4">
         <name>.debug_info</name>
         <load_address>0x6d8e</load_address>
         <run_address>0x6d8e</run_address>
         <size>0x142</size>
         <input_file_ref idref="fl-5"/>
      </object_component>
      <object_component id="oc-1d7">
         <name>.debug_info</name>
         <load_address>0x6ed0</load_address>
         <run_address>0x6ed0</run_address>
         <size>0xd7</size>
         <input_file_ref idref="fl-5"/>
      </object_component>
      <object_component id="oc-1dd">
         <name>.debug_info</name>
         <load_address>0x6fa7</load_address>
         <run_address>0x6fa7</run_address>
         <size>0xd9</size>
         <input_file_ref idref="fl-5"/>
      </object_component>
      <object_component id="oc-1e0">
         <name>.debug_info</name>
         <load_address>0x7080</load_address>
         <run_address>0x7080</run_address>
         <size>0xe3</size>
         <input_file_ref idref="fl-5"/>
      </object_component>
      <object_component id="oc-1e3">
         <name>.debug_info</name>
         <load_address>0x7163</load_address>
         <run_address>0x7163</run_address>
         <size>0xdf</size>
         <input_file_ref idref="fl-5"/>
      </object_component>
      <object_component id="oc-1e6">
         <name>.debug_info</name>
         <load_address>0x7242</load_address>
         <run_address>0x7242</run_address>
         <size>0xd9</size>
         <input_file_ref idref="fl-5"/>
      </object_component>
      <object_component id="oc-1f4">
         <name>.debug_info</name>
         <load_address>0x731b</load_address>
         <run_address>0x731b</run_address>
         <size>0xd8</size>
         <input_file_ref idref="fl-5"/>
      </object_component>
      <object_component id="oc-cd">
         <name>.debug_info</name>
         <load_address>0x73f3</load_address>
         <run_address>0x73f3</run_address>
         <size>0x2181</size>
         <input_file_ref idref="fl-5"/>
      </object_component>
      <object_component id="oc-136">
         <name>.debug_info</name>
         <load_address>0x9574</load_address>
         <run_address>0x9574</run_address>
         <size>0xb9c</size>
         <input_file_ref idref="fl-6"/>
      </object_component>
      <object_component id="oc-12e">
         <name>.debug_info</name>
         <load_address>0xa110</load_address>
         <run_address>0xa110</run_address>
         <size>0x18b</size>
         <input_file_ref idref="fl-6"/>
      </object_component>
      <object_component id="oc-6b">
         <name>.debug_info</name>
         <load_address>0xa29b</load_address>
         <run_address>0xa29b</run_address>
         <size>0x593</size>
         <input_file_ref idref="fl-6"/>
      </object_component>
      <object_component id="oc-71">
         <name>.debug_info</name>
         <load_address>0xa82e</load_address>
         <run_address>0xa82e</run_address>
         <size>0x2d4</size>
         <input_file_ref idref="fl-7"/>
      </object_component>
      <object_component id="oc-20">
         <name>.debug_info</name>
         <load_address>0xab02</load_address>
         <run_address>0xab02</run_address>
         <size>0x100</size>
         <input_file_ref idref="fl-7"/>
      </object_component>
      <object_component id="oc-64">
         <name>.debug_info</name>
         <load_address>0xac02</load_address>
         <run_address>0xac02</run_address>
         <size>0x1c7</size>
         <input_file_ref idref="fl-7"/>
      </object_component>
      <object_component id="oc-199">
         <name>.debug_info</name>
         <load_address>0xadc9</load_address>
         <run_address>0xadc9</run_address>
         <size>0xf9</size>
         <input_file_ref idref="fl-8"/>
      </object_component>
      <object_component id="oc-a6">
         <name>.debug_info</name>
         <load_address>0xaec2</load_address>
         <run_address>0xaec2</run_address>
         <size>0x26b</size>
         <input_file_ref idref="fl-8"/>
      </object_component>
      <object_component id="oc-1c1">
         <name>.debug_info</name>
         <load_address>0xb12d</load_address>
         <run_address>0xb12d</run_address>
         <size>0x5ef</size>
         <input_file_ref idref="fl-e"/>
      </object_component>
      <object_component id="oc-299">
         <name>.debug_info</name>
         <load_address>0xb71c</load_address>
         <run_address>0xb71c</run_address>
         <size>0xfc</size>
         <input_file_ref idref="fl-e"/>
      </object_component>
      <object_component id="oc-1ce">
         <name>.debug_info</name>
         <load_address>0xb818</load_address>
         <run_address>0xb818</run_address>
         <size>0x23c</size>
         <input_file_ref idref="fl-e"/>
      </object_component>
      <object_component id="oc-bc">
         <name>.debug_info</name>
         <load_address>0xba54</load_address>
         <run_address>0xba54</run_address>
         <size>0x122</size>
         <input_file_ref idref="fl-e"/>
      </object_component>
      <object_component id="oc-b6">
         <name>.debug_info</name>
         <load_address>0xbb76</load_address>
         <run_address>0xbb76</run_address>
         <size>0x1dd</size>
         <input_file_ref idref="fl-e"/>
      </object_component>
      <object_component id="oc-c2">
         <name>.debug_info</name>
         <load_address>0xbd53</load_address>
         <run_address>0xbd53</run_address>
         <size>0x132</size>
         <input_file_ref idref="fl-e"/>
      </object_component>
      <object_component id="oc-c8">
         <name>.debug_info</name>
         <load_address>0xbe85</load_address>
         <run_address>0xbe85</run_address>
         <size>0x1b9</size>
         <input_file_ref idref="fl-e"/>
      </object_component>
      <object_component id="oc-27f">
         <name>.debug_info</name>
         <load_address>0xc03e</load_address>
         <run_address>0xc03e</run_address>
         <size>0x1b5</size>
         <input_file_ref idref="fl-e"/>
      </object_component>
      <object_component id="oc-284">
         <name>.debug_info</name>
         <load_address>0xc1f3</load_address>
         <run_address>0xc1f3</run_address>
         <size>0x103e</size>
         <input_file_ref idref="fl-e"/>
      </object_component>
      <object_component id="oc-1c5">
         <name>.debug_info</name>
         <load_address>0xd231</load_address>
         <run_address>0xd231</run_address>
         <size>0x18b</size>
         <input_file_ref idref="fl-e"/>
      </object_component>
      <object_component id="oc-200">
         <name>.debug_info</name>
         <load_address>0xd3bc</load_address>
         <run_address>0xd3bc</run_address>
         <size>0x4a4</size>
         <input_file_ref idref="fl-f"/>
      </object_component>
      <object_component id="oc-1fd">
         <name>.debug_info</name>
         <load_address>0xd860</load_address>
         <run_address>0xd860</run_address>
         <size>0xd0</size>
         <input_file_ref idref="fl-f"/>
      </object_component>
      <object_component id="oc-109">
         <name>.debug_info</name>
         <load_address>0xd930</load_address>
         <run_address>0xd930</run_address>
         <size>0x183</size>
         <input_file_ref idref="fl-f"/>
      </object_component>
      <object_component id="oc-fd">
         <name>.debug_info</name>
         <load_address>0xdab3</load_address>
         <run_address>0xdab3</run_address>
         <size>0x185</size>
         <input_file_ref idref="fl-f"/>
      </object_component>
      <object_component id="oc-d3">
         <name>.debug_info</name>
         <load_address>0xdc38</load_address>
         <run_address>0xdc38</run_address>
         <size>0x1db</size>
         <input_file_ref idref="fl-f"/>
      </object_component>
      <object_component id="oc-da">
         <name>.debug_info</name>
         <load_address>0xde13</load_address>
         <run_address>0xde13</run_address>
         <size>0x19c</size>
         <input_file_ref idref="fl-f"/>
      </object_component>
      <object_component id="oc-271">
         <name>.debug_info</name>
         <load_address>0xdfaf</load_address>
         <run_address>0xdfaf</run_address>
         <size>0x432</size>
         <input_file_ref idref="fl-10"/>
      </object_component>
      <object_component id="oc-26e">
         <name>.debug_info</name>
         <load_address>0xe3e1</load_address>
         <run_address>0xe3e1</run_address>
         <size>0x173</size>
         <input_file_ref idref="fl-10"/>
      </object_component>
      <object_component id="oc-1b7">
         <name>.debug_info</name>
         <load_address>0xe554</load_address>
         <run_address>0xe554</run_address>
         <size>0x122</size>
         <input_file_ref idref="fl-10"/>
      </object_component>
      <object_component id="oc-1b1">
         <name>.debug_info</name>
         <load_address>0xe676</load_address>
         <run_address>0xe676</run_address>
         <size>0x16b</size>
         <input_file_ref idref="fl-10"/>
      </object_component>
      <object_component id="oc-349">
         <name>.debug_info</name>
         <load_address>0xe7e1</load_address>
         <run_address>0xe7e1</run_address>
         <size>0x379</size>
         <input_file_ref idref="fl-11"/>
      </object_component>
      <object_component id="oc-28a">
         <name>.debug_info</name>
         <load_address>0xeb5a</load_address>
         <run_address>0xeb5a</run_address>
         <size>0x10f</size>
         <input_file_ref idref="fl-11"/>
      </object_component>
      <object_component id="oc-29d">
         <name>.debug_info</name>
         <load_address>0xec69</load_address>
         <run_address>0xec69</run_address>
         <size>0x12b</size>
         <input_file_ref idref="fl-11"/>
      </object_component>
      <object_component id="oc-290">
         <name>.debug_info</name>
         <load_address>0xed94</load_address>
         <run_address>0xed94</run_address>
         <size>0x12d</size>
         <input_file_ref idref="fl-11"/>
      </object_component>
      <object_component id="oc-208">
         <name>.debug_info</name>
         <load_address>0xeec1</load_address>
         <run_address>0xeec1</run_address>
         <size>0x4f5</size>
         <input_file_ref idref="fl-12"/>
      </object_component>
      <object_component id="oc-f6">
         <name>.debug_info</name>
         <load_address>0xf3b6</load_address>
         <run_address>0xf3b6</run_address>
         <size>0x160</size>
         <input_file_ref idref="fl-12"/>
      </object_component>
      <object_component id="oc-1a4">
         <name>.debug_info</name>
         <load_address>0xf516</load_address>
         <run_address>0xf516</run_address>
         <size>0x153</size>
         <input_file_ref idref="fl-12"/>
      </object_component>
      <object_component id="oc-12a">
         <name>.debug_info</name>
         <load_address>0xf669</load_address>
         <run_address>0xf669</run_address>
         <size>0x1af</size>
         <input_file_ref idref="fl-12"/>
      </object_component>
      <object_component id="oc-269">
         <name>.debug_info</name>
         <load_address>0xf818</load_address>
         <run_address>0xf818</run_address>
         <size>0x1af</size>
         <input_file_ref idref="fl-12"/>
      </object_component>
      <object_component id="oc-1aa">
         <name>.debug_info</name>
         <load_address>0xf9c7</load_address>
         <run_address>0xf9c7</run_address>
         <size>0x198</size>
         <input_file_ref idref="fl-12"/>
      </object_component>
      <object_component id="oc-124">
         <name>.debug_info</name>
         <load_address>0xfb5f</load_address>
         <run_address>0xfb5f</run_address>
         <size>0x1b7</size>
         <input_file_ref idref="fl-12"/>
      </object_component>
      <object_component id="oc-2c3">
         <name>.debug_info</name>
         <load_address>0xfd16</load_address>
         <run_address>0xfd16</run_address>
         <size>0x341</size>
         <input_file_ref idref="fl-12"/>
      </object_component>
      <object_component id="oc-203">
         <name>.debug_info</name>
         <load_address>0x10057</load_address>
         <run_address>0x10057</run_address>
         <size>0x486</size>
         <input_file_ref idref="fl-13"/>
      </object_component>
      <object_component id="oc-ef">
         <name>.debug_info</name>
         <load_address>0x104dd</load_address>
         <run_address>0x104dd</run_address>
         <size>0x154</size>
         <input_file_ref idref="fl-13"/>
      </object_component>
      <object_component id="oc-e9">
         <name>.debug_info</name>
         <load_address>0x10631</load_address>
         <run_address>0x10631</run_address>
         <size>0x148</size>
         <input_file_ref idref="fl-13"/>
      </object_component>
      <object_component id="oc-dd">
         <name>.debug_info</name>
         <load_address>0x10779</load_address>
         <run_address>0x10779</run_address>
         <size>0x1b8</size>
         <input_file_ref idref="fl-13"/>
      </object_component>
      <object_component id="oc-101">
         <name>.debug_info</name>
         <load_address>0x10931</load_address>
         <run_address>0x10931</run_address>
         <size>0x126</size>
         <input_file_ref idref="fl-13"/>
      </object_component>
      <object_component id="oc-e4">
         <name>.debug_info</name>
         <load_address>0x10a57</load_address>
         <run_address>0x10a57</run_address>
         <size>0x132</size>
         <input_file_ref idref="fl-13"/>
      </object_component>
      <object_component id="oc-273">
         <name>.debug_info</name>
         <load_address>0x10b89</load_address>
         <run_address>0x10b89</run_address>
         <size>0xe7</size>
         <input_file_ref idref="fl-14"/>
      </object_component>
      <object_component id="oc-112">
         <name>.debug_info</name>
         <load_address>0x10c70</load_address>
         <run_address>0x10c70</run_address>
         <size>0x132</size>
         <input_file_ref idref="fl-ca"/>
      </object_component>
      <object_component id="oc-117">
         <name>.debug_info</name>
         <load_address>0x10da2</load_address>
         <run_address>0x10da2</run_address>
         <size>0x126</size>
         <input_file_ref idref="fl-cb"/>
      </object_component>
      <object_component id="oc-10e">
         <name>.debug_info</name>
         <load_address>0x10ec8</load_address>
         <run_address>0x10ec8</run_address>
         <size>0x124</size>
         <input_file_ref idref="fl-cc"/>
      </object_component>
      <object_component id="oc-8c">
         <name>.debug_info</name>
         <load_address>0x10fec</load_address>
         <run_address>0x10fec</run_address>
         <size>0x313</size>
         <input_file_ref idref="fl-cd"/>
      </object_component>
      <object_component id="oc-42">
         <name>.debug_info</name>
         <load_address>0x112ff</load_address>
         <run_address>0x112ff</run_address>
         <size>0x1b4</size>
         <input_file_ref idref="fl-cd"/>
      </object_component>
      <object_component id="oc-87">
         <name>.debug_info</name>
         <load_address>0x114b3</load_address>
         <run_address>0x114b3</run_address>
         <size>0x46</size>
         <input_file_ref idref="fl-cd"/>
      </object_component>
      <object_component id="oc-151">
         <name>.debug_info</name>
         <load_address>0x114f9</load_address>
         <run_address>0x114f9</run_address>
         <size>0x2c</size>
         <input_file_ref idref="fl-cd"/>
      </object_component>
      <object_component id="oc-3e">
         <name>.debug_info</name>
         <load_address>0x11525</load_address>
         <run_address>0x11525</run_address>
         <size>0x29d</size>
         <input_file_ref idref="fl-ce"/>
      </object_component>
      <object_component id="oc-18">
         <name>.debug_info</name>
         <load_address>0x117c2</load_address>
         <run_address>0x117c2</run_address>
         <size>0x1df</size>
         <input_file_ref idref="fl-ce"/>
      </object_component>
      <object_component id="oc-39">
         <name>.debug_info</name>
         <load_address>0x119a1</load_address>
         <run_address>0x119a1</run_address>
         <size>0x46</size>
         <input_file_ref idref="fl-ce"/>
      </object_component>
      <object_component id="oc-7f">
         <name>.debug_info</name>
         <load_address>0x119e7</load_address>
         <run_address>0x119e7</run_address>
         <size>0x2c</size>
         <input_file_ref idref="fl-ce"/>
      </object_component>
      <object_component id="oc-7d">
         <name>.debug_info</name>
         <load_address>0x11a13</load_address>
         <run_address>0x11a13</run_address>
         <size>0x293</size>
         <input_file_ref idref="fl-cf"/>
      </object_component>
      <object_component id="oc-12">
         <name>.debug_info</name>
         <load_address>0x11ca6</load_address>
         <run_address>0x11ca6</run_address>
         <size>0x245</size>
         <input_file_ref idref="fl-cf"/>
      </object_component>
      <object_component id="oc-29">
         <name>.debug_info</name>
         <load_address>0x11eeb</load_address>
         <run_address>0x11eeb</run_address>
         <size>0x60</size>
         <input_file_ref idref="fl-cf"/>
      </object_component>
      <object_component id="oc-14a">
         <name>.debug_info</name>
         <load_address>0x11f4b</load_address>
         <run_address>0x11f4b</run_address>
         <size>0x46</size>
         <input_file_ref idref="fl-cf"/>
      </object_component>
      <object_component id="oc-78">
         <name>.debug_info</name>
         <load_address>0x11f91</load_address>
         <run_address>0x11f91</run_address>
         <size>0x39</size>
         <input_file_ref idref="fl-cf"/>
      </object_component>
      <object_component id="oc-222">
         <name>.debug_info</name>
         <load_address>0x11fca</load_address>
         <run_address>0x11fca</run_address>
         <size>0x328</size>
         <input_file_ref idref="fl-d3"/>
      </object_component>
      <object_component id="oc-11c">
         <name>.debug_info</name>
         <load_address>0x122f2</load_address>
         <run_address>0x122f2</run_address>
         <size>0x1c6</size>
         <input_file_ref idref="fl-d3"/>
      </object_component>
      <object_component id="oc-216">
         <name>.debug_info</name>
         <load_address>0x124b8</load_address>
         <run_address>0x124b8</run_address>
         <size>0x182</size>
         <input_file_ref idref="fl-d3"/>
      </object_component>
      <object_component id="oc-21c">
         <name>.debug_info</name>
         <load_address>0x1263a</load_address>
         <run_address>0x1263a</run_address>
         <size>0x162</size>
         <input_file_ref idref="fl-d3"/>
      </object_component>
      <object_component id="oc-3ad">
         <name>.debug_info</name>
         <load_address>0x1279c</load_address>
         <run_address>0x1279c</run_address>
         <size>0x2c</size>
         <input_file_ref idref="fl-d3"/>
      </object_component>
      <object_component id="oc-23">
         <name>.debug_info</name>
         <load_address>0x127c8</load_address>
         <run_address>0x127c8</run_address>
         <size>0x100</size>
         <input_file_ref idref="fl-d5"/>
      </object_component>
      <object_component id="oc-52">
         <name>.debug_info</name>
         <load_address>0x128c8</load_address>
         <run_address>0x128c8</run_address>
         <size>0x1a4</size>
         <input_file_ref idref="fl-d5"/>
      </object_component>
      <object_component id="oc-8f">
         <name>.debug_info</name>
         <load_address>0x12a6c</load_address>
         <run_address>0x12a6c</run_address>
         <size>0x13f</size>
         <input_file_ref idref="fl-d6"/>
      </object_component>
      <object_component id="oc-34">
         <name>.debug_info</name>
         <load_address>0x12bab</load_address>
         <run_address>0x12bab</run_address>
         <size>0x111</size>
         <input_file_ref idref="fl-d7"/>
      </object_component>
      <object_component id="oc-24e">
         <name>.debug_info</name>
         <load_address>0x12cbc</load_address>
         <run_address>0x12cbc</run_address>
         <size>0x547</size>
         <input_file_ref idref="fl-d8"/>
      </object_component>
      <object_component id="oc-167">
         <name>.debug_info</name>
         <load_address>0x13203</load_address>
         <run_address>0x13203</run_address>
         <size>0x19b</size>
         <input_file_ref idref="fl-d8"/>
      </object_component>
      <object_component id="oc-330">
         <name>.debug_info</name>
         <load_address>0x1339e</load_address>
         <run_address>0x1339e</run_address>
         <size>0x39</size>
         <input_file_ref idref="fl-d8"/>
      </object_component>
      <object_component id="oc-3bf">
         <name>.debug_info</name>
         <load_address>0x133d7</load_address>
         <run_address>0x133d7</run_address>
         <size>0x39</size>
         <input_file_ref idref="fl-d8"/>
      </object_component>
      <object_component id="oc-335">
         <name>.debug_info</name>
         <load_address>0x13410</load_address>
         <run_address>0x13410</run_address>
         <size>0x39</size>
         <input_file_ref idref="fl-d8"/>
      </object_component>
      <object_component id="oc-33a">
         <name>.debug_info</name>
         <load_address>0x13449</load_address>
         <run_address>0x13449</run_address>
         <size>0xcd</size>
         <input_file_ref idref="fl-d8"/>
      </object_component>
      <object_component id="oc-94">
         <name>.debug_info</name>
         <load_address>0x13516</load_address>
         <run_address>0x13516</run_address>
         <size>0x148</size>
         <input_file_ref idref="fl-d9"/>
      </object_component>
      <object_component id="oc-15b">
         <name>.debug_info</name>
         <load_address>0x1365e</load_address>
         <run_address>0x1365e</run_address>
         <size>0x117</size>
         <input_file_ref idref="fl-db"/>
      </object_component>
      <object_component id="oc-30a">
         <name>.debug_info</name>
         <load_address>0x13775</load_address>
         <run_address>0x13775</run_address>
         <size>0x8a6</size>
         <input_file_ref idref="fl-dd"/>
      </object_component>
      <object_component id="oc-2d8">
         <name>.debug_info</name>
         <load_address>0x1401b</load_address>
         <run_address>0x1401b</run_address>
         <size>0x213</size>
         <input_file_ref idref="fl-dd"/>
      </object_component>
      <object_component id="oc-373">
         <name>.debug_info</name>
         <load_address>0x1422e</load_address>
         <run_address>0x1422e</run_address>
         <size>0x1a8</size>
         <input_file_ref idref="fl-dd"/>
      </object_component>
      <object_component id="oc-379">
         <name>.debug_info</name>
         <load_address>0x143d6</load_address>
         <run_address>0x143d6</run_address>
         <size>0x210</size>
         <input_file_ref idref="fl-dd"/>
      </object_component>
      <object_component id="oc-2e3">
         <name>.debug_info</name>
         <load_address>0x145e6</load_address>
         <run_address>0x145e6</run_address>
         <size>0x3b0</size>
         <input_file_ref idref="fl-dd"/>
      </object_component>
      <object_component id="oc-380">
         <name>.debug_info</name>
         <load_address>0x14996</load_address>
         <run_address>0x14996</run_address>
         <size>0x2fa</size>
         <input_file_ref idref="fl-dd"/>
      </object_component>
      <object_component id="oc-386">
         <name>.debug_info</name>
         <load_address>0x14c90</load_address>
         <run_address>0x14c90</run_address>
         <size>0x20a</size>
         <input_file_ref idref="fl-dd"/>
      </object_component>
      <object_component id="oc-2e9">
         <name>.debug_info</name>
         <load_address>0x14e9a</load_address>
         <run_address>0x14e9a</run_address>
         <size>0x20a</size>
         <input_file_ref idref="fl-dd"/>
      </object_component>
      <object_component id="oc-2ef">
         <name>.debug_info</name>
         <load_address>0x150a4</load_address>
         <run_address>0x150a4</run_address>
         <size>0x2f9</size>
         <input_file_ref idref="fl-dd"/>
      </object_component>
      <object_component id="oc-2f5">
         <name>.debug_info</name>
         <load_address>0x1539d</load_address>
         <run_address>0x1539d</run_address>
         <size>0x4a5</size>
         <input_file_ref idref="fl-dd"/>
      </object_component>
      <object_component id="oc-213">
         <name>.debug_info</name>
         <load_address>0x15842</load_address>
         <run_address>0x15842</run_address>
         <size>0x5cd</size>
         <input_file_ref idref="fl-dd"/>
      </object_component>
      <object_component id="oc-30b">
         <name>.debug_info</name>
         <load_address>0x15e0f</load_address>
         <run_address>0x15e0f</run_address>
         <size>0x86</size>
         <input_file_ref idref="fl-dd"/>
      </object_component>
      <object_component id="oc-3b2">
         <name>.debug_info</name>
         <load_address>0x15e95</load_address>
         <run_address>0x15e95</run_address>
         <size>0x39</size>
         <input_file_ref idref="fl-dd"/>
      </object_component>
      <object_component id="oc-401">
         <name>.debug_info</name>
         <load_address>0x15ece</load_address>
         <run_address>0x15ece</run_address>
         <size>0xb6</size>
         <input_file_ref idref="fl-dd"/>
      </object_component>
      <object_component id="oc-3b7">
         <name>.debug_info</name>
         <load_address>0x15f84</load_address>
         <run_address>0x15f84</run_address>
         <size>0x46</size>
         <input_file_ref idref="fl-dd"/>
      </object_component>
      <object_component id="oc-310">
         <name>.debug_info</name>
         <load_address>0x15fca</load_address>
         <run_address>0x15fca</run_address>
         <size>0x46</size>
         <input_file_ref idref="fl-dd"/>
      </object_component>
      <object_component id="oc-352">
         <name>.debug_info</name>
         <load_address>0x16010</load_address>
         <run_address>0x16010</run_address>
         <size>0x2ae</size>
         <input_file_ref idref="fl-df"/>
      </object_component>
      <object_component id="oc-2cf">
         <name>.debug_info</name>
         <load_address>0x162be</load_address>
         <run_address>0x162be</run_address>
         <size>0x171</size>
         <input_file_ref idref="fl-df"/>
      </object_component>
      <object_component id="oc-3d1">
         <name>.debug_info</name>
         <load_address>0x1642f</load_address>
         <run_address>0x1642f</run_address>
         <size>0xee</size>
         <input_file_ref idref="fl-e0"/>
      </object_component>
      <object_component id="oc-34f">
         <name>.debug_info</name>
         <load_address>0x1651d</load_address>
         <run_address>0x1651d</run_address>
         <size>0xfa</size>
         <input_file_ref idref="fl-e0"/>
      </object_component>
      <object_component id="oc-3dd">
         <name>.debug_info</name>
         <load_address>0x16617</load_address>
         <run_address>0x16617</run_address>
         <size>0x290</size>
         <input_file_ref idref="fl-e2"/>
      </object_component>
      <object_component id="oc-367">
         <name>.debug_info</name>
         <load_address>0x168a7</load_address>
         <run_address>0x168a7</run_address>
         <size>0x1c2</size>
         <input_file_ref idref="fl-e2"/>
      </object_component>
      <object_component id="oc-39e">
         <name>.debug_info</name>
         <load_address>0x16a69</load_address>
         <run_address>0x16a69</run_address>
         <size>0x28b</size>
         <input_file_ref idref="fl-e3"/>
      </object_component>
      <object_component id="oc-2f8">
         <name>.debug_info</name>
         <load_address>0x16cf4</load_address>
         <run_address>0x16cf4</run_address>
         <size>0x1ab</size>
         <input_file_ref idref="fl-e3"/>
      </object_component>
      <object_component id="oc-3f3">
         <name>.debug_info</name>
         <load_address>0x16e9f</load_address>
         <run_address>0x16e9f</run_address>
         <size>0x28f</size>
         <input_file_ref idref="fl-e5"/>
      </object_component>
      <object_component id="oc-398">
         <name>.debug_info</name>
         <load_address>0x1712e</load_address>
         <run_address>0x1712e</run_address>
         <size>0x247</size>
         <input_file_ref idref="fl-e5"/>
      </object_component>
      <object_component id="oc-34d">
         <name>.debug_info</name>
[...]
      </symbol>
      <symbol id="sm-24f">
         <name>delay</name>
         <value>0x20000830</value>
         <object_component_ref idref="oc-12d"/>
      </symbol>
      <symbol id="sm-250">
         <name>bgColor</name>
         <value>0x20000846</value>
         <object_component_ref idref="oc-12d"/>
      </symbol>
      <symbol id="sm-251">
         <name>count</name>
         <value>0x20000840</value>
         <object_component_ref idref="oc-12d"/>
      </symbol>
      <symbol id="sm-252">
         <name>TA0_N_IRQHandler</name>
         <value>0x2641</value>
         <object_component_ref idref="oc-69"/>
      </symbol>
      <symbol id="sm-267">
         <name>Reset_Handler</name>
         <value>0x3e4d</value>
         <object_component_ref idref="oc-63"/>
      </symbol>
      <symbol id="sm-268">
         <name>Default_Handler</name>
         <value>0x3e59</value>
         <object_component_ref idref="oc-63"/>
      </symbol>
      <symbol id="sm-269">
         <name>interruptVectors</name>
         <value>0x0</value>
         <object_component_ref idref="oc-1f"/>
      </symbol>
      <symbol id="sm-2b0">
         <name>SystemInit</name>
         <value>0x2159</value>
         <object_component_ref idref="oc-a5"/>
      </symbol>
      <symbol id="sm-2b1">
         <name>SystemCoreClockUpdate</name>
         <value>0x1ee5</value>
         <object_component_ref idref="oc-a5"/>
      </symbol>
      <symbol id="sm-2b2">
         <name>SystemCoreClock</name>
         <value>0x20000860</value>
         <object_component_ref idref="oc-198"/>
      </symbol>
      <symbol id="sm-32b">
         <name>CS_startHFXT</name>
         <value>0x3e99</value>
         <object_component_ref idref="oc-b8"/>
      </symbol>
      <symbol id="sm-32c">
         <name>CS_setExternalClockSourceFrequency</name>
         <value>0x3d8d</value>
         <object_component_ref idref="oc-b2"/>
      </symbol>
      <symbol id="sm-32d">
         <name>CS_setDCOCenteredFrequency</name>
         <value>0x3c5d</value>
         <object_component_ref idref="oc-be"/>
      </symbol>
      <symbol id="sm-32e">
         <name>CS_startHFXTWithTimeout</name>
         <value>0x337d</value>
         <object_component_ref idref="oc-1ca"/>
      </symbol>
      <symbol id="sm-32f">
         <name>CS_initClockSignal</name>
         <value>0x3135</value>
         <object_component_ref idref="oc-c4"/>
      </symbol>
      <symbol id="sm-368">
         <name>GPIO_setOutputHighOnPin</name>
         <value>0x3da1</value>
         <object_component_ref idref="oc-fa"/>
      </symbol>
      <symbol id="sm-369">
         <name>GPIO_setAsOutputPin</name>
         <value>0x3c81</value>
         <object_component_ref idref="oc-d6"/>
      </symbol>
      <symbol id="sm-36a">
         <name>GPIO_setOutputLowOnPin</name>
         <value>0x3d45</value>
         <object_component_ref idref="oc-106"/>
      </symbol>
      <symbol id="sm-36b">
         <name>GPIO_setAsPeripheralModuleFunctionInputPin</name>
         <value>0x3a29</value>
         <object_component_ref idref="oc-d0"/>
      </symbol>
      <symbol id="sm-39b">
         <name>Interrupt_enableMaster</name>
         <value>0x3e01</value>
         <object_component_ref idref="oc-1b3"/>
      </symbol>
      <symbol id="sm-39c">
         <name>Interrupt_enableInterrupt</name>
         <value>0x3819</value>
         <object_component_ref idref="oc-1ad"/>
      </symbol>
      <symbol id="sm-3bf">
         <name>SysCtl_getNMISourceStatus</name>
         <value>0x3e69</value>
         <object_component_ref idref="oc-289"/>
      </symbol>
      <symbol id="sm-3c0">
         <name>SysCtl_enableNMISource</name>
         <value>0x3e21</value>
         <object_component_ref idref="oc-29b"/>
      </symbol>
      <symbol id="sm-3c1">
         <name>SysCtl_disableNMISource</name>
         <value>0x3e11</value>
         <object_component_ref idref="oc-28f"/>
      </symbol>
      <symbol id="sm-408">
         <name>Timer_A_clearCaptureCompareInterrupt</name>
         <value>0x3d29</value>
         <object_component_ref idref="oc-121"/>
      </symbol>
      <symbol id="sm-409">
         <name>Timer_A_startCounter</name>
         <value>0x3e89</value>
         <object_component_ref idref="oc-f4"/>
      </symbol>
      <symbol id="sm-40a">
         <name>Timer_A_initCapture</name>
         <value>0x3bfd</value>
         <object_component_ref idref="oc-1a1"/>
      </symbol>
      <symbol id="sm-40b">
         <name>Timer_A_getCaptureCompareCount</name>
         <value>0x3e31</value>
         <object_component_ref idref="oc-127"/>
      </symbol>
      <symbol id="sm-40c">
         <name>Timer_A_configureContinuousMode</name>
         <value>0x3cc9</value>
         <object_component_ref idref="oc-1a7"/>
      </symbol>
      <symbol id="sm-445">
         <name>Timer32_startTimer</name>
         <value>0x3ced</value>
         <object_component_ref idref="oc-ee"/>
      </symbol>
      <symbol id="sm-446">
         <name>Timer32_setCount</name>
         <value>0x3ca5</value>
         <object_component_ref idref="oc-e8"/>
      </symbol>
      <symbol id="sm-447">
         <name>Timer32_getValue</name>
         <value>0x3e9f</value>
         <object_component_ref idref="oc-100"/>
      </symbol>
      <symbol id="sm-448">
         <name>Timer32_disableInterrupt</name>
         <value>0x3e75</value>
         <object_component_ref idref="oc-e2"/>
      </symbol>
      <symbol id="sm-449">
         <name>Timer32_initModule</name>
         <value>0x3a71</value>
         <object_component_ref idref="oc-dc"/>
      </symbol>
      <symbol id="sm-453">
         <name>CPU_cpsie</name>
         <value>0x3e5b</value>
         <object_component_ref idref="oc-272"/>
      </symbol>
      <symbol id="sm-45e">
         <name>__aeabi_dmul</name>
         <value>0x3039</value>
         <object_component_ref idref="oc-111"/>
      </symbol>
      <symbol id="sm-468">
         <name>__aeabi_d2iz</name>
         <value>0x3ab9</value>
         <object_component_ref idref="oc-116"/>
      </symbol>
      <symbol id="sm-472">
         <name>__aeabi_i2d</name>
         <value>0x3c2d</value>
         <object_component_ref idref="oc-10c"/>
      </symbol>
      <symbol id="sm-48b">
         <name>__TI_zero_init_nomemset</name>
         <value>0x3ddd</value>
         <object_component_ref idref="oc-3f"/>
      </symbol>
      <symbol id="sm-4a2">
         <name>__TI_decompress_none</name>
         <value>0x3e3f</value>
         <object_component_ref idref="oc-16"/>
      </symbol>
      <symbol id="sm-4c5">
         <name>__TI_decompress_lzss</name>
         <value>0x37af</value>
         <object_component_ref idref="oc-10"/>
      </symbol>
      <symbol id="sm-4ef">
         <name>sprintf</name>
         <value>0x3b45</value>
         <object_component_ref idref="oc-11b"/>
      </symbol>
      <symbol id="sm-503">
         <name>__stack</name>
         <value>0x2000fe00</value>
         <object_component_ref idref="oc-22"/>
      </symbol>
      <symbol id="sm-504">
         <name>_c_int00_noargs</name>
         <value>0x3bc5</value>
         <object_component_ref idref="oc-51"/>
      </symbol>
      <symbol id="sm-513">
         <name>__aeabi_memset</name>
         <value>0x3659</value>
         <object_component_ref idref="oc-8d"/>
      </symbol>
      <symbol id="sm-514">
         <name>memset</name>
         <value>0x365f</value>
         <object_component_ref idref="oc-8d"/>
      </symbol>
      <symbol id="sm-515">
         <name>__aeabi_memset8</name>
         <value>0x3659</value>
         <object_component_ref idref="oc-8d"/>
      </symbol>
      <symbol id="sm-516">
         <name>__aeabi_memset4</name>
         <value>0x3659</value>
         <object_component_ref idref="oc-8d"/>
      </symbol>
      <symbol id="sm-517">
         <name>__aeabi_memclr8</name>
         <value>0x3657</value>
         <object_component_ref idref="oc-8d"/>
      </symbol>
      <symbol id="sm-518">
         <name>__aeabi_memclr4</name>
         <value>0x3657</value>
         <object_component_ref idref="oc-8d"/>
      </symbol>
      <symbol id="sm-519">
         <name>__aeabi_memclr</name>
         <value>0x3657</value>
         <object_component_ref idref="oc-8d"/>
      </symbol>
      <symbol id="sm-534">
         <name>memcpy</name>
         <value>0x3419</value>
         <object_component_ref idref="oc-33"/>
      </symbol>
      <symbol id="sm-535">
         <name>__aeabi_memcpy</name>
         <value>0x3419</value>
         <object_component_ref idref="oc-33"/>
      </symbol>
      <symbol id="sm-536">
         <name>__aeabi_memcpy8</name>
         <value>0x3419</value>
         <object_component_ref idref="oc-33"/>
      </symbol>
      <symbol id="sm-537">
         <name>__aeabi_memcpy4</name>
         <value>0x3419</value>
         <object_component_ref idref="oc-33"/>
      </symbol>
      <symbol id="sm-55f">
         <name>__TI_auto_init_nobinit_nopinit</name>
         <value>0x3b01</value>
         <object_component_ref idref="oc-166"/>
      </symbol>
      <symbol id="sm-569">
         <name>_system_pre_init</name>
         <value>0x3ea3</value>
         <object_component_ref idref="oc-93"/>
      </symbol>
      <symbol id="sm-575">
         <name>C$$EXIT</name>
         <value>0x3ea7</value>
         <object_component_ref idref="oc-15a"/>
      </symbol>
      <symbol id="sm-576">
         <name>abort</name>
         <value>0x3ea7</value>
         <object_component_ref idref="oc-15a"/>
      </symbol>
      <symbol id="sm-6dc">
         <name>__TI_printfi</name>
         <value>0x1485</value>
         <object_component_ref idref="oc-20f"/>
      </symbol>
      <symbol id="sm-6f3">
         <name>atoi</name>
         <value>0x39dd</value>
         <object_component_ref idref="oc-2ce"/>
      </symbol>
      <symbol id="sm-6fe">
         <name>_ctypes_</name>
         <value>0x45a7</value>
         <object_component_ref idref="oc-34e"/>
      </symbol>
      <symbol id="sm-70e">
         <name>ltoa</name>
         <value>0x3937</value>
         <object_component_ref idref="oc-364"/>
      </symbol>
      <symbol id="sm-71e">
         <name>memccpy</name>
         <value>0x3d0d</value>
         <object_component_ref idref="oc-2f7"/>
      </symbol>
      <symbol id="sm-72f">
         <name>strchr</name>
         <value>0x3d75</value>
         <object_component_ref idref="oc-396"/>
      </symbol>
      <symbol id="sm-73d">
         <name>strlen</name>
         <value>0x3dc9</value>
         <object_component_ref idref="oc-2c8"/>
      </symbol>
      <symbol id="sm-75b">
         <name>__aeabi_errno_addr</name>
         <value>0x3e91</value>
         <object_component_ref idref="oc-303"/>
      </symbol>
      <symbol id="sm-75c">
         <name>errno</name>
         <value>0x2000085c</value>
         <object_component_ref idref="oc-3a6"/>
      </symbol>
      <symbol id="sm-77c">
         <name>frexpl</name>
         <value>0x387d</value>
         <object_component_ref idref="oc-38a"/>
      </symbol>
      <symbol id="sm-77d">
         <name>frexp</name>
         <value>0x387d</value>
         <object_component_ref idref="oc-38a"/>
      </symbol>
      <symbol id="sm-79a">
         <name>scalbn</name>
         <value>0x2f29</value>
         <object_component_ref idref="oc-390"/>
      </symbol>
      <symbol id="sm-79b">
         <name>scalbnl</name>
         <value>0x2f29</value>
         <object_component_ref idref="oc-390"/>
      </symbol>
      <symbol id="sm-79c">
         <name>ldexpl</name>
         <value>0x2f29</value>
         <object_component_ref idref="oc-390"/>
      </symbol>
      <symbol id="sm-79d">
         <name>ldexp</name>
         <value>0x2f29</value>
         <object_component_ref idref="oc-390"/>
      </symbol>
      <symbol id="sm-7b6">
         <name>wcslen</name>
         <value>0x3def</value>
         <object_component_ref idref="oc-2fd"/>
      </symbol>
      <symbol id="sm-7c0">
         <name>copysign</name>
         <value>0x3db5</value>
         <object_component_ref idref="oc-3ea"/>
      </symbol>
      <symbol id="sm-7c1">
         <name>copysignl</name>
         <value>0x3db5</value>
         <object_component_ref idref="oc-3ea"/>
      </symbol>
      <symbol id="sm-7ce">
         <name>__aeabi_uldivmod</name>
         <value>0x34b5</value>
         <object_component_ref idref="oc-353"/>
      </symbol>
      <symbol id="sm-7e5">
         <name>__aeabi_dsub</name>
         <value>0x28b5</value>
         <object_component_ref idref="oc-36a"/>
      </symbol>
      <symbol id="sm-7e6">
         <name>__aeabi_dadd</name>
         <value>0x28bf</value>
         <object_component_ref idref="oc-36a"/>
      </symbol>
      <symbol id="sm-808">
         <name>__aeabi_cdcmpeq</name>
         <value>0x354b</value>
         <object_component_ref idref="oc-2da"/>
      </symbol>
      <symbol id="sm-809">
         <name>__aeabi_cdcmple</name>
         <value>0x354b</value>
         <object_component_ref idref="oc-2da"/>
      </symbol>
      <symbol id="sm-80a">
         <name>__aeabi_cdrcmple</name>
         <value>0x35d1</value>
         <object_component_ref idref="oc-35f"/>
      </symbol>
      <symbol id="sm-81e">
         <name>__aeabi_ddiv</name>
         <value>0x2ba9</value>
         <object_component_ref idref="oc-35a"/>
      </symbol>
      <symbol id="sm-82d">
         <name>__aeabi_idiv0</name>
         <value>0x1ee3</value>
         <object_component_ref idref="oc-3d4"/>
      </symbol>
      <symbol id="sm-82e">
         <name>__aeabi_ldiv0</name>
         <value>0x1ee3</value>
         <object_component_ref idref="oc-3d4"/>
      </symbol>
      <symbol id="sm-843">
         <name>_sys_memory</name>
         <value>0x20000000</value>
         <object_component_ref idref="oc-25"/>
      </symbol>
      <symbol id="sm-84d">
         <name>__TI_static_base__</name>
         <value>0x0</value>
      </symbol>
      <symbol id="sm-850">
         <name>__mpu_init</name>
         <value>0x0</value>
      </symbol>
      <symbol id="sm-851">
         <name>_system_post_cinit</name>
         <value>0x0</value>
      </symbol>
      <symbol id="sm-852">
         <name>NMI_Handler</name>
         <value>0x3e59</value>
      </symbol>
      <symbol id="sm-853">
         <name>HardFault_Handler</name>
         <value>0x3e59</value>
      </symbol>
      <symbol id="sm-854">
         <name>MemManage_Handler</name>
         <value>0x3e59</value>
      </symbol>
      <symbol id="sm-855">
         <name>BusFault_Handler</name>
         <value>0x3e59</value>
      </symbol>
      <symbol id="sm-856">
         <name>UsageFault_Handler</name>
         <value>0x3e59</value>
      </symbol>
      <symbol id="sm-857">
         <name>SVC_Handler</name>
         <value>0x3e59</value>
      </symbol>
      <symbol id="sm-858">
         <name>DebugMon_Handler</name>
         <value>0x3e59</value>
      </symbol>
      <symbol id="sm-859">
         <name>PendSV_Handler</name>
         <value>0x3e59</value>
      </symbol>
      <symbol id="sm-85a">
         <name>SysTick_Handler</name>
         <value>0x3e59</value>
      </symbol>
      <symbol id="sm-85b">
         <name>PSS_IRQHandler</name>
         <value>0x3e59</value>
      </symbol>
      <symbol id="sm-85c">
         <name>CS_IRQHandler</name>
         <value>0x3e59</value>
      </symbol>
      <symbol id="sm-85d">
         <name>PCM_IRQHandler</name>
         <value>0x3e59</value>
      </symbol>
      <symbol id="sm-85e">
         <name>WDT_A_IRQHandler</name>
         <value>0x3e59</value>
      </symbol>
      <symbol id="sm-85f">
         <name>FPU_IRQHandler</name>
         <value>0x3e59</value>
      </symbol>
      <symbol id="sm-860">
         <name>FLCTL_IRQHandler</name>
         <value>0x3e59</value>
      </symbol>
      <symbol id="sm-861">
         <name>COMP_E0_IRQHandler</name>
         <value>0x3e59</value>
      </symbol>
      <symbol id="sm-862">
         <name>COMP_E1_IRQHandler</name>
         <value>0x3e59</value>
      </symbol>
      <symbol id="sm-863">
         <name>TA0_0_IRQHandler</name>
         <value>0x3e59</value>
      </symbol>
      <symbol id="sm-864">
         <name>TA0_N_IRQHandler</name>
         <value>0x2641</value>
      </symbol>
      <symbol id="sm-865">
         <name>TA1_0_IRQHandler</name>
         <value>0x3e59</value>
      </symbol>
      <symbol id="sm-866">
         <name>TA1_N_IRQHandler</name>
         <value>0x3e59</value>
      </symbol>
      <symbol id="sm-867">
         <name>TA2_0_IRQHandler</name>
         <value>0x3e59</value>
      </symbol>
      <symbol id="sm-868">
         <name>TA2_N_IRQHandler</name>
         <value>0x3e59</value>
      </symbol>
      <symbol id="sm-869">
         <name>TA3_0_IRQHandler</name>
         <value>0x3e59</value>
      </symbol>
      <symbol id="sm-86a">
         <name>TA3_N_IRQHandler</name>
         <value>0x3e59</value>
      </symbol>
      <symbol id="sm-86b">
         <name>EUSCIA0_IRQHandler</name>
         <value>0x3e59</value>
      </symbol>
      <symbol id="sm-86c">
         <name>EUSCIA1_IRQHandler</name>
         <value>0x3e59</value>
      </symbol>
      <symbol id="sm-86d">
         <name>EUSCIA2_IRQHandler</name>
         <value>0x3e59</value>
      </symbol>
      <symbol id="sm-86e">
         <name>EUSCIA3_IRQHandler</name>
         <value>0x3e59</value>
      </symbol>
      <symbol id="sm-86f">
         <name>EUSCIB0_IRQHandler</name>
         <value>0x3e59</value>
      </symbol>
      <symbol id="sm-870">
         <name>EUSCIB1_IRQHandler</name>
         <value>0x3e59</value>
      </symbol>
      <symbol id="sm-871">
         <name>EUSCIB2_IRQHandler</name>
         <value>0x3e59</value>
      </symbol>
      <symbol id="sm-872">
         <name>EUSCIB3_IRQHandler</name>
         <value>0x3e59</value>
      </symbol>
      <symbol id="sm-873">
         <name>ADC14_IRQHandler</name>
         <value>0x3e59</value>
      </symbol>
      <symbol id="sm-874">
         <name>T32_INT1_IRQHandler</name>
         <value>0x3e59</value>
      </symbol>
      <symbol id="sm-875">
         <name>T32_INT2_IRQHandler</name>
         <value>0x3e59</value>
      </symbol>
      <symbol id="sm-876">
         <name>T32_INTC_IRQHandler</name>
         <value>0x3e59</value>
      </symbol>
      <symbol id="sm-877">
         <name>AES256_IRQHandler</name>
         <value>0x3e59</value>
      </symbol>
      <symbol id="sm-878">
         <name>RTC_C_IRQHandler</name>
         <value>0x3e59</value>
      </symbol>
      <symbol id="sm-879">
         <name>DMA_ERR_IRQHandler</name>
         <value>0x3e59</value>
      </symbol>
      <symbol id="sm-87a">
         <name>DMA_INT3_IRQHandler</name>
         <value>0x3e59</value>
      </symbol>
      <symbol id="sm-87b">
         <name>DMA_INT2_IRQHandler</name>
         <value>0x3e59</value>
      </symbol>
      <symbol id="sm-87c">
         <name>DMA_INT1_IRQHandler</name>
         <value>0x3e59</value>
      </symbol>
      <symbol id="sm-87d">
         <name>DMA_INT0_IRQHandler</name>
         <value>0x3e59</value>
      </symbol>
      <symbol id="sm-87e">
         <name>PORT1_IRQHandler</name>
         <value>0x3e59</value>
      </symbol>
      <symbol id="sm-87f">
         <name>PORT2_IRQHandler</name>
         <value>0x3e59</value>
      </symbol>
      <symbol id="sm-880">
         <name>PORT3_IRQHandler</name>
         <value>0x3e59</value>
      </symbol>
      <symbol id="sm-881">
         <name>PORT4_IRQHandler</name>
         <value>0x3e59</value>
      </symbol>
      <symbol id="sm-882">
         <name>PORT5_IRQHandler</name>
         <value>0x3e59</value>
      </symbol>
      <symbol id="sm-883">
         <name>PORT6_IRQHandler</name>
         <value>0x3e59</value>
      </symbol>
   </symbol_table>
   <title>Link successful</title>
</link_info>
