******************************************************************************
                  TI ARM Linker PC v18.1.3                     
******************************************************************************
>> Linked Wed Nov  7 01:27:32 2018

OUTPUT FILE NAME:   <EGR326_Final_Project.out>
ENTRY POINT SYMBOL: "_c_int00_noargs"  address: 00004a9d


MEMORY CONFIGURATION

         name            origin    length      used     unused   attr    fill
----------------------  --------  ---------  --------  --------  ----  --------
  MAIN                  00000000   00040000  00005824  0003a7dc  R  X
  INFO                  00200000   00004000  00000000  00004000  R  X
  SRAM_CODE             01000000   00010000  00000000  00010000  RW X
  SRAM_DATA             20000000   00010000  00000eb4  0000f14c  RW  


SEGMENT ALLOCATION MAP

run origin  load origin   length   init length attrs members
----------  ----------- ---------- ----------- ----- -------
00000000    00000000    00005828   00005828    r-x
  00000000    00000000    000000e4   000000e4    r-- .intvecs
  000000e4    000000e4    00004d8e   00004d8e    r-x .text
  00004e74    00004e74    000008fa   000008fa    r-- .const
  00005770    00005770    000000b8   000000b8    r-- .cinit
20000000    20000000    00000cb4   00000000    rw-
  20000000    20000000    00000800   00000000    rw- .sysmem
  20000800    20000800    0000029c   00000000    rw- .bss
  20000a9c    20000a9c    00000218   00000000    rw- .data
2000fe00    2000fe00    00000200   00000000    rw-
  2000fe00    2000fe00    00000200   00000000    rw- .stack


SECTION ALLOCATION MAP

 output                                  attributes/
section   page    origin      length       input sections
--------  ----  ----------  ----------   ----------------
.intvecs   0    00000000    000000e4     
                  00000000    000000e4     startup_msp432p401r_ccs.obj (.intvecs:retain)

.text      0    000000e4    00004d8e     
                  000000e4    000013a0     ST7735.obj (.text)
                  00001484    00000a5e     rtsv7M4_T_le_v4SPD16_eabi.lib : _printfi.c.obj (.text:__TI_printfi)
                  00001ee2    00000002                                   : _lock.c.obj (.text:_nop)
                  00001ee4    0000098c     main.obj (.text)
                  00002870    00000328     system_msp432p401r.obj (.text)
                  00002b98    00000270     rtsv7M4_T_le_v4SPD16_eabi.lib : _printfi.c.obj (.text:_pconv_a)
                  00002e08    000001d0                                   : _printfi.c.obj (.text:_pconv_g)
                  00002fd8    000001b6                                   : fd_add_t2.asm.obj (.text)
                  0000318e    00000002                                   : div0.asm.obj (.text)
                  00003190    00000174     KEYPAD.obj (.text)
                  00003304    0000013c     rtsv7M4_T_le_v4SPD16_eabi.lib : _printfi.c.obj (.text:_pconv_e)
                  00003440    00000136                                   : fd_div_t2.asm.obj (.text)
                  00003576    00000002     --HOLE-- [fill = 0]
                  00003578    00000120                                   : _printfi.c.obj (.text:fcvt)
                  00003698    00000114                                   : fputs.c.obj (.text:fputs)
                  000037ac    00000110                                   : s_scalbn.c.obj (.text:scalbn)
                  000038bc    000000fc                                   : fd_mul_t2.asm.obj (.text)
                  000039b8    000000dc                                   : setvbuf.c.obj (.text:setvbuf)
                  00003a94    000000d8                                   : memory.c.obj (.text:free)
                  00003b6c    000000b1                                   : _printfi.c.obj (.text:_ltostr)
                  00003c1d    00000003     --HOLE-- [fill = 0]
                  00003c20    0000009c     msp432p4xx_driverlib.lib : cs.o (.text:CS_startHFXTWithTimeout)
                  00003cbc    0000009c     rtsv7M4_T_le_v4SPD16_eabi.lib : memcpy_t2.asm.obj (.text)
                  00003d58    00000096                                   : ull_div_t2.asm.obj (.text)
                  00003dee    00000086                                   : fd_cmp_t2.asm.obj (.text:__aeabi_cdcmple)
                  00003e74    00000086                                   : fd_cmp_t2.asm.obj (.text:__aeabi_cdrcmple)
                  00003efa    00000002     --HOLE-- [fill = 0]
                  00003efc    0000007c     COMMONCLOCKS.obj (.text)
                  00003f78    0000007c     rtsv7M4_T_le_v4SPD16_eabi.lib : fflush.c.obj (.text:fflush)
                  00003ff4    0000007a                                   : memset_t2.asm.obj (.text)
                  0000406e    00000002     --HOLE-- [fill = 0]
                  00004070    00000078                                   : memory.c.obj (.text:malloc)
                  000040e8    00000074                                   : fclose.c.obj (.text:__TI_closefile)
                  0000415c    00000070     msp432p4xx_driverlib.lib : cs.o (.text:_CSGetHFXTFrequency)
                  000041cc    0000006e     rtsv7M4_T_le_v4SPD16_eabi.lib : _printfi.c.obj (.text:_mcpy)
                  0000423a    00000002     --HOLE-- [fill = 0]
                  0000423c    00000068                                   : hostlseek.c.obj (.text:HOSTlseek)
                  000042a4    00000068                                   : hostrename.c.obj (.text:HOSTrename)
                  0000430c    00000068                                   : copy_decompress_lzss.c.obj (.text:decompress:lzss:__TI_decompress_lzss)
                  00004374    00000068                                   : printf.c.obj (.text:printf)
                  000043dc    00000064                                   : s_frexp.c.obj (.text:frexp)
                  00004440    00000064                                   : fseek.c.obj (.text:fseek)
                  000044a4    00000062                                   : _io_perm.c.obj (.text:__TI_wrt_ok)
                  00004506    00000002     --HOLE-- [fill = 0]
                  00004508    00000060                                   : hostopen.c.obj (.text:HOSTopen)
                  00004568    0000005c                                   : close.c.obj (.text:close)
                  000045c4    00000058                                   : hostread.c.obj (.text:HOSTread)
                  0000461c    00000058                                   : hostwrite.c.obj (.text:HOSTwrite)
                  00004674    00000056                                   : _printfi.c.obj (.text:_pconv_f)
                  000046ca    00000054                                   : ltoa.c.obj (.text:ltoa)
                  0000471e    00000052                                   : _printfi.c.obj (.text:_ecpy)
                  00004770    0000004c                                   : fflush.c.obj (.text:__TI_doflush)
                  000047bc    0000004c                                   : atoi.c.obj (.text:atoi)
                  00004808    00000048                                   : exit.c.obj (.text:exit)
                  00004850    00000048                                   : fd_toi_t2.asm.obj (.text)
                  00004898    00000044                                   : hostclose.c.obj (.text:HOSTclose)
                  000048dc    00000044                                   : hostunlink.c.obj (.text:HOSTunlink)
                  00004920    00000044                                   : autoinit.c.obj (.text:__TI_auto_init_nobinit_nopinit:__TI_auto_init_nobinit_nopinit)
                  00004964    00000044                                   : getdevice.c.obj (.text:getdevice)
                  000049a8    00000040                                   : sprintf.c.obj (.text:sprintf)
                  000049e8    0000003e                                   : _printfi.c.obj (.text:_fcpy)
                  00004a26    00000002     --HOLE-- [fill = 0]
                  00004a28    0000003c                                   : memory.c.obj (.text:minsert)
                  00004a64    00000038                                   : trgmsg.c.obj (.text:__TI_writemsg)
                  00004a9c    00000038                                   : boot_cortex_m.c.obj (.text:_c_int00_noargs:_c_int00_noargs)
                  00004ad4    00000038                                   : memory.c.obj (.text:minit)
                  00004b0c    00000036                                   : strncpy.c.obj (.text:strncpy)
                  00004b42    00000002     --HOLE-- [fill = 0]
                  00004b44    00000034                                   : fopen.c.obj (.text:__TI_cleanup)
                  00004b78    00000034                                   : trgmsg.c.obj (.text:__TI_readmsg)
                  00004bac    00000030     main.obj (.text:convertToBCD)
                  00004bdc    00000030     rtsv7M4_T_le_v4SPD16_eabi.lib : getdevice.c.obj (.text:finddevice)
                  00004c0c    0000002e                                   : i_tofd_t2.asm.obj (.text)
                  00004c3a    00000002     --HOLE-- [fill = 0]
                  00004c3c    0000002c                                   : unlink.c.obj (.text:unlink)
                  00004c68    00000028     main.obj (.text:convertFromBCD)
                  00004c90    00000028     rtsv7M4_T_le_v4SPD16_eabi.lib : lseek.c.obj (.text:lseek)
                  00004cb8    00000028                                   : memory.c.obj (.text:mremove)
                  00004ce0    00000028                                   : write.c.obj (.text:write)
                  00004d08    00000020                                   : memchr.c.obj (.text:memchr)
                  00004d28    0000001c                                   : memccpy.c.obj (.text:memccpy)
                  00004d44    00000018                                   : sprintf.c.obj (.text:_outs)
                  00004d5c    00000018                                   : strcmp.c.obj (.text:strcmp)
                  00004d74    00000016                                   : strchr.c.obj (.text:strchr)
                  00004d8a    00000002     --HOLE-- [fill = 0]
                  00004d8c    00000014     msp432p4xx_driverlib.lib : cs.o (.text:CS_setExternalClockSourceFrequency)
                  00004da0    00000014     rtsv7M4_T_le_v4SPD16_eabi.lib : s_copysign.c.obj (.text:copysign)
                  00004db4    00000014                                   : strcpy.c.obj (.text:strcpy)
                  00004dc8    00000014                                   : strlen.c.obj (.text:strlen)
                  00004ddc    00000012                                   : copy_zero_init.c.obj (.text:decompress:ZI:__TI_zero_init_nomemset:__TI_zero_init_nomemset)
                  00004dee    00000012                                   : wcslen.c.obj (.text:wcslen)
                  00004e00    00000010     msp432p4xx_driverlib.lib : sysctl.o (.text:SysCtl_disableNMISource)
                  00004e10    00000010                              : sysctl.o (.text:SysCtl_enableNMISource)
                  00004e20    0000000e     rtsv7M4_T_le_v4SPD16_eabi.lib : copy_decompress_none.c.obj (.text:decompress:none:__TI_decompress_none)
                  00004e2e    0000000e     startup_msp432p401r_ccs.obj (.text)
                  00004e3c    0000000c     msp432p4xx_driverlib.lib : sysctl.o (.text:SysCtl_getNMISourceStatus)
                  00004e48    0000000a     rtsv7M4_T_le_v4SPD16_eabi.lib : sprintf.c.obj (.text:_outc)
                  00004e52    00000002     --HOLE-- [fill = 0]
                  00004e54    00000008                                   : errno.c.obj (.text:__aeabi_errno_addr)
                  00004e5c    00000006     msp432p4xx_driverlib.lib : cs.o (.text:CS_startHFXT)
                  00004e62    00000004     rtsv7M4_T_le_v4SPD16_eabi.lib : printf.c.obj (.text:_outc)
                  00004e66    00000004                                   : printf.c.obj (.text:_outs)
                  00004e6a    00000004                                   : pre_init.c.obj (.text:_system_pre_init)
                  00004e6e    00000004                                   : exit.c.obj (.text:abort:abort)

.const     0    00004e74    000008fa     
                  00004e74    000004fb     ST7735.obj (.const:.string:Font)
                  0000536f    00000200     ST7735.obj (.const:.string:dBfs)
                  0000556f    00000101     rtsv7M4_T_le_v4SPD16_eabi.lib : ctype.c.obj (.const:.string:_ctypes_)
                  00005670    00000067     ST7735.obj (.const:.string:Bcmd)
                  000056d7    0000003b     ST7735.obj (.const:.string:Rcmd1)
                  00005712    0000002b     ST7735.obj (.const:.string:Rcmd3)
                  0000573d    00000003     --HOLE-- [fill = 0]
                  00005740    00000014     main.obj (.const:i2cConfig)
                  00005754    0000000d     ST7735.obj (.const:.string:Rcmd2green)
                  00005761    0000000d     ST7735.obj (.const:.string:Rcmd2red)

.cinit     0    00005770    000000b8     
                  00005770    0000008f     (.cinit..data.load) [load image, compression = lzss]
                  000057ff    00000001     --HOLE-- [fill = 0]
                  00005800    0000000c     (__TI_handler_table)
                  0000580c    00000004     --HOLE-- [fill = 0]
                  00005810    00000008     (.cinit..bss.load) [load image, compression = zero_init]
                  00005818    00000010     (__TI_cinit_table)

.init_array 
*          0    00000000    00000000     UNINITIALIZED

.sysmem    0    20000000    00000800     UNINITIALIZED
                  20000000    00000008     rtsv7M4_T_le_v4SPD16_eabi.lib : memory.c.obj (.sysmem)
                  20000008    000007f8     --HOLE--

.bss       0    20000800    0000029c     UNINITIALIZED
                  20000800    00000120     rtsv7M4_T_le_v4SPD16_eabi.lib : trgmsg.c.obj (.bss:_CIOBUF_)
                  20000920    000000a0     (.common:__TI_tmpnams)
                  200009c0    0000001c     (.common:timeArr1)
                  200009dc    0000001c     (.common:timeArr2)
                  200009f8    0000001c     (.common:timeArr3)
                  20000a14    0000001c     (.common:timeArr4)
                  20000a30    0000001c     (.common:timeArr5)
                  20000a4c    00000014     (.common:RTC_registers)
                  20000a60    0000000c     (.common:Message)
                  20000a6c    00000008     (.common:parmbuf)
                  20000a74    00000004     ST7735.obj (.bss)
                  20000a78    00000004     (.common:Messageindex)
                  20000a7c    00000004     (.common:X)
                  20000a80    00000004     (.common:Ymax)
                  20000a84    00000004     (.common:Ymin)
                  20000a88    00000004     (.common:Yrange)
                  20000a8c    00000004     (.common:hfxtFreq)
                  20000a90    00000004     (.common:lfxtFreq)
                  20000a94    00000001     (.common:bcdDate)
                  20000a95    00000001     (.common:bcdDay)
                  20000a96    00000001     (.common:bcdHour)
                  20000a97    00000001     (.common:bcdMinute)
                  20000a98    00000001     (.common:bcdMonth)
                  20000a99    00000001     (.common:bcdSecond)
                  20000a9a    00000001     (.common:bcdYear)
                  20000a9b    00000001     (.common:key)

.data      0    20000a9c    00000218     UNINITIALIZED
                  20000a9c    000000f0     rtsv7M4_T_le_v4SPD16_eabi.lib : defs.c.obj (.data:_ftable)
                  20000b8c    00000078                                   : write.c.obj (.data:_device)
                  20000c04    00000050                                   : write.c.obj (.data:_stream)
                  20000c54    00000014     ST7735.obj (.data)
                  20000c68    00000012     main.obj (.data)
                  20000c7a    00000002     --HOLE--
                  20000c7c    00000010     rtsv7M4_T_le_v4SPD16_eabi.lib : defs.c.obj (.data)
                  20000c8c    0000000c                                   : exit.c.obj (.data:$O1$$)
                  20000c98    0000000c                                   : memory.c.obj (.data:$O1$$)
                  20000ca4    00000008                                   : _lock.c.obj (.data:$O1$$)
                  20000cac    00000004                                   : errno.c.obj (.data)
                  20000cb0    00000004     system_msp432p401r.obj (.data)

.stack     0    2000fe00    00000200     UNINITIALIZED
                  2000fe00    00000004     rtsv7M4_T_le_v4SPD16_eabi.lib : boot_cortex_m.c.obj (.stack)
                  2000fe04    000001fc     --HOLE--

MODULE SUMMARY

       Module                        code    ro data   rw data
       ------                        ----    -------   -------
    .\
       ST7735.obj                    5024    2018      56     
       main.obj                      2532    20        186    
       system_msp432p401r.obj        808     0         4      
       KEYPAD.obj                    372     0         0      
       startup_msp432p401r_ccs.obj   14      228       0      
       COMMONCLOCKS.obj              124     0         0      
    +--+-----------------------------+-------+---------+---------+
       Total:                        8874    2266      246    
                                                              
    C:/ti/msp/MSP432Ware_3_50_00_02/driverlib/driverlib/MSP432P4xx/ccs/msp432p4xx_driverlib.lib
       cs.o                          294     0         8      
       sysctl.o                      44      0         0      
    +--+-----------------------------+-------+---------+---------+
       Total:                        338     0         8      
                                                              
    C:\ti\ccsv8\tools\compiler\ti-cgt-arm_18.1.3.LTS\lib\rtsv7M4_T_le_v4SPD16_eabi.lib
       _printfi.c.obj                4863    0         0      
       memory.c.obj                  492     0         12     
       fd_add_t2.asm.obj             438     0         0      
       defs.c.obj                    0       0         416    
       trgmsg.c.obj                  108     0         288    
       fd_div_t2.asm.obj             310     0         0      
       fputs.c.obj                   276     0         0      
       s_scalbn.c.obj                272     0         0      
       fd_cmp_t2.asm.obj             268     0         0      
       ctype.c.obj                   0       257       0      
       fd_mul_t2.asm.obj             252     0         0      
       write.c.obj                   40      0         200    
       setvbuf.c.obj                 220     0         0      
       fflush.c.obj                  200     0         0      
       memcpy_t2.asm.obj             156     0         0      
       ull_div_t2.asm.obj            150     0         0      
       memset_t2.asm.obj             122     0         0      
       fclose.c.obj                  116     0         0      
       getdevice.c.obj               116     0         0      
       printf.c.obj                  112     0         0      
       copy_decompress_lzss.c.obj    104     0         0      
       hostlseek.c.obj               104     0         0      
       hostopen.c.obj                96      0         8      
       hostrename.c.obj              104     0         0      
       fseek.c.obj                   100     0         0      
       s_frexp.c.obj                 100     0         0      
       _io_perm.c.obj                98      0         0      
       sprintf.c.obj                 98      0         0      
       close.c.obj                   92      0         0      
       exit.c.obj                    76      0         12     
       hostread.c.obj                88      0         0      
       hostwrite.c.obj               88      0         0      
       ltoa.c.obj                    84      0         0      
       atoi.c.obj                    76      0         0      
       fd_toi_t2.asm.obj             72      0         0      
       autoinit.c.obj                68      0         0      
       hostclose.c.obj               68      0         0      
       hostunlink.c.obj              68      0         0      
       boot_cortex_m.c.obj           56      0         0      
       strncpy.c.obj                 54      0         0      
       fopen.c.obj                   52      0         0      
       i_tofd_t2.asm.obj             46      0         0      
       unlink.c.obj                  44      0         0      
       lseek.c.obj                   40      0         0      
       memchr.c.obj                  32      0         0      
       memccpy.c.obj                 28      0         0      
       strcmp.c.obj                  24      0         0      
       strchr.c.obj                  22      0         0      
       s_copysign.c.obj              20      0         0      
       strcpy.c.obj                  20      0         0      
       strlen.c.obj                  20      0         0      
       copy_zero_init.c.obj          18      0         0      
       wcslen.c.obj                  18      0         0      
       copy_decompress_none.c.obj    14      0         0      
       errno.c.obj                   8       0         4      
       _lock.c.obj                   2       0         8      
       pre_init.c.obj                4       0         0      
       div0.asm.obj                  2       0         0      
    +--+-----------------------------+-------+---------+---------+
       Total:                        10619   257       948    
                                                              
       Heap:                         0       0         2048   
       Stack:                        0       0         512    
       Linker Generated:             0       179       0      
    +--+-----------------------------+-------+---------+---------+
       Grand Total:                  19831   2702      3762   


LINKER GENERATED COPY TABLES

__TI_cinit_table @ 00005818 records: 2, size/record: 8, table size: 16
	.data: load addr=00005770, load size=0000008f bytes, run addr=20000a9c, run size=00000218 bytes, compression=lzss
	.bss: load addr=00005810, load size=00000008 bytes, run addr=20000800, run size=0000029c bytes, compression=zero_init


LINKER GENERATED HANDLER TABLE

__TI_handler_table @ 00005800 records: 3, size/record: 4, table size: 12
	index: 0, handler: __TI_decompress_lzss
	index: 1, handler: __TI_decompress_none
	index: 2, handler: __TI_zero_init


GLOBAL SYMBOLS: SORTED ALPHABETICALLY BY Name 

address   name                              
-------   ----                              
00004e3b  ADC14_IRQHandler                  
00004e3b  AES256_IRQHandler                 
00004e3b  BusFault_Handler                  
00004e6f  C$$EXIT                           
00004a93  C$$IO$$                           
00003efd  COMMONCLOCKS_sysTick_Init         
00003f19  COMMONCLOCKS_sysTick_delay_3MHZ   
00003f43  COMMONCLOCKS_sysTick_delay_48MHZ  
00004e3b  COMP_E0_IRQHandler                
00004e3b  COMP_E1_IRQHandler                
00004e3b  CS_IRQHandler                     
00004d8d  CS_setExternalClockSourceFrequency
00004e5d  CS_startHFXT                      
00003c21  CS_startHFXTWithTimeout           
00004e3b  DMA_ERR_IRQHandler                
00004e3b  DMA_INT0_IRQHandler               
00004e3b  DMA_INT1_IRQHandler               
00004e3b  DMA_INT2_IRQHandler               
00004e3b  DMA_INT3_IRQHandler               
00004e3b  DebugMon_Handler                  
00004e3b  Default_Handler                   
0000015b  Delay1ms                          
00004e3b  EUSCIA0_IRQHandler                
00004e3b  EUSCIA1_IRQHandler                
00004e3b  EUSCIA2_IRQHandler                
00004e3b  EUSCIA3_IRQHandler                
00004e3b  EUSCIB0_IRQHandler                
00004e3b  EUSCIB1_IRQHandler                
00004e3b  EUSCIB2_IRQHandler                
00004e3b  EUSCIB3_IRQHandler                
00004e3b  FLCTL_IRQHandler                  
00004e3b  FPU_IRQHandler                    
00004899  HOSTclose                         
0000423d  HOSTlseek                         
00004509  HOSTopen                          
000045c5  HOSTread                          
000042a5  HOSTrename                        
000048dd  HOSTunlink                        
0000461d  HOSTwrite                         
00004e3b  HardFault_Handler                 
000031b9  KEYPAD_getKey                     
00003191  KEYPAD_port_Init                  
00004e3b  MemManage_Handler                 
20000a60  Message                           
20000a78  Messageindex                      
00004e3b  NMI_Handler                       
00001423  Output_Clear                      
0000143d  Output_Color                      
00001413  Output_Init                       
0000142d  Output_Off                        
00001435  Output_On                         
00004e3b  PCM_IRQHandler                    
00004e3b  PORT1_IRQHandler                  
00004e3b  PORT2_IRQHandler                  
00004e3b  PORT3_IRQHandler                  
00004e3b  PORT4_IRQHandler                  
00004e3b  PORT5_IRQHandler                  
00004e3b  PORT6_IRQHandler                  
00004e3b  PSS_IRQHandler                    
00004e3b  PendSV_Handler                    
00004e3b  RTC_C_IRQHandler                  
20000a4c  RTC_registers                     
00004e2f  Reset_Handler                     
0000073d  ST7735_Color565                   
000007a1  ST7735_DrawBitmap                 
00000b15  ST7735_DrawChar                   
0000099f  ST7735_DrawCharS                  
00000535  ST7735_DrawFastHLine              
00000477  ST7735_DrawFastVLine              
0000041d  ST7735_DrawPixel                  
00000c87  ST7735_DrawString                 
00000631  ST7735_FillRect                   
000005ed  ST7735_FillScreen                 
000002e9  ST7735_InitB                      
00000309  ST7735_InitR                      
00000ebb  ST7735_InvertDisplay              
000012f9  ST7735_OutChar                    
000013b5  ST7735_OutString                  
00000d75  ST7735_OutUDec                    
00001205  ST7735_PlotBar                    
00000ed3  ST7735_PlotClear                  
00000ff5  ST7735_PlotLine                   
000012a5  ST7735_PlotNext                   
000012bf  ST7735_PlotNextErase              
00000f2f  ST7735_PlotPoint                  
0000112f  ST7735_PlotPoints                 
0000125b  ST7735_PlotdBfs                   
00000d4f  ST7735_SetCursor                  
00000df1  ST7735_SetRotation                
000013d3  ST7735_SetTextColor               
00000771  ST7735_SwapColor                  
00004e3b  SVC_Handler                       
20000c5c  StTextColor                       
20000c54  StX                               
20000c58  StY                               
00004e01  SysCtl_disableNMISource           
00004e11  SysCtl_enableNMISource            
00004e3d  SysCtl_getNMISourceStatus         
00004e3b  SysTick_Handler                   
20000cb0  SystemCoreClock                   
00002871  SystemCoreClockUpdate             
00002ae5  SystemInit                        
00004e3b  T32_INT1_IRQHandler               
00004e3b  T32_INT2_IRQHandler               
00004e3b  T32_INTC_IRQHandler               
00004e3b  TA0_0_IRQHandler                  
00004e3b  TA0_N_IRQHandler                  
00004e3b  TA1_0_IRQHandler                  
00004e3b  TA1_N_IRQHandler                  
00004e3b  TA2_0_IRQHandler                  
00004e3b  TA2_N_IRQHandler                  
00004e3b  TA3_0_IRQHandler                  
00004e3b  TA3_N_IRQHandler                  
00004e3b  UsageFault_Handler                
4000480c  WDTCTL_SYM                        
00004e3b  WDT_A_IRQHandler                  
20000a7c  X                                 
20000a80  Ymax                              
20000a84  Ymin                              
20000a88  Yrange                            
20000800  __CIOBUF_                         
20010000  __STACK_END                       
00000200  __STACK_SIZE                      
00000800  __SYSMEM_SIZE                     
00005818  __TI_CINIT_Base                   
00005828  __TI_CINIT_Limit                  
00005800  __TI_Handler_Table_Base           
0000580c  __TI_Handler_Table_Limit          
00004921  __TI_auto_init_nobinit_nopinit    
00004b45  __TI_cleanup                      
20000c8c  __TI_cleanup_ptr                  
000040e9  __TI_closefile                    
0000430d  __TI_decompress_lzss              
00004e21  __TI_decompress_none              
00004771  __TI_doflush                      
20000c90  __TI_dtors_ptr                    
20000c94  __TI_enable_exit_profile_output   
20000c7c  __TI_ft_end                       
ffffffff  __TI_pprof_out_hndl               
00001485  __TI_printfi                      
ffffffff  __TI_prof_data_size               
ffffffff  __TI_prof_data_start              
00004b79  __TI_readmsg                      
00000000  __TI_static_base__                
20000920  __TI_tmpnams                      
00004a65  __TI_writemsg                     
000044a5  __TI_wrt_ok                       
00004ddd  __TI_zero_init_nomemset           
00003def  __aeabi_cdcmpeq                   
00003def  __aeabi_cdcmple                   
00003e75  __aeabi_cdrcmple                  
00004851  __aeabi_d2iz                      
00002fe3  __aeabi_dadd                      
00003441  __aeabi_ddiv                      
000038bd  __aeabi_dmul                      
00002fd9  __aeabi_dsub                      
00004e55  __aeabi_errno_addr                
00004c0d  __aeabi_i2d                       
0000318f  __aeabi_idiv0                     
0000318f  __aeabi_ldiv0                     
00003ff5  __aeabi_memclr                    
00003ff5  __aeabi_memclr4                   
00003ff5  __aeabi_memclr8                   
00003cbd  __aeabi_memcpy                    
00003cbd  __aeabi_memcpy4                   
00003cbd  __aeabi_memcpy8                   
00003ff7  __aeabi_memset                    
00003ff7  __aeabi_memset4                   
00003ff7  __aeabi_memset8                   
20000c88  __aeabi_stderr                    
20000c80  __aeabi_stdin                     
20000c84  __aeabi_stdout                    
00003d59  __aeabi_uldivmod                  
ffffffff  __binit__                         
ffffffff  __c_args__                        
UNDEFED   __mpu_init                        
2000fe00  __stack                           
00004a9d  _c_int00_noargs                   
0000556f  _ctypes_                          
20000b8c  _device                           
20000a9c  _ftable                           
20000ca4  _lock                             
00001ee3  _nop                              
20000c04  _stream                           
20000000  _sys_memory                       
UNDEFED   _system_post_cinit                
00004e6b  _system_pre_init                  
20000ca8  _unlock                           
00004e6f  abort                             
000047bd  atoi                              
20000a94  bcdDate                           
20000a95  bcdDay                            
20000a96  bcdHour                           
20000a97  bcdMinute                         
20000a98  bcdMonth                          
20000a99  bcdSecond                         
20000a9a  bcdYear                           
20000c78  bgColor                           
ffffffff  binit                             
00004569  close                             
00004c69  convertFromBCD                    
00004bad  convertToBCD                      
00004da1  copysign                          
00004da1  copysignl                         
0000536f  dBfs                              
20000cac  errno                             
00004809  exit                              
00001405  ferror                            
00003f79  fflush                            
000013f9  fgetc                             
00000d0d  fillmessage                       
00004bdd  finddevice                        
20000c70  firstRead                         
000013e7  fputc                             
00003699  fputs                             
00003a95  free                              
000043dd  frexp                             
000043dd  frexpl                            
00004441  fseek                             
00004965  getdevice                         
00005740  i2cConfig                         
00002607  iicInit                           
000027a9  initClocks                        
00000000  interruptVectors                  
20000a9b  key                               
20000c64  lastj                             
000037ad  ldexp                             
000037ad  ldexpl                            
00004c91  lseek                             
000046cb  ltoa                              
00001ee5  main                              
00004071  malloc                            
00004d29  memccpy                           
00004d09  memchr                            
00003cbd  memcpy                            
00003ffd  memset                            
00004ad5  minit                             
20000c6c  msDelay                           
20000a6c  parmbuf                           
0000014d  parrotdelay                       
00002271  printTime                         
00004375  printf                            
000020f1  promptUser                        
00002709  readFromSlave                     
00004c3d  remove                            
000037ad  scalbn                            
000037ad  scalbnl                           
0000204b  setTime                           
000039b9  setvbuf                           
000049a9  sprintf                           
00004d75  strchr                            
00004d5d  strcmp                            
00004db5  strcpy                            
00004dc9  strlen                            
00004b0d  strncpy                           
20000c68  sysTikToggleSpeed                 
20000c76  textColor                         
20000c74  textSize                          
200009c0  timeArr1                          
200009dc  timeArr2                          
200009f8  timeArr3                          
20000a14  timeArr4                          
20000a30  timeArr5                          
00004c3d  unlink                            
00004def  wcslen                            
00004ce1  write                             
0000265b  writeFromMaster                   


GLOBAL SYMBOLS: SORTED BY Symbol Address 

address   name                              
-------   ----                              
00000000  __TI_static_base__                
00000000  interruptVectors                  
0000014d  parrotdelay                       
0000015b  Delay1ms                          
00000200  __STACK_SIZE                      
000002e9  ST7735_InitB                      
00000309  ST7735_InitR                      
0000041d  ST7735_DrawPixel                  
00000477  ST7735_DrawFastVLine              
00000535  ST7735_DrawFastHLine              
000005ed  ST7735_FillScreen                 
00000631  ST7735_FillRect                   
0000073d  ST7735_Color565                   
00000771  ST7735_SwapColor                  
000007a1  ST7735_DrawBitmap                 
00000800  __SYSMEM_SIZE                     
0000099f  ST7735_DrawCharS                  
00000b15  ST7735_DrawChar                   
00000c87  ST7735_DrawString                 
00000d0d  fillmessage                       
00000d4f  ST7735_SetCursor                  
00000d75  ST7735_OutUDec                    
00000df1  ST7735_SetRotation                
00000ebb  ST7735_InvertDisplay              
00000ed3  ST7735_PlotClear                  
00000f2f  ST7735_PlotPoint                  
00000ff5  ST7735_PlotLine                   
0000112f  ST7735_PlotPoints                 
00001205  ST7735_PlotBar                    
0000125b  ST7735_PlotdBfs                   
000012a5  ST7735_PlotNext                   
000012bf  ST7735_PlotNextErase              
000012f9  ST7735_OutChar                    
000013b5  ST7735_OutString                  
000013d3  ST7735_SetTextColor               
000013e7  fputc                             
000013f9  fgetc                             
00001405  ferror                            
00001413  Output_Init                       
00001423  Output_Clear                      
0000142d  Output_Off                        
00001435  Output_On                         
0000143d  Output_Color                      
00001485  __TI_printfi                      
00001ee3  _nop                              
00001ee5  main                              
0000204b  setTime                           
000020f1  promptUser                        
00002271  printTime                         
00002607  iicInit                           
0000265b  writeFromMaster                   
00002709  readFromSlave                     
000027a9  initClocks                        
00002871  SystemCoreClockUpdate             
00002ae5  SystemInit                        
00002fd9  __aeabi_dsub                      
00002fe3  __aeabi_dadd                      
0000318f  __aeabi_idiv0                     
0000318f  __aeabi_ldiv0                     
00003191  KEYPAD_port_Init                  
000031b9  KEYPAD_getKey                     
00003441  __aeabi_ddiv                      
00003699  fputs                             
000037ad  ldexp                             
000037ad  ldexpl                            
000037ad  scalbn                            
000037ad  scalbnl                           
000038bd  __aeabi_dmul                      
000039b9  setvbuf                           
00003a95  free                              
00003c21  CS_startHFXTWithTimeout           
00003cbd  __aeabi_memcpy                    
00003cbd  __aeabi_memcpy4                   
00003cbd  __aeabi_memcpy8                   
00003cbd  memcpy                            
00003d59  __aeabi_uldivmod                  
00003def  __aeabi_cdcmpeq                   
00003def  __aeabi_cdcmple                   
00003e75  __aeabi_cdrcmple                  
00003efd  COMMONCLOCKS_sysTick_Init         
00003f19  COMMONCLOCKS_sysTick_delay_3MHZ   
00003f43  COMMONCLOCKS_sysTick_delay_48MHZ  
00003f79  fflush                            
00003ff5  __aeabi_memclr                    
00003ff5  __aeabi_memclr4                   
00003ff5  __aeabi_memclr8                   
00003ff7  __aeabi_memset                    
00003ff7  __aeabi_memset4                   
00003ff7  __aeabi_memset8                   
00003ffd  memset                            
00004071  malloc                            
000040e9  __TI_closefile                    
0000423d  HOSTlseek                         
000042a5  HOSTrename                        
0000430d  __TI_decompress_lzss              
00004375  printf                            
000043dd  frexp                             
000043dd  frexpl                            
00004441  fseek                             
000044a5  __TI_wrt_ok                       
00004509  HOSTopen                          
00004569  close                             
000045c5  HOSTread                          
0000461d  HOSTwrite                         
000046cb  ltoa                              
00004771  __TI_doflush                      
000047bd  atoi                              
00004809  exit                              
00004851  __aeabi_d2iz                      
00004899  HOSTclose                         
000048dd  HOSTunlink                        
00004921  __TI_auto_init_nobinit_nopinit    
00004965  getdevice                         
000049a9  sprintf                           
00004a65  __TI_writemsg                     
00004a93  C$$IO$$                           
00004a9d  _c_int00_noargs                   
00004ad5  minit                             
00004b0d  strncpy                           
00004b45  __TI_cleanup                      
00004b79  __TI_readmsg                      
00004bad  convertToBCD                      
00004bdd  finddevice                        
00004c0d  __aeabi_i2d                       
00004c3d  remove                            
00004c3d  unlink                            
00004c69  convertFromBCD                    
00004c91  lseek                             
00004ce1  write                             
00004d09  memchr                            
00004d29  memccpy                           
00004d5d  strcmp                            
00004d75  strchr                            
00004d8d  CS_setExternalClockSourceFrequency
00004da1  copysign                          
00004da1  copysignl                         
00004db5  strcpy                            
00004dc9  strlen                            
00004ddd  __TI_zero_init_nomemset           
00004def  wcslen                            
00004e01  SysCtl_disableNMISource           
00004e11  SysCtl_enableNMISource            
00004e21  __TI_decompress_none              
00004e2f  Reset_Handler                     
00004e3b  ADC14_IRQHandler                  
00004e3b  AES256_IRQHandler                 
00004e3b  BusFault_Handler                  
00004e3b  COMP_E0_IRQHandler                
00004e3b  COMP_E1_IRQHandler                
00004e3b  CS_IRQHandler                     
00004e3b  DMA_ERR_IRQHandler                
00004e3b  DMA_INT0_IRQHandler               
00004e3b  DMA_INT1_IRQHandler               
00004e3b  DMA_INT2_IRQHandler               
00004e3b  DMA_INT3_IRQHandler               
00004e3b  DebugMon_Handler                  
00004e3b  Default_Handler                   
00004e3b  EUSCIA0_IRQHandler                
00004e3b  EUSCIA1_IRQHandler                
00004e3b  EUSCIA2_IRQHandler                
00004e3b  EUSCIA3_IRQHandler                
00004e3b  EUSCIB0_IRQHandler                
00004e3b  EUSCIB1_IRQHandler                
00004e3b  EUSCIB2_IRQHandler                
00004e3b  EUSCIB3_IRQHandler                
00004e3b  FLCTL_IRQHandler                  
00004e3b  FPU_IRQHandler                    
00004e3b  HardFault_Handler                 
00004e3b  MemManage_Handler                 
00004e3b  NMI_Handler                       
00004e3b  PCM_IRQHandler                    
00004e3b  PORT1_IRQHandler                  
00004e3b  PORT2_IRQHandler                  
00004e3b  PORT3_IRQHandler                  
00004e3b  PORT4_IRQHandler                  
00004e3b  PORT5_IRQHandler                  
00004e3b  PORT6_IRQHandler                  
00004e3b  PSS_IRQHandler                    
00004e3b  PendSV_Handler                    
00004e3b  RTC_C_IRQHandler                  
00004e3b  SVC_Handler                       
00004e3b  SysTick_Handler                   
00004e3b  T32_INT1_IRQHandler               
00004e3b  T32_INT2_IRQHandler               
00004e3b  T32_INTC_IRQHandler               
00004e3b  TA0_0_IRQHandler                  
00004e3b  TA0_N_IRQHandler                  
00004e3b  TA1_0_IRQHandler                  
00004e3b  TA1_N_IRQHandler                  
00004e3b  TA2_0_IRQHandler                  
00004e3b  TA2_N_IRQHandler                  
00004e3b  TA3_0_IRQHandler                  
00004e3b  TA3_N_IRQHandler                  
00004e3b  UsageFault_Handler                
00004e3b  WDT_A_IRQHandler                  
00004e3d  SysCtl_getNMISourceStatus         
00004e55  __aeabi_errno_addr                
00004e5d  CS_startHFXT                      
00004e6b  _system_pre_init                  
00004e6f  C$$EXIT                           
00004e6f  abort                             
0000536f  dBfs                              
0000556f  _ctypes_                          
00005740  i2cConfig                         
00005800  __TI_Handler_Table_Base           
0000580c  __TI_Handler_Table_Limit          
00005818  __TI_CINIT_Base                   
00005828  __TI_CINIT_Limit                  
20000000  _sys_memory                       
20000800  __CIOBUF_                         
20000920  __TI_tmpnams                      
200009c0  timeArr1                          
200009dc  timeArr2                          
200009f8  timeArr3                          
20000a14  timeArr4                          
20000a30  timeArr5                          
20000a4c  RTC_registers                     
20000a60  Message                           
20000a6c  parmbuf                           
20000a78  Messageindex                      
20000a7c  X                                 
20000a80  Ymax                              
20000a84  Ymin                              
20000a88  Yrange                            
20000a94  bcdDate                           
20000a95  bcdDay                            
20000a96  bcdHour                           
20000a97  bcdMinute                         
20000a98  bcdMonth                          
20000a99  bcdSecond                         
20000a9a  bcdYear                           
20000a9b  key                               
20000a9c  _ftable                           
20000b8c  _device                           
20000c04  _stream                           
20000c54  StX                               
20000c58  StY                               
20000c5c  StTextColor                       
20000c64  lastj                             
20000c68  sysTikToggleSpeed                 
20000c6c  msDelay                           
20000c70  firstRead                         
20000c74  textSize                          
20000c76  textColor                         
20000c78  bgColor                           
20000c7c  __TI_ft_end                       
20000c80  __aeabi_stdin                     
20000c84  __aeabi_stdout                    
20000c88  __aeabi_stderr                    
20000c8c  __TI_cleanup_ptr                  
20000c90  __TI_dtors_ptr                    
20000c94  __TI_enable_exit_profile_output   
20000ca4  _lock                             
20000ca8  _unlock                           
20000cac  errno                             
20000cb0  SystemCoreClock                   
2000fe00  __stack                           
20010000  __STACK_END                       
4000480c  WDTCTL_SYM                        
ffffffff  __TI_pprof_out_hndl               
ffffffff  __TI_prof_data_size               
ffffffff  __TI_prof_data_start              
ffffffff  __binit__                         
ffffffff  __c_args__                        
ffffffff  binit                             
UNDEFED   __mpu_init                        
UNDEFED   _system_post_cinit                

[267 symbols]
