<?xml version="1.0" encoding="ISO-8859-1" ?>
<link_info>
   <banner>TI ARM Linker PC v18.1.3.LTS</banner>
   <copyright>Copyright (c) 1996-2017 Texas Instruments Incorporated</copyright>
   <link_time>0x5b9a12c4</link_time>
   <link_errors>0x0</link_errors>
   <output_file>empty_project.out</output_file>
   <entry_point>
      <name>_c_int00_noargs</name>
      <address>0x2d15</address>
   </entry_point>
   <input_file_list>
      <input_file id="fl-2">
         <path>.\</path>
         <kind>object</kind>
         <file>main.obj</file>
         <name>main.obj</name>
      </input_file>
      <input_file id="fl-3">
         <path>.\</path>
         <kind>object</kind>
         <file>startup_msp432p401r_ccs.obj</file>
         <name>startup_msp432p401r_ccs.obj</name>
      </input_file>
      <input_file id="fl-4">
         <path>.\</path>
         <kind>object</kind>
         <file>system_msp432p401r.obj</file>
         <name>system_msp432p401r.obj</name>
      </input_file>
      <input_file id="fl-9">
         <kind>object</kind>
         <file>&lt;internal&gt;</file>
         <name>&lt;internal&gt;</name>
      </input_file>
      <input_file id="fl-bf">
         <path>C:\ti\ccsv8\tools\compiler\ti-cgt-arm_18.1.3.LTS\lib\</path>
         <kind>archive</kind>
         <file>rtsv7M4_T_le_v4SPD16_eabi.lib</file>
         <name>copy_zero_init.c.obj</name>
      </input_file>
      <input_file id="fl-c0">
         <path>C:\ti\ccsv8\tools\compiler\ti-cgt-arm_18.1.3.LTS\lib\</path>
         <kind>archive</kind>
         <file>rtsv7M4_T_le_v4SPD16_eabi.lib</file>
         <name>copy_decompress_none.c.obj</name>
      </input_file>
      <input_file id="fl-c1">
         <path>C:\ti\ccsv8\tools\compiler\ti-cgt-arm_18.1.3.LTS\lib\</path>
         <kind>archive</kind>
         <file>rtsv7M4_T_le_v4SPD16_eabi.lib</file>
         <name>copy_decompress_lzss.c.obj</name>
      </input_file>
      <input_file id="fl-c2">
         <path>C:\ti\ccsv8\tools\compiler\ti-cgt-arm_18.1.3.LTS\lib\</path>
         <kind>archive</kind>
         <file>rtsv7M4_T_le_v4SPD16_eabi.lib</file>
         <name>printf.c.obj</name>
      </input_file>
      <input_file id="fl-c3">
         <path>C:\ti\ccsv8\tools\compiler\ti-cgt-arm_18.1.3.LTS\lib\</path>
         <kind>archive</kind>
         <file>rtsv7M4_T_le_v4SPD16_eabi.lib</file>
         <name>strcmp.c.obj</name>
      </input_file>
      <input_file id="fl-c4">
         <path>C:\ti\ccsv8\tools\compiler\ti-cgt-arm_18.1.3.LTS\lib\</path>
         <kind>archive</kind>
         <file>rtsv7M4_T_le_v4SPD16_eabi.lib</file>
         <name>boot_cortex_m.c.obj</name>
      </input_file>
      <input_file id="fl-c5">
         <path>C:\ti\ccsv8\tools\compiler\ti-cgt-arm_18.1.3.LTS\lib\</path>
         <kind>archive</kind>
         <file>rtsv7M4_T_le_v4SPD16_eabi.lib</file>
         <name>memset_t2.asm.obj</name>
      </input_file>
      <input_file id="fl-c6">
         <path>C:\ti\ccsv8\tools\compiler\ti-cgt-arm_18.1.3.LTS\lib\</path>
         <kind>archive</kind>
         <file>rtsv7M4_T_le_v4SPD16_eabi.lib</file>
         <name>memcpy_t2.asm.obj</name>
      </input_file>
      <input_file id="fl-c7">
         <path>C:\ti\ccsv8\tools\compiler\ti-cgt-arm_18.1.3.LTS\lib\</path>
         <kind>archive</kind>
         <file>rtsv7M4_T_le_v4SPD16_eabi.lib</file>
         <name>autoinit.c.obj</name>
      </input_file>
      <input_file id="fl-c8">
         <path>C:\ti\ccsv8\tools\compiler\ti-cgt-arm_18.1.3.LTS\lib\</path>
         <kind>archive</kind>
         <file>rtsv7M4_T_le_v4SPD16_eabi.lib</file>
         <name>pre_init.c.obj</name>
      </input_file>
      <input_file id="fl-c9">
         <path>C:\ti\ccsv8\tools\compiler\ti-cgt-arm_18.1.3.LTS\lib\</path>
         <kind>archive</kind>
         <file>rtsv7M4_T_le_v4SPD16_eabi.lib</file>
         <name>cpy_tbl.c.obj</name>
      </input_file>
      <input_file id="fl-ca">
         <path>C:\ti\ccsv8\tools\compiler\ti-cgt-arm_18.1.3.LTS\lib\</path>
         <kind>archive</kind>
         <file>rtsv7M4_T_le_v4SPD16_eabi.lib</file>
         <name>exit.c.obj</name>
      </input_file>
      <input_file id="fl-cb">
         <path>C:\ti\ccsv8\tools\compiler\ti-cgt-arm_18.1.3.LTS\lib\</path>
         <kind>archive</kind>
         <file>rtsv7M4_T_le_v4SPD16_eabi.lib</file>
         <name>_lock.c.obj</name>
      </input_file>
      <input_file id="fl-cc">
         <path>C:\ti\ccsv8\tools\compiler\ti-cgt-arm_18.1.3.LTS\lib\</path>
         <kind>archive</kind>
         <file>rtsv7M4_T_le_v4SPD16_eabi.lib</file>
         <name>_printfi.c.obj</name>
      </input_file>
      <input_file id="fl-cd">
         <path>C:\ti\ccsv8\tools\compiler\ti-cgt-arm_18.1.3.LTS\lib\</path>
         <kind>archive</kind>
         <file>rtsv7M4_T_le_v4SPD16_eabi.lib</file>
         <name>args_main.c.obj</name>
      </input_file>
      <input_file id="fl-ce">
         <path>C:\ti\ccsv8\tools\compiler\ti-cgt-arm_18.1.3.LTS\lib\</path>
         <kind>archive</kind>
         <file>rtsv7M4_T_le_v4SPD16_eabi.lib</file>
         <name>atoi.c.obj</name>
      </input_file>
      <input_file id="fl-cf">
         <path>C:\ti\ccsv8\tools\compiler\ti-cgt-arm_18.1.3.LTS\lib\</path>
         <kind>archive</kind>
         <file>rtsv7M4_T_le_v4SPD16_eabi.lib</file>
         <name>ctype.c.obj</name>
      </input_file>
      <input_file id="fl-d0">
         <path>C:\ti\ccsv8\tools\compiler\ti-cgt-arm_18.1.3.LTS\lib\</path>
         <kind>archive</kind>
         <file>rtsv7M4_T_le_v4SPD16_eabi.lib</file>
         <name>defs.c.obj</name>
      </input_file>
      <input_file id="fl-d1">
         <path>C:\ti\ccsv8\tools\compiler\ti-cgt-arm_18.1.3.LTS\lib\</path>
         <kind>archive</kind>
         <file>rtsv7M4_T_le_v4SPD16_eabi.lib</file>
         <name>fputc.c.obj</name>
      </input_file>
      <input_file id="fl-d2">
         <path>C:\ti\ccsv8\tools\compiler\ti-cgt-arm_18.1.3.LTS\lib\</path>
         <kind>archive</kind>
         <file>rtsv7M4_T_le_v4SPD16_eabi.lib</file>
         <name>fputs.c.obj</name>
      </input_file>
      <input_file id="fl-d3">
         <path>C:\ti\ccsv8\tools\compiler\ti-cgt-arm_18.1.3.LTS\lib\</path>
         <kind>archive</kind>
         <file>rtsv7M4_T_le_v4SPD16_eabi.lib</file>
         <name>ltoa.c.obj</name>
      </input_file>
      <input_file id="fl-d4">
         <path>C:\ti\ccsv8\tools\compiler\ti-cgt-arm_18.1.3.LTS\lib\</path>
         <kind>archive</kind>
         <file>rtsv7M4_T_le_v4SPD16_eabi.lib</file>
         <name>memccpy.c.obj</name>
      </input_file>
      <input_file id="fl-d5">
         <path>C:\ti\ccsv8\tools\compiler\ti-cgt-arm_18.1.3.LTS\lib\</path>
         <kind>archive</kind>
         <file>rtsv7M4_T_le_v4SPD16_eabi.lib</file>
         <name>memchr.c.obj</name>
      </input_file>
      <input_file id="fl-d6">
         <path>C:\ti\ccsv8\tools\compiler\ti-cgt-arm_18.1.3.LTS\lib\</path>
         <kind>archive</kind>
         <file>rtsv7M4_T_le_v4SPD16_eabi.lib</file>
         <name>strchr.c.obj</name>
      </input_file>
      <input_file id="fl-d7">
         <path>C:\ti\ccsv8\tools\compiler\ti-cgt-arm_18.1.3.LTS\lib\</path>
         <kind>archive</kind>
         <file>rtsv7M4_T_le_v4SPD16_eabi.lib</file>
         <name>strlen.c.obj</name>
      </input_file>
      <input_file id="fl-d8">
         <path>C:\ti\ccsv8\tools\compiler\ti-cgt-arm_18.1.3.LTS\lib\</path>
         <kind>archive</kind>
         <file>rtsv7M4_T_le_v4SPD16_eabi.lib</file>
         <name>write.c.obj</name>
      </input_file>
      <input_file id="fl-d9">
         <path>C:\ti\ccsv8\tools\compiler\ti-cgt-arm_18.1.3.LTS\lib\</path>
         <kind>archive</kind>
         <file>rtsv7M4_T_le_v4SPD16_eabi.lib</file>
         <name>errno.c.obj</name>
      </input_file>
      <input_file id="fl-da">
         <path>C:\ti\ccsv8\tools\compiler\ti-cgt-arm_18.1.3.LTS\lib\</path>
         <kind>archive</kind>
         <file>rtsv7M4_T_le_v4SPD16_eabi.lib</file>
         <name>s_frexp.c.obj</name>
      </input_file>
      <input_file id="fl-db">
         <path>C:\ti\ccsv8\tools\compiler\ti-cgt-arm_18.1.3.LTS\lib\</path>
         <kind>archive</kind>
         <file>rtsv7M4_T_le_v4SPD16_eabi.lib</file>
         <name>s_scalbn.c.obj</name>
      </input_file>
      <input_file id="fl-dc">
         <path>C:\ti\ccsv8\tools\compiler\ti-cgt-arm_18.1.3.LTS\lib\</path>
         <kind>archive</kind>
         <file>rtsv7M4_T_le_v4SPD16_eabi.lib</file>
         <name>wcslen.c.obj</name>
      </input_file>
      <input_file id="fl-dd">
         <path>C:\ti\ccsv8\tools\compiler\ti-cgt-arm_18.1.3.LTS\lib\</path>
         <kind>archive</kind>
         <file>rtsv7M4_T_le_v4SPD16_eabi.lib</file>
         <name>s_copysign.c.obj</name>
      </input_file>
      <input_file id="fl-de">
         <path>C:\ti\ccsv8\tools\compiler\ti-cgt-arm_18.1.3.LTS\lib\</path>
         <kind>archive</kind>
         <file>rtsv7M4_T_le_v4SPD16_eabi.lib</file>
         <name>ull_div_t2.asm.obj</name>
      </input_file>
      <input_file id="fl-df">
         <path>C:\ti\ccsv8\tools\compiler\ti-cgt-arm_18.1.3.LTS\lib\</path>
         <kind>archive</kind>
         <file>rtsv7M4_T_le_v4SPD16_eabi.lib</file>
         <name>fd_add_t2.asm.obj</name>
      </input_file>
      <input_file id="fl-e0">
         <path>C:\ti\ccsv8\tools\compiler\ti-cgt-arm_18.1.3.LTS\lib\</path>
         <kind>archive</kind>
         <file>rtsv7M4_T_le_v4SPD16_eabi.lib</file>
         <name>fd_cmp_t2.asm.obj</name>
      </input_file>
      <input_file id="fl-e1">
         <path>C:\ti\ccsv8\tools\compiler\ti-cgt-arm_18.1.3.LTS\lib\</path>
         <kind>archive</kind>
         <file>rtsv7M4_T_le_v4SPD16_eabi.lib</file>
         <name>fd_div_t2.asm.obj</name>
      </input_file>
      <input_file id="fl-e2">
         <path>C:\ti\ccsv8\tools\compiler\ti-cgt-arm_18.1.3.LTS\lib\</path>
         <kind>archive</kind>
         <file>rtsv7M4_T_le_v4SPD16_eabi.lib</file>
         <name>fd_mul_t2.asm.obj</name>
      </input_file>
      <input_file id="fl-e3">
         <path>C:\ti\ccsv8\tools\compiler\ti-cgt-arm_18.1.3.LTS\lib\</path>
         <kind>archive</kind>
         <file>rtsv7M4_T_le_v4SPD16_eabi.lib</file>
         <name>fd_toi_t2.asm.obj</name>
      </input_file>
      <input_file id="fl-e4">
         <path>C:\ti\ccsv8\tools\compiler\ti-cgt-arm_18.1.3.LTS\lib\</path>
         <kind>archive</kind>
         <file>rtsv7M4_T_le_v4SPD16_eabi.lib</file>
         <name>i_tofd_t2.asm.obj</name>
      </input_file>
      <input_file id="fl-e5">
         <path>C:\ti\ccsv8\tools\compiler\ti-cgt-arm_18.1.3.LTS\lib\</path>
         <kind>archive</kind>
         <file>rtsv7M4_T_le_v4SPD16_eabi.lib</file>
         <name>_io_perm.c.obj</name>
      </input_file>
      <input_file id="fl-e6">
         <path>C:\ti\ccsv8\tools\compiler\ti-cgt-arm_18.1.3.LTS\lib\</path>
         <kind>archive</kind>
         <file>rtsv7M4_T_le_v4SPD16_eabi.lib</file>
         <name>fflush.c.obj</name>
      </input_file>
      <input_file id="fl-e7">
         <path>C:\ti\ccsv8\tools\compiler\ti-cgt-arm_18.1.3.LTS\lib\</path>
         <kind>archive</kind>
         <file>rtsv7M4_T_le_v4SPD16_eabi.lib</file>
         <name>fseek.c.obj</name>
      </input_file>
      <input_file id="fl-e8">
         <path>C:\ti\ccsv8\tools\compiler\ti-cgt-arm_18.1.3.LTS\lib\</path>
         <kind>archive</kind>
         <file>rtsv7M4_T_le_v4SPD16_eabi.lib</file>
         <name>lseek.c.obj</name>
      </input_file>
      <input_file id="fl-e9">
         <path>C:\ti\ccsv8\tools\compiler\ti-cgt-arm_18.1.3.LTS\lib\</path>
         <kind>archive</kind>
         <file>rtsv7M4_T_le_v4SPD16_eabi.lib</file>
         <name>setvbuf.c.obj</name>
      </input_file>
      <input_file id="fl-ea">
         <path>C:\ti\ccsv8\tools\compiler\ti-cgt-arm_18.1.3.LTS\lib\</path>
         <kind>archive</kind>
         <file>rtsv7M4_T_le_v4SPD16_eabi.lib</file>
         <name>hostclose.c.obj</name>
      </input_file>
      <input_file id="fl-eb">
         <path>C:\ti\ccsv8\tools\compiler\ti-cgt-arm_18.1.3.LTS\lib\</path>
         <kind>archive</kind>
         <file>rtsv7M4_T_le_v4SPD16_eabi.lib</file>
         <name>hostlseek.c.obj</name>
      </input_file>
      <input_file id="fl-ec">
         <path>C:\ti\ccsv8\tools\compiler\ti-cgt-arm_18.1.3.LTS\lib\</path>
         <kind>archive</kind>
         <file>rtsv7M4_T_le_v4SPD16_eabi.lib</file>
         <name>hostopen.c.obj</name>
      </input_file>
      <input_file id="fl-ed">
         <path>C:\ti\ccsv8\tools\compiler\ti-cgt-arm_18.1.3.LTS\lib\</path>
         <kind>archive</kind>
         <file>rtsv7M4_T_le_v4SPD16_eabi.lib</file>
         <name>hostread.c.obj</name>
      </input_file>
      <input_file id="fl-ee">
         <path>C:\ti\ccsv8\tools\compiler\ti-cgt-arm_18.1.3.LTS\lib\</path>
         <kind>archive</kind>
         <file>rtsv7M4_T_le_v4SPD16_eabi.lib</file>
         <name>hostrename.c.obj</name>
      </input_file>
      <input_file id="fl-ef">
         <path>C:\ti\ccsv8\tools\compiler\ti-cgt-arm_18.1.3.LTS\lib\</path>
         <kind>archive</kind>
         <file>rtsv7M4_T_le_v4SPD16_eabi.lib</file>
         <name>hostunlink.c.obj</name>
      </input_file>
      <input_file id="fl-f0">
         <path>C:\ti\ccsv8\tools\compiler\ti-cgt-arm_18.1.3.LTS\lib\</path>
         <kind>archive</kind>
         <file>rtsv7M4_T_le_v4SPD16_eabi.lib</file>
         <name>hostwrite.c.obj</name>
      </input_file>
      <input_file id="fl-f1">
         <path>C:\ti\ccsv8\tools\compiler\ti-cgt-arm_18.1.3.LTS\lib\</path>
         <kind>archive</kind>
         <file>rtsv7M4_T_le_v4SPD16_eabi.lib</file>
         <name>trgmsg.c.obj</name>
      </input_file>
      <input_file id="fl-f2">
         <path>C:\ti\ccsv8\tools\compiler\ti-cgt-arm_18.1.3.LTS\lib\</path>
         <kind>archive</kind>
         <file>rtsv7M4_T_le_v4SPD16_eabi.lib</file>
         <name>div0.asm.obj</name>
      </input_file>
      <input_file id="fl-f3">
         <path>C:\ti\ccsv8\tools\compiler\ti-cgt-arm_18.1.3.LTS\lib\</path>
         <kind>archive</kind>
         <file>rtsv7M4_T_le_v4SPD16_eabi.lib</file>
         <name>memory.c.obj</name>
      </input_file>
      <input_file id="fl-f4">
         <path>C:\ti\ccsv8\tools\compiler\ti-cgt-arm_18.1.3.LTS\lib\</path>
         <kind>archive</kind>
         <file>rtsv7M4_T_le_v4SPD16_eabi.lib</file>
         <name>fopen.c.obj</name>
      </input_file>
      <input_file id="fl-f5">
         <path>C:\ti\ccsv8\tools\compiler\ti-cgt-arm_18.1.3.LTS\lib\</path>
         <kind>archive</kind>
         <file>rtsv7M4_T_le_v4SPD16_eabi.lib</file>
         <name>open.c.obj</name>
      </input_file>
      <input_file id="fl-f6">
         <path>C:\ti\ccsv8\tools\compiler\ti-cgt-arm_18.1.3.LTS\lib\</path>
         <kind>archive</kind>
         <file>rtsv7M4_T_le_v4SPD16_eabi.lib</file>
         <name>strcpy.c.obj</name>
      </input_file>
      <input_file id="fl-f7">
         <path>C:\ti\ccsv8\tools\compiler\ti-cgt-arm_18.1.3.LTS\lib\</path>
         <kind>archive</kind>
         <file>rtsv7M4_T_le_v4SPD16_eabi.lib</file>
         <name>fclose.c.obj</name>
      </input_file>
      <input_file id="fl-f8">
         <path>C:\ti\ccsv8\tools\compiler\ti-cgt-arm_18.1.3.LTS\lib\</path>
         <kind>archive</kind>
         <file>rtsv7M4_T_le_v4SPD16_eabi.lib</file>
         <name>getdevice.c.obj</name>
      </input_file>
      <input_file id="fl-f9">
         <path>C:\ti\ccsv8\tools\compiler\ti-cgt-arm_18.1.3.LTS\lib\</path>
         <kind>archive</kind>
         <file>rtsv7M4_T_le_v4SPD16_eabi.lib</file>
         <name>remove.c.obj</name>
      </input_file>
      <input_file id="fl-fa">
         <path>C:\ti\ccsv8\tools\compiler\ti-cgt-arm_18.1.3.LTS\lib\</path>
         <kind>archive</kind>
         <file>rtsv7M4_T_le_v4SPD16_eabi.lib</file>
         <name>strncpy.c.obj</name>
      </input_file>
      <input_file id="fl-fb">
         <path>C:\ti\ccsv8\tools\compiler\ti-cgt-arm_18.1.3.LTS\lib\</path>
         <kind>archive</kind>
         <file>rtsv7M4_T_le_v4SPD16_eabi.lib</file>
         <name>unlink.c.obj</name>
      </input_file>
      <input_file id="fl-fc">
         <path>C:\ti\ccsv8\tools\compiler\ti-cgt-arm_18.1.3.LTS\lib\</path>
         <kind>archive</kind>
         <file>rtsv7M4_T_le_v4SPD16_eabi.lib</file>
         <name>close.c.obj</name>
      </input_file>
   </input_file_list>
   <object_component_list>
      <object_component id="oc-1f">
         <name>.intvecs:retain</name>
         <load_address>0x0</load_address>
         <run_address>0x0</run_address>
         <size>0x140</size>
         <input_file_ref idref="fl-3"/>
      </object_component>
      <object_component id="oc-12e">
         <name>.text:__TI_printfi</name>
         <load_address>0x140</load_address>
         <run_address>0x140</run_address>
         <size>0xa5e</size>
         <input_file_ref idref="fl-cc"/>
      </object_component>
      <object_component id="oc-1ce">
         <name>.text:_nop</name>
         <load_address>0xb9e</load_address>
         <run_address>0xb9e</run_address>
         <size>0x2</size>
         <input_file_ref idref="fl-cb"/>
      </object_component>
      <object_component id="oc-a5">
         <name>.text</name>
         <load_address>0xba0</load_address>
         <run_address>0xba0</run_address>
         <size>0x328</size>
         <input_file_ref idref="fl-4"/>
      </object_component>
      <object_component id="oc-69">
         <name>.text</name>
         <load_address>0xec8</load_address>
         <run_address>0xec8</run_address>
         <size>0x278</size>
         <input_file_ref idref="fl-2"/>
      </object_component>
      <object_component id="oc-1aa">
         <name>.text:_pconv_a</name>
         <load_address>0x1140</load_address>
         <run_address>0x1140</run_address>
         <size>0x270</size>
         <input_file_ref idref="fl-cc"/>
      </object_component>
      <object_component id="oc-198">
         <name>.text:_pconv_g</name>
         <load_address>0x13b0</load_address>
         <run_address>0x13b0</run_address>
         <size>0x1d0</size>
         <input_file_ref idref="fl-cc"/>
      </object_component>
      <object_component id="oc-237">
         <name>.text</name>
         <load_address>0x1580</load_address>
         <run_address>0x1580</run_address>
         <size>0x1b6</size>
         <input_file_ref idref="fl-df"/>
      </object_component>
      <object_component id="oc-2bd">
         <name>.text</name>
         <load_address>0x1736</load_address>
         <run_address>0x1736</run_address>
         <size>0x2</size>
         <input_file_ref idref="fl-f2"/>
      </object_component>
      <object_component id="oc-1a4">
         <name>.text:_pconv_e</name>
         <load_address>0x1738</load_address>
         <run_address>0x1738</run_address>
         <size>0x13c</size>
         <input_file_ref idref="fl-cc"/>
      </object_component>
      <object_component id="oc-21d">
         <name>.text</name>
         <load_address>0x1874</load_address>
         <run_address>0x1874</run_address>
         <size>0x136</size>
         <input_file_ref idref="fl-e1"/>
      </object_component>
      <object_component id="oc-249">
         <name>.text:fcvt</name>
         <load_address>0x19ac</load_address>
         <run_address>0x19ac</run_address>
         <size>0x120</size>
         <input_file_ref idref="fl-cc"/>
      </object_component>
      <object_component id="oc-1dc">
         <name>.text:fputs</name>
         <load_address>0x1acc</load_address>
         <run_address>0x1acc</run_address>
         <size>0x114</size>
         <input_file_ref idref="fl-d2"/>
      </object_component>
      <object_component id="oc-25d">
         <name>.text:scalbn</name>
         <load_address>0x1be0</load_address>
         <run_address>0x1be0</run_address>
         <size>0x110</size>
         <input_file_ref idref="fl-db"/>
      </object_component>
      <object_component id="oc-218">
         <name>.text</name>
         <load_address>0x1cf0</load_address>
         <run_address>0x1cf0</run_address>
         <size>0xfc</size>
         <input_file_ref idref="fl-e2"/>
      </object_component>
      <object_component id="oc-2f8">
         <name>.text:setvbuf</name>
         <load_address>0x1dec</load_address>
         <run_address>0x1dec</run_address>
         <size>0xdc</size>
         <input_file_ref idref="fl-e9"/>
      </object_component>
      <object_component id="oc-326">
         <name>.text:free</name>
         <load_address>0x1ec8</load_address>
         <run_address>0x1ec8</run_address>
         <size>0xd8</size>
         <input_file_ref idref="fl-f3"/>
      </object_component>
      <object_component id="oc-18d">
         <name>.text:_ltostr</name>
         <load_address>0x1fa0</load_address>
         <run_address>0x1fa0</run_address>
         <size>0xb1</size>
         <input_file_ref idref="fl-cc"/>
      </object_component>
      <object_component id="oc-33">
         <name>.text</name>
         <load_address>0x2052</load_address>
         <run_address>0x2052</run_address>
         <size>0x9c</size>
         <input_file_ref idref="fl-c6"/>
      </object_component>
      <object_component id="oc-211">
         <name>.text</name>
         <load_address>0x20ee</load_address>
         <run_address>0x20ee</run_address>
         <size>0x96</size>
         <input_file_ref idref="fl-de"/>
      </object_component>
      <object_component id="oc-1e3">
         <name>.text:fputc</name>
         <load_address>0x2184</load_address>
         <run_address>0x2184</run_address>
         <size>0x8c</size>
         <input_file_ref idref="fl-d1"/>
      </object_component>
      <object_component id="oc-193">
         <name>.text:__aeabi_cdcmple</name>
         <load_address>0x2210</load_address>
         <run_address>0x2210</run_address>
         <size>0x86</size>
         <input_file_ref idref="fl-e0"/>
      </object_component>
      <object_component id="oc-222">
         <name>.text:__aeabi_cdrcmple</name>
         <load_address>0x2296</load_address>
         <run_address>0x2296</run_address>
         <size>0x86</size>
         <input_file_ref idref="fl-e0"/>
      </object_component>
      <object_component id="oc-8d">
         <name>.text</name>
         <load_address>0x231c</load_address>
         <run_address>0x231c</run_address>
         <size>0x7a</size>
         <input_file_ref idref="fl-c5"/>
      </object_component>
      <object_component id="oc-32c">
         <name>.text:malloc</name>
         <load_address>0x2398</load_address>
         <run_address>0x2398</run_address>
         <size>0x78</size>
         <input_file_ref idref="fl-f3"/>
      </object_component>
      <object_component id="oc-371">
         <name>.text:__TI_closefile</name>
         <load_address>0x2410</load_address>
         <run_address>0x2410</run_address>
         <size>0x74</size>
         <input_file_ref idref="fl-f7"/>
      </object_component>
      <object_component id="oc-242">
         <name>.text:_mcpy</name>
         <load_address>0x2484</load_address>
         <run_address>0x2484</run_address>
         <size>0x6e</size>
         <input_file_ref idref="fl-cc"/>
      </object_component>
      <object_component id="oc-395">
         <name>.text:HOSTlseek</name>
         <load_address>0x24f4</load_address>
         <run_address>0x24f4</run_address>
         <size>0x68</size>
         <input_file_ref idref="fl-eb"/>
      </object_component>
      <object_component id="oc-3a1">
         <name>.text:HOSTrename</name>
         <load_address>0x255c</load_address>
         <run_address>0x255c</run_address>
         <size>0x68</size>
         <input_file_ref idref="fl-ee"/>
      </object_component>
      <object_component id="oc-10">
         <name>.text:decompress:lzss:__TI_decompress_lzss</name>
         <load_address>0x25c4</load_address>
         <run_address>0x25c4</run_address>
         <size>0x68</size>
         <input_file_ref idref="fl-c1"/>
      </object_component>
      <object_component id="oc-ac">
         <name>.text:printf</name>
         <load_address>0x262c</load_address>
         <run_address>0x262c</run_address>
         <size>0x68</size>
         <input_file_ref idref="fl-c2"/>
      </object_component>
      <object_component id="oc-257">
         <name>.text:frexp</name>
         <load_address>0x2694</load_address>
         <run_address>0x2694</run_address>
         <size>0x64</size>
         <input_file_ref idref="fl-da"/>
      </object_component>
      <object_component id="oc-2f2">
         <name>.text:fseek</name>
         <load_address>0x26f8</load_address>
         <run_address>0x26f8</run_address>
         <size>0x64</size>
         <input_file_ref idref="fl-e7"/>
      </object_component>
      <object_component id="oc-28e">
         <name>.text:__TI_wrt_ok</name>
         <load_address>0x275c</load_address>
         <run_address>0x275c</run_address>
         <size>0x62</size>
         <input_file_ref idref="fl-e5"/>
      </object_component>
      <object_component id="oc-37d">
         <name>.text:HOSTopen</name>
         <load_address>0x27c0</load_address>
         <run_address>0x27c0</run_address>
         <size>0x60</size>
         <input_file_ref idref="fl-ec"/>
      </object_component>
      <object_component id="oc-3b0">
         <name>.text:close</name>
         <load_address>0x2820</load_address>
         <run_address>0x2820</run_address>
         <size>0x5c</size>
         <input_file_ref idref="fl-fc"/>
      </object_component>
      <object_component id="oc-389">
         <name>.text:HOSTread</name>
         <load_address>0x287c</load_address>
         <run_address>0x287c</run_address>
         <size>0x58</size>
         <input_file_ref idref="fl-ed"/>
      </object_component>
      <object_component id="oc-38f">
         <name>.text:HOSTwrite</name>
         <load_address>0x28d4</load_address>
         <run_address>0x28d4</run_address>
         <size>0x58</size>
         <input_file_ref idref="fl-f0"/>
      </object_component>
      <object_component id="oc-19e">
         <name>.text:_pconv_f</name>
         <load_address>0x292c</load_address>
         <run_address>0x292c</run_address>
         <size>0x56</size>
         <input_file_ref idref="fl-cc"/>
      </object_component>
      <object_component id="oc-22c">
         <name>.text:ltoa</name>
         <load_address>0x2982</load_address>
         <run_address>0x2982</run_address>
         <size>0x54</size>
         <input_file_ref idref="fl-d3"/>
      </object_component>
      <object_component id="oc-23c">
         <name>.text:_ecpy</name>
         <load_address>0x29d6</load_address>
         <run_address>0x29d6</run_address>
         <size>0x52</size>
         <input_file_ref idref="fl-cc"/>
      </object_component>
      <object_component id="oc-29a">
         <name>.text:__TI_doflush</name>
         <load_address>0x2a28</load_address>
         <run_address>0x2a28</run_address>
         <size>0x4c</size>
         <input_file_ref idref="fl-e6"/>
      </object_component>
      <object_component id="oc-187">
         <name>.text:atoi</name>
         <load_address>0x2a74</load_address>
         <run_address>0x2a74</run_address>
         <size>0x4c</size>
         <input_file_ref idref="fl-ce"/>
      </object_component>
      <object_component id="oc-f2">
         <name>.text:exit</name>
         <load_address>0x2ac0</load_address>
         <run_address>0x2ac0</run_address>
         <size>0x48</size>
         <input_file_ref idref="fl-ca"/>
      </object_component>
      <object_component id="oc-227">
         <name>.text</name>
         <load_address>0x2b08</load_address>
         <run_address>0x2b08</run_address>
         <size>0x48</size>
         <input_file_ref idref="fl-e3"/>
      </object_component>
      <object_component id="oc-383">
         <name>.text:HOSTclose</name>
         <load_address>0x2b50</load_address>
         <run_address>0x2b50</run_address>
         <size>0x44</size>
         <input_file_ref idref="fl-ea"/>
      </object_component>
      <object_component id="oc-39b">
         <name>.text:HOSTunlink</name>
         <load_address>0x2b94</load_address>
         <run_address>0x2b94</run_address>
         <size>0x44</size>
         <input_file_ref idref="fl-ef"/>
      </object_component>
      <object_component id="oc-f8">
         <name>.text:__TI_auto_init_nobinit_nopinit:__TI_auto_init_nobinit_nopinit</name>
         <load_address>0x2bd8</load_address>
         <run_address>0x2bd8</run_address>
         <size>0x44</size>
         <input_file_ref idref="fl-c7"/>
      </object_component>
      <object_component id="oc-3e5">
         <name>.text:getdevice</name>
         <load_address>0x2c1c</load_address>
         <run_address>0x2c1c</run_address>
         <size>0x44</size>
         <input_file_ref idref="fl-f8"/>
      </object_component>
      <object_component id="oc-24f">
         <name>.text:_fcpy</name>
         <load_address>0x2c60</load_address>
         <run_address>0x2c60</run_address>
         <size>0x3e</size>
         <input_file_ref idref="fl-cc"/>
      </object_component>
      <object_component id="oc-366">
         <name>.text:minsert</name>
         <load_address>0x2ca0</load_address>
         <run_address>0x2ca0</run_address>
         <size>0x3c</size>
         <input_file_ref idref="fl-f3"/>
      </object_component>
      <object_component id="oc-3c1">
         <name>.text:__TI_writemsg</name>
         <load_address>0x2cdc</load_address>
         <run_address>0x2cdc</run_address>
         <size>0x38</size>
         <input_file_ref idref="fl-f1"/>
      </object_component>
      <object_component id="oc-51">
         <name>.text:_c_int00_noargs:_c_int00_noargs</name>
         <load_address>0x2d14</load_address>
         <run_address>0x2d14</run_address>
         <size>0x38</size>
         <input_file_ref idref="fl-c4"/>
      </object_component>
      <object_component id="oc-35a">
         <name>.text:minit</name>
         <load_address>0x2d4c</load_address>
         <run_address>0x2d4c</run_address>
         <size>0x38</size>
         <input_file_ref idref="fl-f3"/>
      </object_component>
      <object_component id="oc-407">
         <name>.text:strncpy</name>
         <load_address>0x2d84</load_address>
         <run_address>0x2d84</run_address>
         <size>0x36</size>
         <input_file_ref idref="fl-fa"/>
      </object_component>
      <object_component id="oc-332">
         <name>.text:__TI_cleanup</name>
         <load_address>0x2dbc</load_address>
         <run_address>0x2dbc</run_address>
         <size>0x34</size>
         <input_file_ref idref="fl-f4"/>
      </object_component>
      <object_component id="oc-3c7">
         <name>.text:__TI_readmsg</name>
         <load_address>0x2df0</load_address>
         <run_address>0x2df0</run_address>
         <size>0x34</size>
         <input_file_ref idref="fl-f1"/>
      </object_component>
      <object_component id="oc-40d">
         <name>.text:finddevice</name>
         <load_address>0x2e24</load_address>
         <run_address>0x2e24</run_address>
         <size>0x30</size>
         <input_file_ref idref="fl-f8"/>
      </object_component>
      <object_component id="oc-232">
         <name>.text</name>
         <load_address>0x2e54</load_address>
         <run_address>0x2e54</run_address>
         <size>0x2e</size>
         <input_file_ref idref="fl-e4"/>
      </object_component>
      <object_component id="oc-3b6">
         <name>.text:unlink</name>
         <load_address>0x2e84</load_address>
         <run_address>0x2e84</run_address>
         <size>0x2c</size>
         <input_file_ref idref="fl-fb"/>
      </object_component>
      <object_component id="oc-31e">
         <name>.text:lseek</name>
         <load_address>0x2eb0</load_address>
         <run_address>0x2eb0</run_address>
         <size>0x28</size>
         <input_file_ref idref="fl-e8"/>
      </object_component>
      <object_component id="oc-360">
         <name>.text:mremove</name>
         <load_address>0x2ed8</load_address>
         <run_address>0x2ed8</run_address>
         <size>0x28</size>
         <input_file_ref idref="fl-f3"/>
      </object_component>
      <object_component id="oc-2a0">
         <name>.text:write</name>
         <load_address>0x2f00</load_address>
         <run_address>0x2f00</run_address>
         <size>0x28</size>
         <input_file_ref idref="fl-d8"/>
      </object_component>
      <object_component id="oc-294">
         <name>.text:memchr</name>
         <load_address>0x2f28</load_address>
         <run_address>0x2f28</run_address>
         <size>0x20</size>
         <input_file_ref idref="fl-d5"/>
      </object_component>
      <object_component id="oc-1b0">
         <name>.text:memccpy</name>
         <load_address>0x2f48</load_address>
         <run_address>0x2f48</run_address>
         <size>0x1c</size>
         <input_file_ref idref="fl-d4"/>
      </object_component>
      <object_component id="oc-b2">
         <name>.text:strcmp</name>
         <load_address>0x2f64</load_address>
         <run_address>0x2f64</run_address>
         <size>0x18</size>
         <input_file_ref idref="fl-c3"/>
      </object_component>
      <object_component id="oc-263">
         <name>.text:strchr</name>
         <load_address>0x2f7c</load_address>
         <run_address>0x2f7c</run_address>
         <size>0x16</size>
         <input_file_ref idref="fl-d6"/>
      </object_component>
      <object_component id="oc-2d6">
         <name>.text:copysign</name>
         <load_address>0x2f92</load_address>
         <run_address>0x2f92</run_address>
         <size>0x14</size>
         <input_file_ref idref="fl-dd"/>
      </object_component>
      <object_component id="oc-3db">
         <name>.text:strcpy</name>
         <load_address>0x2fa6</load_address>
         <run_address>0x2fa6</run_address>
         <size>0x14</size>
         <input_file_ref idref="fl-f6"/>
      </object_component>
      <object_component id="oc-181">
         <name>.text:strlen</name>
         <load_address>0x2fba</load_address>
         <run_address>0x2fba</run_address>
         <size>0x14</size>
         <input_file_ref idref="fl-d7"/>
      </object_component>
      <object_component id="oc-3f">
         <name>.text:decompress:ZI:__TI_zero_init_nomemset:__TI_zero_init_nomemset</name>
         <load_address>0x2fce</load_address>
         <run_address>0x2fce</run_address>
         <size>0x12</size>
         <input_file_ref idref="fl-bf"/>
      </object_component>
      <object_component id="oc-63">
         <name>.text</name>
         <load_address>0x2fe0</load_address>
         <run_address>0x2fe0</run_address>
         <size>0x12</size>
         <input_file_ref idref="fl-3"/>
      </object_component>
      <object_component id="oc-1b6">
         <name>.text:wcslen</name>
         <load_address>0x2ff2</load_address>
         <run_address>0x2ff2</run_address>
         <size>0x12</size>
         <input_file_ref idref="fl-dc"/>
      </object_component>
      <object_component id="oc-16">
         <name>.text:decompress:none:__TI_decompress_none</name>
         <load_address>0x3004</load_address>
         <run_address>0x3004</run_address>
         <size>0xe</size>
         <input_file_ref idref="fl-c0"/>
      </object_component>
      <object_component id="oc-1bc">
         <name>.text:__aeabi_errno_addr</name>
         <load_address>0x3014</load_address>
         <run_address>0x3014</run_address>
         <size>0x8</size>
         <input_file_ref idref="fl-d9"/>
      </object_component>
      <object_component id="oc-140">
         <name>.text:_outc</name>
         <load_address>0x301c</load_address>
         <run_address>0x301c</run_address>
         <size>0x4</size>
         <input_file_ref idref="fl-c2"/>
      </object_component>
      <object_component id="oc-13a">
         <name>.text:_outs</name>
         <load_address>0x3020</load_address>
         <run_address>0x3020</run_address>
         <size>0x4</size>
         <input_file_ref idref="fl-c2"/>
      </object_component>
      <object_component id="oc-93">
         <name>.text:_system_pre_init</name>
         <load_address>0x3024</load_address>
         <run_address>0x3024</run_address>
         <size>0x4</size>
         <input_file_ref idref="fl-c8"/>
      </object_component>
      <object_component id="oc-ec">
         <name>.text:abort:abort</name>
         <load_address>0x3028</load_address>
         <run_address>0x3028</run_address>
         <size>0x4</size>
         <input_file_ref idref="fl-ca"/>
      </object_component>
      <object_component id="oc-20c">
         <name>.const:.string:_ctypes_</name>
         <load_address>0x302c</load_address>
         <run_address>0x302c</run_address>
         <size>0x101</size>
         <input_file_ref idref="fl-cf"/>
      </object_component>
      <object_component id="oc-453">
         <name>.cinit..data.load</name>
         <load_address>0x3130</load_address>
         <run_address>0x3130</run_address>
         <size>0x74</size>
      </object_component>
      <object_component id="oc-451">
         <name>__TI_handler_table</name>
         <load_address>0x31a4</load_address>
         <run_address>0x31a4</run_address>
         <size>0xc</size>
      </object_component>
      <object_component id="oc-454">
         <name>.cinit..bss.load</name>
         <load_address>0x31b0</load_address>
         <run_address>0x31b0</run_address>
         <size>0x8</size>
      </object_component>
      <object_component id="oc-452">
         <name>__TI_cinit_table</name>
         <load_address>0x31b8</load_address>
         <run_address>0x31b8</run_address>
         <size>0x10</size>
      </object_component>
      <object_component id="oc-bb">
         <name>.data</name>
         <load_address>0x200009b8</load_address>
         <run_address>0x200009b8</run_address>
         <size>0x1a</size>
         <input_file_ref idref="fl-2"/>
      </object_component>
      <object_component id="oc-12a">
         <name>.data</name>
         <load_address>0x20000a08</load_address>
         <run_address>0x20000a08</run_address>
         <size>0x4</size>
         <input_file_ref idref="fl-4"/>
      </object_component>
      <object_component id="oc-163">
         <name>.data:$O1$$</name>
         <load_address>0x200009e4</load_address>
         <run_address>0x200009e4</run_address>
         <size>0xc</size>
         <input_file_ref idref="fl-ca"/>
      </object_component>
      <object_component id="oc-134">
         <name>.data:$O1$$</name>
         <load_address>0x200009fc</load_address>
         <run_address>0x200009fc</run_address>
         <size>0x8</size>
         <input_file_ref idref="fl-cb"/>
      </object_component>
      <object_component id="oc-137">
         <name>.data:_ftable</name>
         <load_address>0x20000800</load_address>
         <run_address>0x20000800</run_address>
         <size>0xf0</size>
         <input_file_ref idref="fl-d0"/>
      </object_component>
      <object_component id="oc-377">
         <name>.data</name>
         <load_address>0x200009d4</load_address>
         <run_address>0x200009d4</run_address>
         <size>0x10</size>
         <input_file_ref idref="fl-d0"/>
      </object_component>
      <object_component id="oc-345">
         <name>.data:_device</name>
         <load_address>0x200008f0</load_address>
         <run_address>0x200008f0</run_address>
         <size>0x78</size>
         <input_file_ref idref="fl-d8"/>
      </object_component>
      <object_component id="oc-304">
         <name>.data:_stream</name>
         <load_address>0x20000968</load_address>
         <run_address>0x20000968</run_address>
         <size>0x50</size>
         <input_file_ref idref="fl-d8"/>
      </object_component>
      <object_component id="oc-273">
         <name>.data</name>
         <load_address>0x20000a04</load_address>
         <run_address>0x20000a04</run_address>
         <size>0x4</size>
         <input_file_ref idref="fl-d9"/>
      </object_component>
      <object_component id="oc-36c">
         <name>.data:$O1$$</name>
         <load_address>0x200009f0</load_address>
         <run_address>0x200009f0</run_address>
         <size>0xc</size>
         <input_file_ref idref="fl-f3"/>
      </object_component>
      <object_component id="oc-3ef">
         <name>.bss:_CIOBUF_</name>
         <uninitialized>true</uninitialized>
         <run_address>0x20000a0c</run_address>
         <size>0x120</size>
         <input_file_ref idref="fl-f1"/>
      </object_component>
      <object_component id="oc-b8">
         <name>.common:color</name>
         <uninitialized>true</uninitialized>
         <run_address>0x20000bcc</run_address>
         <size>0xc</size>
      </object_component>
      <object_component id="oc-3bc">
         <name>.common:__TI_tmpnams</name>
         <uninitialized>true</uninitialized>
         <run_address>0x20000b2c</run_address>
         <size>0xa0</size>
      </object_component>
      <object_component id="oc-3cd">
         <name>.common:parmbuf</name>
         <uninitialized>true</uninitialized>
         <run_address>0x20000bd8</run_address>
         <size>0x8</size>
      </object_component>
      <object_component id="oc-25">
         <name>.sysmem</name>
         <uninitialized>true</uninitialized>
         <run_address>0x20000000</run_address>
         <size>0x8</size>
         <input_file_ref idref="fl-f3"/>
      </object_component>
      <object_component id="oc-456">
         <name>.sysmem</name>
         <uninitialized>true</uninitialized>
         <run_address>0x20000000</run_address>
         <size>0x0</size>
      </object_component>
      <object_component id="oc-22">
         <name>.stack</name>
         <uninitialized>true</uninitialized>
         <run_address>0x2000fe00</run_address>
         <size>0x4</size>
         <input_file_ref idref="fl-c4"/>
      </object_component>
      <object_component id="oc-455">
         <name>.stack</name>
         <uninitialized>true</uninitialized>
         <run_address>0x2000fe00</run_address>
         <size>0x0</size>
      </object_component>
      <object_component id="oc-b9">
         <name>.debug_info</name>
         <load_address>0x0</load_address>
         <run_address>0x0</run_address>
         <size>0x5c1</size>
         <input_file_ref idref="fl-2"/>
      </object_component>
      <object_component id="oc-bc">
         <name>.debug_info</name>
         <load_address>0x5c1</load_address>
         <run_address>0x5c1</run_address>
         <size>0x1b1</size>
         <input_file_ref idref="fl-2"/>
      </object_component>
      <object_component id="oc-6a">
         <name>.debug_info</name>
         <load_address>0x772</load_address>
         <run_address>0x772</run_address>
         <size>0x32e</size>
         <input_file_ref idref="fl-2"/>
      </object_component>
      <object_component id="oc-cb">
         <name>.debug_info</name>
         <load_address>0xaa0</load_address>
         <run_address>0xaa0</run_address>
         <size>0x26b</size>
         <input_file_ref idref="fl-2"/>
      </object_component>
      <object_component id="oc-156">
         <name>.debug_info</name>
         <load_address>0xd0b</load_address>
         <run_address>0xd0b</run_address>
         <size>0x1055</size>
         <input_file_ref idref="fl-2"/>
      </object_component>
      <object_component id="oc-151">
         <name>.debug_info</name>
         <load_address>0x1d60</load_address>
         <run_address>0x1d60</run_address>
         <size>0x37e2</size>
         <input_file_ref idref="fl-2"/>
      </object_component>
      <object_component id="oc-bf">
         <name>.debug_info</name>
         <load_address>0x5542</load_address>
         <run_address>0x5542</run_address>
         <size>0x8b</size>
         <input_file_ref idref="fl-2"/>
      </object_component>
      <object_component id="oc-15d">
         <name>.debug_info</name>
         <load_address>0x55cd</load_address>
         <run_address>0x55cd</run_address>
         <size>0x297</size>
         <input_file_ref idref="fl-2"/>
      </object_component>
      <object_component id="oc-c4">
         <name>.debug_info</name>
         <load_address>0x5864</load_address>
         <run_address>0x5864</run_address>
         <size>0xbb</size>
         <input_file_ref idref="fl-2"/>
      </object_component>
      <object_component id="oc-148">
         <name>.debug_info</name>
         <load_address>0x591f</load_address>
         <run_address>0x591f</run_address>
         <size>0x2c</size>
         <input_file_ref idref="fl-2"/>
      </object_component>
      <object_component id="oc-71">
         <name>.debug_info</name>
         <load_address>0x594b</load_address>
         <run_address>0x594b</run_address>
         <size>0x2f6</size>
         <input_file_ref idref="fl-3"/>
      </object_component>
      <object_component id="oc-20">
         <name>.debug_info</name>
         <load_address>0x5c41</load_address>
         <run_address>0x5c41</run_address>
         <size>0xf9</size>
         <input_file_ref idref="fl-3"/>
      </object_component>
      <object_component id="oc-66">
         <name>.debug_info</name>
         <load_address>0x5d3a</load_address>
         <run_address>0x5d3a</run_address>
         <size>0x260</size>
         <input_file_ref idref="fl-3"/>
      </object_component>
      <object_component id="oc-2e">
         <name>.debug_info</name>
         <load_address>0x5f9a</load_address>
         <run_address>0x5f9a</run_address>
         <size>0x84</size>
         <input_file_ref idref="fl-3"/>
      </object_component>
      <object_component id="oc-12b">
         <name>.debug_info</name>
         <load_address>0x601e</load_address>
         <run_address>0x601e</run_address>
         <size>0xf2</size>
         <input_file_ref idref="fl-4"/>
      </object_component>
      <object_component id="oc-a6">
         <name>.debug_info</name>
         <load_address>0x6110</load_address>
         <run_address>0x6110</run_address>
         <size>0x264</size>
         <input_file_ref idref="fl-4"/>
      </object_component>
      <object_component id="oc-8c">
         <name>.debug_info</name>
         <load_address>0x6374</load_address>
         <run_address>0x6374</run_address>
         <size>0x313</size>
         <input_file_ref idref="fl-bf"/>
      </object_component>
      <object_component id="oc-41">
         <name>.debug_info</name>
         <load_address>0x6687</load_address>
         <run_address>0x6687</run_address>
         <size>0x1b4</size>
         <input_file_ref idref="fl-bf"/>
      </object_component>
      <object_component id="oc-87">
         <name>.debug_info</name>
         <load_address>0x683b</load_address>
         <run_address>0x683b</run_address>
         <size>0x46</size>
         <input_file_ref idref="fl-bf"/>
      </object_component>
      <object_component id="oc-e3">
         <name>.debug_info</name>
         <load_address>0x6881</load_address>
         <run_address>0x6881</run_address>
         <size>0x2c</size>
         <input_file_ref idref="fl-bf"/>
      </object_component>
      <object_component id="oc-3e">
         <name>.debug_info</name>
         <load_address>0x68ad</load_address>
         <run_address>0x68ad</run_address>
         <size>0x29d</size>
         <input_file_ref idref="fl-c0"/>
      </object_component>
      <object_component id="oc-19">
         <name>.debug_info</name>
         <load_address>0x6b4a</load_address>
         <run_address>0x6b4a</run_address>
         <size>0x1df</size>
         <input_file_ref idref="fl-c0"/>
      </object_component>
      <object_component id="oc-39">
         <name>.debug_info</name>
         <load_address>0x6d29</load_address>
         <run_address>0x6d29</run_address>
         <size>0x46</size>
         <input_file_ref idref="fl-c0"/>
      </object_component>
      <object_component id="oc-7f">
         <name>.debug_info</name>
         <load_address>0x6d6f</load_address>
         <run_address>0x6d6f</run_address>
         <size>0x2c</size>
         <input_file_ref idref="fl-c0"/>
      </object_component>
      <object_component id="oc-7d">
         <name>.debug_info</name>
         <load_address>0x6d9b</load_address>
         <run_address>0x6d9b</run_address>
         <size>0x293</size>
         <input_file_ref idref="fl-c1"/>
      </object_component>
      <object_component id="oc-11">
         <name>.debug_info</name>
         <load_address>0x702e</load_address>
         <run_address>0x702e</run_address>
         <size>0x245</size>
         <input_file_ref idref="fl-c1"/>
      </object_component>
      <object_component id="oc-29">
         <name>.debug_info</name>
         <load_address>0x7273</load_address>
         <run_address>0x7273</run_address>
         <size>0x60</size>
         <input_file_ref idref="fl-c1"/>
      </object_component>
      <object_component id="oc-dc">
         <name>.debug_info</name>
         <load_address>0x72d3</load_address>
         <run_address>0x72d3</run_address>
         <size>0x46</size>
         <input_file_ref idref="fl-c1"/>
      </object_component>
      <object_component id="oc-78">
         <name>.debug_info</name>
         <load_address>0x7319</load_address>
         <run_address>0x7319</run_address>
         <size>0x39</size>
         <input_file_ref idref="fl-c1"/>
      </object_component>
      <object_component id="oc-147">
         <name>.debug_info</name>
         <load_address>0x7352</load_address>
         <run_address>0x7352</run_address>
         <size>0x3da</size>
         <input_file_ref idref="fl-c2"/>
      </object_component>
      <object_component id="oc-144">
         <name>.debug_info</name>
         <load_address>0x772c</load_address>
         <run_address>0x772c</run_address>
         <size>0x14c</size>
         <input_file_ref idref="fl-c2"/>
      </object_component>
      <object_component id="oc-13e">
         <name>.debug_info</name>
         <load_address>0x7878</load_address>
         <run_address>0x7878</run_address>
         <size>0x15b</size>
         <input_file_ref idref="fl-c2"/>
      </object_component>
      <object_component id="oc-b0">
         <name>.debug_info</name>
         <load_address>0x79d3</load_address>
         <run_address>0x79d3</run_address>
         <size>0x1a1</size>
         <input_file_ref idref="fl-c2"/>
      </object_component>
      <object_component id="oc-1ec">
         <name>.debug_info</name>
         <load_address>0x7b74</load_address>
         <run_address>0x7b74</run_address>
         <size>0xb2</size>
         <input_file_ref idref="fl-c2"/>
      </object_component>
      <object_component id="oc-14e">
         <name>.debug_info</name>
         <load_address>0x7c26</load_address>
         <run_address>0x7c26</run_address>
         <size>0x27f</size>
         <input_file_ref idref="fl-c3"/>
      </object_component>
      <object_component id="oc-b4">
         <name>.debug_info</name>
         <load_address>0x7ea5</load_address>
         <run_address>0x7ea5</run_address>
         <size>0x258</size>
         <input_file_ref idref="fl-c3"/>
      </object_component>
      <object_component id="oc-23">
         <name>.debug_info</name>
         <load_address>0x80fd</load_address>
         <run_address>0x80fd</run_address>
         <size>0x100</size>
         <input_file_ref idref="fl-c4"/>
      </object_component>
      <object_component id="oc-52">
         <name>.debug_info</name>
         <load_address>0x81fd</load_address>
         <run_address>0x81fd</run_address>
         <size>0x1a4</size>
         <input_file_ref idref="fl-c4"/>
      </object_component>
      <object_component id="oc-8f">
         <name>.debug_info</name>
         <load_address>0x83a1</load_address>
         <run_address>0x83a1</run_address>
         <size>0x13f</size>
         <input_file_ref idref="fl-c5"/>
      </object_component>
      <object_component id="oc-36">
         <name>.debug_info</name>
         <load_address>0x84e0</load_address>
         <run_address>0x84e0</run_address>
         <size>0x111</size>
         <input_file_ref idref="fl-c6"/>
      </object_component>
      <object_component id="oc-16a">
         <name>.debug_info</name>
         <load_address>0x85f1</load_address>
         <run_address>0x85f1</run_address>
         <size>0x547</size>
         <input_file_ref idref="fl-c7"/>
      </object_component>
      <object_component id="oc-fa">
         <name>.debug_info</name>
         <load_address>0x8b38</load_address>
         <run_address>0x8b38</run_address>
         <size>0x19b</size>
         <input_file_ref idref="fl-c7"/>
      </object_component>
      <object_component id="oc-1f9">
         <name>.debug_info</name>
         <load_address>0x8cd3</load_address>
         <run_address>0x8cd3</run_address>
         <size>0x39</size>
         <input_file_ref idref="fl-c7"/>
      </object_component>
      <object_component id="oc-2aa">
         <name>.debug_info</name>
         <load_address>0x8d0c</load_address>
         <run_address>0x8d0c</run_address>
         <size>0x39</size>
         <input_file_ref idref="fl-c7"/>
      </object_component>
      <object_component id="oc-1fe">
         <name>.debug_info</name>
         <load_address>0x8d45</load_address>
         <run_address>0x8d45</run_address>
         <size>0x39</size>
         <input_file_ref idref="fl-c7"/>
      </object_component>
      <object_component id="oc-203">
         <name>.debug_info</name>
         <load_address>0x8d7e</load_address>
         <run_address>0x8d7e</run_address>
         <size>0xcd</size>
         <input_file_ref idref="fl-c7"/>
      </object_component>
      <object_component id="oc-97">
         <name>.debug_info</name>
         <load_address>0x8e4b</load_address>
         <run_address>0x8e4b</run_address>
         <size>0x148</size>
         <input_file_ref idref="fl-c8"/>
      </object_component>
      <object_component id="oc-167">
         <name>.debug_info</name>
         <load_address>0x8f93</load_address>
         <run_address>0x8f93</run_address>
         <size>0x3a2</size>
         <input_file_ref idref="fl-ca"/>
      </object_component>
      <object_component id="oc-164">
         <name>.debug_info</name>
         <load_address>0x9335</load_address>
         <run_address>0x9335</run_address>
         <size>0x185</size>
         <input_file_ref idref="fl-ca"/>
      </object_component>
      <object_component id="oc-ee">
         <name>.debug_info</name>
         <load_address>0x94ba</load_address>
         <run_address>0x94ba</run_address>
         <size>0x117</size>
         <input_file_ref idref="fl-ca"/>
      </object_component>
      <object_component id="oc-f5">
         <name>.debug_info</name>
         <load_address>0x95d1</load_address>
         <run_address>0x95d1</run_address>
         <size>0x179</size>
         <input_file_ref idref="fl-ca"/>
      </object_component>
      <object_component id="oc-1d6">
         <name>.debug_info</name>
         <load_address>0x974a</load_address>
         <run_address>0x974a</run_address>
         <size>0x2be</size>
         <input_file_ref idref="fl-cb"/>
      </object_component>
      <object_component id="oc-135">
         <name>.debug_info</name>
         <load_address>0x9a08</load_address>
         <run_address>0x9a08</run_address>
         <size>0x113</size>
         <input_file_ref idref="fl-cb"/>
      </object_component>
      <object_component id="oc-1d2">
         <name>.debug_info</name>
         <load_address>0x9b1b</load_address>
         <run_address>0x9b1b</run_address>
         <size>0x123</size>
         <input_file_ref idref="fl-cb"/>
      </object_component>
      <object_component id="oc-1c3">
         <name>.debug_info</name>
         <load_address>0x9c3e</load_address>
         <run_address>0x9c3e</run_address>
         <size>0x8a6</size>
         <input_file_ref idref="fl-cc"/>
      </object_component>
      <object_component id="oc-18e">
         <name>.debug_info</name>
         <load_address>0xa4e4</load_address>
         <run_address>0xa4e4</run_address>
         <size>0x213</size>
         <input_file_ref idref="fl-cc"/>
      </object_component>
      <object_component id="oc-23d">
         <name>.debug_info</name>
         <load_address>0xa6f7</load_address>
         <run_address>0xa6f7</run_address>
         <size>0x1a8</size>
         <input_file_ref idref="fl-cc"/>
      </object_component>
      <object_component id="oc-243">
         <name>.debug_info</name>
         <load_address>0xa89f</load_address>
         <run_address>0xa89f</run_address>
         <size>0x210</size>
         <input_file_ref idref="fl-cc"/>
      </object_component>
      <object_component id="oc-199">
         <name>.debug_info</name>
         <load_address>0xaaaf</load_address>
         <run_address>0xaaaf</run_address>
         <size>0x3b0</size>
         <input_file_ref idref="fl-cc"/>
      </object_component>
      <object_component id="oc-24a">
         <name>.debug_info</name>
         <load_address>0xae5f</load_address>
         <run_address>0xae5f</run_address>
         <size>0x2fa</size>
         <input_file_ref idref="fl-cc"/>
      </object_component>
      <object_component id="oc-250">
         <name>.debug_info</name>
         <load_address>0xb159</load_address>
         <run_address>0xb159</run_address>
         <size>0x20a</size>
         <input_file_ref idref="fl-cc"/>
      </object_component>
      <object_component id="oc-19f">
         <name>.debug_info</name>
         <load_address>0xb363</load_address>
         <run_address>0xb363</run_address>
         <size>0x20a</size>
         <input_file_ref idref="fl-cc"/>
      </object_component>
      <object_component id="oc-1a5">
         <name>.debug_info</name>
         <load_address>0xb56d</load_address>
         <run_address>0xb56d</run_address>
         <size>0x2f9</size>
         <input_file_ref idref="fl-cc"/>
      </object_component>
      <object_component id="oc-1ab">
         <name>.debug_info</name>
         <load_address>0xb866</load_address>
         <run_address>0xb866</run_address>
         <size>0x4a5</size>
         <input_file_ref idref="fl-cc"/>
      </object_component>
      <object_component id="oc-12f">
         <name>.debug_info</name>
         <load_address>0xbd0b</load_address>
         <run_address>0xbd0b</run_address>
         <size>0x5cd</size>
         <input_file_ref idref="fl-cc"/>
      </object_component>
      <object_component id="oc-1c4">
         <name>.debug_info</name>
         <load_address>0xc2d8</load_address>
         <run_address>0xc2d8</run_address>
         <size>0x86</size>
         <input_file_ref idref="fl-cc"/>
      </object_component>
      <object_component id="oc-27f">
         <name>.debug_info</name>
         <load_address>0xc35e</load_address>
         <run_address>0xc35e</run_address>
         <size>0x39</size>
         <input_file_ref idref="fl-cc"/>
      </object_component>
      <object_component id="oc-2ed">
         <name>.debug_info</name>
         <load_address>0xc397</load_address>
         <run_address>0xc397</run_address>
         <size>0xb6</size>
         <input_file_ref idref="fl-cc"/>
      </object_component>
      <object_component id="oc-284">
         <name>.debug_info</name>
         <load_address>0xc44d</load_address>
         <run_address>0xc44d</run_address>
         <size>0x46</size>
         <input_file_ref idref="fl-cc"/>
      </object_component>
      <object_component id="oc-1c9">
         <name>.debug_info</name>
         <load_address>0xc493</load_address>
         <run_address>0xc493</run_address>
         <size>0x46</size>
         <input_file_ref idref="fl-cc"/>
      </object_component>
      <object_component id="oc-27a">
         <name>.debug_info</name>
         <load_address>0xc4d9</load_address>
         <run_address>0xc4d9</run_address>
         <size>0x2c</size>
         <input_file_ref idref="fl-cc"/>
      </object_component>
      <object_component id="oc-210">
         <name>.debug_info</name>
         <load_address>0xc505</load_address>
         <run_address>0xc505</run_address>
         <size>0x2ae</size>
         <input_file_ref idref="fl-ce"/>
      </object_component>
      <object_component id="oc-18b">
         <name>.debug_info</name>
         <load_address>0xc7b3</load_address>
         <run_address>0xc7b3</run_address>
         <size>0x171</size>
         <input_file_ref idref="fl-ce"/>
      </object_component>
      <object_component id="oc-2ba">
         <name>.debug_info</name>
         <load_address>0xc924</load_address>
         <run_address>0xc924</run_address>
         <size>0xee</size>
         <input_file_ref idref="fl-cf"/>
      </object_component>
      <object_component id="oc-20d">
         <name>.debug_info</name>
         <load_address>0xca12</load_address>
         <run_address>0xca12</run_address>
         <size>0xfa</size>
         <input_file_ref idref="fl-cf"/>
      </object_component>
      <object_component id="oc-1da">
         <name>.debug_info</name>
         <load_address>0xcb0c</load_address>
         <run_address>0xcb0c</run_address>
         <size>0x139</size>
         <input_file_ref idref="fl-d0"/>
      </object_component>
      <object_component id="oc-138">
         <name>.debug_info</name>
         <load_address>0xcc45</load_address>
         <run_address>0xcc45</run_address>
         <size>0xf7</size>
         <input_file_ref idref="fl-d0"/>
      </object_component>
      <object_component id="oc-378">
         <name>.debug_info</name>
         <load_address>0xcd3c</load_address>
         <run_address>0xcd3c</run_address>
         <size>0x184</size>
         <input_file_ref idref="fl-d0"/>
      </object_component>
      <object_component id="oc-2a9">
         <name>.debug_info</name>
         <load_address>0xcec0</load_address>
         <run_address>0xcec0</run_address>
         <size>0x378</size>
         <input_file_ref idref="fl-d1"/>
      </object_component>
      <object_component id="oc-1e6">
         <name>.debug_info</name>
         <load_address>0xd238</load_address>
         <run_address>0xd238</run_address>
         <size>0x1df</size>
         <input_file_ref idref="fl-d1"/>
      </object_component>
      <object_component id="oc-2a7">
         <name>.debug_info</name>
         <load_address>0xd417</load_address>
         <run_address>0xd417</run_address>
         <size>0x3f1</size>
         <input_file_ref idref="fl-d2"/>
      </object_component>
      <object_component id="oc-1de">
         <name>.debug_info</name>
         <load_address>0xd808</load_address>
         <run_address>0xd808</run_address>
         <size>0x2d7</size>
         <input_file_ref idref="fl-d2"/>
      </object_component>
      <object_component id="oc-2c8">
         <name>.debug_info</name>
         <load_address>0xdadf</load_address>
         <run_address>0xdadf</run_address>
         <size>0x290</size>
         <input_file_ref idref="fl-d3"/>
      </object_component>
      <object_component id="oc-230">
         <name>.debug_info</name>
         <load_address>0xdd6f</load_address>
         <run_address>0xdd6f</run_address>
         <size>0x1c2</size>
         <input_file_ref idref="fl-d3"/>
      </object_component>
      <object_component id="oc-26b">
         <name>.debug_info</name>
         <load_address>0xdf31</load_address>
         <run_address>0xdf31</run_address>
         <size>0x28b</size>
         <input_file_ref idref="fl-d4"/>
      </object_component>
      <object_component id="oc-1b3">
         <name>.debug_info</name>
         <load_address>0xe1bc</load_address>
         <run_address>0xe1bc</run_address>
         <size>0x1ab</size>
         <input_file_ref idref="fl-d4"/>
      </object_component>
      <object_component id="oc-301">
         <name>.debug_info</name>
         <load_address>0xe367</load_address>
         <run_address>0xe367</run_address>
         <size>0x29a</size>
         <input_file_ref idref="fl-d5"/>
      </object_component>
      <object_component id="oc-295">
         <name>.debug_info</name>
         <load_address>0xe601</load_address>
         <run_address>0xe601</run_address>
         <size>0x242</size>
         <input_file_ref idref="fl-d5"/>
      </object_component>
      <object_component id="oc-2df">
         <name>.debug_info</name>
         <load_address>0xe843</load_address>
         <run_address>0xe843</run_address>
         <size>0x28f</size>
         <input_file_ref idref="fl-d6"/>
      </object_component>
      <object_component id="oc-266">
         <name>.debug_info</name>
         <load_address>0xead2</load_address>
         <run_address>0xead2</run_address>
         <size>0x247</size>
         <input_file_ref idref="fl-d6"/>
      </object_component>
      <object_component id="oc-20b">
         <name>.debug_info</name>
         <load_address>0xed19</load_address>
         <run_address>0xed19</run_address>
         <size>0x284</size>
         <input_file_ref idref="fl-d7"/>
      </object_component>
      <object_component id="oc-183">
         <name>.debug_info</name>
         <load_address>0xef9d</load_address>
         <run_address>0xef9d</run_address>
         <size>0x22a</size>
         <input_file_ref idref="fl-d7"/>
      </object_component>
      <object_component id="oc-308">
         <name>.debug_info</name>
         <load_address>0xf1c7</load_address>
         <run_address>0xf1c7</run_address>
         <size>0x4c5</size>
         <input_file_ref idref="fl-d8"/>
      </object_component>
      <object_component id="oc-346">
         <name>.debug_info</name>
         <load_address>0xf68c</load_address>
         <run_address>0xf68c</run_address>
         <size>0xf8</size>
         <input_file_ref idref="fl-d8"/>
      </object_component>
      <object_component id="oc-305">
         <name>.debug_info</name>
         <load_address>0xf784</load_address>
         <run_address>0xf784</run_address>
         <size>0xf8</size>
         <input_file_ref idref="fl-d8"/>
      </object_component>
      <object_component id="oc-2a1">
         <name>.debug_info</name>
         <load_address>0xf87c</load_address>
         <run_address>0xf87c</run_address>
         <size>0x184</size>
         <input_file_ref idref="fl-d8"/>
      </object_component>
      <object_component id="oc-34c">
         <name>.debug_info</name>
         <load_address>0xfa00</load_address>
         <run_address>0xfa00</run_address>
         <size>0x120</size>
         <input_file_ref idref="fl-d8"/>
      </object_component>
      <object_component id="oc-351">
         <name>.debug_info</name>
         <load_address>0xfb20</load_address>
         <run_address>0xfb20</run_address>
         <size>0x2c</size>
         <input_file_ref idref="fl-d8"/>
      </object_component>
      <object_component id="oc-277">
         <name>.debug_info</name>
         <load_address>0xfb4c</load_address>
         <run_address>0xfb4c</run_address>
         <size>0x27e</size>
         <input_file_ref idref="fl-d9"/>
      </object_component>
      <object_component id="oc-274">
         <name>.debug_info</name>
         <load_address>0xfdca</load_address>
         <run_address>0xfdca</run_address>
         <size>0x103</size>
         <input_file_ref idref="fl-d9"/>
      </object_component>
      <object_component id="oc-1c0">
         <name>.debug_info</name>
         <load_address>0xfecd</load_address>
         <run_address>0xfecd</run_address>
         <size>0x143</size>
         <input_file_ref idref="fl-d9"/>
      </object_component>
      <object_component id="oc-2d0">
         <name>.debug_info</name>
         <load_address>0x10010</load_address>
         <run_address>0x10010</run_address>
         <size>0x28f</size>
         <input_file_ref idref="fl-da"/>
      </object_component>
      <object_component id="oc-258">
         <name>.debug_info</name>
         <load_address>0x1029f</load_address>
         <run_address>0x1029f</run_address>
         <size>0x18a</size>
         <input_file_ref idref="fl-da"/>
      </object_component>
      <object_component id="oc-314">
         <name>.debug_info</name>
         <load_address>0x10429</load_address>
         <run_address>0x10429</run_address>
         <size>0x39</size>
         <input_file_ref idref="fl-da"/>
      </object_component>
      <object_component id="oc-2d1">
         <name>.debug_info</name>
         <load_address>0x10462</load_address>
         <run_address>0x10462</run_address>
         <size>0x2c</size>
         <input_file_ref idref="fl-da"/>
      </object_component>
      <object_component id="oc-2dd">
         <name>.debug_info</name>
         <load_address>0x1048e</load_address>
         <run_address>0x1048e</run_address>
         <size>0x2f2</size>
         <input_file_ref idref="fl-db"/>
      </object_component>
      <object_component id="oc-25e">
         <name>.debug_info</name>
         <load_address>0x10780</load_address>
         <run_address>0x10780</run_address>
         <size>0x21a</size>
         <input_file_ref idref="fl-db"/>
      </object_component>
      <object_component id="oc-272">
         <name>.debug_info</name>
         <load_address>0x1099a</load_address>
         <run_address>0x1099a</run_address>
         <size>0x284</size>
         <input_file_ref idref="fl-dc"/>
      </object_component>
      <object_component id="oc-1b9">
         <name>.debug_info</name>
         <load_address>0x10c1e</load_address>
         <run_address>0x10c1e</run_address>
         <size>0x14f</size>
         <input_file_ref idref="fl-dc"/>
      </object_component>
      <object_component id="oc-2e2">
         <name>.debug_info</name>
         <load_address>0x10d6d</load_address>
         <run_address>0x10d6d</run_address>
         <size>0x46</size>
         <input_file_ref idref="fl-dc"/>
      </object_component>
      <object_component id="oc-26d">
         <name>.debug_info</name>
         <load_address>0x10db3</load_address>
         <run_address>0x10db3</run_address>
         <size>0x39</size>
         <input_file_ref idref="fl-dc"/>
      </object_component>
      <object_component id="oc-2d7">
         <name>.debug_info</name>
         <load_address>0x10dec</load_address>
         <run_address>0x10dec</run_address>
         <size>0x156</size>
         <input_file_ref idref="fl-dd"/>
      </object_component>
      <object_component id="oc-214">
         <name>.debug_info</name>
         <load_address>0x10f42</load_address>
         <run_address>0x10f42</run_address>
         <size>0x12c</size>
         <input_file_ref idref="fl-de"/>
      </object_component>
      <object_component id="oc-238">
         <name>.debug_info</name>
         <load_address>0x1106e</load_address>
         <run_address>0x1106e</run_address>
         <size>0x144</size>
         <input_file_ref idref="fl-df"/>
      </object_component>
      <object_component id="oc-196">
         <name>.debug_info</name>
         <load_address>0x111b2</load_address>
         <run_address>0x111b2</run_address>
         <size>0x120</size>
         <input_file_ref idref="fl-e0"/>
      </object_component>
      <object_component id="oc-224">
         <name>.debug_info</name>
         <load_address>0x112d2</load_address>
         <run_address>0x112d2</run_address>
         <size>0x122</size>
         <input_file_ref idref="fl-e0"/>
      </object_component>
      <object_component id="oc-21e">
         <name>.debug_info</name>
         <load_address>0x113f4</load_address>
         <run_address>0x113f4</run_address>
         <size>0x132</size>
         <input_file_ref idref="fl-e1"/>
      </object_component>
      <object_component id="oc-21b">
         <name>.debug_info</name>
         <load_address>0x11526</load_address>
         <run_address>0x11526</run_address>
         <size>0x132</size>
         <input_file_ref idref="fl-e2"/>
      </object_component>
      <object_component id="oc-228">
         <name>.debug_info</name>
         <load_address>0x11658</load_address>
         <run_address>0x11658</run_address>
         <size>0x126</size>
         <input_file_ref idref="fl-e3"/>
      </object_component>
      <object_component id="oc-235">
         <name>.debug_info</name>
         <load_address>0x1177e</load_address>
         <run_address>0x1177e</run_address>
         <size>0x124</size>
         <input_file_ref idref="fl-e4"/>
      </object_component>
      <object_component id="oc-2ff">
         <name>.debug_info</name>
         <load_address>0x118a2</load_address>
         <run_address>0x118a2</run_address>
         <size>0x2f5</size>
         <input_file_ref idref="fl-e5"/>
      </object_component>
      <object_component id="oc-291">
         <name>.debug_info</name>
         <load_address>0x11b97</load_address>
         <run_address>0x11b97</run_address>
         <size>0x191</size>
         <input_file_ref idref="fl-e5"/>
      </object_component>
      <object_component id="oc-33a">
         <name>.debug_info</name>
         <load_address>0x11d28</load_address>
         <run_address>0x11d28</run_address>
         <size>0xbf</size>
         <input_file_ref idref="fl-e5"/>
      </object_component>
      <object_component id="oc-303">
         <name>.debug_info</name>
         <load_address>0x11de7</load_address>
         <run_address>0x11de7</run_address>
         <size>0x33c</size>
         <input_file_ref idref="fl-e6"/>
      </object_component>
      <object_component id="oc-29b">
         <name>.debug_info</name>
         <load_address>0x12123</load_address>
         <run_address>0x12123</run_address>
         <size>0x17f</size>
         <input_file_ref idref="fl-e6"/>
      </object_component>
      <object_component id="oc-325">
         <name>.debug_info</name>
         <load_address>0x122a2</load_address>
         <run_address>0x122a2</run_address>
         <size>0x319</size>
         <input_file_ref idref="fl-e7"/>
      </object_component>
      <object_component id="oc-2f3">
         <name>.debug_info</name>
         <load_address>0x125bb</load_address>
         <run_address>0x125bb</run_address>
         <size>0x1e1</size>
         <input_file_ref idref="fl-e7"/>
      </object_component>
      <object_component id="oc-357">
         <name>.debug_info</name>
         <load_address>0x1279c</load_address>
         <run_address>0x1279c</run_address>
         <size>0x38c</size>
         <input_file_ref idref="fl-e8"/>
      </object_component>
      <object_component id="oc-31f">
         <name>.debug_info</name>
         <load_address>0x12b28</load_address>
         <run_address>0x12b28</run_address>
         <size>0x18a</size>
         <input_file_ref idref="fl-e8"/>
      </object_component>
      <object_component id="oc-339">
         <name>.debug_info</name>
         <load_address>0x12cb2</load_address>
         <run_address>0x12cb2</run_address>
         <size>0x369</size>
         <input_file_ref idref="fl-e9"/>
      </object_component>
      <object_component id="oc-2fa">
         <name>.debug_info</name>
         <load_address>0x1301b</load_address>
         <run_address>0x1301b</run_address>
         <size>0x200</size>
         <input_file_ref idref="fl-e9"/>
      </object_component>
      <object_component id="oc-3d2">
         <name>.debug_info</name>
         <load_address>0x1321b</load_address>
         <run_address>0x1321b</run_address>
         <size>0x368</size>
         <input_file_ref idref="fl-ea"/>
      </object_component>
      <object_component id="oc-384">
         <name>.debug_info</name>
         <load_address>0x13583</load_address>
         <run_address>0x13583</run_address>
         <size>0x1b1</size>
         <input_file_ref idref="fl-ea"/>
      </object_component>
      <object_component id="oc-3d8">
         <name>.debug_info</name>
         <load_address>0x13734</load_address>
         <run_address>0x13734</run_address>
         <size>0x36d</size>
         <input_file_ref idref="fl-eb"/>
      </object_component>
      <object_component id="oc-399">
         <name>.debug_info</name>
         <load_address>0x13aa1</load_address>
         <run_address>0x13aa1</run_address>
         <size>0x205</size>
         <input_file_ref idref="fl-eb"/>
      </object_component>
      <object_component id="oc-3ce">
         <name>.debug_info</name>
         <load_address>0x13ca6</load_address>
         <run_address>0x13ca6</run_address>
         <size>0x398</size>
         <input_file_ref idref="fl-ec"/>
      </object_component>
      <object_component id="oc-380">
         <name>.debug_info</name>
         <load_address>0x1403e</load_address>
         <run_address>0x1403e</run_address>
         <size>0x201</size>
         <input_file_ref idref="fl-ec"/>
      </object_component>
      <object_component id="oc-3d4">
         <name>.debug_info</name>
         <load_address>0x1423f</load_address>
         <run_address>0x1423f</run_address>
         <size>0x36c</size>
         <input_file_ref idref="fl-ed"/>
      </object_component>
      <object_component id="oc-38a">
         <name>.debug_info</name>
         <load_address>0x145ab</load_address>
         <run_address>0x145ab</run_address>
         <size>0x1f0</size>
         <input_file_ref idref="fl-ed"/>
      </object_component>
      <object_component id="oc-3e2">
         <name>.debug_info</name>
         <load_address>0x1479b</load_address>
         <run_address>0x1479b</run_address>
         <size>0x3ca</size>
         <input_file_ref idref="fl-ee"/>
      </object_component>
      <object_component id="oc-3a2">
         <name>.debug_info</name>
         <load_address>0x14b65</load_address>
         <run_address>0x14b65</run_address>
         <size>0x22b</size>
         <input_file_ref idref="fl-ee"/>
      </object_component>
      <object_component id="oc-3da">
         <name>.debug_info</name>
         <load_address>0x14d90</load_address>
         <run_address>0x14d90</run_address>
         <size>0x38b</size>
         <input_file_ref idref="fl-ef"/>
      </object_component>
      <object_component id="oc-39d">
         <name>.debug_info</name>
         <load_address>0x1511b</load_address>
         <run_address>0x1511b</run_address>
         <size>0x1bb</size>
         <input_file_ref idref="fl-ef"/>
      </object_component>
      <object_component id="oc-3d6">
         <name>.debug_info</name>
         <load_address>0x152d6</load_address>
         <run_address>0x152d6</run_address>
         <size>0x36d</size>
         <input_file_ref idref="fl-f0"/>
      </object_component>
      <object_component id="oc-393">
         <name>.debug_info</name>
         <load_address>0x15643</load_address>
         <run_address>0x15643</run_address>
         <size>0x1f5</size>
         <input_file_ref idref="fl-f0"/>
      </object_component>
      <object_component id="oc-3f3">
         <name>.debug_info</name>
         <load_address>0x15838</load_address>
         <run_address>0x15838</run_address>
         <size>0x2b0</size>
         <input_file_ref idref="fl-f1"/>
      </object_component>
      <object_component id="oc-3f0">
         <name>.debug_info</name>
         <load_address>0x15ae8</load_address>
         <run_address>0x15ae8</run_address>
         <size>0xfd</size>
         <input_file_ref idref="fl-f1"/>
      </object_component>
      <object_component id="oc-3c2">
         <name>.debug_info</name>
         <load_address>0x15be5</load_address>
         <run_address>0x15be5</run_address>
         <size>0x1d4</size>
         <input_file_ref idref="fl-f1"/>
      </object_component>
      <object_component id="oc-3c8">
         <name>.debug_info</name>
         <load_address>0x15db9</load_address>
         <run_address>0x15db9</run_address>
         <size>0x18f</size>
[...]
      <symbol id="sm-1">
         <name>WDTCTL_SYM</name>
         <value>0x4000480c</value>
      </symbol>
      <symbol id="sm-2">
         <name>__TI_CINIT_Base</name>
         <value>0x31b8</value>
      </symbol>
      <symbol id="sm-3">
         <name>__TI_CINIT_Limit</name>
         <value>0x31c8</value>
      </symbol>
      <symbol id="sm-4">
         <name>__TI_Handler_Table_Base</name>
         <value>0x31a4</value>
      </symbol>
      <symbol id="sm-5">
         <name>__TI_Handler_Table_Limit</name>
         <value>0x31b0</value>
      </symbol>
      <symbol id="sm-6">
         <name>binit</name>
         <value>0xffffffff</value>
      </symbol>
      <symbol id="sm-7">
         <name>__binit__</name>
         <value>0xffffffff</value>
      </symbol>
      <symbol id="sm-8">
         <name>__STACK_SIZE</name>
         <value>0x200</value>
      </symbol>
      <symbol id="sm-9">
         <name>__STACK_END</name>
         <value>0x20010000</value>
      </symbol>
      <symbol id="sm-a">
         <name>__SYSMEM_SIZE</name>
         <value>0x800</value>
      </symbol>
      <symbol id="sm-b">
         <name>__c_args__</name>
         <value>0xffffffff</value>
      </symbol>
      <symbol id="sm-c">
         <name>__TI_pprof_out_hndl</name>
         <value>0xffffffff</value>
      </symbol>
      <symbol id="sm-d">
         <name>__TI_prof_data_start</name>
         <value>0xffffffff</value>
      </symbol>
      <symbol id="sm-e">
         <name>__TI_prof_data_size</name>
         <value>0xffffffff</value>
      </symbol>
      <symbol id="sm-84">
         <name>color</name>
         <value>0x20000bcc</value>
      </symbol>
      <symbol id="sm-85">
         <name>interruptStatus</name>
         <value>0x200009cc</value>
         <object_component_ref idref="oc-bb"/>
      </symbol>
      <symbol id="sm-86">
         <name>DebounceSwitch1</name>
         <value>0x1003</value>
         <object_component_ref idref="oc-69"/>
      </symbol>
      <symbol id="sm-87">
         <name>sysTikToggleSpeed</name>
         <value>0x200009b8</value>
         <object_component_ref idref="oc-bb"/>
      </symbol>
      <symbol id="sm-88">
         <name>main</name>
         <value>0xec9</value>
         <object_component_ref idref="oc-69"/>
      </symbol>
      <symbol id="sm-89">
         <name>buttonPushed</name>
         <value>0x200009c4</value>
         <object_component_ref idref="oc-bb"/>
      </symbol>
      <symbol id="sm-8a">
         <name>direction</name>
         <value>0x200009c8</value>
         <object_component_ref idref="oc-bb"/>
      </symbol>
      <symbol id="sm-8b">
         <name>colorState</name>
         <value>0x200009c0</value>
         <object_component_ref idref="oc-bb"/>
      </symbol>
      <symbol id="sm-8c">
         <name>debounceFlag</name>
         <value>0x200009bc</value>
         <object_component_ref idref="oc-bb"/>
      </symbol>
      <symbol id="sm-8d">
         <name>PORT5_IRQHandler</name>
         <value>0xfef</value>
         <object_component_ref idref="oc-69"/>
      </symbol>
      <symbol id="sm-8e">
         <name>changeColor</name>
         <value>0x1037</value>
         <object_component_ref idref="oc-69"/>
      </symbol>
      <symbol id="sm-b0">
         <name>interruptVectors</name>
         <value>0x0</value>
         <object_component_ref idref="oc-1f"/>
      </symbol>
      <symbol id="sm-f7">
         <name>SystemInit</name>
         <value>0xe15</value>
         <object_component_ref idref="oc-a5"/>
      </symbol>
      <symbol id="sm-f8">
         <name>SystemCoreClockUpdate</name>
         <value>0xba1</value>
         <object_component_ref idref="oc-a5"/>
      </symbol>
      <symbol id="sm-f9">
         <name>SystemCoreClock</name>
         <value>0x20000a08</value>
         <object_component_ref idref="oc-12a"/>
      </symbol>
      <symbol id="sm-112">
         <name>__TI_zero_init_nomemset</name>
         <value>0x2fcf</value>
         <object_component_ref idref="oc-3f"/>
      </symbol>
      <symbol id="sm-129">
         <name>__TI_decompress_none</name>
         <value>0x3005</value>
         <object_component_ref idref="oc-16"/>
      </symbol>
      <symbol id="sm-14c">
         <name>__TI_decompress_lzss</name>
         <value>0x25c5</value>
         <object_component_ref idref="oc-10"/>
      </symbol>
      <symbol id="sm-178">
         <name>printf</name>
         <value>0x262d</value>
         <object_component_ref idref="oc-ac"/>
      </symbol>
      <symbol id="sm-187">
         <name>strcmp</name>
         <value>0x2f65</value>
         <object_component_ref idref="oc-b2"/>
      </symbol>
      <symbol id="sm-19a">
         <name>__stack</name>
         <value>0x2000fe00</value>
         <object_component_ref idref="oc-22"/>
      </symbol>
      <symbol id="sm-19b">
         <name>_c_int00_noargs</name>
         <value>0x2d15</value>
         <object_component_ref idref="oc-51"/>
      </symbol>
      <symbol id="sm-1aa">
         <name>__aeabi_memset</name>
         <value>0x231f</value>
         <object_component_ref idref="oc-8d"/>
      </symbol>
      <symbol id="sm-1ab">
         <name>memset</name>
         <value>0x2325</value>
         <object_component_ref idref="oc-8d"/>
      </symbol>
      <symbol id="sm-1ac">
         <name>__aeabi_memset8</name>
         <value>0x231f</value>
         <object_component_ref idref="oc-8d"/>
      </symbol>
      <symbol id="sm-1ad">
         <name>__aeabi_memset4</name>
         <value>0x231f</value>
         <object_component_ref idref="oc-8d"/>
      </symbol>
      <symbol id="sm-1ae">
         <name>__aeabi_memclr8</name>
         <value>0x231d</value>
         <object_component_ref idref="oc-8d"/>
      </symbol>
      <symbol id="sm-1af">
         <name>__aeabi_memclr4</name>
         <value>0x231d</value>
         <object_component_ref idref="oc-8d"/>
      </symbol>
      <symbol id="sm-1b0">
         <name>__aeabi_memclr</name>
         <value>0x231d</value>
         <object_component_ref idref="oc-8d"/>
      </symbol>
      <symbol id="sm-1cb">
         <name>memcpy</name>
         <value>0x2053</value>
         <object_component_ref idref="oc-33"/>
      </symbol>
      <symbol id="sm-1cc">
         <name>__aeabi_memcpy</name>
         <value>0x2053</value>
         <object_component_ref idref="oc-33"/>
      </symbol>
      <symbol id="sm-1cd">
         <name>__aeabi_memcpy8</name>
         <value>0x2053</value>
         <object_component_ref idref="oc-33"/>
      </symbol>
      <symbol id="sm-1ce">
         <name>__aeabi_memcpy4</name>
         <value>0x2053</value>
         <object_component_ref idref="oc-33"/>
      </symbol>
      <symbol id="sm-1f6">
         <name>__TI_auto_init_nobinit_nopinit</name>
         <value>0x2bd9</value>
         <object_component_ref idref="oc-f8"/>
      </symbol>
      <symbol id="sm-200">
         <name>_system_pre_init</name>
         <value>0x3025</value>
         <object_component_ref idref="oc-93"/>
      </symbol>
      <symbol id="sm-227">
         <name>C$$EXIT</name>
         <value>0x3029</value>
         <object_component_ref idref="oc-ec"/>
      </symbol>
      <symbol id="sm-228">
         <name>abort</name>
         <value>0x3029</value>
         <object_component_ref idref="oc-ec"/>
      </symbol>
      <symbol id="sm-229">
         <name>__TI_dtors_ptr</name>
         <value>0x200009e8</value>
         <object_component_ref idref="oc-163"/>
      </symbol>
      <symbol id="sm-22a">
         <name>__TI_cleanup_ptr</name>
         <value>0x200009e4</value>
         <object_component_ref idref="oc-163"/>
      </symbol>
      <symbol id="sm-22b">
         <name>__TI_enable_exit_profile_output</name>
         <value>0x200009ec</value>
         <object_component_ref idref="oc-163"/>
      </symbol>
      <symbol id="sm-22c">
         <name>exit</name>
         <value>0x2ac1</value>
         <object_component_ref idref="oc-f2"/>
      </symbol>
      <symbol id="sm-241">
         <name>_nop</name>
         <value>0xb9f</value>
         <object_component_ref idref="oc-1ce"/>
      </symbol>
      <symbol id="sm-242">
         <name>_lock</name>
         <value>0x200009fc</value>
         <object_component_ref idref="oc-134"/>
      </symbol>
      <symbol id="sm-243">
         <name>_unlock</name>
         <value>0x20000a00</value>
         <object_component_ref idref="oc-134"/>
      </symbol>
      <symbol id="sm-3ad">
         <name>__TI_printfi</name>
         <value>0x141</value>
         <object_component_ref idref="oc-12e"/>
      </symbol>
      <symbol id="sm-3c4">
         <name>atoi</name>
         <value>0x2a75</value>
         <object_component_ref idref="oc-187"/>
      </symbol>
      <symbol id="sm-3cf">
         <name>_ctypes_</name>
         <value>0x302c</value>
         <object_component_ref idref="oc-20c"/>
      </symbol>
      <symbol id="sm-3e4">
         <name>__TI_tmpnams</name>
         <value>0x20000b2c</value>
      </symbol>
      <symbol id="sm-3e5">
         <name>__aeabi_stdout</name>
         <value>0x200009dc</value>
         <object_component_ref idref="oc-377"/>
      </symbol>
      <symbol id="sm-3e6">
         <name>__aeabi_stderr</name>
         <value>0x200009e0</value>
         <object_component_ref idref="oc-377"/>
      </symbol>
      <symbol id="sm-3e7">
         <name>__aeabi_stdin</name>
         <value>0x200009d8</value>
         <object_component_ref idref="oc-377"/>
      </symbol>
      <symbol id="sm-3e8">
         <name>_ftable</name>
         <value>0x20000800</value>
         <object_component_ref idref="oc-137"/>
      </symbol>
      <symbol id="sm-3e9">
         <name>__TI_ft_end</name>
         <value>0x200009d4</value>
         <object_component_ref idref="oc-377"/>
      </symbol>
      <symbol id="sm-3fe">
         <name>putc</name>
         <value>0x2185</value>
         <object_component_ref idref="oc-1e3"/>
      </symbol>
      <symbol id="sm-3ff">
         <name>fputc</name>
         <value>0x2185</value>
         <object_component_ref idref="oc-1e3"/>
      </symbol>
      <symbol id="sm-41d">
         <name>fputs</name>
         <value>0x1acd</value>
         <object_component_ref idref="oc-1dc"/>
      </symbol>
      <symbol id="sm-42c">
         <name>ltoa</name>
         <value>0x2983</value>
         <object_component_ref idref="oc-22c"/>
      </symbol>
      <symbol id="sm-43c">
         <name>memccpy</name>
         <value>0x2f49</value>
         <object_component_ref idref="oc-1b0"/>
      </symbol>
      <symbol id="sm-44c">
         <name>memchr</name>
         <value>0x2f29</value>
         <object_component_ref idref="oc-294"/>
      </symbol>
      <symbol id="sm-45c">
         <name>strchr</name>
         <value>0x2f7d</value>
         <object_component_ref idref="oc-263"/>
      </symbol>
      <symbol id="sm-46a">
         <name>strlen</name>
         <value>0x2fbb</value>
         <object_component_ref idref="oc-181"/>
      </symbol>
      <symbol id="sm-490">
         <name>_stream</name>
         <value>0x20000968</value>
         <object_component_ref idref="oc-304"/>
      </symbol>
      <symbol id="sm-491">
         <name>_device</name>
         <value>0x200008f0</value>
         <object_component_ref idref="oc-345"/>
      </symbol>
      <symbol id="sm-492">
         <name>write</name>
         <value>0x2f01</value>
         <object_component_ref idref="oc-2a0"/>
      </symbol>
      <symbol id="sm-4a8">
         <name>__aeabi_errno_addr</name>
         <value>0x3015</value>
         <object_component_ref idref="oc-1bc"/>
      </symbol>
      <symbol id="sm-4a9">
         <name>errno</name>
         <value>0x20000a04</value>
         <object_component_ref idref="oc-273"/>
      </symbol>
      <symbol id="sm-4c9">
         <name>frexpl</name>
         <value>0x2695</value>
         <object_component_ref idref="oc-257"/>
      </symbol>
      <symbol id="sm-4ca">
         <name>frexp</name>
         <value>0x2695</value>
         <object_component_ref idref="oc-257"/>
      </symbol>
      <symbol id="sm-4e7">
         <name>scalbn</name>
         <value>0x1be1</value>
         <object_component_ref idref="oc-25d"/>
      </symbol>
      <symbol id="sm-4e8">
         <name>scalbnl</name>
         <value>0x1be1</value>
         <object_component_ref idref="oc-25d"/>
      </symbol>
      <symbol id="sm-4e9">
         <name>ldexpl</name>
         <value>0x1be1</value>
         <object_component_ref idref="oc-25d"/>
      </symbol>
      <symbol id="sm-4ea">
         <name>ldexp</name>
         <value>0x1be1</value>
         <object_component_ref idref="oc-25d"/>
      </symbol>
      <symbol id="sm-503">
         <name>wcslen</name>
         <value>0x2ff3</value>
         <object_component_ref idref="oc-1b6"/>
      </symbol>
      <symbol id="sm-50d">
         <name>copysign</name>
         <value>0x2f93</value>
         <object_component_ref idref="oc-2d6"/>
      </symbol>
      <symbol id="sm-50e">
         <name>copysignl</name>
         <value>0x2f93</value>
         <object_component_ref idref="oc-2d6"/>
      </symbol>
      <symbol id="sm-51b">
         <name>__aeabi_uldivmod</name>
         <value>0x20ef</value>
         <object_component_ref idref="oc-211"/>
      </symbol>
      <symbol id="sm-532">
         <name>__aeabi_dsub</name>
         <value>0x1581</value>
         <object_component_ref idref="oc-237"/>
      </symbol>
      <symbol id="sm-533">
         <name>__aeabi_dadd</name>
         <value>0x158b</value>
         <object_component_ref idref="oc-237"/>
      </symbol>
      <symbol id="sm-555">
         <name>__aeabi_cdcmpeq</name>
         <value>0x2211</value>
         <object_component_ref idref="oc-193"/>
      </symbol>
      <symbol id="sm-556">
         <name>__aeabi_cdcmple</name>
         <value>0x2211</value>
         <object_component_ref idref="oc-193"/>
      </symbol>
      <symbol id="sm-557">
         <name>__aeabi_cdrcmple</name>
         <value>0x2297</value>
         <object_component_ref idref="oc-222"/>
      </symbol>
      <symbol id="sm-56b">
         <name>__aeabi_ddiv</name>
         <value>0x1875</value>
         <object_component_ref idref="oc-21d"/>
      </symbol>
      <symbol id="sm-576">
         <name>__aeabi_dmul</name>
         <value>0x1cf1</value>
         <object_component_ref idref="oc-218"/>
      </symbol>
      <symbol id="sm-580">
         <name>__aeabi_d2iz</name>
         <value>0x2b09</value>
         <object_component_ref idref="oc-227"/>
      </symbol>
      <symbol id="sm-58a">
         <name>__aeabi_i2d</name>
         <value>0x2e55</value>
         <object_component_ref idref="oc-232"/>
      </symbol>
      <symbol id="sm-5a2">
         <name>__TI_wrt_ok</name>
         <value>0x275d</value>
         <object_component_ref idref="oc-28e"/>
      </symbol>
      <symbol id="sm-5b2">
         <name>__TI_doflush</name>
         <value>0x2a29</value>
         <object_component_ref idref="oc-29a"/>
      </symbol>
      <symbol id="sm-5c4">
         <name>fseek</name>
         <value>0x26f9</value>
         <object_component_ref idref="oc-2f2"/>
      </symbol>
      <symbol id="sm-5d4">
         <name>lseek</name>
         <value>0x2eb1</value>
         <object_component_ref idref="oc-31e"/>
      </symbol>
      <symbol id="sm-5f0">
         <name>setvbuf</name>
         <value>0x1ded</value>
         <object_component_ref idref="oc-2f8"/>
      </symbol>
      <symbol id="sm-601">
         <name>HOSTclose</name>
         <value>0x2b51</value>
         <object_component_ref idref="oc-383"/>
      </symbol>
      <symbol id="sm-612">
         <name>HOSTlseek</name>
         <value>0x24f5</value>
         <object_component_ref idref="oc-395"/>
      </symbol>
      <symbol id="sm-624">
         <name>parmbuf</name>
         <value>0x20000bd8</value>
      </symbol>
      <symbol id="sm-625">
         <name>HOSTopen</name>
         <value>0x27c1</value>
         <object_component_ref idref="oc-37d"/>
      </symbol>
      <symbol id="sm-636">
         <name>HOSTread</name>
         <value>0x287d</value>
         <object_component_ref idref="oc-389"/>
      </symbol>
      <symbol id="sm-647">
         <name>HOSTrename</name>
         <value>0x255d</value>
         <object_component_ref idref="oc-3a1"/>
      </symbol>
      <symbol id="sm-658">
         <name>HOSTunlink</name>
         <value>0x2b95</value>
         <object_component_ref idref="oc-39b"/>
      </symbol>
      <symbol id="sm-669">
         <name>HOSTwrite</name>
         <value>0x28d5</value>
         <object_component_ref idref="oc-38f"/>
      </symbol>
      <symbol id="sm-68d">
         <name>__TI_readmsg</name>
         <value>0x2df1</value>
         <object_component_ref idref="oc-3c7"/>
      </symbol>
      <symbol id="sm-68e">
         <name>C$$IO$$</name>
         <value>0x2d0b</value>
         <object_component_ref idref="oc-3c1"/>
      </symbol>
      <symbol id="sm-68f">
         <name>__CIOBUF_</name>
         <value>0x20000a0c</value>
         <object_component_ref idref="oc-3ef"/>
      </symbol>
      <symbol id="sm-690">
         <name>__TI_writemsg</name>
         <value>0x2cdd</value>
         <object_component_ref idref="oc-3c1"/>
      </symbol>
      <symbol id="sm-69a">
         <name>__aeabi_idiv0</name>
         <value>0x1737</value>
         <object_component_ref idref="oc-2bd"/>
      </symbol>
      <symbol id="sm-69b">
         <name>__aeabi_ldiv0</name>
         <value>0x1737</value>
         <object_component_ref idref="oc-2bd"/>
      </symbol>
      <symbol id="sm-716">
         <name>_sys_memory</name>
         <value>0x20000000</value>
         <object_component_ref idref="oc-25"/>
      </symbol>
      <symbol id="sm-717">
         <name>free</name>
         <value>0x1ec9</value>
         <object_component_ref idref="oc-326"/>
      </symbol>
      <symbol id="sm-718">
         <name>malloc</name>
         <value>0x2399</value>
         <object_component_ref idref="oc-32c"/>
      </symbol>
      <symbol id="sm-719">
         <name>minit</name>
         <value>0x2d4d</value>
         <object_component_ref idref="oc-35a"/>
      </symbol>
      <symbol id="sm-729">
         <name>__TI_cleanup</name>
         <value>0x2dbd</value>
         <object_component_ref idref="oc-332"/>
      </symbol>
      <symbol id="sm-738">
         <name>strcpy</name>
         <value>0x2fa7</value>
         <object_component_ref idref="oc-3db"/>
      </symbol>
      <symbol id="sm-74d">
         <name>__TI_closefile</name>
         <value>0x2411</value>
         <object_component_ref idref="oc-371"/>
      </symbol>
      <symbol id="sm-770">
         <name>finddevice</name>
         <value>0x2e25</value>
         <object_component_ref idref="oc-40d"/>
      </symbol>
      <symbol id="sm-771">
         <name>getdevice</name>
         <value>0x2c1d</value>
         <object_component_ref idref="oc-3e5"/>
      </symbol>
      <symbol id="sm-782">
         <name>strncpy</name>
         <value>0x2d85</value>
         <object_component_ref idref="oc-407"/>
      </symbol>
      <symbol id="sm-792">
         <name>unlink</name>
         <value>0x2e85</value>
         <object_component_ref idref="oc-3b6"/>
      </symbol>
      <symbol id="sm-7a6">
         <name>close</name>
         <value>0x2821</value>
         <object_component_ref idref="oc-3b0"/>
      </symbol>
      <symbol id="sm-7a7">
         <name>__TI_static_base__</name>
         <value>0x0</value>
      </symbol>
      <symbol id="sm-7aa">
         <name>__mpu_init</name>
         <value>0x0</value>
      </symbol>
      <symbol id="sm-7ab">
         <name>_system_post_cinit</name>
         <value>0x0</value>
      </symbol>
      <symbol id="sm-7ac">
         <name>remove</name>
         <value>0x2e85</value>
      </symbol>
   </symbol_table>
   <title>Link successful</title>
</link_info>
